Archive member included to satisfy reference by file (symbol)

/usr/bin/../lib/gcc/arm-none-eabi/5.3.1/../../../../arm-none-eabi/lib/armv7e-m/fpu/libc_nano.a(lib_a-exit.o)
                              /usr/bin/../lib/gcc/arm-none-eabi/5.3.1/../../../../arm-none-eabi/lib/armv7e-m/fpu/crt0.o (exit)
/usr/bin/../lib/gcc/arm-none-eabi/5.3.1/../../../../arm-none-eabi/lib/armv7e-m/fpu/libc_nano.a(lib_a-impure.o)
                              /usr/bin/../lib/gcc/arm-none-eabi/5.3.1/../../../../arm-none-eabi/lib/armv7e-m/fpu/libc_nano.a(lib_a-exit.o) (_global_impure_ptr)
/usr/bin/../lib/gcc/arm-none-eabi/5.3.1/../../../../arm-none-eabi/lib/armv7e-m/fpu/libc_nano.a(lib_a-init.o)
                              /usr/bin/../lib/gcc/arm-none-eabi/5.3.1/../../../../arm-none-eabi/lib/armv7e-m/fpu/crt0.o (__libc_init_array)
/usr/bin/../lib/gcc/arm-none-eabi/5.3.1/../../../../arm-none-eabi/lib/armv7e-m/fpu/libc_nano.a(lib_a-memset.o)
                              /usr/bin/../lib/gcc/arm-none-eabi/5.3.1/../../../../arm-none-eabi/lib/armv7e-m/fpu/crt0.o (memset)
/usr/bin/../lib/gcc/arm-none-eabi/5.3.1/../../../../arm-none-eabi/lib/armv7e-m/fpu/libnosys.a(_exit.o)
                              /usr/bin/../lib/gcc/arm-none-eabi/5.3.1/../../../../arm-none-eabi/lib/armv7e-m/fpu/libc_nano.a(lib_a-exit.o) (_exit)
contiki-nrf52dk.a(er-coap.o)  keypad.co (coap_init_message)
contiki-nrf52dk.a(er-coap-engine.)
                              keypad.co (coap_init_engine)
contiki-nrf52dk.a(er-coap-transac)
                              contiki-nrf52dk.a(er-coap-engine.) (coap_register_as_transaction_handler)
contiki-nrf52dk.a(er-coap-observe)
                              contiki-nrf52dk.a(er-coap-transac) (coap_remove_observer_by_client)
contiki-nrf52dk.a(er-coap-res-wel)
                              contiki-nrf52dk.a(er-coap-engine.) (res_well_known_core)
contiki-nrf52dk.a(er-coap-observe)
                              contiki-nrf52dk.a(er-coap-engine.) (coap_handle_notification)
contiki-nrf52dk.a(rest-engine.o)
                              contiki-nrf52dk.a(er-coap-engine.) (rest_activate_resource)
contiki-nrf52dk.a(contiki-main.o)
                              /usr/bin/../lib/gcc/arm-none-eabi/5.3.1/../../../../arm-none-eabi/lib/armv7e-m/fpu/crt0.o (main)
contiki-nrf52dk.a(button-sensor.o)
                              keypad.co (buttons)
contiki-nrf52dk.a(dbg-printf.o)
                              keypad.co (printf)
contiki-nrf52dk.a(dbg-snprintf.o)
                              contiki-nrf52dk.a(er-coap-res-wel) (snprintf)
contiki-nrf52dk.a(strformat.o)
                              contiki-nrf52dk.a(dbg-printf.o) (format_str_v)
contiki-nrf52dk.a(clock.o)    contiki-nrf52dk.a(contiki-main.o) (clock_init)
contiki-nrf52dk.a(rtimer-arch.o)
                              contiki-nrf52dk.a(contiki-main.o) (rtimer_arch_now)
contiki-nrf52dk.a(uart0.o)    contiki-nrf52dk.a(contiki-main.o) (uart0_set_input)
contiki-nrf52dk.a(watchdog.o)
                              contiki-nrf52dk.a(contiki-main.o) (watchdog_init)
contiki-nrf52dk.a(ble-core.o)
                              contiki-nrf52dk.a(contiki-main.o) (ble_stack_init)
contiki-nrf52dk.a(ble-mac.o)  contiki-nrf52dk.a(contiki-main.o) (ble_event_interface_added)
contiki-nrf52dk.a(autostart.o)
                              contiki-nrf52dk.a(contiki-main.o) (autostart_start)
contiki-nrf52dk.a(ctimer.o)   contiki-nrf52dk.a(contiki-main.o) (ctimer_init)
contiki-nrf52dk.a(energest.o)
                              contiki-nrf52dk.a(contiki-main.o) (energest_init)
contiki-nrf52dk.a(etimer.o)   contiki-nrf52dk.a(clock.o) (etimer_request_poll)
contiki-nrf52dk.a(process.o)  contiki-nrf52dk.a(ble-mac.o) (process_alloc_event)
contiki-nrf52dk.a(rtimer.o)   contiki-nrf52dk.a(contiki-main.o) (rtimer_init)
contiki-nrf52dk.a(timer.o)    contiki-nrf52dk.a(button-sensor.o) (timer_set)
contiki-nrf52dk.a(leds.o)     contiki-nrf52dk.a(contiki-main.o) (leds_init)
contiki-nrf52dk.a(serial-line.o)
                              contiki-nrf52dk.a(contiki-main.o) (serial_line_input_byte)
contiki-nrf52dk.a(list.o)     contiki-nrf52dk.a(rest-engine.o) (list_init)
contiki-nrf52dk.a(memb.o)     contiki-nrf52dk.a(er-coap-transac) (memb_alloc)
contiki-nrf52dk.a(random.o)   contiki-nrf52dk.a(er-coap.o) (random_rand)
contiki-nrf52dk.a(ringbuf.o)  contiki-nrf52dk.a(uart0.o) (ringbuf_init)
contiki-nrf52dk.a(sensors.o)  contiki-nrf52dk.a(button-sensor.o) (sensors_changed)
contiki-nrf52dk.a(uip6.o)     contiki-nrf52dk.a(er-coap-engine.) (uip_aligned_buf)
contiki-nrf52dk.a(uip-ds6.o)  contiki-nrf52dk.a(uip6.o) (uip_ds6_addr_lookup)
contiki-nrf52dk.a(uip-ds6-nbr.o)
                              contiki-nrf52dk.a(uip-ds6.o) (uip_ds6_neighbors_init)
contiki-nrf52dk.a(uip-ds6-route.o)
                              contiki-nrf52dk.a(uip-ds6.o) (uip_ds6_route_init)
contiki-nrf52dk.a(uip-icmp6.o)
                              contiki-nrf52dk.a(uip6.o) (uip_icmp6_input)
[...]
Memory Configuration

Name             Origin             Length             Attributes
FLASH            0x000000000001f000 0x0000000000061000 xr
RAM              0x0000000020002800 0x000000000000d800 xrw
*default*        0x0000000000000000 0xffffffffffffffff

Linker script and memory map

LOAD /usr/bin/../lib/gcc/arm-none-eabi/5.3.1/armv7e-m/fpu/crti.o
LOAD /usr/bin/../lib/gcc/arm-none-eabi/5.3.1/armv7e-m/fpu/crtbegin.o
LOAD /usr/bin/../lib/gcc/arm-none-eabi/5.3.1/../../../../arm-none-eabi/lib/armv7e-m/fpu/crt0.o
LOAD /usr/bin/../lib/gcc/arm-none-eabi/5.3.1/../../../../arm-none-eabi/lib/armv7e-m/fpu/libc_nano.a
LOAD /usr/bin/../lib/gcc/arm-none-eabi/5.3.1/../../../../arm-none-eabi/lib/armv7e-m/fpu/libnosys.a
LOAD keypad.co
LOAD contiki-nrf52dk.a
LOAD nrf52832.a
LOAD /home/johan/Downloads/nrf5_iot_sdk_3288530/components/iot/ble_6lowpan/lib/ble_6lowpan.a
START GROUP
LOAD /usr/bin/../lib/gcc/arm-none-eabi/5.3.1/armv7e-m/fpu/libgcc.a
LOAD /usr/bin/../lib/gcc/arm-none-eabi/5.3.1/../../../../arm-none-eabi/lib/armv7e-m/fpu/libc_nano.a
END GROUP
START GROUP
LOAD /usr/bin/../lib/gcc/arm-none-eabi/5.3.1/armv7e-m/fpu/libgcc.a
LOAD /usr/bin/../lib/gcc/arm-none-eabi/5.3.1/../../../../arm-none-eabi/lib/armv7e-m/fpu/libc_nano.a
END GROUP
LOAD /usr/bin/../lib/gcc/arm-none-eabi/5.3.1/armv7e-m/fpu/crtend.o
LOAD /usr/bin/../lib/gcc/arm-none-eabi/5.3.1/armv7e-m/fpu/crtn.o
START GROUP
LOAD /usr/bin/../lib/gcc/arm-none-eabi/5.3.1/armv7e-m/fpu/libgcc.a
LOAD /usr/bin/../lib/gcc/arm-none-eabi/5.3.1/../../../../arm-none-eabi/lib/armv7e-m/fpu/libc.a
LOAD /usr/bin/../lib/gcc/arm-none-eabi/5.3.1/../../../../arm-none-eabi/lib/armv7e-m/fpu/libnosys.a
END GROUP

.text           0x000000000001f000     0xc470
 *(.Vectors)
 .Vectors       0x000000000001f000      0x400 nrf52832.a(gcc_startup_nrf)
                0x000000000001f000                __Vectors
 *(.text*)
 .text          0x000000000001f400       0x5c /usr/bin/../lib/gcc/arm-none-eabi/5.3.1/armv7e-m/fpu/crtbegin.o
 .text          0x000000000001f45c       0x74 /usr/bin/../lib/gcc/arm-none-eabi/5.3.1/../../../../arm-none-eabi/lib/armv7e-m/fpu/crt0.o
                0x000000000001f45c                _mainCRTStartup
                0x000000000001f45c                _start
 .text.exit     0x000000000001f4d0       0x28 /usr/bin/../lib/gcc/arm-none-eabi/5.3.1/../../../../arm-none-eabi/lib/armv7e-m/fpu/libc_nano.a(lib_a-exit.o)
                0x000000000001f4d0                exit
 .text.__libc_init_array
                0x000000000001f4f8       0x4c /usr/bin/../lib/gcc/arm-none-eabi/5.3.1/../../../../arm-none-eabi/lib/armv7e-m/fpu/libc_nano.a(lib_a-init.o)
                0x000000000001f4f8                __libc_init_array
 .text.memset   0x000000000001f544       0x10 /usr/bin/../lib/gcc/arm-none-eabi/5.3.1/../../../../arm-none-eabi/lib/armv7e-m/fpu/libc_nano.a(lib_a-memset.o)
                0x000000000001f544                memset
 .text._exit    0x000000000001f554        0x4 /usr/bin/../lib/gcc/arm-none-eabi/5.3.1/../../../../arm-none-eabi/lib/armv7e-m/fpu/libnosys.a(_exit.o)
                0x000000000001f554                _exit
 .text.process_thread_door_process
                0x000000000001f558       0xa8 keypad.co
 .text.callback
                0x000000000001f600       0x1c keypad.co
 .text.starttimer
                0x000000000001f61c       0x20 keypad.co
                0x000000000001f61c                starttimer
 .text.process_thread_keypad_process
                0x000000000001f63c      0x140 keypad.co
 .text.stoptimer
                0x000000000001f77c       0x28 keypad.co
                0x000000000001f77c                stoptimer
 .text.response
                0x000000000001f7a4       0x44 keypad.co
 .text.coap_parse_int_option
                0x000000000001f7e8       0x16 contiki-nrf52dk.a(er-coap.o)
 .text.coap_merge_multi_option
                0x000000000001f7fe       0x32 contiki-nrf52dk.a(er-coap.o)
 .text.coap_set_option_header
                0x000000000001f830       0x84 contiki-nrf52dk.a(er-coap.o)
 .text.coap_serialize_int_option
                0x000000000001f8b4       0x78 contiki-nrf52dk.a(er-coap.o)
 .text.coap_serialize_array_option
                0x000000000001f92c       0xe8 contiki-nrf52dk.a(er-coap.o)
 .text.coap_init_connection
                0x000000000001fa14       0x38 contiki-nrf52dk.a(er-coap.o)
                0x000000000001fa14                coap_init_connection
 .text.coap_get_mid
                0x000000000001fa4c       0x10 contiki-nrf52dk.a(er-coap.o)
                0x000000000001fa4c                coap_get_mid
 .text.coap_init_message
                0x000000000001fa5c       0x1a contiki-nrf52dk.a(er-coap.o)
                0x000000000001fa5c                coap_init_message
 *fill*         0x000000000001fa76        0x2 
 .text.coap_serialize_message
                0x000000000001fa78      0x58c contiki-nrf52dk.a(er-coap.o)
                0x000000000001fa78                coap_serialize_message
 .text.coap_send_message
                0x0000000000020004       0x58 contiki-nrf52dk.a(er-coap.o)
                0x0000000000020004                coap_send_message
 .text.coap_parse_message
                0x000000000002005c      0x4a8 contiki-nrf52dk.a(er-coap.o)
                0x000000000002005c                coap_parse_message
 .text.coap_set_status_code
                0x0000000000020504        0xc contiki-nrf52dk.a(er-coap.o)
                0x0000000000020504                coap_set_status_code
 .text.coap_set_token
                0x0000000000020510       0x16 contiki-nrf52dk.a(er-coap.o)
                0x0000000000020510                coap_set_token
 .text.coap_set_header_content_format
                0x0000000000020526        0xe contiki-nrf52dk.a(er-coap.o)
                0x0000000000020526                coap_set_header_content_format
 .text.coap_set_header_uri_path
                0x0000000000020534       0x20 contiki-nrf52dk.a(er-coap.o)
                0x0000000000020534                coap_set_header_uri_path
 .text.coap_get_header_observe
                0x0000000000020554       0x18 contiki-nrf52dk.a(er-coap.o)
                0x0000000000020554                coap_get_header_observe
 .text.coap_set_header_observe
                0x000000000002056c        0xe contiki-nrf52dk.a(er-coap.o)
                0x000000000002056c                coap_set_header_observe
 .text.coap_get_header_block2
                0x000000000002057a       0x32 contiki-nrf52dk.a(er-coap.o)
                0x000000000002057a                coap_get_header_block2
 .text.coap_set_header_block2
                0x00000000000205ac       0x32 contiki-nrf52dk.a(er-coap.o)
                0x00000000000205ac                coap_set_header_block2
 .text.coap_get_payload
                0x00000000000205de       0x12 contiki-nrf52dk.a(er-coap.o)
                0x00000000000205de                coap_get_payload
 .text.coap_set_payload
                0x00000000000205f0       0x12 contiki-nrf52dk.a(er-coap.o)
                0x00000000000205f0                coap_set_payload
 *fill*         0x0000000000020602        0x2 
 .text.process_thread_coap_engine
                0x0000000000020604      0x544 contiki-nrf52dk.a(er-coap-engine.)
 .text.coap_init_engine
                0x0000000000020b48        0xc contiki-nrf52dk.a(er-coap-engine.)
                0x0000000000020b48                coap_init_engine
 .text.coap_blocking_request_callback
                0x0000000000020b54        0x8 contiki-nrf52dk.a(er-coap-engine.)
                0x0000000000020b54                coap_blocking_request_callback
 .text.coap_blocking_request
                0x0000000000020b5c      0x14c contiki-nrf52dk.a(er-coap-engine.)
                0x0000000000020b5c                coap_blocking_request
 .text.coap_register_as_transaction_handler
                0x0000000000020ca8       0x14 contiki-nrf52dk.a(er-coap-transac)
                0x0000000000020ca8                coap_register_as_transaction_handler
 .text.coap_new_transaction
                0x0000000000020cbc       0x44 contiki-nrf52dk.a(er-coap-transac)
                0x0000000000020cbc                coap_new_transaction
 .text.coap_clear_transaction
                0x0000000000020d00       0x2c contiki-nrf52dk.a(er-coap-transac)
                0x0000000000020d00                coap_clear_transaction
 .text.coap_send_transaction
                0x0000000000020d2c       0x98 contiki-nrf52dk.a(er-coap-transac)
                0x0000000000020d2c                coap_send_transaction
 .text.coap_get_transaction_by_mid
                0x0000000000020dc4       0x1c contiki-nrf52dk.a(er-coap-transac)
                0x0000000000020dc4                coap_get_transaction_by_mid
 .text.coap_check_transactions
                0x0000000000020de0       0x2c contiki-nrf52dk.a(er-coap-transac)
                0x0000000000020de0                coap_check_transactions
 .text.coap_remove_observer
                0x0000000000020e0c       0x20 contiki-nrf52dk.a(er-coap-observe)
                0x0000000000020e0c                coap_remove_observer
 .text.coap_remove_observer_by_client
                0x0000000000020e2c       0x3c contiki-nrf52dk.a(er-coap-observe)
                0x0000000000020e2c                coap_remove_observer_by_client
 .text.coap_remove_observer_by_mid
                0x0000000000020e68       0x48 contiki-nrf52dk.a(er-coap-observe)
                0x0000000000020e68                coap_remove_observer_by_mid
 .text.well_known_core_get_handler
                0x0000000000020eb0      0x15c contiki-nrf52dk.a(er-coap-res-wel)
                0x0000000000020eb0                well_known_core_get_handler
 .text.classify_notification
                0x000000000002100c       0x54 contiki-nrf52dk.a(er-coap-observe)
 .text.simple_reply.isra.1
                0x0000000000021060       0x38 contiki-nrf52dk.a(er-coap-observe)
 .text.coap_obs_remove_observee
                0x0000000000021098       0x30 contiki-nrf52dk.a(er-coap-observe)
                0x0000000000021098                coap_obs_remove_observee
 .text.handle_obs_registration_response
                0x00000000000210c8       0x34 contiki-nrf52dk.a(er-coap-observe)
 .text.coap_get_obs_subject_by_token
                0x00000000000210fc       0x40 contiki-nrf52dk.a(er-coap-observe)
                0x00000000000210fc                coap_get_obs_subject_by_token
 .text.coap_obs_remove_observee_by_url
                0x000000000002113c       0x68 contiki-nrf52dk.a(er-coap-observe)
                0x000000000002113c                coap_obs_remove_observee_by_url
 .text.coap_obs_add_observee
                0x00000000000211a4       0x78 contiki-nrf52dk.a(er-coap-observe)
                0x00000000000211a4                coap_obs_add_observee
 .text.coap_handle_notification
                0x000000000002121c       0xa8 contiki-nrf52dk.a(er-coap-observe)
                0x000000000002121c                coap_handle_notification
 .text.coap_generate_token
                0x00000000000212c4       0x14 contiki-nrf52dk.a(er-coap-observe)
                0x00000000000212c4                coap_generate_token
 .text.coap_obs_request_registration
                0x00000000000212d8       0xb8 contiki-nrf52dk.a(er-coap-observe)
                0x00000000000212d8                coap_obs_request_registration
 .text.rest_activate_resource
                0x0000000000021390       0x34 contiki-nrf52dk.a(rest-engine.o)
                0x0000000000021390                rest_activate_resource
 .text.rest_get_resources
                0x00000000000213c4        0x8 contiki-nrf52dk.a(rest-engine.o)
                0x00000000000213c4                rest_get_resources
 .text.sd_app_evt_wait
                0x00000000000213cc        0x4 contiki-nrf52dk.a(contiki-main.o)
 .text.process_thread_ble_iface_observer
                0x00000000000213d0       0x80 contiki-nrf52dk.a(contiki-main.o)
 .text.startup.main
                0x0000000000021450       0xfc contiki-nrf52dk.a(contiki-main.o)
                0x0000000000021450                main
 .text.config   0x000000000002154c       0x80 contiki-nrf52dk.a(button-sensor.o)
 .text.config_button_4
                0x00000000000215cc        0x6 contiki-nrf52dk.a(button-sensor.o)
 .text.config_button_3
                0x00000000000215d2        0x6 contiki-nrf52dk.a(button-sensor.o)
 .text.config_button_2
                0x00000000000215d8        0x6 contiki-nrf52dk.a(button-sensor.o)
 .text.config_button_1
                0x00000000000215de        0x6 contiki-nrf52dk.a(button-sensor.o)
 .text.gpiote_event_handler
                0x00000000000215e4       0x54 contiki-nrf52dk.a(button-sensor.o)
 .text.status_button_3
                0x0000000000021638       0x18 contiki-nrf52dk.a(button-sensor.o)
 .text.value    0x0000000000021650       0x28 contiki-nrf52dk.a(button-sensor.o)
 .text.value_button_4
                0x0000000000021678        0x6 contiki-nrf52dk.a(button-sensor.o)
 .text.value_button_3
                0x000000000002167e        0x6 contiki-nrf52dk.a(button-sensor.o)
 .text.value_button_2
                0x0000000000021684        0x6 contiki-nrf52dk.a(button-sensor.o)
 .text.value_button_1
                0x000000000002168a        0x6 contiki-nrf52dk.a(button-sensor.o)
 .text.status_button_4
                0x0000000000021690       0x18 contiki-nrf52dk.a(button-sensor.o)
 .text.status_button_1
                0x00000000000216a8       0x18 contiki-nrf52dk.a(button-sensor.o)
 .text.status_button_2
                0x00000000000216c0       0x18 contiki-nrf52dk.a(button-sensor.o)
 .text.write_str
                0x00000000000216d8       0x10 contiki-nrf52dk.a(dbg-printf.o)
 .text.printf   0x00000000000216e8       0x20 contiki-nrf52dk.a(dbg-printf.o)
                0x00000000000216e8                printf
 .text.buffer_str
                0x0000000000021708       0x28 contiki-nrf52dk.a(dbg-snprintf.o)
 .text.vsnprintf
                0x0000000000021730       0x28 contiki-nrf52dk.a(dbg-snprintf.o)
                0x0000000000021730                vsnprintf
 .text.snprintf
                0x0000000000021758       0x1a contiki-nrf52dk.a(dbg-snprintf.o)
                0x0000000000021758                snprintf
 *fill*         0x0000000000021772        0x2 
 .text.fill_space
                0x0000000000021774       0x34 contiki-nrf52dk.a(strformat.o)
 .text.format_str_v
                0x00000000000217a8      0x6c8 contiki-nrf52dk.a(strformat.o)
                0x00000000000217a8                format_str_v
 .text.clock_init
                0x0000000000021e70       0x3c contiki-nrf52dk.a(clock.o)
                0x0000000000021e70                clock_init
 .text.clock_time
                0x0000000000021eac        0xc contiki-nrf52dk.a(clock.o)
                0x0000000000021eac                clock_time
 .text.clock_update
                0x0000000000021eb8       0x20 contiki-nrf52dk.a(clock.o)
                0x0000000000021eb8                clock_update
 .text.rtc_handler
                0x0000000000021ed8        0xa contiki-nrf52dk.a(clock.o)
 *fill*         0x0000000000021ee2        0x2 
 .text.clock_seconds
                0x0000000000021ee4        0xc contiki-nrf52dk.a(clock.o)
                0x0000000000021ee4                clock_seconds
 .text.timer_event_handler
                0x0000000000021ef0        0xc contiki-nrf52dk.a(rtimer-arch.o)
 .text.rtimer_arch_init
                0x0000000000021efc       0x28 contiki-nrf52dk.a(rtimer-arch.o)
                0x0000000000021efc                rtimer_arch_init
 .text.rtimer_arch_schedule
                0x0000000000021f24       0x10 contiki-nrf52dk.a(rtimer-arch.o)
                0x0000000000021f24                rtimer_arch_schedule
 .text.rtimer_arch_now
                0x0000000000021f34        0xc contiki-nrf52dk.a(rtimer-arch.o)
                0x0000000000021f34                rtimer_arch_now
 .text.uart_event_handler
                0x0000000000021f40       0x84 contiki-nrf52dk.a(uart0.o)
 .text.uart0_set_input
                0x0000000000021fc4        0xc contiki-nrf52dk.a(uart0.o)
                0x0000000000021fc4                uart0_set_input
 .text.uart0_writeb
                0x0000000000021fd0       0x30 contiki-nrf52dk.a(uart0.o)
                0x0000000000021fd0                uart0_writeb
 .text.uart0_init
                0x0000000000022000       0x54 contiki-nrf52dk.a(uart0.o)
                0x0000000000022000                uart0_init
 .text.wdt_event_handler
                0x0000000000022054       0x14 contiki-nrf52dk.a(watchdog.o)
 .text.watchdog_init
                0x0000000000022068       0x38 contiki-nrf52dk.a(watchdog.o)
                0x0000000000022068                watchdog_init
 .text.watchdog_start
                0x00000000000220a0       0x10 contiki-nrf52dk.a(watchdog.o)
                0x00000000000220a0                watchdog_start
 .text.watchdog_periodic
                0x00000000000220b0       0x18 contiki-nrf52dk.a(watchdog.o)
                0x00000000000220b0                watchdog_periodic
 .text.sd_ble_gap_address_set
                0x00000000000220c8        0x4 contiki-nrf52dk.a(ble-core.o)
 .text.sd_ble_gap_address_get
                0x00000000000220cc        0x4 contiki-nrf52dk.a(ble-core.o)
 .text.sd_ble_gap_adv_start
                0x00000000000220d0        0x4 contiki-nrf52dk.a(ble-core.o)
 .text.sd_ble_gap_device_name_set
                0x00000000000220d4        0x4 contiki-nrf52dk.a(ble-core.o)
 .text.sd_ble_gap_rssi_start
                0x00000000000220d8        0x4 contiki-nrf52dk.a(ble-core.o)
 .text.sd_ble_enable
                0x00000000000220dc        0x4 contiki-nrf52dk.a(ble-core.o)
 .text.ble_stack_init
                0x00000000000220e0       0x70 contiki-nrf52dk.a(ble-core.o)
                0x00000000000220e0                ble_stack_init
 .text.ble_get_mac
                0x0000000000022150       0x56 contiki-nrf52dk.a(ble-core.o)
                0x0000000000022150                ble_get_mac
 *fill*         0x00000000000221a6        0x2 
 .text.ble_advertising_init
                0x00000000000221a8       0x94 contiki-nrf52dk.a(ble-core.o)
                0x00000000000221a8                ble_advertising_init
 .text.ble_advertising_start
                0x000000000002223c       0x1c contiki-nrf52dk.a(ble-core.o)
                0x000000000002223c                ble_advertising_start
 .text.ble_evt_dispatch
                0x0000000000022258       0x2a contiki-nrf52dk.a(ble-core.o)
 .text.sd_ble_gap_rssi_get
                0x0000000000022282        0x4 contiki-nrf52dk.a(ble-mac.o)
 .text.sd_app_evt_wait
                0x0000000000022286        0x4 contiki-nrf52dk.a(ble-mac.o)
 .text.on       0x000000000002228a        0x4 contiki-nrf52dk.a(ble-mac.o)
 .text.off      0x000000000002228e        0x4 contiki-nrf52dk.a(ble-mac.o)
 .text.channel_check_interval
                0x0000000000022292        0x4 contiki-nrf52dk.a(ble-mac.o)
 *fill*         0x0000000000022296        0x2 
 .text.process_thread_ble_ipsp_process
                0x0000000000022298       0x68 contiki-nrf52dk.a(ble-mac.o)
 .text.send_to_peer
                0x0000000000022300       0x20 contiki-nrf52dk.a(ble-mac.o)
 .text.send_packet
                0x0000000000022320       0x80 contiki-nrf52dk.a(ble-mac.o)
 .text.init     0x00000000000223a0       0x50 contiki-nrf52dk.a(ble-mac.o)
 .text.ble_mac_ipsp_evt_handler_irq
                0x00000000000223f0      0x128 contiki-nrf52dk.a(ble-mac.o)
 .text.autostart_start
                0x0000000000022518       0x14 contiki-nrf52dk.a(autostart.o)
                0x0000000000022518                autostart_start
 .text.process_thread_ctimer_process
                0x000000000002252c       0x80 contiki-nrf52dk.a(ctimer.o)
 .text.ctimer_init
                0x00000000000225ac       0x28 contiki-nrf52dk.a(ctimer.o)
                0x00000000000225ac                ctimer_init
 .text.ctimer_set_with_process
                0x00000000000225d4       0x44 contiki-nrf52dk.a(ctimer.o)
                0x00000000000225d4                ctimer_set_with_process
 .text.ctimer_set
                0x0000000000022618       0x14 contiki-nrf52dk.a(ctimer.o)
                0x0000000000022618                ctimer_set
 .text.ctimer_reset
                0x000000000002262c       0x38 contiki-nrf52dk.a(ctimer.o)
                0x000000000002262c                ctimer_reset
 .text.ctimer_stop
                0x0000000000022664       0x2c contiki-nrf52dk.a(ctimer.o)
                0x0000000000022664                ctimer_stop
 .text.energest_init
                0x0000000000022690       0x2c contiki-nrf52dk.a(energest.o)
                0x0000000000022690                energest_init
 .text.update_time
                0x00000000000226bc       0x44 contiki-nrf52dk.a(etimer.o)
 .text.etimer_request_poll
                0x0000000000022700        0xc contiki-nrf52dk.a(etimer.o)
                0x0000000000022700                etimer_request_poll
 .text.process_thread_etimer_process
                0x000000000002270c       0xac contiki-nrf52dk.a(etimer.o)
 .text.add_timer
                0x00000000000227b8       0x40 contiki-nrf52dk.a(etimer.o)
 .text.etimer_set
                0x00000000000227f8       0x12 contiki-nrf52dk.a(etimer.o)
                0x00000000000227f8                etimer_set
 .text.etimer_reset
                0x000000000002280a       0x12 contiki-nrf52dk.a(etimer.o)
                0x000000000002280a                etimer_reset
 .text.etimer_restart
                0x000000000002281c       0x12 contiki-nrf52dk.a(etimer.o)
                0x000000000002281c                etimer_restart
 .text.etimer_expired
                0x000000000002282e        0xa contiki-nrf52dk.a(etimer.o)
                0x000000000002282e                etimer_expired
 .text.etimer_expiration_time
                0x0000000000022838        0x6 contiki-nrf52dk.a(etimer.o)
                0x0000000000022838                etimer_expiration_time
 *fill*         0x000000000002283e        0x2 
 .text.etimer_pending
                0x0000000000022840       0x10 contiki-nrf52dk.a(etimer.o)
                0x0000000000022840                etimer_pending
 .text.etimer_stop
                0x0000000000022850       0x34 contiki-nrf52dk.a(etimer.o)
                0x0000000000022850                etimer_stop
 .text.call_process.part.0
                0x0000000000022884       0x38 contiki-nrf52dk.a(process.o)
 .text.call_process
                0x00000000000228bc        0xc contiki-nrf52dk.a(process.o)
 .text.exit_process
                0x00000000000228c8       0x80 contiki-nrf52dk.a(process.o)
 .text.do_poll  0x0000000000022948       0x34 contiki-nrf52dk.a(process.o)
 .text.process_alloc_event
                0x000000000002297c       0x10 contiki-nrf52dk.a(process.o)
                0x000000000002297c                process_alloc_event
 .text.process_init
                0x000000000002298c       0x30 contiki-nrf52dk.a(process.o)
                0x000000000002298c                process_init
 .text.process_run
                0x00000000000229bc       0xa4 contiki-nrf52dk.a(process.o)
                0x00000000000229bc                process_run
 .text.process_post
                0x0000000000022a60       0x3c contiki-nrf52dk.a(process.o)
                0x0000000000022a60                process_post
 .text.process_post_synch
                0x0000000000022a9c       0x14 contiki-nrf52dk.a(process.o)
                0x0000000000022a9c                process_post_synch
 .text.process_start
                0x0000000000022ab0       0x30 contiki-nrf52dk.a(process.o)
                0x0000000000022ab0                process_start
 .text.process_poll
                0x0000000000022ae0       0x18 contiki-nrf52dk.a(process.o)
                0x0000000000022ae0                process_poll
 .text.rtimer_init
                0x0000000000022af8        0x4 contiki-nrf52dk.a(rtimer.o)
                0x0000000000022af8                rtimer_init
 .text.rtimer_run_next
                0x0000000000022afc       0x28 contiki-nrf52dk.a(rtimer.o)
                0x0000000000022afc                rtimer_run_next
 .text.timer_set
                0x0000000000022b24        0xe contiki-nrf52dk.a(timer.o)
                0x0000000000022b24                timer_set
 .text.timer_reset
                0x0000000000022b32        0xa contiki-nrf52dk.a(timer.o)
                0x0000000000022b32                timer_reset
 .text.timer_restart
                0x0000000000022b3c        0xc contiki-nrf52dk.a(timer.o)
                0x0000000000022b3c                timer_restart
 .text.timer_expired
                0x0000000000022b48       0x1c contiki-nrf52dk.a(timer.o)
                0x0000000000022b48                timer_expired
 .text.show_leds
                0x0000000000022b64       0xc8 contiki-nrf52dk.a(leds.o)
 .text.leds_init
                0x0000000000022c2c       0x14 contiki-nrf52dk.a(leds.o)
                0x0000000000022c2c                leds_init
 .text.leds_set
                0x0000000000022c40        0x4 contiki-nrf52dk.a(leds.o)
                0x0000000000022c40                leds_set
 .text.leds_on  0x0000000000022c44       0x10 contiki-nrf52dk.a(leds.o)
                0x0000000000022c44                leds_on
 .text.leds_off
                0x0000000000022c54       0x10 contiki-nrf52dk.a(leds.o)
                0x0000000000022c54                leds_off
 .text.leds_toggle
                0x0000000000022c64       0x10 contiki-nrf52dk.a(leds.o)
                0x0000000000022c64                leds_toggle
 .text.process_thread_serial_line_process
                0x0000000000022c74       0x9c contiki-nrf52dk.a(serial-line.o)
 .text.serial_line_input_byte
                0x0000000000022d10       0x44 contiki-nrf52dk.a(serial-line.o)
                0x0000000000022d10                serial_line_input_byte
 .text.serial_line_init
                0x0000000000022d54       0x24 contiki-nrf52dk.a(serial-line.o)
                0x0000000000022d54                serial_line_init
 .text.list_init
                0x0000000000022d78        0x6 contiki-nrf52dk.a(list.o)
                0x0000000000022d78                list_init
 .text.list_head
                0x0000000000022d7e        0x4 contiki-nrf52dk.a(list.o)
                0x0000000000022d7e                list_head
 .text.list_tail
                0x0000000000022d82       0x10 contiki-nrf52dk.a(list.o)
                0x0000000000022d82                list_tail
 .text.list_remove
                0x0000000000022d92       0x26 contiki-nrf52dk.a(list.o)
                0x0000000000022d92                list_remove
 .text.list_add
                0x0000000000022db8       0x1a contiki-nrf52dk.a(list.o)
                0x0000000000022db8                list_add
 .text.list_push
                0x0000000000022dd2       0x10 contiki-nrf52dk.a(list.o)
                0x0000000000022dd2                list_push
 .text.list_length
                0x0000000000022de2        0xe contiki-nrf52dk.a(list.o)
                0x0000000000022de2                list_length
 .text.list_item_next
                0x0000000000022df0        0x6 contiki-nrf52dk.a(list.o)
                0x0000000000022df0                list_item_next
 .text.memb_init
                0x0000000000022df6       0x20 contiki-nrf52dk.a(memb.o)
                0x0000000000022df6                memb_init
 .text.memb_alloc
                0x0000000000022e16       0x28 contiki-nrf52dk.a(memb.o)
                0x0000000000022e16                memb_alloc
 .text.memb_free
                0x0000000000022e3e       0x2c contiki-nrf52dk.a(memb.o)
                0x0000000000022e3e                memb_free
 .text.memb_inmemb
                0x0000000000022e6a       0x1c contiki-nrf52dk.a(memb.o)
                0x0000000000022e6a                memb_inmemb
 .text.random_rand
                0x0000000000022e86       0x36 contiki-nrf52dk.a(random.o)
                0x0000000000022e86                random_rand
 .text.random_init
                0x0000000000022ebc       0x18 contiki-nrf52dk.a(random.o)
                0x0000000000022ebc                random_init
 .text.ringbuf_init
                0x0000000000022ed4        0xe contiki-nrf52dk.a(ringbuf.o)
                0x0000000000022ed4                ringbuf_init
 .text.ringbuf_put
                0x0000000000022ee2       0x26 contiki-nrf52dk.a(ringbuf.o)
                0x0000000000022ee2                ringbuf_put
 .text.ringbuf_get
                0x0000000000022f08       0x20 contiki-nrf52dk.a(ringbuf.o)
                0x0000000000022f08                ringbuf_get
 .text.ringbuf_elements
                0x0000000000022f28        0xc contiki-nrf52dk.a(ringbuf.o)
                0x0000000000022f28                ringbuf_elements
 .text.process_thread_sensors_process
                0x0000000000022f34       0xdc contiki-nrf52dk.a(sensors.o)
 .text.sensors_changed
                0x0000000000023010       0x40 contiki-nrf52dk.a(sensors.o)
                0x0000000000023010                sensors_changed
 .text.chksum   0x0000000000023050       0x38 contiki-nrf52dk.a(uip6.o)
 .text.upper_layer_chksum
                0x0000000000023088       0x54 contiki-nrf52dk.a(uip6.o)
 .text.ext_hdr_options_process
                0x00000000000230dc       0xc0 contiki-nrf52dk.a(uip6.o)
 .text.uip_icmp6chksum
                0x000000000002319c        0x6 contiki-nrf52dk.a(uip6.o)
                0x000000000002319c                uip_icmp6chksum
 .text.uip_udpchksum
                0x00000000000231a2        0x6 contiki-nrf52dk.a(uip6.o)
                0x00000000000231a2                uip_udpchksum
 .text.uip_init
                0x00000000000231a8       0x3c contiki-nrf52dk.a(uip6.o)
                0x00000000000231a8                uip_init
 .text.remove_ext_hdr
                0x00000000000231e4       0x50 contiki-nrf52dk.a(uip6.o)
                0x00000000000231e4                remove_ext_hdr
 .text.uip_udp_new
                0x0000000000023234       0xc4 contiki-nrf52dk.a(uip6.o)
                0x0000000000023234                uip_udp_new
 .text.uip_process
                0x00000000000232f8      0x35c contiki-nrf52dk.a(uip6.o)
                0x00000000000232f8                uip_process
 .text.uip_htons
                0x0000000000023654        0x6 contiki-nrf52dk.a(uip6.o)
                0x0000000000023654                uip_htons
 .text.uip_htonl
                0x000000000002365a       0x12 contiki-nrf52dk.a(uip6.o)
                0x000000000002365a                uip_htonl
 .text.uip_ds6_list_loop
                0x000000000002366c       0x48 contiki-nrf52dk.a(uip-ds6.o)
                0x000000000002366c                uip_ds6_list_loop
 .text.uip_ds6_prefix_add
                0x00000000000236b4       0x68 contiki-nrf52dk.a(uip-ds6.o)
                0x00000000000236b4                uip_ds6_prefix_add
 .text.uip_ds6_prefix_rm
                0x000000000002371c        0x8 contiki-nrf52dk.a(uip-ds6.o)
                0x000000000002371c                uip_ds6_prefix_rm
 .text.uip_ds6_prefix_lookup
                0x0000000000023724       0x28 contiki-nrf52dk.a(uip-ds6.o)
                0x0000000000023724                uip_ds6_prefix_lookup
 .text.uip_ds6_is_addr_onlink
                0x000000000002374c       0x40 contiki-nrf52dk.a(uip-ds6.o)
                0x000000000002374c                uip_ds6_is_addr_onlink
 .text.uip_ds6_addr_lookup
                0x000000000002378c       0x2c contiki-nrf52dk.a(uip-ds6.o)
                0x000000000002378c                uip_ds6_addr_lookup
 .text.uip_ds6_get_link_local
                0x00000000000237b8       0x40 contiki-nrf52dk.a(uip-ds6.o)
                0x00000000000237b8                uip_ds6_get_link_local
 .text.uip_ds6_maddr_add
                0x00000000000237f8       0x4c contiki-nrf52dk.a(uip-ds6.o)
                0x00000000000237f8                uip_ds6_maddr_add
 .text.uip_ds6_addr_add
                0x0000000000023844       0x94 contiki-nrf52dk.a(uip-ds6.o)
                0x0000000000023844                uip_ds6_addr_add
 .text.uip_ds6_maddr_rm
                0x00000000000238d8        0x8 contiki-nrf52dk.a(uip-ds6.o)
                0x00000000000238d8                uip_ds6_maddr_rm
 .text.uip_ds6_maddr_lookup
                0x00000000000238e0       0x2c contiki-nrf52dk.a(uip-ds6.o)
                0x00000000000238e0                uip_ds6_maddr_lookup
 .text.uip_ds6_addr_rm
                0x000000000002390c       0x44 contiki-nrf52dk.a(uip-ds6.o)
                0x000000000002390c                uip_ds6_addr_rm
 .text.uip_ds6_periodic
                0x0000000000023950       0x88 contiki-nrf52dk.a(uip-ds6.o)
                0x0000000000023950                uip_ds6_periodic
 .text.uip_ds6_set_addr_iid
                0x00000000000239d8       0x16 contiki-nrf52dk.a(uip-ds6.o)
                0x00000000000239d8                uip_ds6_set_addr_iid
 .text.get_match_length
                0x00000000000239ee       0x3e contiki-nrf52dk.a(uip-ds6.o)
                0x00000000000239ee                get_match_length
 .text.uip_ds6_select_src
                0x0000000000023a2c       0x94 contiki-nrf52dk.a(uip-ds6.o)
                0x0000000000023a2c                uip_ds6_select_src
 .text.uip_ds6_send_rs
                0x0000000000023ac0       0x3c contiki-nrf52dk.a(uip-ds6.o)
                0x0000000000023ac0                uip_ds6_send_rs
 .text.uip_ds6_compute_reachable_time
                0x0000000000023afc       0x2c contiki-nrf52dk.a(uip-ds6.o)
                0x0000000000023afc                uip_ds6_compute_reachable_time
 .text.uip_ds6_init
                0x0000000000023b28       0xd0 contiki-nrf52dk.a(uip-ds6.o)
                0x0000000000023b28                uip_ds6_init
 .text.uip_ds6_nbr_rm
                0x0000000000023bf8       0x20 contiki-nrf52dk.a(uip-ds6-nbr.o)
                0x0000000000023bf8                uip_ds6_nbr_rm
 .text.uip_ds6_neighbors_init
                0x0000000000023c18       0x14 contiki-nrf52dk.a(uip-ds6-nbr.o)
                0x0000000000023c18                uip_ds6_neighbors_init
 .text.uip_ds6_nbr_add
                0x0000000000023c2c       0x60 contiki-nrf52dk.a(uip-ds6-nbr.o)
                0x0000000000023c2c                uip_ds6_nbr_add
 .text.uip_ds6_nbr_get_ll
                0x0000000000023c8c       0x10 contiki-nrf52dk.a(uip-ds6-nbr.o)
                0x0000000000023c8c                uip_ds6_nbr_get_ll
 .text.uip_ds6_nbr_lookup
                0x0000000000023c9c       0x38 contiki-nrf52dk.a(uip-ds6-nbr.o)
                0x0000000000023c9c                uip_ds6_nbr_lookup
 .text.uip_ds6_nbr_ll_lookup
                0x0000000000023cd4       0x10 contiki-nrf52dk.a(uip-ds6-nbr.o)
                0x0000000000023cd4                uip_ds6_nbr_ll_lookup
 .text.uip_ds6_nbr_ipaddr_from_lladdr
                0x0000000000023ce4        0x4 contiki-nrf52dk.a(uip-ds6-nbr.o)
                0x0000000000023ce4                uip_ds6_nbr_ipaddr_from_lladdr
 .text.uip_ds6_nbr_lladdr_from_ipaddr
                0x0000000000023ce8       0x12 contiki-nrf52dk.a(uip-ds6-nbr.o)
                0x0000000000023ce8                uip_ds6_nbr_lladdr_from_ipaddr
 *fill*         0x0000000000023cfa        0x2 
 .text.uip_ds6_link_neighbor_callback
                0x0000000000023cfc       0x2c contiki-nrf52dk.a(uip-ds6-nbr.o)
                0x0000000000023cfc                uip_ds6_link_neighbor_callback
 .text.uip_ds6_neighbor_periodic
                0x0000000000023d28      0x118 contiki-nrf52dk.a(uip-ds6-nbr.o)
                0x0000000000023d28                uip_ds6_neighbor_periodic
 .text.call_route_callback
                0x0000000000023e40       0x50 contiki-nrf52dk.a(uip-ds6-route.o)
 .text.uip_ds6_route_init
                0x0000000000023e90       0x4c contiki-nrf52dk.a(uip-ds6-route.o)
                0x0000000000023e90                uip_ds6_route_init
 .text.uip_ds6_route_nexthop
                0x0000000000023edc       0x1c contiki-nrf52dk.a(uip-ds6-route.o)
                0x0000000000023edc                uip_ds6_route_nexthop
 .text.uip_ds6_route_head
                0x0000000000023ef8        0xc contiki-nrf52dk.a(uip-ds6-route.o)
                0x0000000000023ef8                uip_ds6_route_head
 .text.uip_ds6_route_next
                0x0000000000023f04        0x8 contiki-nrf52dk.a(uip-ds6-route.o)
                0x0000000000023f04                uip_ds6_route_next
 .text.uip_ds6_route_lookup
                0x0000000000023f0c       0x60 contiki-nrf52dk.a(uip-ds6-route.o)
                0x0000000000023f0c                uip_ds6_route_lookup
 .text.uip_ds6_route_rm
                0x0000000000023f6c       0x9c contiki-nrf52dk.a(uip-ds6-route.o)
                0x0000000000023f6c                uip_ds6_route_rm
 .text.rm_routelist
                0x0000000000024008       0x30 contiki-nrf52dk.a(uip-ds6-route.o)
 .text.rm_routelist_callback
                0x0000000000024038        0x4 contiki-nrf52dk.a(uip-ds6-route.o)
 .text.uip_ds6_route_add
                0x000000000002403c      0x110 contiki-nrf52dk.a(uip-ds6-route.o)
                0x000000000002403c                uip_ds6_route_add
 .text.uip_ds6_defrt_rm
                0x000000000002414c       0x44 contiki-nrf52dk.a(uip-ds6-route.o)
                0x000000000002414c                uip_ds6_defrt_rm
 .text.uip_ds6_defrt_lookup
                0x0000000000024190       0x2c contiki-nrf52dk.a(uip-ds6-route.o)
                0x0000000000024190                uip_ds6_defrt_lookup
 .text.uip_ds6_defrt_add
                0x00000000000241bc       0x64 contiki-nrf52dk.a(uip-ds6-route.o)
                0x00000000000241bc                uip_ds6_defrt_add
 .text.uip_ds6_defrt_choose
                0x0000000000024220       0x30 contiki-nrf52dk.a(uip-ds6-route.o)
                0x0000000000024220                uip_ds6_defrt_choose
 .text.uip_ds6_defrt_periodic
                0x0000000000024250       0x30 contiki-nrf52dk.a(uip-ds6-route.o)
                0x0000000000024250                uip_ds6_defrt_periodic
 .text.echo_reply_input
                0x0000000000024280       0xf4 contiki-nrf52dk.a(uip-icmp6.o)
 .text.echo_request_input
                0x0000000000024374      0x108 contiki-nrf52dk.a(uip-icmp6.o)
 .text.uip_icmp6_input
                0x000000000002447c       0x38 contiki-nrf52dk.a(uip-icmp6.o)
                0x000000000002447c                uip_icmp6_input
 .text.uip_icmp6_register_input_handler
                0x00000000000244b4        0xc contiki-nrf52dk.a(uip-icmp6.o)
                0x00000000000244b4                uip_icmp6_register_input_handler
 .text.uip_icmp6_error_output
                0x00000000000244c0      0x160 contiki-nrf52dk.a(uip-icmp6.o)
                0x00000000000244c0                uip_icmp6_error_output
 .text.uip_icmp6_send
                0x0000000000024620       0x78 contiki-nrf52dk.a(uip-icmp6.o)
                0x0000000000024620                uip_icmp6_send
 .text.uip_icmp6_init
                0x0000000000024698       0x1c contiki-nrf52dk.a(uip-icmp6.o)
                0x0000000000024698                uip_icmp6_init
 .text.create_llao
                0x00000000000246b4       0x28 contiki-nrf52dk.a(uip-nd6.o)
 .text.ra_input
                0x00000000000246dc      0x358 contiki-nrf52dk.a(uip-nd6.o)
                0x00000000000246dc                ra_input
 .text.na_input
                0x0000000000024a34      0x1ec contiki-nrf52dk.a(uip-nd6.o)
 .text.ns_input
                0x0000000000024c20      0x240 contiki-nrf52dk.a(uip-nd6.o)
 .text.uip_nd6_ns_output
                0x0000000000024e60      0x148 contiki-nrf52dk.a(uip-nd6.o)
                0x0000000000024e60                uip_nd6_ns_output
 .text.uip_nd6_rs_output
                0x0000000000024fa8       0xac contiki-nrf52dk.a(uip-nd6.o)
                0x0000000000024fa8                uip_nd6_rs_output
 .text.uip_nd6_init
                0x0000000000025054       0x24 contiki-nrf52dk.a(uip-nd6.o)
                0x0000000000025054                uip_nd6_init
 .text.tcpip_output
                0x0000000000025078       0x10 contiki-nrf52dk.a(tcpip.o)
                0x0000000000025078                tcpip_output
 .text.tcpip_set_outputfunc
                0x0000000000025088        0xc contiki-nrf52dk.a(tcpip.o)
                0x0000000000025088                tcpip_set_outputfunc
 .text.udp_new  0x0000000000025094       0x18 contiki-nrf52dk.a(tcpip.o)
                0x0000000000025094                udp_new
 .text.tcpip_icmp6_call
                0x00000000000250ac       0x28 contiki-nrf52dk.a(tcpip.o)
                0x00000000000250ac                tcpip_icmp6_call
 .text.tcpip_input
                0x00000000000250d4       0x24 contiki-nrf52dk.a(tcpip.o)
                0x00000000000250d4                tcpip_input
 .text.tcpip_ipv6_output
                0x00000000000250f8      0x118 contiki-nrf52dk.a(tcpip.o)
                0x00000000000250f8                tcpip_ipv6_output
 .text.process_thread_tcpip_process
                0x0000000000025210       0xf4 contiki-nrf52dk.a(tcpip.o)
 .text.tcpip_uipcall
                0x0000000000025304       0x2c contiki-nrf52dk.a(tcpip.o)
                0x0000000000025304                tcpip_uipcall
 .text.uip_debug_ipaddr_print
                0x0000000000025330       0xa4 contiki-nrf52dk.a(uip-debug.o)
                0x0000000000025330                uip_debug_ipaddr_print
 .text.uip_debug_lladdr_print
                0x00000000000253d4       0x38 contiki-nrf52dk.a(uip-debug.o)
                0x00000000000253d4                uip_debug_lladdr_print
 .text.uiplib_ip6addrconv
                0x000000000002540c       0xb6 contiki-nrf52dk.a(uiplib.o)
                0x000000000002540c                uiplib_ip6addrconv
 *fill*         0x00000000000254c2        0x2 
 .text.uip_udp_packet_send
                0x00000000000254c4       0x38 contiki-nrf52dk.a(uip-udp-packet.)
                0x00000000000254c4                uip_udp_packet_send
 .text.rpl_get_mode
                0x00000000000254fc        0xc contiki-nrf52dk.a(rpl.o)
                0x00000000000254fc                rpl_get_mode
 .text.rpl_purge_routes
                0x0000000000025508       0x68 contiki-nrf52dk.a(rpl.o)
                0x0000000000025508                rpl_purge_routes
 .text.rpl_remove_routes
                0x0000000000025570       0x1e contiki-nrf52dk.a(rpl.o)
                0x0000000000025570                rpl_remove_routes
 .text.rpl_remove_routes_by_nexthop
                0x000000000002558e       0x36 contiki-nrf52dk.a(rpl.o)
                0x000000000002558e                rpl_remove_routes_by_nexthop
 .text.rpl_add_route
                0x00000000000255c4       0x28 contiki-nrf52dk.a(rpl.o)
                0x00000000000255c4                rpl_add_route
 .text.rpl_link_neighbor_callback
                0x00000000000255ec       0x70 contiki-nrf52dk.a(rpl.o)
                0x00000000000255ec                rpl_link_neighbor_callback
 .text.rpl_ipv6_neighbor_callback
                0x000000000002565c       0x28 contiki-nrf52dk.a(rpl.o)
                0x000000000002565c                rpl_ipv6_neighbor_callback
 .text.rpl_purge_dags
                0x0000000000025684       0x3c contiki-nrf52dk.a(rpl.o)
                0x0000000000025684                rpl_purge_dags
 .text.rpl_init
                0x00000000000256c0       0x58 contiki-nrf52dk.a(rpl.o)
                0x00000000000256c0                rpl_init
 .text.rpl_set_preferred_parent
                0x0000000000025718       0x28 contiki-nrf52dk.a(rpl-dag.o)
 .text.set_ip_from_prefix
                0x0000000000025740       0x2c contiki-nrf52dk.a(rpl-dag.o)
 .text.check_prefix
                0x000000000002576c       0x58 contiki-nrf52dk.a(rpl-dag.o)
 .text.find_parent_any_dag_any_instance
                0x00000000000257c4       0x1c contiki-nrf52dk.a(rpl-dag.o)
 .text.lollipop_greater_than
                0x00000000000257e0       0x34 contiki-nrf52dk.a(rpl-dag.o)
 .text.rpl_get_nbr
                0x0000000000025814       0x28 contiki-nrf52dk.a(rpl-dag.o)
                0x0000000000025814                rpl_get_nbr
 .text.rpl_dag_init
                0x000000000002583c       0x14 contiki-nrf52dk.a(rpl-dag.o)
                0x000000000002583c                rpl_dag_init
 .text.rpl_get_parent
                0x0000000000025850       0x10 contiki-nrf52dk.a(rpl-dag.o)
                0x0000000000025850                rpl_get_parent
 .text.rpl_get_parent_ipaddr
                0x0000000000025860       0x18 contiki-nrf52dk.a(rpl-dag.o)
                0x0000000000025860                rpl_get_parent_ipaddr
 .text.rpl_set_prefix
                0x0000000000025878       0x5e contiki-nrf52dk.a(rpl-dag.o)
                0x0000000000025878                rpl_set_prefix
 .text.rpl_set_default_route
                0x00000000000258d6       0x38 contiki-nrf52dk.a(rpl-dag.o)
                0x00000000000258d6                rpl_set_default_route
 *fill*         0x000000000002590e        0x2 
 .text.rpl_alloc_instance
                0x0000000000025910       0x38 contiki-nrf52dk.a(rpl-dag.o)
                0x0000000000025910                rpl_alloc_instance
 .text.rpl_add_parent
                0x0000000000025948       0x44 contiki-nrf52dk.a(rpl-dag.o)
                0x0000000000025948                rpl_add_parent
 .text.rpl_find_parent
                0x000000000002598c       0x16 contiki-nrf52dk.a(rpl-dag.o)
                0x000000000002598c                rpl_find_parent
 .text.rpl_find_parent_any_dag
                0x00000000000259a2       0x1e contiki-nrf52dk.a(rpl-dag.o)
                0x00000000000259a2                rpl_find_parent_any_dag
 .text.rpl_select_parent
                0x00000000000259c0       0x70 contiki-nrf52dk.a(rpl-dag.o)
                0x00000000000259c0                rpl_select_parent
 .text.rpl_select_dag
                0x0000000000025a30      0x150 contiki-nrf52dk.a(rpl-dag.o)
                0x0000000000025a30                rpl_select_dag
 .text.rpl_nullify_parent
                0x0000000000025b80       0x48 contiki-nrf52dk.a(rpl-dag.o)
                0x0000000000025b80                rpl_nullify_parent
 .text.rpl_remove_parent
                0x0000000000025bc8       0x1c contiki-nrf52dk.a(rpl-dag.o)
                0x0000000000025bc8                rpl_remove_parent
 .text.nbr_callback
                0x0000000000025be4        0x4 contiki-nrf52dk.a(rpl-dag.o)
 .text.remove_parents.constprop.5
                0x0000000000025be8       0x2c contiki-nrf52dk.a(rpl-dag.o)
 .text.rpl_free_dag
                0x0000000000025c14       0x2e contiki-nrf52dk.a(rpl-dag.o)
                0x0000000000025c14                rpl_free_dag
 .text.rpl_move_parent
                0x0000000000025c42       0x48 contiki-nrf52dk.a(rpl-dag.o)
                0x0000000000025c42                rpl_move_parent
 *fill*         0x0000000000025c8a        0x2 
 .text.rpl_get_any_dag
                0x0000000000025c8c       0x18 contiki-nrf52dk.a(rpl-dag.o)
                0x0000000000025c8c                rpl_get_any_dag
 .text.rpl_get_instance
                0x0000000000025ca4       0x20 contiki-nrf52dk.a(rpl-dag.o)
                0x0000000000025ca4                rpl_get_instance
 .text.rpl_repair_root
                0x0000000000025cc4       0x48 contiki-nrf52dk.a(rpl-dag.o)
                0x0000000000025cc4                rpl_repair_root
 .text.rpl_alloc_dag
                0x0000000000025d0c       0x48 contiki-nrf52dk.a(rpl-dag.o)
                0x0000000000025d0c                rpl_alloc_dag
 .text.rpl_find_of
                0x0000000000025d54       0x14 contiki-nrf52dk.a(rpl-dag.o)
                0x0000000000025d54                rpl_find_of
 .text.rpl_join_instance
                0x0000000000025d68      0x104 contiki-nrf52dk.a(rpl-dag.o)
                0x0000000000025d68                rpl_join_instance
 .text.rpl_local_repair
                0x0000000000025e6c       0x5c contiki-nrf52dk.a(rpl-dag.o)
                0x0000000000025e6c                rpl_local_repair
 .text.rpl_process_parent_event
                0x0000000000025ec8       0x60 contiki-nrf52dk.a(rpl-dag.o)
                0x0000000000025ec8                rpl_process_parent_event
 .text.rpl_add_dag
                0x0000000000025f28       0xf8 contiki-nrf52dk.a(rpl-dag.o)
                0x0000000000025f28                rpl_add_dag
 .text.rpl_recalculate_ranks
                0x0000000000026020       0x3c contiki-nrf52dk.a(rpl-dag.o)
                0x0000000000026020                rpl_recalculate_ranks
 .text.rpl_process_dio
                0x000000000002605c      0x2c0 contiki-nrf52dk.a(rpl-dag.o)
                0x000000000002605c                rpl_process_dio
 .text.rpl_verify_header
                0x000000000002631c      0x118 contiki-nrf52dk.a(rpl-ext-header.)
                0x000000000002631c                rpl_verify_header
 .text.rpl_update_header_empty
                0x0000000000026434      0x160 contiki-nrf52dk.a(rpl-ext-header.)
                0x0000000000026434                rpl_update_header_empty
 .text.rpl_update_header_final
                0x0000000000026594       0x84 contiki-nrf52dk.a(rpl-ext-header.)
                0x0000000000026594                rpl_update_header_final
 .text.rpl_invert_header
                0x0000000000026618       0x68 contiki-nrf52dk.a(rpl-ext-header.)
                0x0000000000026618                rpl_invert_header
 .text.rpl_insert_header
                0x0000000000026680       0x1c contiki-nrf52dk.a(rpl-ext-header.)
                0x0000000000026680                rpl_insert_header
 .text.get32    0x000000000002669c       0x18 contiki-nrf52dk.a(rpl-icmp6.o)
 .text.set32    0x00000000000266b4       0x12 contiki-nrf52dk.a(rpl-icmp6.o)
 .text.get16    0x00000000000266c6        0xc contiki-nrf52dk.a(rpl-icmp6.o)
 .text.set16    0x00000000000266d2        0xa contiki-nrf52dk.a(rpl-icmp6.o)
 .text.dao_ack_input
                0x00000000000266dc       0x14 contiki-nrf52dk.a(rpl-icmp6.o)
 .text.dio_input
                0x00000000000266f0      0x258 contiki-nrf52dk.a(rpl-icmp6.o)
 .text.dis_output
                0x0000000000026948       0x54 contiki-nrf52dk.a(rpl-icmp6.o)
                0x0000000000026948                dis_output
 .text.dio_output
                0x000000000002699c      0x1fc contiki-nrf52dk.a(rpl-icmp6.o)
                0x000000000002699c                dio_output
 .text.dis_input
                0x0000000000026b98       0x3c contiki-nrf52dk.a(rpl-icmp6.o)
 .text.dao_output_target
                0x0000000000026bd4       0xd8 contiki-nrf52dk.a(rpl-icmp6.o)
                0x0000000000026bd4                dao_output_target
 .text.dao_output
                0x0000000000026cac       0x54 contiki-nrf52dk.a(rpl-icmp6.o)
                0x0000000000026cac                dao_output
 .text.dao_ack_output
                0x0000000000026d00       0x34 contiki-nrf52dk.a(rpl-icmp6.o)
                0x0000000000026d00                dao_ack_output
 .text.dao_input
                0x0000000000026d34      0x1e4 contiki-nrf52dk.a(rpl-icmp6.o)
 .text.rpl_icmp6_register_handlers
                0x0000000000026f18       0x30 contiki-nrf52dk.a(rpl-icmp6.o)
                0x0000000000026f18                rpl_icmp6_register_handlers
 .text.reset    0x0000000000026f48        0x2 contiki-nrf52dk.a(rpl-mrhof.o)
 .text.update_metric_container
                0x0000000000026f4a        0x6 contiki-nrf52dk.a(rpl-mrhof.o)
 .text.calculate_rank
                0x0000000000026f50       0x34 contiki-nrf52dk.a(rpl-mrhof.o)
 .text.neighbor_link_callback
                0x0000000000026f84       0x44 contiki-nrf52dk.a(rpl-mrhof.o)
 .text.best_dag
                0x0000000000026fc8       0x2c contiki-nrf52dk.a(rpl-mrhof.o)
 .text.best_parent
                0x0000000000026ff4       0x5a contiki-nrf52dk.a(rpl-mrhof.o)
 *fill*         0x000000000002704e        0x2 
 .text.new_dio_interval
                0x0000000000027050       0x5c contiki-nrf52dk.a(rpl-timers.o)
 .text.handle_periodic_timer
                0x00000000000270ac       0x3c contiki-nrf52dk.a(rpl-timers.o)
 .text.set_dao_lifetime_timer
                0x00000000000270e8       0x3c contiki-nrf52dk.a(rpl-timers.o)
 .text.handle_unicast_dio_timer
                0x0000000000027124       0x1c contiki-nrf52dk.a(rpl-timers.o)
 .text.handle_dio_timer
                0x0000000000027140       0x80 contiki-nrf52dk.a(rpl-timers.o)
 .text.schedule_dao
                0x00000000000271c0       0x54 contiki-nrf52dk.a(rpl-timers.o)
 .text.handle_dao_timer
                0x0000000000027214       0x58 contiki-nrf52dk.a(rpl-timers.o)
 .text.rpl_reset_periodic_timer
                0x000000000002726c       0x34 contiki-nrf52dk.a(rpl-timers.o)
                0x000000000002726c                rpl_reset_periodic_timer
 .text.rpl_reset_dio_timer
                0x00000000000272a0       0x1c contiki-nrf52dk.a(rpl-timers.o)
                0x00000000000272a0                rpl_reset_dio_timer
 .text.rpl_schedule_dao
                0x00000000000272bc        0x8 contiki-nrf52dk.a(rpl-timers.o)
                0x00000000000272bc                rpl_schedule_dao
 .text.rpl_schedule_unicast_dio_immediately
                0x00000000000272c4       0x14 contiki-nrf52dk.a(rpl-timers.o)
                0x00000000000272c4                rpl_schedule_unicast_dio_immediately
 .text.rpl_schedule_probing
                0x00000000000272d8       0x30 contiki-nrf52dk.a(rpl-timers.o)
                0x00000000000272d8                rpl_schedule_probing
 .text.handle_probing_timer
                0x0000000000027308       0xcc contiki-nrf52dk.a(rpl-timers.o)
 .text.linkaddr_copy
                0x00000000000273d4        0x6 contiki-nrf52dk.a(linkaddr.o)
                0x00000000000273d4                linkaddr_copy
 .text.linkaddr_cmp
                0x00000000000273da       0x10 contiki-nrf52dk.a(linkaddr.o)
                0x00000000000273da                linkaddr_cmp
 *fill*         0x00000000000273ea        0x2 
 .text.linkaddr_set_node_addr
                0x00000000000273ec        0xc contiki-nrf52dk.a(linkaddr.o)
                0x00000000000273ec                linkaddr_set_node_addr
 .text.item_from_index
                0x00000000000273f8       0x14 contiki-nrf52dk.a(nbr-table.o)
 .text.index_from_key
                0x000000000002740c       0x20 contiki-nrf52dk.a(nbr-table.o)
 .text.index_from_item
                0x000000000002742c       0x16 contiki-nrf52dk.a(nbr-table.o)
 .text.nbr_set_bit
                0x0000000000027442       0x38 contiki-nrf52dk.a(nbr-table.o)
 *fill*         0x000000000002747a        0x2 
 .text.index_from_lladdr
                0x000000000002747c       0x40 contiki-nrf52dk.a(nbr-table.o)
 .text.nbr_get_bit.constprop.0
                0x00000000000274bc       0x2c contiki-nrf52dk.a(nbr-table.o)
 .text.nbr_table_register
                0x00000000000274e8       0x28 contiki-nrf52dk.a(nbr-table.o)
                0x00000000000274e8                nbr_table_register
 .text.nbr_table_next
                0x0000000000027510       0x48 contiki-nrf52dk.a(nbr-table.o)
                0x0000000000027510                nbr_table_next
 .text.nbr_table_head
                0x0000000000027558       0x38 contiki-nrf52dk.a(nbr-table.o)
                0x0000000000027558                nbr_table_head
 .text.nbr_table_add_lladdr
                0x0000000000027590      0x11c contiki-nrf52dk.a(nbr-table.o)
                0x0000000000027590                nbr_table_add_lladdr
 .text.nbr_table_get_from_lladdr
                0x00000000000276ac       0x26 contiki-nrf52dk.a(nbr-table.o)
                0x00000000000276ac                nbr_table_get_from_lladdr
 *fill*         0x00000000000276d2        0x2 
 .text.nbr_table_remove
                0x00000000000276d4       0x2c contiki-nrf52dk.a(nbr-table.o)
                0x00000000000276d4                nbr_table_remove
 .text.nbr_table_lock
                0x0000000000027700       0x10 contiki-nrf52dk.a(nbr-table.o)
                0x0000000000027700                nbr_table_lock
 .text.nbr_table_unlock
                0x0000000000027710       0x10 contiki-nrf52dk.a(nbr-table.o)
                0x0000000000027710                nbr_table_unlock
 .text.nbr_table_get_lladdr
                0x0000000000027720       0x24 contiki-nrf52dk.a(nbr-table.o)
                0x0000000000027720                nbr_table_get_lladdr
 .text.netstack_init
                0x0000000000027744       0x38 contiki-nrf52dk.a(netstack.o)
                0x0000000000027744                netstack_init
 .text.packetbuf_hdrreduce
                0x000000000002777c       0x28 contiki-nrf52dk.a(packetbuf.o)
                0x000000000002777c                packetbuf_hdrreduce
 .text.packetbuf_set_datalen
                0x00000000000277a4        0xc contiki-nrf52dk.a(packetbuf.o)
                0x00000000000277a4                packetbuf_set_datalen
 .text.packetbuf_dataptr
                0x00000000000277b0       0x14 contiki-nrf52dk.a(packetbuf.o)
                0x00000000000277b0                packetbuf_dataptr
 .text.packetbuf_hdrptr
                0x00000000000277c4       0x14 contiki-nrf52dk.a(packetbuf.o)
                0x00000000000277c4                packetbuf_hdrptr
 .text.packetbuf_datalen
                0x00000000000277d8        0xc contiki-nrf52dk.a(packetbuf.o)
                0x00000000000277d8                packetbuf_datalen
 .text.packetbuf_hdrlen
                0x00000000000277e4       0x1c contiki-nrf52dk.a(packetbuf.o)
                0x00000000000277e4                packetbuf_hdrlen
 .text.packetbuf_totlen
                0x0000000000027800       0x14 contiki-nrf52dk.a(packetbuf.o)
                0x0000000000027800                packetbuf_totlen
 .text.packetbuf_hdralloc
                0x0000000000027814       0x28 contiki-nrf52dk.a(packetbuf.o)
                0x0000000000027814                packetbuf_hdralloc
 .text.packetbuf_attr_clear
                0x000000000002783c       0x38 contiki-nrf52dk.a(packetbuf.o)
                0x000000000002783c                packetbuf_attr_clear
 .text.packetbuf_clear
                0x0000000000027874       0x30 contiki-nrf52dk.a(packetbuf.o)
                0x0000000000027874                packetbuf_clear
 .text.packetbuf_copyfrom
                0x00000000000278a4       0x30 contiki-nrf52dk.a(packetbuf.o)
                0x00000000000278a4                packetbuf_copyfrom
 .text.packetbuf_attr_copyfrom
                0x00000000000278d4       0x24 contiki-nrf52dk.a(packetbuf.o)
                0x00000000000278d4                packetbuf_attr_copyfrom
 .text.packetbuf_set_attr
                0x00000000000278f8       0x10 contiki-nrf52dk.a(packetbuf.o)
                0x00000000000278f8                packetbuf_set_attr
 .text.packetbuf_attr
                0x0000000000027908        0xc contiki-nrf52dk.a(packetbuf.o)
                0x0000000000027908                packetbuf_attr
 .text.packetbuf_set_addr
                0x0000000000027914       0x18 contiki-nrf52dk.a(packetbuf.o)
                0x0000000000027914                packetbuf_set_addr
 .text.packetbuf_addr
                0x000000000002792c       0x10 contiki-nrf52dk.a(packetbuf.o)
                0x000000000002792c                packetbuf_addr
 .text.packetbuf_holds_broadcast
                0x000000000002793c       0x10 contiki-nrf52dk.a(packetbuf.o)
                0x000000000002793c                packetbuf_holds_broadcast
 .text.mac_call_sent_callback
                0x000000000002794c       0x18 contiki-nrf52dk.a(mac.o)
                0x000000000002794c                mac_call_sent_callback
 .text.on       0x0000000000027964        0xc contiki-nrf52dk.a(nullrdc.o)
 .text.channel_check_interval
                0x0000000000027970        0x4 contiki-nrf52dk.a(nullrdc.o)
 .text.init     0x0000000000027974        0x4 contiki-nrf52dk.a(nullrdc.o)
 .text.send_one_packet
                0x0000000000027978       0x68 contiki-nrf52dk.a(nullrdc.o)
 .text.send_list
                0x00000000000279e0       0x20 contiki-nrf52dk.a(nullrdc.o)
 .text.send_packet
                0x0000000000027a00        0x4 contiki-nrf52dk.a(nullrdc.o)
 .text.off      0x0000000000027a04       0x18 contiki-nrf52dk.a(nullrdc.o)
 .text.packet_input
                0x0000000000027a1c       0x44 contiki-nrf52dk.a(nullrdc.o)
 .text.init     0x0000000000027a60        0x2 contiki-nrf52dk.a(nullsec.o)
 *fill*         0x0000000000027a62        0x2 
 .text.input    0x0000000000027a64        0xc contiki-nrf52dk.a(nullsec.o)
 .text.send     0x0000000000027a70       0x20 contiki-nrf52dk.a(nullsec.o)
 .text.leds_arch_init
                0x0000000000027a90       0x3c contiki-nrf52dk.a(leds-arch.o)
                0x0000000000027a90                leds_arch_init
 .text.leds_arch_set
                0x0000000000027acc       0x22 contiki-nrf52dk.a(leds-arch.o)
                0x0000000000027acc                leds_arch_set
 .text.sd_temp_get
                0x0000000000027aee        0x4 contiki-nrf52dk.a(temperature-sen)
 .text.value    0x0000000000027af2       0x12 contiki-nrf52dk.a(temperature-sen)
 .text.configure
                0x0000000000027b04        0x4 contiki-nrf52dk.a(temperature-sen)
 .text.status   0x0000000000027b08        0x4 contiki-nrf52dk.a(temperature-sen)
 .text.dbg_send_bytes
                0x0000000000027b0c       0x20 contiki-nrf52dk.a(dbg.o)
                0x0000000000027b0c                dbg_send_bytes
 .text.stimer_set
                0x0000000000027b2c        0xe contiki-nrf52dk.a(stimer.o)
                0x0000000000027b2c                stimer_set
 *fill*         0x0000000000027b3a        0x2 
 .text.stimer_expired
                0x0000000000027b3c       0x20 contiki-nrf52dk.a(stimer.o)
                0x0000000000027b3c                stimer_expired
 .text.stimer_remaining
                0x0000000000027b5c       0x10 contiki-nrf52dk.a(stimer.o)
                0x0000000000027b5c                stimer_remaining
 .text.prepare  0x0000000000027b6c        0x4 contiki-nrf52dk.a(nullradio.o)
 .text.transmit
                0x0000000000027b70        0x4 contiki-nrf52dk.a(nullradio.o)
 .text.radio_read
                0x0000000000027b74        0x4 contiki-nrf52dk.a(nullradio.o)
 .text.channel_clear
                0x0000000000027b78        0x4 contiki-nrf52dk.a(nullradio.o)
 .text.off      0x0000000000027b7c        0x4 contiki-nrf52dk.a(nullradio.o)
 .text.get_value
                0x0000000000027b80        0x4 contiki-nrf52dk.a(nullradio.o)
 .text.set_value
                0x0000000000027b84        0x4 contiki-nrf52dk.a(nullradio.o)
 .text.set_object
                0x0000000000027b88        0x4 contiki-nrf52dk.a(nullradio.o)
 .text.get_object
                0x0000000000027b8c        0x4 contiki-nrf52dk.a(nullradio.o)
 .text.send     0x0000000000027b90        0x4 contiki-nrf52dk.a(nullradio.o)
 .text.init     0x0000000000027b94        0x4 contiki-nrf52dk.a(nullradio.o)
 .text.receiving_packet
                0x0000000000027b98        0x4 contiki-nrf52dk.a(nullradio.o)
 .text.pending_packet
                0x0000000000027b9c        0x4 contiki-nrf52dk.a(nullradio.o)
 .text.on       0x0000000000027ba0        0x4 contiki-nrf52dk.a(nullradio.o)
 .text.sicslowpan_init
                0x0000000000027ba4       0x24 contiki-nrf52dk.a(sicslowpan.o)
                0x0000000000027ba4                sicslowpan_init
 .text.set_packet_attrs
                0x0000000000027bc8       0x40 contiki-nrf52dk.a(sicslowpan.o)
 .text.compress_addr_64
                0x0000000000027c08       0x90 contiki-nrf52dk.a(sicslowpan.o)
 .text.addr_context_lookup_by_prefix
                0x0000000000027c98       0x24 contiki-nrf52dk.a(sicslowpan.o)
 .text.output   0x0000000000027cbc      0x4ac contiki-nrf52dk.a(sicslowpan.o)
 .text.packet_sent
                0x0000000000028168       0x24 contiki-nrf52dk.a(sicslowpan.o)
 .text.uncompress_addr
                0x000000000002818c       0x90 contiki-nrf52dk.a(sicslowpan.o)
 .text.input    0x000000000002821c      0x448 contiki-nrf52dk.a(sicslowpan.o)
 .text.queuebuf_to_packetbuf
                0x0000000000028664       0x30 contiki-nrf52dk.a(queuebuf.o)
                0x0000000000028664                queuebuf_to_packetbuf
 .text.hdr_length
                0x0000000000028694        0x4 contiki-nrf52dk.a(framer-nullmac.)
 .text.parse    0x0000000000028698       0x2c contiki-nrf52dk.a(framer-nullmac.)
 .text.create   0x00000000000286c4       0x34 contiki-nrf52dk.a(framer-nullmac.)
 .text.nrf_gpio_cfg_sense_set
                0x00000000000286f8       0x20 nrf52832.a(nrf_drv_gpiote.)
 .text.channel_free
                0x0000000000028718       0x1c nrf52832.a(nrf_drv_gpiote.)
 .text.nrf_drv_gpiote_init
                0x0000000000028734       0x54 nrf52832.a(nrf_drv_gpiote.)
                0x0000000000028734                nrf_drv_gpiote_init
 .text.nrf_drv_gpiote_is_init
                0x0000000000028788       0x14 nrf52832.a(nrf_drv_gpiote.)
                0x0000000000028788                nrf_drv_gpiote_is_init
 .text.nrf_drv_gpiote_in_init
                0x000000000002879c       0xcc nrf52832.a(nrf_drv_gpiote.)
                0x000000000002879c                nrf_drv_gpiote_in_init
 .text.nrf_drv_gpiote_in_event_enable
                0x0000000000028868       0x98 nrf52832.a(nrf_drv_gpiote.)
                0x0000000000028868                nrf_drv_gpiote_in_event_enable
 .text.nrf_drv_gpiote_in_event_disable
                0x0000000000028900       0x44 nrf52832.a(nrf_drv_gpiote.)
                0x0000000000028900                nrf_drv_gpiote_in_event_disable
 .text.nrf_drv_gpiote_in_is_set
                0x0000000000028944       0x12 nrf52832.a(nrf_drv_gpiote.)
                0x0000000000028944                nrf_drv_gpiote_in_is_set
 *fill*         0x0000000000028956        0x2 
 .text.GPIOTE_IRQHandler
                0x0000000000028958      0x12c nrf52832.a(nrf_drv_gpiote.)
                0x0000000000028958                GPIOTE_IRQHandler
 .text.nrf_rtc_event_clear
                0x0000000000028a84       0x10 nrf52832.a(nrf_drv_rtc.o)
 .text.nrf_drv_rtc_init
                0x0000000000028a94       0x64 nrf52832.a(nrf_drv_rtc.o)
                0x0000000000028a94                nrf_drv_rtc_init
 .text.nrf_drv_rtc_enable
                0x0000000000028af8       0x18 nrf52832.a(nrf_drv_rtc.o)
                0x0000000000028af8                nrf_drv_rtc_enable
 .text.nrf_drv_rtc_tick_enable
                0x0000000000028b10       0x22 nrf52832.a(nrf_drv_rtc.o)
                0x0000000000028b10                nrf_drv_rtc_tick_enable
 *fill*         0x0000000000028b32        0x2 
 .text.RTC1_IRQHandler
                0x0000000000028b34       0xa0 nrf52832.a(nrf_drv_rtc.o)
                0x0000000000028b34                RTC1_IRQHandler
 .text.nrf_drv_timer_init
                0x0000000000028bd4       0xa8 nrf52832.a(nrf_drv_timer.o)
                0x0000000000028bd4                nrf_drv_timer_init
 .text.nrf_drv_timer_enable
                0x0000000000028c7c       0x14 nrf52832.a(nrf_drv_timer.o)
                0x0000000000028c7c                nrf_drv_timer_enable
 .text.nrf_drv_timer_capture
                0x0000000000028c90       0x1c nrf52832.a(nrf_drv_timer.o)
                0x0000000000028c90                nrf_drv_timer_capture
 .text.nrf_drv_timer_compare
                0x0000000000028cac       0x22 nrf52832.a(nrf_drv_timer.o)
                0x0000000000028cac                nrf_drv_timer_compare
 *fill*         0x0000000000028cce        0x2 
 .text.TIMER1_IRQHandler
                0x0000000000028cd0       0x54 nrf52832.a(nrf_drv_timer.o)
                0x0000000000028cd0                TIMER1_IRQHandler
 .text.sd_nvic_critical_region_enter
                0x0000000000028d24        0x4 nrf52832.a(nrf_drv_wdt.o)
 .text.sd_nvic_critical_region_exit
                0x0000000000028d28        0x4 nrf52832.a(nrf_drv_wdt.o)
 .text.WDT_IRQHandler
                0x0000000000028d2c       0x24 nrf52832.a(nrf_drv_wdt.o)
                0x0000000000028d2c                WDT_IRQHandler
 .text.nrf_drv_wdt_init
                0x0000000000028d50       0x50 nrf52832.a(nrf_drv_wdt.o)
                0x0000000000028d50                nrf_drv_wdt_init
 .text.nrf_drv_wdt_enable
                0x0000000000028da0       0x1c nrf52832.a(nrf_drv_wdt.o)
                0x0000000000028da0                nrf_drv_wdt_enable
 .text.nrf_drv_wdt_channel_alloc
                0x0000000000028dbc       0xb4 nrf52832.a(nrf_drv_wdt.o)
                0x0000000000028dbc                nrf_drv_wdt_channel_alloc
 .text.nrf_drv_wdt_channel_feed
                0x0000000000028e70       0x18 nrf52832.a(nrf_drv_wdt.o)
                0x0000000000028e70                nrf_drv_wdt_channel_feed
 .text.sd_rand_application_bytes_available_get
                0x0000000000028e88        0x4 nrf52832.a(nrf_drv_rng.o)
 .text.sd_rand_application_vector_get
                0x0000000000028e8c        0x4 nrf52832.a(nrf_drv_rng.o)
 .text.sd_softdevice_is_enabled
                0x0000000000028e90        0x4 nrf52832.a(nrf_drv_rng.o)
 .text.nrf_drv_rng_init
                0x0000000000028e94       0x2c nrf52832.a(nrf_drv_rng.o)
                0x0000000000028e94                nrf_drv_rng_init
 .text.nrf_drv_rng_bytes_available
                0x0000000000028ec0        0x4 nrf52832.a(nrf_drv_rng.o)
                0x0000000000028ec0                nrf_drv_rng_bytes_available
 .text.nrf_drv_rng_rand
                0x0000000000028ec4        0x4 nrf52832.a(nrf_drv_rng.o)
                0x0000000000028ec4                nrf_drv_rng_rand
 .text.tx_byte  0x0000000000028ec8       0x2c nrf52832.a(nrf_drv_uart.o)
 .text.rx_byte  0x0000000000028ef4       0x2c nrf52832.a(nrf_drv_uart.o)
 .text.rx_done_event
                0x0000000000028f20       0x28 nrf52832.a(nrf_drv_uart.o)
 .text.tx_done_event
                0x0000000000028f48       0x28 nrf52832.a(nrf_drv_uart.o)
 .text.nrf_drv_uart_init
                0x0000000000028f70       0xf4 nrf52832.a(nrf_drv_uart.o)
                0x0000000000028f70                nrf_drv_uart_init
 .text.nrf_drv_uart_tx
                0x0000000000029064       0xe0 nrf52832.a(nrf_drv_uart.o)
                0x0000000000029064                nrf_drv_uart_tx
 .text.nrf_drv_uart_rx
                0x0000000000029144       0xfc nrf52832.a(nrf_drv_uart.o)
                0x0000000000029144                nrf_drv_uart_rx
 .text.nrf_drv_uart_rx_enable
                0x0000000000029240       0x24 nrf52832.a(nrf_drv_uart.o)
                0x0000000000029240                nrf_drv_uart_rx_enable
 .text.UARTE0_UART0_IRQHandler
                0x0000000000029264      0x188 nrf52832.a(nrf_drv_uart.o)
                0x0000000000029264                UARTE0_UART0_IRQHandler
 .text.app_error_handler
                0x00000000000293ec       0x20 nrf52832.a(app_error.o)
                0x00000000000293ec                app_error_handler
 .text.sd_nvic_EnableIRQ
                0x000000000002940c        0x4 nrf52832.a(softdevice_hand)
 .text.sd_evt_get
                0x0000000000029410        0x4 nrf52832.a(softdevice_hand)
 .text.sd_softdevice_enable
                0x0000000000029414        0x4 nrf52832.a(softdevice_hand)
 .text.sd_ble_evt_get
                0x0000000000029418        0x4 nrf52832.a(softdevice_hand)
 .text.softdevice_assertion_handler
                0x000000000002941c        0xc nrf52832.a(softdevice_hand)
                0x000000000002941c                softdevice_assertion_handler
 .text.intern_softdevice_events_execute
                0x0000000000029428       0xac nrf52832.a(softdevice_hand)
                0x0000000000029428                intern_softdevice_events_execute
 .text.softdevice_handler_init
                0x00000000000294d4       0x6c nrf52832.a(softdevice_hand)
                0x00000000000294d4                softdevice_handler_init
 .text.softdevice_ble_evt_handler_set
                0x0000000000029540       0x14 nrf52832.a(softdevice_hand)
                0x0000000000029540                softdevice_ble_evt_handler_set
 .text.SWI2_EGU2_IRQHandler
                0x0000000000029554       0x28 nrf52832.a(softdevice_hand)
                0x0000000000029554                SWI2_EGU2_IRQHandler
 .text.sd_ble_gap_address_get
                0x000000000002957c        0x4 nrf52832.a(ble_advdata.o)
 .text.sd_ble_gap_adv_data_set
                0x0000000000029580        0x4 nrf52832.a(ble_advdata.o)
 .text.sd_ble_gap_appearance_get
                0x0000000000029584        0x4 nrf52832.a(ble_advdata.o)
 .text.sd_ble_gap_device_name_get
                0x0000000000029588        0x4 nrf52832.a(ble_advdata.o)
 .text.sd_ble_uuid_encode
                0x000000000002958c        0x4 nrf52832.a(ble_advdata.o)
 .text.uuid_list_sized_encode
                0x0000000000029590       0xa6 nrf52832.a(ble_advdata.o)
 .text.uuid_list_encode
                0x0000000000029636       0x34 nrf52832.a(ble_advdata.o)
 .text.adv_data_encode
                0x000000000002966a      0x448 nrf52832.a(ble_advdata.o)
                0x000000000002966a                adv_data_encode
 .text.ble_advdata_set
                0x0000000000029ab2       0x66 nrf52832.a(ble_advdata.o)
                0x0000000000029ab2                ble_advdata_set
 .text          0x0000000000029b18       0x44 nrf52832.a(gcc_startup_nrf)
                0x0000000000029b18                Reset_Handler
                0x0000000000029b48                NMI_Handler
                0x0000000000029b4a                HardFault_Handler
                0x0000000000029b4c                MemoryManagement_Handler
                0x0000000000029b4e                BusFault_Handler
                0x0000000000029b50                UsageFault_Handler
                0x0000000000029b52                SVC_Handler
                0x0000000000029b54                PendSV_Handler
                0x0000000000029b56                SysTick_Handler
                0x0000000000029b58                TIMER2_IRQHandler
                0x0000000000029b58                RTC0_IRQHandler
                0x0000000000029b58                SWI0_EGU0_IRQHandler
                0x0000000000029b58                PWM1_IRQHandler
                0x0000000000029b58                POWER_CLOCK_IRQHandler
                0x0000000000029b58                RADIO_IRQHandler
                0x0000000000029b58                PDM_IRQHandler
                0x0000000000029b58                TEMP_IRQHandler
                0x0000000000029b58                QDEC_IRQHandler
                0x0000000000029b58                TIMER3_IRQHandler
                0x0000000000029b58                SPIM0_SPIS0_TWIM0_TWIS0_SPI0_TWI0_IRQHandler
                0x0000000000029b58                TIMER4_IRQHandler
                0x0000000000029b58                I2S_IRQHandler
                0x0000000000029b58                SWI4_EGU4_IRQHandler
                0x0000000000029b58                TIMER0_IRQHandler
                0x0000000000029b58                PWM2_IRQHandler
                0x0000000000029b58                ECB_IRQHandler
                0x0000000000029b58                SPIM1_SPIS1_TWIM1_TWIS1_SPI1_TWI1_IRQHandler
                0x0000000000029b58                Default_Handler
                0x0000000000029b58                SAADC_IRQHandler
                0x0000000000029b58                CCM_AAR_IRQHandler
                0x0000000000029b58                SWI5_EGU5_IRQHandler
                0x0000000000029b58                RNG_IRQHandler
                0x0000000000029b58                RTC2_IRQHandler
                0x0000000000029b58                PWM0_IRQHandler
                0x0000000000029b58                SWI3_EGU3_IRQHandler
                0x0000000000029b58                SWI1_EGU1_IRQHandler
                0x0000000000029b58                SPIM2_SPIS2_SPI2_IRQHandler
                0x0000000000029b58                NFCT_IRQHandler
                0x0000000000029b58                MWU_IRQHandler
                0x0000000000029b58                COMP_LPCOMP_IRQHandler
 .text.nrf_drv_common_irq_enable
                0x0000000000029b5c       0x4c nrf52832.a(nrf_drv_common.)
                0x0000000000029b5c                nrf_drv_common_irq_enable
 .text.ftpan_36
                0x0000000000029ba8       0x40 nrf52832.a(system_nrf52.o)
 .text.SystemInit
                0x0000000000029be8       0xe0 nrf52832.a(system_nrf52.o)
                0x0000000000029be8                SystemInit
 .text.sd_ble_l2cap_ch_conn_reply
                0x0000000000029cc8        0x4 /home/johan/Downloads/nrf5_iot_sdk_3288530/components/iot/ble_6lowpan/lib/ble_6lowpan.a(ble_ipsp.o)
 .text.sd_ble_l2cap_ch_disconnect
                0x0000000000029ccc        0x4 /home/johan/Downloads/nrf5_iot_sdk_3288530/components/iot/ble_6lowpan/lib/ble_6lowpan.a(ble_ipsp.o)
 .text.sd_ble_l2cap_ch_tx
                0x0000000000029cd0        0x4 /home/johan/Downloads/nrf5_iot_sdk_3288530/components/iot/ble_6lowpan/lib/ble_6lowpan.a(ble_ipsp.o)
 .text.sd_ble_l2cap_ch_rx_complete
                0x0000000000029cd4        0x4 /home/johan/Downloads/nrf5_iot_sdk_3288530/components/iot/ble_6lowpan/lib/ble_6lowpan.a(ble_ipsp.o)
 .text.sd_ble_l2cap_ch_rx_credits_issue
                0x0000000000029cd8        0x4 /home/johan/Downloads/nrf5_iot_sdk_3288530/components/iot/ble_6lowpan/lib/ble_6lowpan.a(ble_ipsp.o)
 .text.sd_ble_gatts_service_add
                0x0000000000029cdc        0x4 /home/johan/Downloads/nrf5_iot_sdk_3288530/components/iot/ble_6lowpan/lib/ble_6lowpan.a(ble_ipsp.o)
 .text.ble_ipsp_evt_handler
                0x0000000000029ce0      0x360 /home/johan/Downloads/nrf5_iot_sdk_3288530/components/iot/ble_6lowpan/lib/ble_6lowpan.a(ble_ipsp.o)
                0x0000000000029ce0                ble_ipsp_evt_handler
 .text.ble_ipsp_init
                0x000000000002a040       0x58 /home/johan/Downloads/nrf5_iot_sdk_3288530/components/iot/ble_6lowpan/lib/ble_6lowpan.a(ble_ipsp.o)
                0x000000000002a040                ble_ipsp_init
 .text.ble_ipsp_send
                0x000000000002a098       0x60 /home/johan/Downloads/nrf5_iot_sdk_3288530/components/iot/ble_6lowpan/lib/ble_6lowpan.a(ble_ipsp.o)
                0x000000000002a098                ble_ipsp_send
 .text.ble_ipsp_disconnect
                0x000000000002a0f8       0x64 /home/johan/Downloads/nrf5_iot_sdk_3288530/components/iot/ble_6lowpan/lib/ble_6lowpan.a(ble_ipsp.o)
                0x000000000002a0f8                ble_ipsp_disconnect
 .text          0x000000000002a15c       0x30 /usr/bin/../lib/gcc/arm-none-eabi/5.3.1/armv7e-m/fpu/libgcc.a(_aeabi_uldivmod.o)
                0x000000000002a15c                __aeabi_uldivmod
 .text          0x000000000002a18c      0x2e4 /usr/bin/../lib/gcc/arm-none-eabi/5.3.1/armv7e-m/fpu/libgcc.a(_udivmoddi4.o)
                0x000000000002a18c                __udivmoddi4
 .text          0x000000000002a470        0x4 /usr/bin/../lib/gcc/arm-none-eabi/5.3.1/armv7e-m/fpu/libgcc.a(_dvmd_tls.o)
                0x000000000002a470                __aeabi_ldiv0
                0x000000000002a470                __aeabi_idiv0
 .text.memcmp   0x000000000002a474       0x1e /usr/bin/../lib/gcc/arm-none-eabi/5.3.1/../../../../arm-none-eabi/lib/armv7e-m/fpu/libc_nano.a(lib_a-memcmp.o)
                0x000000000002a474                memcmp
 .text.memcpy   0x000000000002a492       0x16 /usr/bin/../lib/gcc/arm-none-eabi/5.3.1/../../../../arm-none-eabi/lib/armv7e-m/fpu/libc_nano.a(lib_a-memcpy-stub.o)
                0x000000000002a492                memcpy
 .text.memmove  0x000000000002a4a8       0x36 /usr/bin/../lib/gcc/arm-none-eabi/5.3.1/../../../../arm-none-eabi/lib/armv7e-m/fpu/libc_nano.a(lib_a-memmove.o)
                0x000000000002a4a8                memmove
 .text          0x000000000002a4de       0x10 /usr/bin/../lib/gcc/arm-none-eabi/5.3.1/../../../../arm-none-eabi/lib/armv7e-m/fpu/libc_nano.a(lib_a-strlen.o)
                0x000000000002a4de                strlen
 *(.init)
 *fill*         0x000000000002a4ee        0x2 
 .init          0x000000000002a4f0        0x4 /usr/bin/../lib/gcc/arm-none-eabi/5.3.1/armv7e-m/fpu/crti.o
                0x000000000002a4f0                _init
 .init          0x000000000002a4f4        0x8 /usr/bin/../lib/gcc/arm-none-eabi/5.3.1/armv7e-m/fpu/crtn.o
 *(.fini)
 .fini          0x000000000002a4fc        0x4 /usr/bin/../lib/gcc/arm-none-eabi/5.3.1/armv7e-m/fpu/crti.o
                0x000000000002a4fc                _fini
 .fini          0x000000000002a500        0x8 /usr/bin/../lib/gcc/arm-none-eabi/5.3.1/armv7e-m/fpu/crtn.o
 *crtbegin.o(.ctors)
 *crtbegin?.o(.ctors)
 *(EXCLUDE_FILE(*crtend.o *crtend?.o) .ctors)
 *(SORT(.ctors.*))
 *(.ctors)
 *crtbegin.o(.dtors)
 *crtbegin?.o(.dtors)
 *(EXCLUDE_FILE(*crtend.o *crtend?.o) .dtors)
 *(SORT(.dtors.*))
 *(.dtors)
 *(.rodata*)
 .rodata.str1.1
                0x000000000002a508        0x2 /usr/bin/../lib/gcc/arm-none-eabi/5.3.1/../../../../arm-none-eabi/lib/armv7e-m/fpu/libc_nano.a(lib_a-impure.o)
 *fill*         0x000000000002a50a        0x2 
 .rodata._global_impure_ptr
                0x000000000002a50c        0x4 /usr/bin/../lib/gcc/arm-none-eabi/5.3.1/../../../../arm-none-eabi/lib/armv7e-m/fpu/libc_nano.a(lib_a-impure.o)
                0x000000000002a50c                _global_impure_ptr
 .rodata.autostart_processes
                0x000000000002a510        0xc keypad.co
                0x000000000002a510                autostart_processes
 .rodata.str1.1
                0x000000000002a51c      0x106 keypad.co
                                        0x111 (size before relaxing)
 .rodata.str1.1
                0x000000000002a622      0x5b9 contiki-nrf52dk.a(er-coap.o)
                                        0x5bd (size before relaxing)
 .rodata.str1.1
                0x000000000002abdb      0x395 contiki-nrf52dk.a(er-coap-engine.)
                                        0x3a7 (size before relaxing)
 .rodata.str1.1
                0x000000000002af70        0x9 contiki-nrf52dk.a(er-coap-res-wel)
                                         0x19 (size before relaxing)
 .rodata.str1.1
                0x000000000002af79      0x233 contiki-nrf52dk.a(er-coap-observe)
                                        0x259 (size before relaxing)
 .rodata.str1.1
                0x000000000002b1ac       0x27 contiki-nrf52dk.a(contiki-main.o)
 *fill*         0x000000000002b1d3        0x1 
 .rodata.buttons
                0x000000000002b1d4       0x40 contiki-nrf52dk.a(button-sensor.o)
                0x000000000002b1d4                buttons
 .rodata.str1.1
                0x000000000002b214        0x7 contiki-nrf52dk.a(button-sensor.o)
 .rodata.buffer.3769
                0x000000000002b21b       0x10 contiki-nrf52dk.a(strformat.o)
 .rodata.str1.1
                0x000000000002b22b       0x33 contiki-nrf52dk.a(strformat.o)
                                         0x37 (size before relaxing)
 .rodata.buffer.3760
                0x000000000002b25e       0x10 contiki-nrf52dk.a(strformat.o)
 *fill*         0x000000000002b26e        0x2 
 .rodata.rtc    0x000000000002b270        0x8 contiki-nrf52dk.a(clock.o)
                0x000000000002b270                rtc
 .rodata.timer  0x000000000002b278        0x8 contiki-nrf52dk.a(rtimer-arch.o)
 .rodata        0x000000000002b280       0x20 contiki-nrf52dk.a(uart0.o)
 .rodata        0x000000000002b2a0        0x4 contiki-nrf52dk.a(ble-core.o)
 .rodata.ble_ipsp_mac_driver
                0x000000000002b2a4       0x1c contiki-nrf52dk.a(ble-mac.o)
                0x000000000002b2a4                ble_ipsp_mac_driver
 .rodata.str1.1
                0x000000000002b2c0       0x23 contiki-nrf52dk.a(ble-mac.o)
 .rodata.str1.1
                0x000000000002b2e3        0xf contiki-nrf52dk.a(ctimer.o)
 .rodata.str1.1
                0x000000000002b2f2        0xc contiki-nrf52dk.a(etimer.o)
 .rodata.str1.1
                0x000000000002b2fe        0xe contiki-nrf52dk.a(serial-line.o)
 .rodata.str1.1
                0x000000000002b30c        0x8 contiki-nrf52dk.a(sensors.o)
 .rodata.str1.1
                0x000000000002b314        0xd contiki-nrf52dk.a(tcpip.o)
 .rodata.str1.1
                0x000000000002b321       0x3c contiki-nrf52dk.a(uip-debug.o)
                                         0x3e (size before relaxing)
 .rodata.linkaddr_null
                0x000000000002b35d        0x8 contiki-nrf52dk.a(linkaddr.o)
                0x000000000002b35d                linkaddr_null
 .rodata.str1.1
                0x000000000002b365        0x8 contiki-nrf52dk.a(nullrdc.o)
 *fill*         0x000000000002b36d        0x3 
 .rodata.nullrdc_driver
                0x000000000002b370       0x20 contiki-nrf52dk.a(nullrdc.o)
                0x000000000002b370                nullrdc_driver
 .rodata.str1.1
                0x000000000002b390        0x8 contiki-nrf52dk.a(nullsec.o)
 .rodata.nullsec_driver
                0x000000000002b398       0x10 contiki-nrf52dk.a(nullsec.o)
                0x000000000002b398                nullsec_driver
 .rodata.str1.1
                0x000000000002b3a8        0xc contiki-nrf52dk.a(temperature-sen)
 .rodata.temperature_sensor
                0x000000000002b3b4       0x10 contiki-nrf52dk.a(temperature-sen)
                0x000000000002b3b4                temperature_sensor
 .rodata.nullradio_driver
                0x000000000002b3c4       0x38 contiki-nrf52dk.a(nullradio.o)
                0x000000000002b3c4                nullradio_driver
 .rodata        0x000000000002b3fc        0x2 contiki-nrf52dk.a(sicslowpan.o)
 .rodata.unc_llconf
                0x000000000002b3fe        0x4 contiki-nrf52dk.a(sicslowpan.o)
                0x000000000002b3fe                unc_llconf
 .rodata.llprefix
                0x000000000002b402        0x2 contiki-nrf52dk.a(sicslowpan.o)
                0x000000000002b402                llprefix
 .rodata.sicslowpan_driver
                0x000000000002b404        0xc contiki-nrf52dk.a(sicslowpan.o)
                0x000000000002b404                sicslowpan_driver
 .rodata.str1.1
                0x000000000002b410        0xb contiki-nrf52dk.a(sicslowpan.o)
 .rodata.unc_mxconf
                0x000000000002b41b        0x4 contiki-nrf52dk.a(sicslowpan.o)
                0x000000000002b41b                unc_mxconf
 .rodata.ttl_values
                0x000000000002b41f        0x4 contiki-nrf52dk.a(sicslowpan.o)
 .rodata.unc_ctxconf
                0x000000000002b423        0x4 contiki-nrf52dk.a(sicslowpan.o)
                0x000000000002b423                unc_ctxconf
 *fill*         0x000000000002b427        0x1 
 .rodata.framer_nullmac
                0x000000000002b428        0xc contiki-nrf52dk.a(framer-nullmac.)
                0x000000000002b428                framer_nullmac
 .rodata.m_default_config
                0x000000000002b434        0x6 nrf52832.a(nrf_drv_rtc.o)
 *fill*         0x000000000002b43a        0x2 
 .rodata.m_default_config
                0x000000000002b43c        0x8 nrf52832.a(nrf_drv_timer.o)
 .rodata.m_default_config
                0x000000000002b444        0xc nrf52832.a(nrf_drv_wdt.o)
 .rodata.m_default_config
                0x000000000002b450       0x20 nrf52832.a(nrf_drv_uart.o)
 *(.eh_frame*)
 .eh_frame      0x000000000002b470        0x0 /usr/bin/../lib/gcc/arm-none-eabi/5.3.1/armv7e-m/fpu/crtbegin.o
                0x000000000002b470                . = ALIGN (0x4)

.glue_7         0x000000000002b470        0x0
 .glue_7        0x000000000002b470        0x0 linker stubs

.glue_7t        0x000000000002b470        0x0
 .glue_7t       0x000000000002b470        0x0 linker stubs

.vfp11_veneer   0x000000000002b470        0x0
 .vfp11_veneer  0x000000000002b470        0x0 linker stubs

.v4_bx          0x000000000002b470        0x0
 .v4_bx         0x000000000002b470        0x0 linker stubs

.iplt           0x000000000002b470        0x0
 .iplt          0x000000000002b470        0x0 /usr/bin/../lib/gcc/arm-none-eabi/5.3.1/armv7e-m/fpu/crtbegin.o

.ARM.extab      0x000000000002b470        0x0
 *(.ARM.extab* .gnu.linkonce.armextab.*)
                0x000000000002b470                . = ALIGN (0x4)
                0x000000000002b470                __exidx_start = .

.ARM.exidx      0x000000000002b470        0x8
 *(.ARM.exidx* .gnu.linkonce.armexidx.*)
 .ARM.exidx     0x000000000002b470        0x8 /usr/bin/../lib/gcc/arm-none-eabi/5.3.1/../../../../arm-none-eabi/lib/armv7e-m/fpu/crt0.o
 .ARM.exidx     0x000000000002b478        0x0 nrf52832.a(gcc_startup_nrf)
                                          0x8 (size before relaxing)
 .ARM.exidx     0x000000000002b478        0x0 /usr/bin/../lib/gcc/arm-none-eabi/5.3.1/armv7e-m/fpu/libgcc.a(_udivmoddi4.o)
                                          0x8 (size before relaxing)
                0x000000000002b478                . = ALIGN (0x4)
                0x000000000002b478                __exidx_end = .
                0x000000000002b478                __etext = .

.rel.dyn        0x000000000002b478        0x0
 .rel.iplt      0x000000000002b478        0x0 /usr/bin/../lib/gcc/arm-none-eabi/5.3.1/armv7e-m/fpu/crtbegin.o

.data           0x0000000020002800      0x27c load address 0x000000000002b478
                0x0000000020002800                __data_start__ = .
 *(vtable)
 *(.data*)
 .data.impure_data
                0x0000000020002800       0x60 /usr/bin/../lib/gcc/arm-none-eabi/5.3.1/../../../../arm-none-eabi/lib/armv7e-m/fpu/libc_nano.a(lib_a-impure.o)
 .data.keypad_process
                0x0000000020002860       0x10 keypad.co
                0x0000000020002860                keypad_process
 .data.door_process
                0x0000000020002870       0x10 keypad.co
                0x0000000020002870                door_process
 .data.coap_error_message
                0x0000000020002880        0x4 contiki-nrf52dk.a(er-coap.o)
                0x0000000020002880                coap_error_message
 .data.coap_engine
                0x0000000020002884       0x10 contiki-nrf52dk.a(er-coap-engine.)
                0x0000000020002884                coap_engine
 .data.transactions_memb
                0x0000000020002894        0xc contiki-nrf52dk.a(er-coap-transac)
 .data.observers_memb
                0x00000000200028a0        0xc contiki-nrf52dk.a(er-coap-observe)
 .data.res_well_known_core
                0x00000000200028ac       0x24 contiki-nrf52dk.a(er-coap-res-wel)
                0x00000000200028ac                res_well_known_core
 .data.obs_subjects_memb
                0x00000000200028d0        0xc contiki-nrf52dk.a(er-coap-observe)
 .data.ble_iface_observer
                0x00000000200028dc       0x10 contiki-nrf52dk.a(contiki-main.o)
                0x00000000200028dc                ble_iface_observer
 .data.ctxt     0x00000000200028ec        0x8 contiki-nrf52dk.a(dbg-printf.o)
 .data.ble_ipsp_process
                0x00000000200028f4       0x10 contiki-nrf52dk.a(ble-mac.o)
                0x00000000200028f4                ble_ipsp_process
 .data.ctimer_process
                0x0000000020002904       0x10 contiki-nrf52dk.a(ctimer.o)
                0x0000000020002904                ctimer_process
 .data.etimer_process
                0x0000000020002914       0x10 contiki-nrf52dk.a(etimer.o)
                0x0000000020002914                etimer_process
 .data.serial_line_process
                0x0000000020002924       0x10 contiki-nrf52dk.a(serial-line.o)
                0x0000000020002924                serial_line_process
 .data.sensors_process
                0x0000000020002934       0x10 contiki-nrf52dk.a(sensors.o)
                0x0000000020002934                sensors_process
 .data.ds6_neighbors
                0x0000000020002944        0x4 contiki-nrf52dk.a(uip-ds6-nbr.o)
                0x0000000020002944                ds6_neighbors
 .data.ds6_neighbors_struct
                0x0000000020002948       0x10 contiki-nrf52dk.a(uip-ds6-nbr.o)
 .data.defaultroutermemb
                0x0000000020002958        0xc contiki-nrf52dk.a(uip-ds6-route.o)
 .data.nbr_routes_struct
                0x0000000020002964       0x10 contiki-nrf52dk.a(uip-ds6-route.o)
 .data.nbr_routes
                0x0000000020002974        0x4 contiki-nrf52dk.a(uip-ds6-route.o)
                0x0000000020002974                nbr_routes
 .data.routememb
                0x0000000020002978        0xc contiki-nrf52dk.a(uip-ds6-route.o)
 .data.neighborroutememb
                0x0000000020002984        0xc contiki-nrf52dk.a(uip-ds6-route.o)
 .data.echo_request_handler
                0x0000000020002990        0xc contiki-nrf52dk.a(uip-icmp6.o)
 .data.echo_reply_handler
                0x000000002000299c        0xc contiki-nrf52dk.a(uip-icmp6.o)
 .data.ra_input_handler
                0x00000000200029a8        0xc contiki-nrf52dk.a(uip-nd6.o)
 .data.ns_input_handler
                0x00000000200029b4        0xc contiki-nrf52dk.a(uip-nd6.o)
 .data.na_input_handler
                0x00000000200029c0        0xc contiki-nrf52dk.a(uip-nd6.o)
 .data.tcpip_process
                0x00000000200029cc       0x10 contiki-nrf52dk.a(tcpip.o)
                0x00000000200029cc                tcpip_process
 .data.rpl_parents
                0x00000000200029dc        0x4 contiki-nrf52dk.a(rpl-dag.o)
                0x00000000200029dc                rpl_parents
 .data.rpl_parents_struct
                0x00000000200029e0       0x10 contiki-nrf52dk.a(rpl-dag.o)
 .data.dao_ack_handler
                0x00000000200029f0        0xc contiki-nrf52dk.a(rpl-icmp6.o)
 .data.dao_sequence
                0x00000000200029fc        0x1 contiki-nrf52dk.a(rpl-icmp6.o)
 *fill*         0x00000000200029fd        0x3 
 .data.dis_handler
                0x0000000020002a00        0xc contiki-nrf52dk.a(rpl-icmp6.o)
 .data.dao_handler
                0x0000000020002a0c        0xc contiki-nrf52dk.a(rpl-icmp6.o)
 .data.dio_handler
                0x0000000020002a18        0xc contiki-nrf52dk.a(rpl-icmp6.o)
 .data.rpl_mrhof
                0x0000000020002a24       0x1c contiki-nrf52dk.a(rpl-mrhof.o)
                0x0000000020002a24                rpl_mrhof
 .data.neighbor_addr_mem
                0x0000000020002a40        0xc contiki-nrf52dk.a(nbr-table.o)
 .data.sensors  0x0000000020002a4c       0x18 contiki-nrf52dk.a(nrf52dk-sensors)
                0x0000000020002a4c                sensors
 .data.bufmem   0x0000000020002a64        0xc contiki-nrf52dk.a(queuebuf.o)
 .data.SystemCoreClock
                0x0000000020002a70        0x4 nrf52832.a(system_nrf52.o)