Component: ARM Compiler 5.06 update 1 (build 61) Tool: armlink [4d35a8]

==============================================================================

Section Cross References

    main.o(i.advertising_init) refers to memseta.o(.text) for __aeabi_memclr4
    main.o(i.advertising_init) refers to ble_advertising.o(i.ble_advertising_init) for ble_advertising_init
    main.o(i.advertising_init) refers to app_error.o(i.app_error_handler) for app_error_handler
    main.o(i.advertising_init) refers to main.o(.constdata) for .constdata
    main.o(i.advertising_init) refers to main.o(.bss) for m_lbs
    main.o(i.advertising_init) refers to main.o(i.on_adv_evt) for on_adv_evt
    main.o(i.assert_nrf_callback) refers to app_error.o(i.app_error_handler) for app_error_handler
    main.o(i.ble_evt_dispatch) refers to main.o(i.on_ble_evt) for on_ble_evt
    main.o(i.ble_evt_dispatch) refers to ble_conn_params.o(i.ble_conn_params_on_ble_evt) for ble_conn_params_on_ble_evt
    main.o(i.ble_evt_dispatch) refers to ble_advertising.o(i.ble_advertising_on_ble_evt) for ble_advertising_on_ble_evt
    main.o(i.ble_evt_dispatch) refers to ble_lbs.o(i.ble_lbs_on_ble_evt) for ble_lbs_on_ble_evt
    main.o(i.ble_evt_dispatch) refers to main.o(.bss) for m_lbs
    main.o(i.ble_stack_init) refers to softdevice_handler.o(i.softdevice_handler_init) for softdevice_handler_init
    main.o(i.ble_stack_init) refers to app_error.o(i.app_error_handler) for app_error_handler
    main.o(i.ble_stack_init) refers to softdevice_handler.o(i.softdevice_ble_evt_handler_set) for softdevice_ble_evt_handler_set
    main.o(i.ble_stack_init) refers to softdevice_handler.o(i.softdevice_sys_evt_handler_set) for softdevice_sys_evt_handler_set
    main.o(i.ble_stack_init) refers to main.o(.bss) for BLE_EVT_BUFFER
    main.o(i.ble_stack_init) refers to main.o(i.ble_evt_dispatch) for ble_evt_dispatch
    main.o(i.ble_stack_init) refers to main.o(i.sys_evt_dispatch) for sys_evt_dispatch
    main.o(i.bsp_event_handler) refers to ble_lbs.o(i.ble_lbs_on_button_change) for ble_lbs_on_button_change
    main.o(i.bsp_event_handler) refers to app_error.o(i.app_error_handler) for app_error_handler
    main.o(i.bsp_event_handler) refers to main.o(.data) for button_state
    main.o(i.bsp_event_handler) refers to main.o(.bss) for m_lbs
    main.o(i.bsp_module_init) refers to bsp.o(i.bsp_init) for bsp_init
    main.o(i.bsp_module_init) refers to app_error.o(i.app_error_handler) for app_error_handler
    main.o(i.bsp_module_init) refers to main.o(i.bsp_event_handler) for bsp_event_handler
    main.o(i.conn_params_error_handler) refers to app_error.o(i.app_error_handler) for app_error_handler
    main.o(i.conn_params_init) refers to memseta.o(.text) for __aeabi_memclr4
    main.o(i.conn_params_init) refers to ble_conn_params.o(i.ble_conn_params_init) for ble_conn_params_init
    main.o(i.conn_params_init) refers to app_error.o(i.app_error_handler) for app_error_handler
    main.o(i.conn_params_init) refers to main.o(i.on_conn_params_evt) for on_conn_params_evt
    main.o(i.conn_params_init) refers to main.o(i.conn_params_error_handler) for conn_params_error_handler
    main.o(i.gap_params_init) refers to app_error.o(i.app_error_handler) for app_error_handler
    main.o(i.main) refers to main.o(i.timers_init) for timers_init
    main.o(i.main) refers to main.o(i.ble_stack_init) for ble_stack_init
    main.o(i.main) refers to main.o(i.bsp_module_init) for bsp_module_init
    main.o(i.main) refers to main.o(i.scheduler_init) for scheduler_init
    main.o(i.main) refers to main.o(i.gap_params_init) for gap_params_init
    main.o(i.main) refers to main.o(i.services_init) for services_init
    main.o(i.main) refers to main.o(i.advertising_init) for advertising_init
    main.o(i.main) refers to main.o(i.conn_params_init) for conn_params_init
    main.o(i.main) refers to main.o(i.sec_params_init) for sec_params_init
    main.o(i.main) refers to main.o(i.timers_start) for timers_start
    main.o(i.main) refers to ble_advertising.o(i.ble_advertising_start) for ble_advertising_start
    main.o(i.main) refers to app_error.o(i.app_error_handler) for app_error_handler
    main.o(i.main) refers to app_scheduler.o(i.app_sched_execute) for app_sched_execute
    main.o(i.main) refers to main.o(i.power_manage) for power_manage
    main.o(i.on_adv_evt) refers to bsp.o(i.bsp_indication_set) for bsp_indication_set
    main.o(i.on_adv_evt) refers to app_error.o(i.app_error_handler) for app_error_handler
    main.o(i.on_adv_evt) refers to main.o(i.sleep_mode_enter) for sleep_mode_enter
    main.o(i.on_ble_evt) refers to bsp.o(i.bsp_indication_set) for bsp_indication_set
    main.o(i.on_ble_evt) refers to app_error.o(i.app_error_handler) for app_error_handler
    main.o(i.on_ble_evt) refers to memcmp.o(.text) for memcmp
    main.o(i.on_ble_evt) refers to main.o(.data) for m_conn_handle
[...]
    Removing retarget.o(.rrx_text), (6 bytes).
    Removing retarget.o(i.fgetc), (22 bytes).
    Removing retarget.o(i.fputc), (16 bytes).
    Removing retarget.o(.data), (8 bytes).
    Removing softdevice_handler.o(.rev16_text), (4 bytes).
    Removing softdevice_handler.o(.revsh_text), (4 bytes).
    Removing softdevice_handler.o(.rrx_text), (6 bytes).
    Removing softdevice_handler.o(i.softdevice_handler_sd_disable), (28 bytes).
    Removing arm_startup_nrf52.o(HEAP), (8192 bytes).
    Removing system_nrf52.o(.rev16_text), (4 bytes).
    Removing system_nrf52.o(.revsh_text), (4 bytes).
    Removing system_nrf52.o(.rrx_text), (6 bytes).

180 unused section(s) (total 16884 bytes) removed from the image.

==============================================================================

Image Symbol Table

    Local Symbols

    Symbol Name                              Value     Ov Type        Size  Object(Section)

    ../clib/../cmprslib/zerorunl.c           0x00000000   Number         0  __dczerorl.o ABSOLUTE
    ../clib/microlib/init/entry.s            0x00000000   Number         0  entry7a.o ABSOLUTE
    ../clib/microlib/init/entry.s            0x00000000   Number         0  entry5.o ABSOLUTE
    ../clib/microlib/init/entry.s            0x00000000   Number         0  entry7b.o ABSOLUTE
    ../clib/microlib/init/entry.s            0x00000000   Number         0  entry11b.o ABSOLUTE
    ../clib/microlib/init/entry.s            0x00000000   Number         0  entry2.o ABSOLUTE
    ../clib/microlib/init/entry.s            0x00000000   Number         0  entry11a.o ABSOLUTE
    ../clib/microlib/init/entry.s            0x00000000   Number         0  entry10b.o ABSOLUTE
    ../clib/microlib/init/entry.s            0x00000000   Number         0  entry.o ABSOLUTE
    ../clib/microlib/init/entry.s            0x00000000   Number         0  entry10a.o ABSOLUTE
    ../clib/microlib/init/entry.s            0x00000000   Number         0  entry9b.o ABSOLUTE
    ../clib/microlib/init/entry.s            0x00000000   Number         0  entry9a.o ABSOLUTE
    ../clib/microlib/init/entry.s            0x00000000   Number         0  entry8b.o ABSOLUTE
    ../clib/microlib/init/entry.s            0x00000000   Number         0  entry8a.o ABSOLUTE
    ../clib/microlib/string/memcmp.c         0x00000000   Number         0  memcmp.o ABSOLUTE
    ../clib/microlib/string/memcpy.c         0x00000000   Number         0  memcpyb.o ABSOLUTE
    ../clib/microlib/string/memcpy.c         0x00000000   Number         0  memcpya.o ABSOLUTE
    ../clib/microlib/string/memset.c         0x00000000   Number         0  memseta.o ABSOLUTE
    ../clib/microlib/string/strlen.c         0x00000000   Number         0  strlen.o ABSOLUTE
    ..\..\..\..\..\..\components\ble\ble_advertising\ble_advertising.c 0x00000000   Number         0  ble_advertising.o ABSOLUTE
    ..\..\..\..\..\..\components\ble\common\ble_advdata.c 0x00000000   Number         0  ble_advdata.o ABSOLUTE
    ..\..\..\..\..\..\components\ble\common\ble_conn_params.c 0x00000000   Number         0  ble_conn_params.o ABSOLUTE
    ..\..\..\..\..\..\components\ble\common\ble_srv_common.c 0x00000000   Number         0  ble_srv_common.o ABSOLUTE
    ..\..\..\..\..\..\components\drivers_nrf\common\nrf_drv_common.c 0x00000000   Number         0  nrf_drv_common.o ABSOLUTE
    ..\..\..\..\..\..\components\drivers_nrf\delay\nrf_delay.c 0x00000000   Number         0  nrf_delay.o ABSOLUTE
    ..\..\..\..\..\..\components\drivers_nrf\gpiote\nrf_drv_gpiote.c 0x00000000   Number         0  nrf_drv_gpiote.o ABSOLUTE
    ..\..\..\..\..\..\components\drivers_nrf\pstorage\pstorage.c 0x00000000   Number         0  pstorage.o ABSOLUTE
    ..\..\..\..\..\..\components\drivers_nrf\uart\nrf_drv_uart.c 0x00000000   Number         0  nrf_drv_uart.o ABSOLUTE
    ..\..\..\..\..\..\components\libraries\button\app_button.c 0x00000000   Number         0  app_button.o ABSOLUTE
    ..\..\..\..\..\..\components\libraries\scheduler\app_scheduler.c 0x00000000   Number         0  app_scheduler.o ABSOLUTE
    ..\..\..\..\..\..\components\libraries\timer\app_timer.c 0x00000000   Number         0  app_timer.o ABSOLUTE
    ..\..\..\..\..\..\components\libraries\timer\app_timer_appsh.c 0x00000000   Number         0  app_timer_appsh.o ABSOLUTE
    ..\..\..\..\..\..\components\libraries\trace\app_trace.c 0x00000000   Number         0  app_trace.o ABSOLUTE
    ..\..\..\..\..\..\components\libraries\uart\app_uart.c 0x00000000   Number         0  app_uart.o ABSOLUTE
    ..\..\..\..\..\..\components\libraries\uart\retarget.c 0x00000000   Number         0  retarget.o ABSOLUTE
    ..\..\..\..\..\..\components\libraries\util\app_error.c 0x00000000   Number         0  app_error.o ABSOLUTE
    ..\..\..\..\..\..\components\libraries\util\nrf_assert.c 0x00000000   Number         0  nrf_assert.o ABSOLUTE
    ..\..\..\..\..\..\components\softdevice\common\softdevice_handler\softdevice_handler.c 0x00000000   Number         0  softdevice_handler.o ABSOLUTE
    ..\..\..\..\..\bsp\bsp.c                 0x00000000   Number         0  bsp.o ABSOLUTE
    ..\..\..\ble_lbs.c                       0x00000000   Number         0  ble_lbs.o ABSOLUTE
    ..\..\..\main.c                          0x00000000   Number         0  main.o ABSOLUTE
    ..\\..\\..\\..\\..\\..\\components\\ble\\ble_advertising\\ble_advertising.c 0x00000000   Number         0  ble_advertising.o ABSOLUTE
    ..\\..\\..\\..\\..\\..\\components\\drivers_nrf\\common\\nrf_drv_common.c 0x00000000   Number         0  nrf_drv_common.o ABSOLUTE
    ..\\..\\..\\..\\..\\..\\components\\drivers_nrf\\delay\\nrf_delay.c 0x00000000   Number         0  nrf_delay.o ABSOLUTE
    ..\\..\\..\\..\\..\\..\\components\\drivers_nrf\\gpiote\\nrf_drv_gpiote.c 0x00000000   Number         0  nrf_drv_gpiote.o ABSOLUTE
    ..\\..\\..\\..\\..\\..\\components\\drivers_nrf\\pstorage\\pstorage.c 0x00000000   Number         0  pstorage.o ABSOLUTE
    ..\\..\\..\\..\\..\\..\\components\\drivers_nrf\\uart\\nrf_drv_uart.c 0x00000000   Number         0  nrf_drv_uart.o ABSOLUTE
    ..\\..\\..\\..\\..\\..\\components\\libraries\\button\\app_button.c 0x00000000   Number         0  app_button.o ABSOLUTE
    ..\\..\\..\\..\\..\\..\\components\\libraries\\scheduler\\app_scheduler.c 0x00000000   Number         0  app_scheduler.o ABSOLUTE
    ..\\..\\..\\..\\..\\..\\components\\libraries\\timer\\app_timer.c 0x00000000   Number         0  app_timer.o ABSOLUTE
    ..\\..\\..\\..\\..\\..\\components\\libraries\\uart\\app_uart.c 0x00000000   Number         0  app_uart.o ABSOLUTE
    ..\\..\\..\\..\\..\\..\\components\\libraries\\uart\\retarget.c 0x00000000   Number         0  retarget.o ABSOLUTE
    ..\\..\\..\\..\\..\\..\\components\\libraries\\util\\app_error.c 0x00000000   Number         0  app_error.o ABSOLUTE
    ..\\..\\..\\..\\..\\..\\components\\softdevice\\common\\softdevice_handler\\softdevice_handler.c 0x00000000   Number         0  softdevice_handler.o ABSOLUTE
    ..\\..\\..\\..\\..\\bsp\\bsp.c           0x00000000   Number         0  bsp.o ABSOLUTE
    ..\\..\\..\\main.c                       0x00000000   Number         0  main.o ABSOLUTE
    RTE\Device\nRF52832_xxAA\arm_startup_nrf52.s 0x00000000   Number         0  arm_startup_nrf52.o ABSOLUTE
    RTE\Device\nRF52832_xxAA\system_nrf52.c  0x00000000   Number         0  system_nrf52.o ABSOLUTE
    RTE\\Device\\nRF52832_xxAA\\system_nrf52.c 0x00000000   Number         0  system_nrf52.o ABSOLUTE
    dc.s                                     0x00000000   Number         0  dc.o ABSOLUTE
    handlers.s                               0x00000000   Number         0  handlers.o ABSOLUTE
    init.s                                   0x00000000   Number         0  init.o ABSOLUTE
    RESET                                    0x0001f000   Section     1024  arm_startup_nrf52.o(RESET)
    .ARM.Collect$$$$00000000                 0x0001f400   Section        0  entry.o(.ARM.Collect$$$$00000000)
    .ARM.Collect$$$$00000001                 0x0001f400   Section        4  entry2.o(.ARM.Collect$$$$00000001)
    .ARM.Collect$$$$00000004                 0x0001f404   Section        4  entry5.o(.ARM.Collect$$$$00000004)
    .ARM.Collect$$$$00000008                 0x0001f408   Section        0  entry7b.o(.ARM.Collect$$$$00000008)
    .ARM.Collect$$$$0000000A                 0x0001f408   Section        0  entry8b.o(.ARM.Collect$$$$0000000A)
    .ARM.Collect$$$$0000000B                 0x0001f408   Section        8  entry9a.o(.ARM.Collect$$$$0000000B)
    .ARM.Collect$$$$0000000D                 0x0001f410   Section        0  entry10a.o(.ARM.Collect$$$$0000000D)
    .ARM.Collect$$$$0000000F                 0x0001f410   Section        0  entry11a.o(.ARM.Collect$$$$0000000F)
    .ARM.Collect$$$$00002712                 0x0001f410   Section        4  entry2.o(.ARM.Collect$$$$00002712)
    __lit__00000000                          0x0001f410   Data           4  entry2.o(.ARM.Collect$$$$00002712)
    .emb_text                                0x0001f414   Section      118  app_timer.o(.emb_text)
    $v0                                      0x0001f414   Number         0  app_timer.o(.emb_text)
    .text                                    0x0001f48c   Section       36  arm_startup_nrf52.o(.text)
    $v0                                      0x0001f48c   Number         0  arm_startup_nrf52.o(.text)
    .text                                    0x0001f4b0   Section        0  memcpya.o(.text)
    .text                                    0x0001f4d4   Section        0  memseta.o(.text)
    .text                                    0x0001f4f8   Section        0  memcmp.o(.text)
    .text                                    0x0001f514   Section       36  init.o(.text)
    .text                                    0x0001f538   Section        0  __dczerorl.o(.text)
    i.GPIOTE_IRQHandler                      0x0001f574   Section        0  nrf_drv_gpiote.o(i.GPIOTE_IRQHandler)
    i.NVIC_ClearPendingIRQ                   0x0001f6c0   Section        0  app_timer.o(i.NVIC_ClearPendingIRQ)
    NVIC_ClearPendingIRQ                     0x0001f6c1   Thumb Code    18  app_timer.o(i.NVIC_ClearPendingIRQ)
    i.NVIC_EnableIRQ                         0x0001f6d8   Section        0  app_timer.o(i.NVIC_EnableIRQ)
    NVIC_EnableIRQ                           0x0001f6d9   Thumb Code    22  app_timer.o(i.NVIC_EnableIRQ)
    i.NVIC_SetPendingIRQ                     0x0001f6f0   Section        0  app_timer.o(i.NVIC_SetPendingIRQ)
    NVIC_SetPendingIRQ                       0x0001f6f1   Thumb Code    18  app_timer.o(i.NVIC_SetPendingIRQ)
    i.NVIC_SetPriority                       0x0001f708   Section        0  app_timer.o(i.NVIC_SetPriority)
    NVIC_SetPriority                         0x0001f709   Thumb Code    32  app_timer.o(i.NVIC_SetPriority)
    i.RTC1_IRQHandler                        0x0001f730   Section        0  app_timer.o(i.RTC1_IRQHandler)
    i.SWI0_EGU0_IRQHandler                   0x0001f764   Section        0  app_timer.o(i.SWI0_EGU0_IRQHandler)
    i.SWI2_EGU2_IRQHandler                   0x0001f76c   Section        0  softdevice_handler.o(i.SWI2_EGU2_IRQHandler)
    i.SystemCoreClockUpdate                  0x0001f7a4   Section        0  system_nrf52.o(i.SystemCoreClockUpdate)
    i.SystemInit                             0x0001f7b4   Section        0  system_nrf52.o(i.SystemInit)
    i.UARTE0_UART0_IRQHandler                0x0001f8c4   Section        0  nrf_drv_uart.o(i.UARTE0_UART0_IRQHandler)
    i.__scatterload_copy                     0x0001faa8   Section       14  handlers.o(i.__scatterload_copy)
    i.__scatterload_null                     0x0001fab6   Section        2  handlers.o(i.__scatterload_null)
    i.__scatterload_zeroinit                 0x0001fab8   Section       14  handlers.o(i.__scatterload_zeroinit)
    i.adv_data_encode                        0x0001fac6   Section        0  ble_advdata.o(i.adv_data_encode)
    i.advdata_check                          0x0001fc54   Section        0  ble_advdata.o(i.advdata_check)
    advdata_check                            0x0001fc55   Thumb Code    18  ble_advdata.o(i.advdata_check)
    i.advertising_init                       0x0001fc68   Section        0  main.o(i.advertising_init)
    advertising_init                         0x0001fc69   Thumb Code   130  main.o(i.advertising_init)
    i.alert_timer_handler                    0x0001fd08   Section        0  bsp.o(i.alert_timer_handler)
    alert_timer_handler                      0x0001fd09   Thumb Code    32  bsp.o(i.alert_timer_handler)
    i.app_button_enable                      0x0001fd2c   Section        0  app_button.o(i.app_button_enable)
    i.app_button_init                        0x0001fd58   Section        0  app_button.o(i.app_button_init)
    i.app_error_handler                      0x0001fdf8   Section        0  app_error.o(i.app_error_handler)
    i.app_sched_event_get                    0x0001fe34   Section        0  app_scheduler.o(i.app_sched_event_get)
    app_sched_event_get                      0x0001fe35   Thumb Code    98  app_scheduler.o(i.app_sched_event_get)
    i.app_sched_event_put                    0x0001feac   Section        0  app_scheduler.o(i.app_sched_event_put)
    i.app_sched_execute                      0x00020004   Section        0  app_scheduler.o(i.app_sched_execute)
    i.app_sched_init                         0x00020024   Section        0  app_scheduler.o(i.app_sched_init)
    i.app_timer_create                       0x00020080   Section        0  app_timer.o(i.app_timer_create)
    i.app_timer_evt_get                      0x000200f4   Section        0  app_timer_appsh.o(i.app_timer_evt_get)
    app_timer_evt_get                        0x000200f5   Thumb Code    52  app_timer_appsh.o(i.app_timer_evt_get)
    i.app_timer_evt_schedule                 0x00020168   Section        0  app_timer_appsh.o(i.app_timer_evt_schedule)
    i.app_timer_init                         0x00020184   Section        0  app_timer.o(i.app_timer_init)
    i.app_timer_start                        0x0002027c   Section        0  app_timer.o(i.app_timer_start)
    i.app_timer_stop                         0x000202ec   Section        0  app_timer.o(i.app_timer_stop)
    i.appearance_encode                      0x00020330   Section        0  ble_advdata.o(i.appearance_encode)
    appearance_encode                        0x00020331   Thumb Code    78  ble_advdata.o(i.appearance_encode)
    i.ble_advdata_set                        0x0002037e   Section        0  ble_advdata.o(i.ble_advdata_set)
    i.ble_advertising_init                   0x00020404   Section        0  ble_advertising.o(i.ble_advertising_init)
    i.ble_advertising_on_ble_evt             0x00020574   Section        0  ble_advertising.o(i.ble_advertising_on_ble_evt)
    i.ble_advertising_on_sys_evt             0x0002066c   Section        0  ble_advertising.o(i.ble_advertising_on_sys_evt)
    i.ble_advertising_peer_address_clear     0x000206b8   Section        0  ble_advertising.o(i.ble_advertising_peer_address_clear)
    ble_advertising_peer_address_clear       0x000206b9   Thumb Code    12  ble_advertising.o(i.ble_advertising_peer_address_clear)
    i.ble_advertising_start                  0x000206c8   Section        0  ble_advertising.o(i.ble_advertising_start)
    i.ble_conn_params_init                   0x00020950   Section        0  ble_conn_params.o(i.ble_conn_params_init)
    i.ble_conn_params_on_ble_evt             0x000209c0   Section        0  ble_conn_params.o(i.ble_conn_params_on_ble_evt)
    i.ble_device_addr_encode                 0x000209fe   Section        0  ble_advdata.o(i.ble_device_addr_encode)
    ble_device_addr_encode                   0x000209ff   Thumb Code   112  ble_advdata.o(i.ble_device_addr_encode)
    i.ble_evt_dispatch                       0x00020a70   Section        0  main.o(i.ble_evt_dispatch)
    ble_evt_dispatch                         0x00020a71   Thumb Code    32  main.o(i.ble_evt_dispatch)
    i.ble_lbs_init                           0x00020a94   Section        0  ble_lbs.o(i.ble_lbs_init)
    i.ble_lbs_on_ble_evt                     0x00020b04   Section        0  ble_lbs.o(i.ble_lbs_on_ble_evt)
    i.ble_lbs_on_button_change               0x00020b3e   Section        0  ble_lbs.o(i.ble_lbs_on_button_change)
    i.ble_stack_init                         0x00020b70   Section        0  main.o(i.ble_stack_init)
    ble_stack_init                           0x00020b71   Thumb Code   154  main.o(i.ble_stack_init)
    i.bsp_button_event_handler               0x00020c28   Section        0  bsp.o(i.bsp_button_event_handler)
    bsp_button_event_handler                 0x00020c29   Thumb Code   192  bsp.o(i.bsp_button_event_handler)
    i.bsp_event_handler                      0x00020d04   Section        0  main.o(i.bsp_event_handler)
    bsp_event_handler                        0x00020d05   Thumb Code    94  main.o(i.bsp_event_handler)
    i.bsp_event_to_button_action_assign      0x00020d7c   Section        0  bsp.o(i.bsp_event_to_button_action_assign)
    i.bsp_indication_set                     0x00020dd8   Section        0  bsp.o(i.bsp_indication_set)
    i.bsp_init                               0x00020df8   Section        0  bsp.o(i.bsp_init)
    i.bsp_led_indication                     0x00020ec8   Section        0  bsp.o(i.bsp_led_indication)
    bsp_led_indication                       0x00020ec9   Thumb Code  1322  bsp.o(i.bsp_led_indication)
    i.bsp_module_init                        0x000213fc   Section        0  main.o(i.bsp_module_init)
    bsp_module_init                          0x000213fd   Thumb Code    42  main.o(i.bsp_module_init)
    i.bsp_wakeup_buttons_set                 0x0002143c   Section        0  bsp.o(i.bsp_wakeup_buttons_set)
    i.button_char_add                        0x0002148c   Section        0  ble_lbs.o(i.button_char_add)
    button_char_add                          0x0002148d   Thumb Code   322  ble_lbs.o(i.button_char_add)
    i.button_timer_handler                   0x000215ce   Section        0  bsp.o(i.button_timer_handler)
    button_timer_handler                     0x000215cf   Thumb Code    14  bsp.o(i.button_timer_handler)
    i.channel_free                           0x000215dc   Section        0  nrf_drv_gpiote.o(i.channel_free)
    channel_free                             0x000215dd   Thumb Code    28  nrf_drv_gpiote.o(i.channel_free)
    i.channel_handler_get                    0x000215fc   Section        0  nrf_drv_gpiote.o(i.channel_handler_get)
    channel_handler_get                      0x000215fd   Thumb Code    10  nrf_drv_gpiote.o(i.channel_handler_get)
    i.channel_port_alloc                     0x0002160c   Section        0  nrf_drv_gpiote.o(i.channel_port_alloc)
    channel_port_alloc                       0x0002160d   Thumb Code   122  nrf_drv_gpiote.o(i.channel_port_alloc)
    i.channel_port_get                       0x0002168c   Section        0  nrf_drv_gpiote.o(i.channel_port_get)
    channel_port_get                         0x0002168d   Thumb Code     8  nrf_drv_gpiote.o(i.channel_port_get)
    i.compare_reg_update                     0x00021698   Section        0  app_timer.o(i.compare_reg_update)
    compare_reg_update                       0x00021699   Thumb Code   132  app_timer.o(i.compare_reg_update)
    i.conn_int_check                         0x00021730   Section        0  ble_advdata.o(i.conn_int_check)
    conn_int_check                           0x00021731   Thumb Code    90  ble_advdata.o(i.conn_int_check)
    i.conn_int_encode                        0x0002178a   Section        0  ble_advdata.o(i.conn_int_encode)
    conn_int_encode                          0x0002178b   Thumb Code   100  ble_advdata.o(i.conn_int_encode)
    i.conn_params_error_handler              0x000217f0   Section        0  main.o(i.conn_params_error_handler)
    conn_params_error_handler                0x000217f1   Thumb Code    20  main.o(i.conn_params_error_handler)
    i.conn_params_init                       0x00021814   Section        0  main.o(i.conn_params_init)
    conn_params_init                         0x00021815   Thumb Code    88  main.o(i.conn_params_init)
    i.conn_params_negotiation                0x00021884   Section        0  ble_conn_params.o(i.conn_params_negotiation)
    conn_params_negotiation                  0x00021885   Thumb Code   112  ble_conn_params.o(i.conn_params_negotiation)
    i.detection_delay_timeout_handler        0x00021908   Section        0  app_button.o(i.detection_delay_timeout_handler)
    detection_delay_timeout_handler          0x00021909   Thumb Code   124  app_button.o(i.detection_delay_timeout_handler)
    i.elapsed_ticks_acquire                  0x00021994   Section        0  app_timer.o(i.elapsed_ticks_acquire)
    elapsed_ticks_acquire                    0x00021995   Thumb Code    82  app_timer.o(i.elapsed_ticks_acquire)
    i.errata_31                              0x000219f8   Section        0  system_nrf52.o(i.errata_31)
    errata_31                                0x000219f9   Thumb Code   114  system_nrf52.o(i.errata_31)
    i.errata_32                              0x00021a70   Section        0  system_nrf52.o(i.errata_32)
    errata_32                                0x00021a71   Thumb Code    54  system_nrf52.o(i.errata_32)
    i.errata_36                              0x00021aac   Section        0  system_nrf52.o(i.errata_36)
    errata_36                                0x00021aad   Thumb Code   114  system_nrf52.o(i.errata_36)
    i.errata_37                              0x00021b24   Section        0  system_nrf52.o(i.errata_37)
    errata_37                                0x00021b25   Thumb Code    54  system_nrf52.o(i.errata_37)
    i.errata_66                              0x00021b60   Section        0  system_nrf52.o(i.errata_66)
    errata_66                                0x00021b61   Thumb Code    54  system_nrf52.o(i.errata_66)
    i.expired_timers_handler                 0x00021b9c   Section        0  app_timer.o(i.expired_timers_handler)
    expired_timers_handler                   0x00021b9d   Thumb Code   100  app_timer.o(i.expired_timers_handler)
    i.flags_encode                           0x00021c08   Section        0  ble_advdata.o(i.flags_encode)
    flags_encode                             0x00021c09   Thumb Code    54  ble_advdata.o(i.flags_encode)
    i.gap_params_init                        0x00021c40   Section        0  main.o(i.gap_params_init)
    gap_params_init                          0x00021c41   Thumb Code   126  main.o(i.gap_params_init)
    i.gpiote_event_handler                   0x00021ce0   Section        0  app_button.o(i.gpiote_event_handler)
    gpiote_event_handler                     0x00021ce1   Thumb Code   110  app_button.o(i.gpiote_event_handler)
    i.intern_softdevice_events_execute       0x00021d60   Section        0  softdevice_handler.o(i.intern_softdevice_events_execute)
    i.is_conn_params_ok                      0x00021e10   Section        0  ble_conn_params.o(i.is_conn_params_ok)
    is_conn_params_ok                        0x00021e11   Thumb Code    30  ble_conn_params.o(i.is_conn_params_ok)
    i.le_role_encode                         0x00021e34   Section        0  ble_advdata.o(i.le_role_encode)
    le_role_encode                           0x00021e35   Thumb Code   106  ble_advdata.o(i.le_role_encode)
    i.led_char_add                           0x00021e9e   Section        0  ble_lbs.o(i.led_char_add)
    led_char_add                             0x00021e9f   Thumb Code   238  ble_lbs.o(i.led_char_add)
    i.led_write_handler                      0x00021f8c   Section        0  main.o(i.led_write_handler)
    i.leds_timer_handler                     0x00021fbc   Section        0  bsp.o(i.leds_timer_handler)
    leds_timer_handler                       0x00021fbd   Thumb Code    24  bsp.o(i.leds_timer_handler)
    i.list_deletions_handler                 0x00021fdc   Section        0  app_timer.o(i.list_deletions_handler)
    list_deletions_handler                   0x00021fdd   Thumb Code   182  app_timer.o(i.list_deletions_handler)
    i.list_insertions_handler                0x000220a4   Section        0  app_timer.o(i.list_insertions_handler)
    list_insertions_handler                  0x000220a5   Thumb Code   278  app_timer.o(i.list_insertions_handler)
    i.main                                   0x000221d8   Section        0  main.o(i.main)
    i.manuf_specific_data_encode             0x0002223c   Section        0  ble_advdata.o(i.manuf_specific_data_encode)
    manuf_specific_data_encode               0x0002223d   Thumb Code   118  ble_advdata.o(i.manuf_specific_data_encode)
    i.name_encode                            0x000222b2   Section        0  ble_advdata.o(i.name_encode)
    name_encode                              0x000222b3   Thumb Code   190  ble_advdata.o(i.name_encode)
    i.next_index                             0x00022370   Section        0  app_scheduler.o(i.next_index)
    next_index                               0x00022371   Thumb Code    20  app_scheduler.o(i.next_index)
    i.nrf_drv_common_irq_enable              0x00022388   Section        0  nrf_drv_common.o(i.nrf_drv_common_irq_enable)
    i.nrf_drv_gpiote_in_event_enable         0x000223e8   Section        0  nrf_drv_gpiote.o(i.nrf_drv_gpiote_in_event_enable)
    i.nrf_drv_gpiote_in_init                 0x0002248c   Section        0  nrf_drv_gpiote.o(i.nrf_drv_gpiote_in_init)
    i.nrf_drv_gpiote_in_is_set               0x00022564   Section        0  nrf_drv_gpiote.o(i.nrf_drv_gpiote_in_is_set)
    i.nrf_drv_gpiote_init                    0x00022580   Section        0  nrf_drv_gpiote.o(i.nrf_drv_gpiote_init)
    i.nrf_drv_gpiote_is_init                 0x000225d0   Section        0  nrf_drv_gpiote.o(i.nrf_drv_gpiote_is_init)
    i.nrf_gpio_cfg                           0x000225e4   Section        0  nrf_drv_gpiote.o(i.nrf_gpio_cfg)
    nrf_gpio_cfg                             0x000225e5   Thumb Code    30  nrf_drv_gpiote.o(i.nrf_gpio_cfg)
    i.nrf_gpio_cfg_sense_set                 0x00022608   Section        0  nrf_drv_gpiote.o(i.nrf_gpio_cfg_sense_set)
    nrf_gpio_cfg_sense_set                   0x00022609   Thumb Code    32  nrf_drv_gpiote.o(i.nrf_gpio_cfg_sense_set)
    i.nrf_gpiote_event_addr_get              0x0002262c   Section        0  nrf_drv_gpiote.o(i.nrf_gpiote_event_addr_get)
    nrf_gpiote_event_addr_get                0x0002262d   Thumb Code     8  nrf_drv_gpiote.o(i.nrf_gpiote_event_addr_get)
    i.nrf_gpiote_event_clear                 0x00022638   Section        0  nrf_drv_gpiote.o(i.nrf_gpiote_event_clear)
    nrf_gpiote_event_clear                   0x00022639   Thumb Code    28  nrf_drv_gpiote.o(i.nrf_gpiote_event_clear)
    i.nrf_gpiote_event_is_set                0x00022654   Section        0  nrf_drv_gpiote.o(i.nrf_gpiote_event_is_set)
    nrf_gpiote_event_is_set                  0x00022655   Thumb Code    22  nrf_drv_gpiote.o(i.nrf_gpiote_event_is_set)
    i.nrf_gpiote_int_enable                  0x0002266c   Section        0  nrf_drv_gpiote.o(i.nrf_gpiote_int_enable)
    nrf_gpiote_int_enable                    0x0002266d   Thumb Code     6  nrf_drv_gpiote.o(i.nrf_gpiote_int_enable)
    i.nrf_uart_errorsrc_get_and_clear        0x00022678   Section        0  nrf_drv_uart.o(i.nrf_uart_errorsrc_get_and_clear)
    nrf_uart_errorsrc_get_and_clear          0x00022679   Thumb Code    12  nrf_drv_uart.o(i.nrf_uart_errorsrc_get_and_clear)
    i.nrf_uart_event_check                   0x00022684   Section        0  nrf_drv_uart.o(i.nrf_uart_event_check)
    nrf_uart_event_check                     0x00022685   Thumb Code    14  nrf_drv_uart.o(i.nrf_uart_event_check)
    i.nrf_uart_event_clear                   0x00022692   Section        0  nrf_drv_uart.o(i.nrf_uart_event_clear)
    nrf_uart_event_clear                     0x00022693   Thumb Code     6  nrf_drv_uart.o(i.nrf_uart_event_clear)
    i.nrf_uart_int_disable                   0x00022698   Section        0  nrf_drv_uart.o(i.nrf_uart_int_disable)
    nrf_uart_int_disable                     0x00022699   Thumb Code     6  nrf_drv_uart.o(i.nrf_uart_int_disable)
    i.nrf_uart_task_trigger                  0x0002269e   Section        0  nrf_drv_uart.o(i.nrf_uart_task_trigger)
    nrf_uart_task_trigger                    0x0002269f   Thumb Code     6  nrf_drv_uart.o(i.nrf_uart_task_trigger)
    i.nrf_uarte_errorsrc_get_and_clear       0x000226a4   Section        0  nrf_drv_uart.o(i.nrf_uarte_errorsrc_get_and_clear)
    nrf_uarte_errorsrc_get_and_clear         0x000226a5   Thumb Code    12  nrf_drv_uart.o(i.nrf_uarte_errorsrc_get_and_clear)
    i.nrf_uarte_event_check                  0x000226b0   Section        0  nrf_drv_uart.o(i.nrf_uarte_event_check)
    nrf_uarte_event_check                    0x000226b1   Thumb Code    14  nrf_drv_uart.o(i.nrf_uarte_event_check)
    i.nrf_uarte_event_clear                  0x000226be   Section        0  nrf_drv_uart.o(i.nrf_uarte_event_clear)
    nrf_uarte_event_clear                    0x000226bf   Thumb Code     6  nrf_drv_uart.o(i.nrf_uarte_event_clear)
    i.nrf_uarte_rx_amount_get                0x000226c4   Section        0  nrf_drv_uart.o(i.nrf_uarte_rx_amount_get)
    nrf_uarte_rx_amount_get                  0x000226c5   Thumb Code    10  nrf_drv_uart.o(i.nrf_uarte_rx_amount_get)
    i.on_adv_evt                             0x000226d0   Section        0  main.o(i.on_adv_evt)
    on_adv_evt                               0x000226d1   Thumb Code    56  main.o(i.on_adv_evt)
    i.on_ble_evt                             0x00022718   Section        0  main.o(i.on_ble_evt)
    on_ble_evt                               0x00022719   Thumb Code   330  main.o(i.on_ble_evt)
    i.on_conn_params_evt                     0x00022890   Section        0  main.o(i.on_conn_params_evt)
    on_conn_params_evt                       0x00022891   Thumb Code    42  main.o(i.on_conn_params_evt)
    i.on_conn_params_update                  0x000228d0   Section        0  ble_conn_params.o(i.on_conn_params_update)
    on_conn_params_update                    0x000228d1   Thumb Code    24  ble_conn_params.o(i.on_conn_params_update)
    i.on_connect                             0x000228ec   Section        0  ble_conn_params.o(i.on_connect)
    on_connect                               0x000228ed   Thumb Code    42  ble_conn_params.o(i.on_connect)
    i.on_connect                             0x00022928   Section        0  ble_lbs.o(i.on_connect)
    on_connect                               0x00022929   Thumb Code     6  ble_lbs.o(i.on_connect)
    i.on_disconnect                          0x00022930   Section        0  ble_conn_params.o(i.on_disconnect)
    on_disconnect                            0x00022931   Thumb Code    46  ble_conn_params.o(i.on_disconnect)
    i.on_disconnect                          0x00022970   Section        0  ble_lbs.o(i.on_disconnect)
    on_disconnect                            0x00022971   Thumb Code     8  ble_lbs.o(i.on_disconnect)
    i.on_write                               0x00022978   Section        0  ble_conn_params.o(i.on_write)
    on_write                                 0x00022979   Thumb Code    78  ble_conn_params.o(i.on_write)
    i.on_write                               0x000229d0   Section        0  ble_lbs.o(i.on_write)
    on_write                                 0x000229d1   Thumb Code    36  ble_lbs.o(i.on_write)
    i.peer_address_exists                    0x000229f4   Section        0  ble_advertising.o(i.peer_address_exists)
    peer_address_exists                      0x000229f5   Thumb Code    24  ble_advertising.o(i.peer_address_exists)
    i.pin_from_port_get                      0x00022a0c   Section        0  nrf_drv_gpiote.o(i.pin_from_port_get)
    pin_from_port_get                        0x00022a0d   Thumb Code     8  nrf_drv_gpiote.o(i.pin_from_port_get)
    i.pin_in_use_by_gpiote                   0x00022a18   Section        0  nrf_drv_gpiote.o(i.pin_in_use_by_gpiote)
    pin_in_use_by_gpiote                     0x00022a19   Thumb Code    22  nrf_drv_gpiote.o(i.pin_in_use_by_gpiote)
    i.pin_in_use_by_port                     0x00022a34   Section        0  nrf_drv_gpiote.o(i.pin_in_use_by_port)
    pin_in_use_by_port                       0x00022a35   Thumb Code    18  nrf_drv_gpiote.o(i.pin_in_use_by_port)
    i.pin_in_use_by_te                       0x00022a4c   Section        0  nrf_drv_gpiote.o(i.pin_in_use_by_te)
    pin_in_use_by_te                         0x00022a4d   Thumb Code    26  nrf_drv_gpiote.o(i.pin_in_use_by_te)
    i.pin_in_use_clear                       0x00022a6c   Section        0  nrf_drv_gpiote.o(i.pin_in_use_clear)
    pin_in_use_clear                         0x00022a6d   Thumb Code     8  nrf_drv_gpiote.o(i.pin_in_use_clear)
    i.power_manage                           0x00022a78   Section        0  main.o(i.power_manage)
    power_manage                             0x00022a79   Thumb Code    32  main.o(i.power_manage)
    i.pstorage_access_status_get             0x00022aa8   Section        0  pstorage.o(i.pstorage_access_status_get)
    i.rtc1_counter_get                       0x00022ad4   Section        0  app_timer.o(i.rtc1_counter_get)
    rtc1_counter_get                         0x00022ad5   Thumb Code     6  app_timer.o(i.rtc1_counter_get)
    i.rtc1_init                              0x00022ae0   Section        0  app_timer.o(i.rtc1_init)
    rtc1_init                                0x00022ae1   Thumb Code    18  app_timer.o(i.rtc1_init)
    i.rtc1_start                             0x00022af8   Section        0  app_timer.o(i.rtc1_start)
    rtc1_start                               0x00022af9   Thumb Code    48  app_timer.o(i.rtc1_start)
    i.rtc1_stop                              0x00022b34   Section        0  app_timer.o(i.rtc1_stop)
    rtc1_stop                                0x00022b35   Thumb Code    68  app_timer.o(i.rtc1_stop)
    i.rx_byte                                0x00022b8c   Section        0  nrf_drv_uart.o(i.rx_byte)
    rx_byte                                  0x00022b8d   Thumb Code    42  nrf_drv_uart.o(i.rx_byte)
    i.rx_done_event                          0x00022bc4   Section        0  nrf_drv_uart.o(i.rx_done_event)
    rx_done_event                            0x00022bc5   Thumb Code    38  nrf_drv_uart.o(i.rx_done_event)
    i.scheduler_init                         0x00022bf0   Section        0  main.o(i.scheduler_init)
    scheduler_init                           0x00022bf1   Thumb Code    44  main.o(i.scheduler_init)
    i.sec_mgr_oob_flags_encode               0x00022c30   Section        0  ble_advdata.o(i.sec_mgr_oob_flags_encode)
    sec_mgr_oob_flags_encode                 0x00022c31   Thumb Code    54  ble_advdata.o(i.sec_mgr_oob_flags_encode)
    i.sec_params_init                        0x00022c68   Section        0  main.o(i.sec_params_init)
    sec_params_init                          0x00022c69   Thumb Code    56  main.o(i.sec_params_init)
    i.service_data_encode                    0x00022ca4   Section        0  ble_advdata.o(i.service_data_encode)
    service_data_encode                      0x00022ca5   Thumb Code   150  ble_advdata.o(i.service_data_encode)
    i.services_init                          0x00022d3c   Section        0  main.o(i.services_init)
    services_init                            0x00022d3d   Thumb Code    48  main.o(i.services_init)
    i.sleep_mode_enter                       0x00022d84   Section        0  main.o(i.sleep_mode_enter)
    sleep_mode_enter                         0x00022d85   Thumb Code    96  main.o(i.sleep_mode_enter)
    i.softdevice_assertion_handler           0x00022df4   Section        0  softdevice_handler.o(i.softdevice_assertion_handler)
    i.softdevice_ble_evt_handler_set         0x00022e08   Section        0  softdevice_handler.o(i.softdevice_ble_evt_handler_set)
    i.softdevice_handler_init                0x00022e1c   Section        0  softdevice_handler.o(i.softdevice_handler_init)
    i.softdevice_sys_evt_handler_set         0x00022e80   Section        0  softdevice_handler.o(i.softdevice_sys_evt_handler_set)
    i.srdata_check                           0x00022e94   Section        0  ble_advdata.o(i.srdata_check)
    srdata_check                             0x00022e95   Thumb Code    14  ble_advdata.o(i.srdata_check)
    i.sys_evt_dispatch                       0x00022ea2   Section        0  main.o(i.sys_evt_dispatch)
    sys_evt_dispatch                         0x00022ea3   Thumb Code    12  main.o(i.sys_evt_dispatch)
    i.ticks_diff_get                         0x00022eae   Section        0  app_timer.o(i.ticks_diff_get)
    ticks_diff_get                           0x00022eaf   Thumb Code    10  app_timer.o(i.ticks_diff_get)
    i.timeout_handler_exec                   0x00022eb8   Section        0  app_timer.o(i.timeout_handler_exec)
    timeout_handler_exec                     0x00022eb9   Thumb Code    56  app_timer.o(i.timeout_handler_exec)
    i.timer_list_handler                     0x00022f30   Section        0  app_timer.o(i.timer_list_handler)
    timer_list_handler                       0x00022f31   Thumb Code    74  app_timer.o(i.timer_list_handler)
    i.timer_list_handler_sched               0x00022f88   Section        0  app_timer.o(i.timer_list_handler_sched)
    timer_list_handler_sched                 0x00022f89   Thumb Code    10  app_timer.o(i.timer_list_handler_sched)
    i.timer_list_insert                      0x00022f94   Section        0  app_timer.o(i.timer_list_insert)
    timer_list_insert                        0x00022f95   Thumb Code   226  app_timer.o(i.timer_list_insert)
    i.timer_list_remove                      0x00023080   Section        0  app_timer.o(i.timer_list_remove)
    timer_list_remove                        0x00023081   Thumb Code   194  app_timer.o(i.timer_list_remove)
    i.timer_start_op_schedule                0x00023158   Section        0  app_timer.o(i.timer_start_op_schedule)
    timer_start_op_schedule                  0x00023159   Thumb Code    84  app_timer.o(i.timer_start_op_schedule)
    i.timer_stop_op_schedule                 0x000231b0   Section        0  app_timer.o(i.timer_stop_op_schedule)
    timer_stop_op_schedule                   0x000231b1   Thumb Code    56  app_timer.o(i.timer_stop_op_schedule)
    i.timer_timeouts_check                   0x000231ec   Section        0  app_timer.o(i.timer_timeouts_check)
    timer_timeouts_check                     0x000231ed   Thumb Code   138  app_timer.o(i.timer_timeouts_check)
    i.timer_timeouts_check_sched             0x00023290   Section        0  app_timer.o(i.timer_timeouts_check_sched)
    timer_timeouts_check_sched               0x00023291   Thumb Code    10  app_timer.o(i.timer_timeouts_check_sched)
    i.timers_init                            0x0002329c   Section        0  main.o(i.timers_init)
    timers_init                              0x0002329d   Thumb Code    48  main.o(i.timers_init)
    i.timers_start                           0x000232e4   Section        0  main.o(i.timers_start)
    timers_start                             0x000232e5   Thumb Code     2  main.o(i.timers_start)
    i.tk_value_encode                        0x000232e6   Section        0  ble_advdata.o(i.tk_value_encode)
    tk_value_encode                          0x000232e7   Thumb Code    70  ble_advdata.o(i.tk_value_encode)
    i.tx_byte                                0x0002332c   Section        0  nrf_drv_uart.o(i.tx_byte)
    tx_byte                                  0x0002332d   Thumb Code    42  nrf_drv_uart.o(i.tx_byte)
    i.tx_done_event                          0x00023364   Section        0  nrf_drv_uart.o(i.tx_done_event)
    tx_done_event                            0x00023365   Thumb Code    38  nrf_drv_uart.o(i.tx_done_event)
    i.tx_power_level_encode                  0x00023390   Section        0  ble_advdata.o(i.tx_power_level_encode)
    tx_power_level_encode                    0x00023391   Thumb Code    54  ble_advdata.o(i.tx_power_level_encode)
    i.uint16_encode                          0x000233c6   Section        0  ble_advdata.o(i.uint16_encode)
    uint16_encode                            0x000233c7   Thumb Code    12  ble_advdata.o(i.uint16_encode)
    i.update_timeout_handler                 0x000233d4   Section        0  ble_conn_params.o(i.update_timeout_handler)
    update_timeout_handler                   0x000233d5   Thumb Code   126  ble_conn_params.o(i.update_timeout_handler)
    i.user_id_get                            0x00023464   Section        0  app_timer.o(i.user_id_get)
    user_id_get                              0x00023465   Thumb Code    78  app_timer.o(i.user_id_get)
    i.user_op_alloc                          0x000234bc   Section        0  app_timer.o(i.user_op_alloc)
    user_op_alloc                            0x000234bd   Thumb Code    46  app_timer.o(i.user_op_alloc)
    i.user_op_enque                          0x000234ea   Section        0  app_timer.o(i.user_op_enque)
    user_op_enque                            0x000234eb   Thumb Code     4  app_timer.o(i.user_op_enque)
    i.uuid_list_encode                       0x000234ee   Section        0  ble_advdata.o(i.uuid_list_encode)
    uuid_list_encode                         0x000234ef   Thumb Code    70  ble_advdata.o(i.uuid_list_encode)
    i.uuid_list_sized_encode                 0x00023534   Section        0  ble_advdata.o(i.uuid_list_sized_encode)
    uuid_list_sized_encode                   0x00023535   Thumb Code   212  ble_advdata.o(i.uuid_list_sized_encode)
    i.whitelist_has_entries                  0x00023608   Section        0  ble_advertising.o(i.whitelist_has_entries)
    whitelist_has_entries                    0x00023609   Thumb Code    18  ble_advertising.o(i.whitelist_has_entries)
    .constdata                               0x0002361c   Section        4  main.o(.constdata)
    .constdata                               0x00023620   Section       48  bsp.o(.constdata)
    m_buttons_list                           0x00023620   Data          16  bsp.o(.constdata)
    app_buttons                              0x00023630   Data          32  bsp.o(.constdata)
    .constdata                               0x00023650   Section        4  app_button.o(.constdata)
    .constdata                               0x00023654   Section       16  ble_lbs.o(.constdata)
    .conststring                             0x00023664   Section       65  app_scheduler.o(.conststring)
    .conststring                             0x000236a8   Section       87  softdevice_handler.o(.conststring)
    .data                                    0x20002800   Section       41  main.o(.data)
    m_sec_params                             0x20002800   Data           5  main.o(.data)
    m_conn_handle                            0x20002806   Data           2  main.o(.data)
    m_auth_status                            0x20002808   Data           6  main.o(.data)
    m_keys                                   0x20002810   Data          24  main.o(.data)
    button_state                             0x20002828   Data           1  main.o(.data)
    .data                                    0x2000282c   Section       33  bsp.o(.data)
    m_stable_state                           0x2000282c   Data           1  bsp.o(.data)
    m_app_ticks_per_100ms                    0x20002830   Data           4  bsp.o(.data)
    m_indication_type                        0x20002834   Data           4  bsp.o(.data)
    m_leds_timer_id                          0x20002838   Data           4  bsp.o(.data)
    m_alert_timer_id                         0x2000283c   Data           4  bsp.o(.data)
    m_registered_callback                    0x20002840   Data           4  bsp.o(.data)
    m_button_timer_id                        0x20002844   Data           4  bsp.o(.data)
    current_long_push_pin_no                 0x20002848   Data           1  bsp.o(.data)
    release_event_at_push                    0x20002849   Data           4  bsp.o(.data)
    .data                                    0x20002850   Section       32  ble_advertising.o(.data)
    m_advertising_start_pending              0x20002850   Data           1  ble_advertising.o(.data)
    m_peer_address                           0x20002851   Data           7  ble_advertising.o(.data)
    m_adv_evt                                0x20002858   Data           1  ble_advertising.o(.data)
    m_evt_handler                            0x2000285c   Data           4  ble_advertising.o(.data)
    m_error_handler                          0x20002860   Data           4  ble_advertising.o(.data)
    m_adv_mode_current                       0x20002864   Data           1  ble_advertising.o(.data)
    m_whitelist_temporarily_disabled         0x20002865   Data           1  ble_advertising.o(.data)
    m_whitelist_reply_expected               0x20002866   Data           1  ble_advertising.o(.data)
    m_peer_addr_reply_expected               0x20002867   Data           1  ble_advertising.o(.data)
    m_slave_conn_int                         0x20002868   Data           4  ble_advertising.o(.data)
    m_tx_power_level                         0x2000286c   Data           1  ble_advertising.o(.data)
    current_slave_link_conn_handle           0x2000286e   Data           2  ble_advertising.o(.data)
    .data                                    0x20002870   Section       25  ble_conn_params.o(.data)
    m_preferred_conn_params                  0x20002870   Data           8  ble_conn_params.o(.data)
    m_update_count                           0x20002878   Data           1  ble_conn_params.o(.data)
    m_conn_handle                            0x2000287a   Data           2  ble_conn_params.o(.data)
    m_current_conn_params                    0x2000287c   Data           8  ble_conn_params.o(.data)
    m_conn_params_timer_id                   0x20002884   Data           4  ble_conn_params.o(.data)
    m_change_param                           0x20002888   Data           1  ble_conn_params.o(.data)
    .data                                    0x2000288c   Section       40  pstorage.o(.data)
    m_next_app_instance                      0x2000288c   Data           2  pstorage.o(.data)
    m_next_page_addr                         0x20002890   Data           4  pstorage.o(.data)
    m_state                                  0x20002894   Data           1  pstorage.o(.data)
    m_swap_sub_state                         0x20002895   Data           1  pstorage.o(.data)
    m_head_word_size                         0x20002898   Data           4  pstorage.o(.data)
    m_tail_word_size                         0x2000289c   Data           4  pstorage.o(.data)
    m_current_page_id                        0x200028a0   Data           4  pstorage.o(.data)
    m_num_of_command_retries                 0x200028a4   Data           4  pstorage.o(.data)
    m_num_of_bytes_written                   0x200028a8   Data           4  pstorage.o(.data)
    m_app_data_size                          0x200028ac   Data           4  pstorage.o(.data)
    m_flags                                  0x200028b0   Data           4  pstorage.o(.data)
    .data                                    0x200028b4   Section       24  app_button.o(.data)
    mp_buttons                               0x200028b4   Data           4  app_button.o(.data)
    m_button_count                           0x200028b8   Data           1  app_button.o(.data)
    m_detection_delay                        0x200028bc   Data           4  app_button.o(.data)
    m_detection_delay_timer_id               0x200028c0   Data           4  app_button.o(.data)
    m_pin_state                              0x200028c4   Data           4  app_button.o(.data)
    m_pin_transition                         0x200028c8   Data           4  app_button.o(.data)
    .data                                    0x200028cc   Section       12  app_error.o(.data)
    .data                                    0x200028d8   Section       14  app_scheduler.o(.data)
    m_queue_event_headers                    0x200028d8   Data           4  app_scheduler.o(.data)
    m_queue_event_data                       0x200028dc   Data           4  app_scheduler.o(.data)
    m_queue_start_index                      0x200028e0   Data           1  app_scheduler.o(.data)
    m_queue_end_index                        0x200028e1   Data           1  app_scheduler.o(.data)
    m_queue_event_size                       0x200028e2   Data           2  app_scheduler.o(.data)
    m_queue_size                             0x200028e4   Data           2  app_scheduler.o(.data)
    .data                                    0x200028e8   Section       42  app_timer.o(.data)
    m_node_array_size                        0x200028e8   Data           1  app_timer.o(.data)
    mp_nodes                                 0x200028ec   Data           4  app_timer.o(.data)
    m_user_array_size                        0x200028f0   Data           1  app_timer.o(.data)
    mp_users                                 0x200028f4   Data           4  app_timer.o(.data)
    m_timer_id_head                          0x200028f8   Data           4  app_timer.o(.data)
    m_ticks_latest                           0x200028fc   Data           4  app_timer.o(.data)
    m_ticks_elapsed                          0x20002900   Data           8  app_timer.o(.data)
    m_ticks_elapsed_q_read_ind               0x20002908   Data           1  app_timer.o(.data)
    m_ticks_elapsed_q_write_ind              0x20002909   Data           1  app_timer.o(.data)
    m_evt_schedule_func                      0x2000290c   Data           4  app_timer.o(.data)
    m_rtc1_running                           0x20002910   Data           1  app_timer.o(.data)
    m_rtc1_reset                             0x20002911   Data           1  app_timer.o(.data)
    .data                                    0x20002914   Section       24  softdevice_handler.o(.data)
    m_evt_schedule_func                      0x20002914   Data           4  softdevice_handler.o(.data)
    m_softdevice_enabled                     0x20002918   Data           1  softdevice_handler.o(.data)
    mp_ble_evt_buffer                        0x2000291c   Data           4  softdevice_handler.o(.data)
    m_ble_evt_buffer_size                    0x20002920   Data           2  softdevice_handler.o(.data)
    m_ble_evt_handler                        0x20002924   Data           4  softdevice_handler.o(.data)
    m_sys_evt_handler                        0x20002928   Data           4  softdevice_handler.o(.data)
    .data                                    0x2000292c   Section        4  system_nrf52.o(.data)
    __tagsym$$used                           0x2000292c   Number         0  system_nrf52.o(.data)
    .bss                                     0x20002930   Section     1000  main.o(.bss)
    m_lbs                                    0x20002930   Data          28  main.o(.bss)
    APP_TIMER_BUF                            0x2000294c   Data         656  main.o(.bss)
    m_enc_key                                0x20002bdc   Data          28  main.o(.bss)
    m_id_key                                 0x20002bf8   Data          23  main.o(.bss)
    m_sign_key                               0x20002c0f   Data          16  main.o(.bss)
    BLE_EVT_BUFFER                           0x20002c20   Data          72  main.o(.bss)
    APP_SCHED_BUF                            0x20002c68   Data         176  main.o(.bss)
    .bss                                     0x20002d18   Section       12  bsp.o(.bss)
    m_events_list                            0x20002d18   Data          12  bsp.o(.bss)
    .bss                                     0x20002d24   Section      259  ble_advertising.o(.bss)
    m_advdata                                0x20002d24   Data          56  ble_advertising.o(.bss)
    m_adv_modes_config                       0x20002d5c   Data          36  ble_advertising.o(.bss)
    m_whitelist                              0x20002d80   Data          16  ble_advertising.o(.bss)
    mp_whitelist_addr                        0x20002d90   Data          32  ble_advertising.o(.bss)
    mp_whitelist_irk                         0x20002db0   Data          32  ble_advertising.o(.bss)
    m_manuf_specific_data                    0x20002dd0   Data          12  ble_advertising.o(.bss)
    m_manuf_data_array                       0x20002ddc   Data          31  ble_advertising.o(.bss)
    m_service_data                           0x20002dfc   Data          12  ble_advertising.o(.bss)
    m_service_data_array                     0x20002e08   Data          31  ble_advertising.o(.bss)
    .bss                                     0x20002e28   Section       28  ble_conn_params.o(.bss)
    m_conn_params_config                     0x20002e28   Data          28  ble_conn_params.o(.bss)
    .bss                                     0x20002e44   Section       88  nrf_drv_gpiote.o(.bss)
    m_cb                                     0x20002e44   Data          88  nrf_drv_gpiote.o(.bss)
    .bss                                     0x20002e9c   Section       24  nrf_drv_uart.o(.bss)
    m_cb                                     0x20002e9c   Data          24  nrf_drv_uart.o(.bss)
    .bss                                     0x20002eb4   Section      628  pstorage.o(.bss)
    m_cmd_queue                              0x20002eb4   Data         604  pstorage.o(.bss)
    m_app_table                              0x20003110   Data          24  pstorage.o(.bss)
    STACK                                    0x20003128   Section     8192  arm_startup_nrf52.o(STACK)

    Global Symbols

    Symbol Name                              Value     Ov Type        Size  Object(Section)

    BuildAttributes$$THM_ISAv4$E$P$D$K$B$S$7EM$VFPi3$EXTD16$VFPS$VFMA$PE$A:L22UL41UL21$X:L11$S22US41US21$IEEE1$IW$USESV6$~STKCKD$USESV7$~SHL$OSPACE$EBA8$MICROLIB$REQ8$PRES8$EABIv2 0x00000000   Number         0  anon$$obj.o ABSOLUTE
    __ARM_use_no_argv                        0x00000000   Number         0  main.o ABSOLUTE
    __cpp_initialize__aeabi_                  - Undefined Weak Reference
    __cxa_finalize                            - Undefined Weak Reference
    _clock_init                               - Undefined Weak Reference
    _microlib_exit                            - Undefined Weak Reference
    __Vectors_Size                           0x00000400   Number         0  arm_startup_nrf52.o ABSOLUTE
    __Vectors                                0x0001f000   Data           4  arm_startup_nrf52.o(RESET)
    __Vectors_End                            0x0001f400   Data           0  arm_startup_nrf52.o(RESET)
    __main                                   0x0001f401   Thumb Code     0  entry.o(.ARM.Collect$$$$00000000)
    _main_stk                                0x0001f401   Thumb Code     0  entry2.o(.ARM.Collect$$$$00000001)
    _main_scatterload                        0x0001f405   Thumb Code     0  entry5.o(.ARM.Collect$$$$00000004)
    __main_after_scatterload                 0x0001f409   Thumb Code     0  entry5.o(.ARM.Collect$$$$00000004)
    _main_clock                              0x0001f409   Thumb Code     0  entry7b.o(.ARM.Collect$$$$00000008)
    _main_cpp_init                           0x0001f409   Thumb Code     0  entry8b.o(.ARM.Collect$$$$0000000A)
    _main_init                               0x0001f409   Thumb Code     0  entry9a.o(.ARM.Collect$$$$0000000B)
    __rt_final_cpp                           0x0001f411   Thumb Code     0  entry10a.o(.ARM.Collect$$$$0000000D)
    __rt_final_exit                          0x0001f411   Thumb Code     0  entry11a.o(.ARM.Collect$$$$0000000F)
    __asm___11_app_timer_c_cd27f9c3__nrf_delay_us 0x0001f415   Thumb Code   118  app_timer.o(.emb_text)
    Reset_Handler                            0x0001f48d   Thumb Code     8  arm_startup_nrf52.o(.text)
    NMI_Handler                              0x0001f495   Thumb Code     2  arm_startup_nrf52.o(.text)
    HardFault_Handler                        0x0001f497   Thumb Code     2  arm_startup_nrf52.o(.text)
    MemoryManagement_Handler                 0x0001f499   Thumb Code     2  arm_startup_nrf52.o(.text)
    BusFault_Handler                         0x0001f49b   Thumb Code     2  arm_startup_nrf52.o(.text)
    UsageFault_Handler                       0x0001f49d   Thumb Code     2  arm_startup_nrf52.o(.text)
    SVC_Handler                              0x0001f49f   Thumb Code     2  arm_startup_nrf52.o(.text)
    PendSV_Handler                           0x0001f4a1   Thumb Code     2  arm_startup_nrf52.o(.text)
    SysTick_Handler                          0x0001f4a3   Thumb Code     2  arm_startup_nrf52.o(.text)
    CCM_AAR_IRQHandler                       0x0001f4a5   Thumb Code     0  arm_startup_nrf52.o(.text)
    COMP_LPCOMP_IRQHandler                   0x0001f4a5   Thumb Code     0  arm_startup_nrf52.o(.text)
    ECB_IRQHandler                           0x0001f4a5   Thumb Code     0  arm_startup_nrf52.o(.text)
    I2S_IRQHandler                           0x0001f4a5   Thumb Code     0  arm_startup_nrf52.o(.text)
    MWU_IRQHandler                           0x0001f4a5   Thumb Code     0  arm_startup_nrf52.o(.text)
    NFCT_IRQHandler                          0x0001f4a5   Thumb Code     0  arm_startup_nrf52.o(.text)
    PDM_IRQHandler                           0x0001f4a5   Thumb Code     0  arm_startup_nrf52.o(.text)
    POWER_CLOCK_IRQHandler                   0x0001f4a5   Thumb Code     0  arm_startup_nrf52.o(.text)
    PWM0_IRQHandler                          0x0001f4a5   Thumb Code     0  arm_startup_nrf52.o(.text)
    PWM1_IRQHandler                          0x0001f4a5   Thumb Code     0  arm_startup_nrf52.o(.text)
    PWM2_IRQHandler                          0x0001f4a5   Thumb Code     0  arm_startup_nrf52.o(.text)
    QDEC_IRQHandler                          0x0001f4a5   Thumb Code     0  arm_startup_nrf52.o(.text)
    RADIO_IRQHandler                         0x0001f4a5   Thumb Code     0  arm_startup_nrf52.o(.text)
    RNG_IRQHandler                           0x0001f4a5   Thumb Code     0  arm_startup_nrf52.o(.text)
    RTC0_IRQHandler                          0x0001f4a5   Thumb Code     0  arm_startup_nrf52.o(.text)
    RTC2_IRQHandler                          0x0001f4a5   Thumb Code     0  arm_startup_nrf52.o(.text)
    SAADC_IRQHandler                         0x0001f4a5   Thumb Code     0  arm_startup_nrf52.o(.text)
    SPIM0_SPIS0_TWIM0_TWIS0_SPI0_TWI0_IRQHandler 0x0001f4a5   Thumb Code     0  arm_startup_nrf52.o(.text)
    SPIM1_SPIS1_TWIM1_TWIS1_SPI1_TWI1_IRQHandler 0x0001f4a5   Thumb Code     0  arm_startup_nrf52.o(.text)
    SPIM2_SPIS2_SPI2_IRQHandler              0x0001f4a5   Thumb Code     0  arm_startup_nrf52.o(.text)
    SWI1_EGU1_IRQHandler                     0x0001f4a5   Thumb Code     0  arm_startup_nrf52.o(.text)
    SWI3_EGU3_IRQHandler                     0x0001f4a5   Thumb Code     0  arm_startup_nrf52.o(.text)
    SWI4_EGU4_IRQHandler                     0x0001f4a5   Thumb Code     0  arm_startup_nrf52.o(.text)
    SWI5_EGU5_IRQHandler                     0x0001f4a5   Thumb Code     0  arm_startup_nrf52.o(.text)
    TEMP_IRQHandler                          0x0001f4a5   Thumb Code     0  arm_startup_nrf52.o(.text)
    TIMER0_IRQHandler                        0x0001f4a5   Thumb Code     0  arm_startup_nrf52.o(.text)
    TIMER1_IRQHandler                        0x0001f4a5   Thumb Code     0  arm_startup_nrf52.o(.text)
    TIMER2_IRQHandler                        0x0001f4a5   Thumb Code     0  arm_startup_nrf52.o(.text)
    TIMER3_IRQHandler                        0x0001f4a5   Thumb Code     0  arm_startup_nrf52.o(.text)
    TIMER4_IRQHandler                        0x0001f4a5   Thumb Code     0  arm_startup_nrf52.o(.text)
    WDT_IRQHandler                           0x0001f4a5   Thumb Code     0  arm_startup_nrf52.o(.text)
    __aeabi_memcpy                           0x0001f4b1   Thumb Code    36  memcpya.o(.text)
    __aeabi_memcpy4                          0x0001f4b1   Thumb Code     0  memcpya.o(.text)
    __aeabi_memcpy8                          0x0001f4b1   Thumb Code     0  memcpya.o(.text)
    __aeabi_memset                           0x0001f4d5   Thumb Code    14  memseta.o(.text)
    __aeabi_memset4                          0x0001f4d5   Thumb Code     0  memseta.o(.text)
    __aeabi_memset8                          0x0001f4d5   Thumb Code     0  memseta.o(.text)
    __aeabi_memclr                           0x0001f4e3   Thumb Code     4  memseta.o(.text)
    __aeabi_memclr4                          0x0001f4e3   Thumb Code     0  memseta.o(.text)
    __aeabi_memclr8                          0x0001f4e3   Thumb Code     0  memseta.o(.text)
    _memset$wrapper                          0x0001f4e7   Thumb Code    18  memseta.o(.text)
    memcmp                                   0x0001f4f9   Thumb Code    26  memcmp.o(.text)
    __scatterload                            0x0001f515   Thumb Code    28  init.o(.text)
    __scatterload_rt2                        0x0001f515   Thumb Code     0  init.o(.text)
    __decompress                             0x0001f539   Thumb Code     0  __dczerorl.o(.text)
    __decompress0                            0x0001f539   Thumb Code    58  __dczerorl.o(.text)
    GPIOTE_IRQHandler                        0x0001f575   Thumb Code   316  nrf_drv_gpiote.o(i.GPIOTE_IRQHandler)
    RTC1_IRQHandler                          0x0001f731   Thumb Code    44  app_timer.o(i.RTC1_IRQHandler)
    SWI0_EGU0_IRQHandler                     0x0001f765   Thumb Code     8  app_timer.o(i.SWI0_EGU0_IRQHandler)
    SWI2_EGU2_IRQHandler                     0x0001f76d   Thumb Code    48  softdevice_handler.o(i.SWI2_EGU2_IRQHandler)
    SystemCoreClockUpdate                    0x0001f7a5   Thumb Code     8  system_nrf52.o(i.SystemCoreClockUpdate)
    SystemInit                               0x0001f7b5   Thumb Code   240  system_nrf52.o(i.SystemInit)
    UARTE0_UART0_IRQHandler                  0x0001f8c5   Thumb Code   476  nrf_drv_uart.o(i.UARTE0_UART0_IRQHandler)
    __scatterload_copy                       0x0001faa9   Thumb Code    14  handlers.o(i.__scatterload_copy)
    __scatterload_null                       0x0001fab7   Thumb Code     2  handlers.o(i.__scatterload_null)
    __scatterload_zeroinit                   0x0001fab9   Thumb Code    14  handlers.o(i.__scatterload_zeroinit)
    adv_data_encode                          0x0001fac7   Thumb Code   398  ble_advdata.o(i.adv_data_encode)
    app_button_enable                        0x0001fd2d   Thumb Code    34  app_button.o(i.app_button_enable)
    app_button_init                          0x0001fd59   Thumb Code   124  app_button.o(i.app_button_init)
    app_error_handler                        0x0001fdf9   Thumb Code    48  app_error.o(i.app_error_handler)
    app_sched_event_put                      0x0001fead   Thumb Code   310  app_scheduler.o(i.app_sched_event_put)
    app_sched_execute                        0x00020005   Thumb Code    30  app_scheduler.o(i.app_sched_execute)
    app_sched_init                           0x00020025   Thumb Code    66  app_scheduler.o(i.app_sched_init)
    app_timer_create                         0x00020081   Thumb Code   108  app_timer.o(i.app_timer_create)
    app_timer_evt_schedule                   0x00020169   Thumb Code    22  app_timer_appsh.o(i.app_timer_evt_schedule)
    app_timer_init                           0x00020185   Thumb Code   212  app_timer.o(i.app_timer_init)
    app_timer_start                          0x0002027d   Thumb Code   104  app_timer.o(i.app_timer_start)
    app_timer_stop                           0x000202ed   Thumb Code    60  app_timer.o(i.app_timer_stop)
    ble_advdata_set                          0x0002037f   Thumb Code   132  ble_advdata.o(i.ble_advdata_set)
    ble_advertising_init                     0x00020405   Thumb Code   312  ble_advertising.o(i.ble_advertising_init)
    ble_advertising_on_ble_evt               0x00020575   Thumb Code   224  ble_advertising.o(i.ble_advertising_on_ble_evt)
    ble_advertising_on_sys_evt               0x0002066d   Thumb Code    64  ble_advertising.o(i.ble_advertising_on_sys_evt)
    ble_advertising_start                    0x000206c9   Thumb Code   604  ble_advertising.o(i.ble_advertising_start)
    ble_conn_params_init                     0x00020951   Thumb Code    84  ble_conn_params.o(i.ble_conn_params_init)
    ble_conn_params_on_ble_evt               0x000209c1   Thumb Code    62  ble_conn_params.o(i.ble_conn_params_on_ble_evt)
    ble_lbs_init                             0x00020a95   Thumb Code   106  ble_lbs.o(i.ble_lbs_init)
    ble_lbs_on_ble_evt                       0x00020b05   Thumb Code    58  ble_lbs.o(i.ble_lbs_on_ble_evt)
    ble_lbs_on_button_change                 0x00020b3f   Thumb Code    50  ble_lbs.o(i.ble_lbs_on_button_change)
    bsp_event_to_button_action_assign        0x00020d7d   Thumb Code    86  bsp.o(i.bsp_event_to_button_action_assign)
    bsp_indication_set                       0x00020dd9   Thumb Code    28  bsp.o(i.bsp_indication_set)
    bsp_init                                 0x00020df9   Thumb Code   164  bsp.o(i.bsp_init)
    bsp_wakeup_buttons_set                   0x0002143d   Thumb Code    70  bsp.o(i.bsp_wakeup_buttons_set)
    intern_softdevice_events_execute         0x00021d61   Thumb Code   150  softdevice_handler.o(i.intern_softdevice_events_execute)
    led_write_handler                        0x00021f8d   Thumb Code    42  main.o(i.led_write_handler)
    main                                     0x000221d9   Thumb Code    84  main.o(i.main)
    nrf_drv_common_irq_enable                0x00022389   Thumb Code    84  nrf_drv_common.o(i.nrf_drv_common_irq_enable)
    nrf_drv_gpiote_in_event_enable           0x000223e9   Thumb Code   154  nrf_drv_gpiote.o(i.nrf_drv_gpiote_in_event_enable)
    nrf_drv_gpiote_in_init                   0x0002248d   Thumb Code   198  nrf_drv_gpiote.o(i.nrf_drv_gpiote_in_init)
    nrf_drv_gpiote_in_is_set                 0x00022565   Thumb Code    24  nrf_drv_gpiote.o(i.nrf_drv_gpiote_in_is_set)
    nrf_drv_gpiote_init                      0x00022581   Thumb Code    74  nrf_drv_gpiote.o(i.nrf_drv_gpiote_init)
    nrf_drv_gpiote_is_init                   0x000225d1   Thumb Code    14  nrf_drv_gpiote.o(i.nrf_drv_gpiote_is_init)
    pstorage_access_status_get               0x00022aa9   Thumb Code    36  pstorage.o(i.pstorage_access_status_get)
    softdevice_assertion_handler             0x00022df5   Thumb Code    18  softdevice_handler.o(i.softdevice_assertion_handler)
    softdevice_ble_evt_handler_set           0x00022e09   Thumb Code    16  softdevice_handler.o(i.softdevice_ble_evt_handler_set)
    softdevice_handler_init                  0x00022e1d   Thumb Code    78  softdevice_handler.o(i.softdevice_handler_init)
    softdevice_sys_evt_handler_set           0x00022e81   Thumb Code    16  softdevice_handler.o(i.softdevice_sys_evt_handler_set)
    Region$$Table$$Base                      0x00023700   Number         0  anon$$obj.o(Region$$Table)
    Region$$Table$$Limit                     0x00023720   Number         0  anon$$obj.o(Region$$Table)
    m_error_code                             0x200028cc   Data           4  app_error.o(.data)
    m_line_num                               0x200028d0   Data           4  app_error.o(.data)
    m_p_file_name                            0x200028d4   Data           4  app_error.o(.data)
    SystemCoreClock                          0x2000292c   Data           4  system_nrf52.o(.data)
    __initial_sp                             0x20005128   Data           0  arm_startup_nrf52.o(STACK)



==============================================================================

Memory Map of the image

  Image Entry point : 0x0001f401

  Load Region LR_IROM1 (Base: 0x0001f000, Size: 0x00004850, Max: 0x00061000, ABSOLUTE, COMPRESSED[0x0000473c])

    Execution Region ER_IROM1 (Base: 0x0001f000, Size: 0x00004720, Max: 0x00061000, ABSOLUTE)

    Base Addr    Size         Type   Attr      Idx    E Section Name        Object

    0x0001f000   0x00000400   Data   RO         2308    RESET               arm_startup_nrf52.o
    0x0001f400   0x00000000   Code   RO         2378  * .ARM.Collect$$$$00000000  mc_w.l(entry.o)
    0x0001f400   0x00000004   Code   RO         2391    .ARM.Collect$$$$00000001  mc_w.l(entry2.o)
    0x0001f404   0x00000004   Code   RO         2394    .ARM.Collect$$$$00000004  mc_w.l(entry5.o)
    0x0001f408   0x00000000   Code   RO         2396    .ARM.Collect$$$$00000008  mc_w.l(entry7b.o)
    0x0001f408   0x00000000   Code   RO         2398    .ARM.Collect$$$$0000000A  mc_w.l(entry8b.o)
    0x0001f408   0x00000008   Code   RO         2399    .ARM.Collect$$$$0000000B  mc_w.l(entry9a.o)
    0x0001f410   0x00000000   Code   RO         2401    .ARM.Collect$$$$0000000D  mc_w.l(entry10a.o)
    0x0001f410   0x00000000   Code   RO         2403    .ARM.Collect$$$$0000000F  mc_w.l(entry11a.o)
    0x0001f410   0x00000004   Code   RO         2392    .ARM.Collect$$$$00002712  mc_w.l(entry2.o)
    0x0001f414   0x00000076   Code   RO         1864    .emb_text           app_timer.o
    0x0001f48a   0x00000002   PAD
    0x0001f48c   0x00000024   Code   RO         2309    .text               arm_startup_nrf52.o
    0x0001f4b0   0x00000024   Code   RO         2381    .text               mc_w.l(memcpya.o)
    0x0001f4d4   0x00000024   Code   RO         2383    .text               mc_w.l(memseta.o)
    0x0001f4f8   0x0000001a   Code   RO         2387    .text               mc_w.l(memcmp.o)
    0x0001f512   0x00000002   PAD
    0x0001f514   0x00000024   Code   RO         2405    .text               mc_w.l(init.o)
    0x0001f538   0x0000003a   Code   RO         2415    .text               mc_w.l(__dczerorl.o)
    0x0001f572   0x00000002   PAD
    0x0001f574   0x0000014c   Code   RO          912    i.GPIOTE_IRQHandler  nrf_drv_gpiote.o
    0x0001f6c0   0x00000018   Code   RO         1865    i.NVIC_ClearPendingIRQ  app_timer.o
    0x0001f6d8   0x00000016   Code   RO         1866    i.NVIC_EnableIRQ    app_timer.o
    0x0001f6ee   0x00000002   PAD
    0x0001f6f0   0x00000018   Code   RO         1867    i.NVIC_SetPendingIRQ  app_timer.o
    0x0001f708   0x00000028   Code   RO         1868    i.NVIC_SetPriority  app_timer.o
    0x0001f730   0x00000034   Code   RO         1869    i.RTC1_IRQHandler   app_timer.o
    0x0001f764   0x00000008   Code   RO         1870    i.SWI0_EGU0_IRQHandler  app_timer.o
    0x0001f76c   0x00000038   Code   RO         2163    i.SWI2_EGU2_IRQHandler  softdevice_handler.o
    0x0001f7a4   0x00000010   Code   RO         2316    i.SystemCoreClockUpdate  system_nrf52.o
    0x0001f7b4   0x00000110   Code   RO         2317    i.SystemInit        system_nrf52.o
    0x0001f8c4   0x000001e4   Code   RO         1151    i.UARTE0_UART0_IRQHandler  nrf_drv_uart.o
    0x0001faa8   0x0000000e   Code   RO         2409    i.__scatterload_copy  mc_w.l(handlers.o)
    0x0001fab6   0x00000002   Code   RO         2410    i.__scatterload_null  mc_w.l(handlers.o)
    0x0001fab8   0x0000000e   Code   RO         2411    i.__scatterload_zeroinit  mc_w.l(handlers.o)
    0x0001fac6   0x0000018e   Code   RO          425    i.adv_data_encode   ble_advdata.o
    0x0001fc54   0x00000012   Code   RO          426    i.advdata_check     ble_advdata.o
    0x0001fc66   0x00000002   PAD
    0x0001fc68   0x000000a0   Code   RO            4    i.advertising_init  main.o
    0x0001fd08   0x00000024   Code   RO          298    i.alert_timer_handler  bsp.o
    0x0001fd2c   0x0000002c   Code   RO         1715    i.app_button_enable  app_button.o
    0x0001fd58   0x000000a0   Code   RO         1716    i.app_button_init   app_button.o
    0x0001fdf8   0x0000003c   Code   RO         1778    i.app_error_handler  app_error.o
    0x0001fe34   0x00000078   Code   RO         1805    i.app_sched_event_get  app_scheduler.o
    0x0001feac   0x00000158   Code   RO         1806    i.app_sched_event_put  app_scheduler.o
    0x00020004   0x0000001e   Code   RO         1807    i.app_sched_execute  app_scheduler.o
    0x00020022   0x00000002   PAD
    0x00020024   0x0000005c   Code   RO         1808    i.app_sched_init    app_scheduler.o
    0x00020080   0x00000074   Code   RO         1873    i.app_timer_create  app_timer.o
    0x000200f4   0x00000074   Code   RO         2081    i.app_timer_evt_get  app_timer_appsh.o
    0x00020168   0x0000001c   Code   RO         2082    i.app_timer_evt_schedule  app_timer_appsh.o
    0x00020184   0x000000f8   Code   RO         1874    i.app_timer_init    app_timer.o
    0x0002027c   0x00000070   Code   RO         1875    i.app_timer_start   app_timer.o
    0x000202ec   0x00000044   Code   RO         1876    i.app_timer_stop    app_timer.o
    0x00020330   0x0000004e   Code   RO          427    i.appearance_encode  ble_advdata.o
    0x0002037e   0x00000084   Code   RO          428    i.ble_advdata_set   ble_advdata.o
    0x00020402   0x00000002   PAD
    0x00020404   0x00000170   Code   RO          564    i.ble_advertising_init  ble_advertising.o
    0x00020574   0x000000f8   Code   RO          565    i.ble_advertising_on_ble_evt  ble_advertising.o
    0x0002066c   0x0000004c   Code   RO          566    i.ble_advertising_on_sys_evt  ble_advertising.o
    0x000206b8   0x00000010   Code   RO          568    i.ble_advertising_peer_address_clear  ble_advertising.o
    0x000206c8   0x00000288   Code   RO          570    i.ble_advertising_start  ble_advertising.o
    0x00020950   0x00000070   Code   RO          658    i.ble_conn_params_init  ble_conn_params.o
    0x000209c0   0x0000003e   Code   RO          659    i.ble_conn_params_on_ble_evt  ble_conn_params.o
    0x000209fe   0x00000070   Code   RO          429    i.ble_device_addr_encode  ble_advdata.o
    0x00020a6e   0x00000002   PAD
    0x00020a70   0x00000024   Code   RO            6    i.ble_evt_dispatch  main.o
    0x00020a94   0x00000070   Code   RO         2232    i.ble_lbs_init      ble_lbs.o
    0x00020b04   0x0000003a   Code   RO         2233    i.ble_lbs_on_ble_evt  ble_lbs.o
    0x00020b3e   0x00000032   Code   RO         2234    i.ble_lbs_on_button_change  ble_lbs.o
    0x00020b70   0x000000b8   Code   RO            7    i.ble_stack_init    main.o
    0x00020c28   0x000000dc   Code   RO          299    i.bsp_button_event_handler  bsp.o
    0x00020d04   0x00000078   Code   RO            8    i.bsp_event_handler  main.o
    0x00020d7c   0x0000005c   Code   RO          304    i.bsp_event_to_button_action_assign  bsp.o
    0x00020dd8   0x00000020   Code   RO          305    i.bsp_indication_set  bsp.o
    0x00020df8   0x000000d0   Code   RO          307    i.bsp_init          bsp.o
    0x00020ec8   0x00000534   Code   RO          308    i.bsp_led_indication  bsp.o
    0x000213fc   0x00000040   Code   RO            9    i.bsp_module_init   main.o
    0x0002143c   0x00000050   Code   RO          309    i.bsp_wakeup_buttons_set  bsp.o
    0x0002148c   0x00000142   Code   RO         2235    i.button_char_add   ble_lbs.o
    0x000215ce   0x0000000e   Code   RO          310    i.button_timer_handler  bsp.o
    0x000215dc   0x00000020   Code   RO          913    i.channel_free      nrf_drv_gpiote.o
    0x000215fc   0x00000010   Code   RO          914    i.channel_handler_get  nrf_drv_gpiote.o
    0x0002160c   0x00000080   Code   RO          915    i.channel_port_alloc  nrf_drv_gpiote.o
    0x0002168c   0x0000000c   Code   RO          916    i.channel_port_get  nrf_drv_gpiote.o
    0x00021698   0x00000098   Code   RO         1878    i.compare_reg_update  app_timer.o
    0x00021730   0x0000005a   Code   RO          430    i.conn_int_check    ble_advdata.o
    0x0002178a   0x00000064   Code   RO          431    i.conn_int_encode   ble_advdata.o
    0x000217ee   0x00000002   PAD
    0x000217f0   0x00000024   Code   RO           10    i.conn_params_error_handler  main.o
    0x00021814   0x00000070   Code   RO           11    i.conn_params_init  main.o
    0x00021884   0x00000084   Code   RO          661    i.conn_params_negotiation  ble_conn_params.o
    0x00021908   0x0000008c   Code   RO         1718    i.detection_delay_timeout_handler  app_button.o
    0x00021994   0x00000064   Code   RO         1879    i.elapsed_ticks_acquire  app_timer.o
    0x000219f8   0x00000078   Code   RO         2318    i.errata_31         system_nrf52.o
    0x00021a70   0x0000003c   Code   RO         2319    i.errata_32         system_nrf52.o
    0x00021aac   0x00000078   Code   RO         2320    i.errata_36         system_nrf52.o
    0x00021b24   0x0000003c   Code   RO         2321    i.errata_37         system_nrf52.o
    0x00021b60   0x0000003c   Code   RO         2322    i.errata_66         system_nrf52.o
    0x00021b9c   0x0000006c   Code   RO         1880    i.expired_timers_handler  app_timer.o
    0x00021c08   0x00000036   Code   RO          432    i.flags_encode      ble_advdata.o
    0x00021c3e   0x00000002   PAD
    0x00021c40   0x000000a0   Code   RO           12    i.gap_params_init   main.o
    0x00021ce0   0x00000080   Code   RO         1719    i.gpiote_event_handler  app_button.o
    0x00021d60   0x000000b0   Code   RO         2164    i.intern_softdevice_events_execute  softdevice_handler.o
    0x00021e10   0x00000024   Code   RO          662    i.is_conn_params_ok  ble_conn_params.o
    0x00021e34   0x0000006a   Code   RO          433    i.le_role_encode    ble_advdata.o
    0x00021e9e   0x000000ee   Code   RO         2236    i.led_char_add      ble_lbs.o
    0x00021f8c   0x00000030   Code   RO           13    i.led_write_handler  main.o
    0x00021fbc   0x00000020   Code   RO          311    i.leds_timer_handler  bsp.o
    0x00021fdc   0x000000c8   Code   RO         1881    i.list_deletions_handler  app_timer.o
    0x000220a4   0x00000134   Code   RO         1882    i.list_insertions_handler  app_timer.o
    0x000221d8   0x00000064   Code   RO           14    i.main              main.o
    0x0002223c   0x00000076   Code   RO          434    i.manuf_specific_data_encode  ble_advdata.o
    0x000222b2   0x000000be   Code   RO          435    i.name_encode       ble_advdata.o
    0x00022370   0x00000018   Code   RO         1809    i.next_index        app_scheduler.o
    0x00022388   0x00000060   Code   RO          878    i.nrf_drv_common_irq_enable  nrf_drv_common.o
    0x000223e8   0x000000a4   Code   RO          919    i.nrf_drv_gpiote_in_event_enable  nrf_drv_gpiote.o
    0x0002248c   0x000000d8   Code   RO          920    i.nrf_drv_gpiote_in_init  nrf_drv_gpiote.o
    0x00022564   0x0000001c   Code   RO          921    i.nrf_drv_gpiote_in_is_set  nrf_drv_gpiote.o
    0x00022580   0x00000050   Code   RO          923    i.nrf_drv_gpiote_init  nrf_drv_gpiote.o
    0x000225d0   0x00000014   Code   RO          924    i.nrf_drv_gpiote_is_init  nrf_drv_gpiote.o
    0x000225e4   0x00000024   Code   RO          936    i.nrf_gpio_cfg      nrf_drv_gpiote.o
    0x00022608   0x00000024   Code   RO          938    i.nrf_gpio_cfg_sense_set  nrf_drv_gpiote.o
    0x0002262c   0x0000000c   Code   RO          941    i.nrf_gpiote_event_addr_get  nrf_drv_gpiote.o
    0x00022638   0x0000001c   Code   RO          942    i.nrf_gpiote_event_clear  nrf_drv_gpiote.o
    0x00022654   0x00000016   Code   RO          943    i.nrf_gpiote_event_is_set  nrf_drv_gpiote.o
    0x0002266a   0x00000002   PAD
    0x0002266c   0x0000000c   Code   RO          944    i.nrf_gpiote_int_enable  nrf_drv_gpiote.o
    0x00022678   0x0000000c   Code   RO         1167    i.nrf_uart_errorsrc_get_and_clear  nrf_drv_uart.o
    0x00022684   0x0000000e   Code   RO         1168    i.nrf_uart_event_check  nrf_drv_uart.o
    0x00022692   0x00000006   Code   RO         1169    i.nrf_uart_event_clear  nrf_drv_uart.o
    0x00022698   0x00000006   Code   RO         1171    i.nrf_uart_int_disable  nrf_drv_uart.o
    0x0002269e   0x00000006   Code   RO         1173    i.nrf_uart_task_trigger  nrf_drv_uart.o
    0x000226a4   0x0000000c   Code   RO         1175    i.nrf_uarte_errorsrc_get_and_clear  nrf_drv_uart.o
    0x000226b0   0x0000000e   Code   RO         1176    i.nrf_uarte_event_check  nrf_drv_uart.o
    0x000226be   0x00000006   Code   RO         1177    i.nrf_uarte_event_clear  nrf_drv_uart.o
    0x000226c4   0x0000000a   Code   RO         1179    i.nrf_uarte_rx_amount_get  nrf_drv_uart.o
    0x000226ce   0x00000002   PAD
    0x000226d0   0x00000048   Code   RO           15    i.on_adv_evt        main.o
    0x00022718   0x00000178   Code   RO           16    i.on_ble_evt        main.o
    0x00022890   0x00000040   Code   RO           17    i.on_conn_params_evt  main.o
    0x000228d0   0x0000001c   Code   RO          663    i.on_conn_params_update  ble_conn_params.o
    0x000228ec   0x0000003c   Code   RO          664    i.on_connect        ble_conn_params.o
    0x00022928   0x00000006   Code   RO         2237    i.on_connect        ble_lbs.o
    0x0002292e   0x00000002   PAD
    0x00022930   0x00000040   Code   RO          665    i.on_disconnect     ble_conn_params.o
    0x00022970   0x00000008   Code   RO         2238    i.on_disconnect     ble_lbs.o
    0x00022978   0x00000058   Code   RO          666    i.on_write          ble_conn_params.o
    0x000229d0   0x00000024   Code   RO         2239    i.on_write          ble_lbs.o
    0x000229f4   0x00000018   Code   RO          572    i.peer_address_exists  ble_advertising.o
    0x00022a0c   0x0000000c   Code   RO          945    i.pin_from_port_get  nrf_drv_gpiote.o
    0x00022a18   0x0000001c   Code   RO          946    i.pin_in_use_by_gpiote  nrf_drv_gpiote.o
    0x00022a34   0x00000018   Code   RO          947    i.pin_in_use_by_port  nrf_drv_gpiote.o
    0x00022a4c   0x00000020   Code   RO          948    i.pin_in_use_by_te  nrf_drv_gpiote.o
    0x00022a6c   0x0000000c   Code   RO          949    i.pin_in_use_clear  nrf_drv_gpiote.o
    0x00022a78   0x00000030   Code   RO           18    i.power_manage      main.o
    0x00022aa8   0x0000002c   Code   RO         1410    i.pstorage_access_status_get  pstorage.o
    0x00022ad4   0x0000000c   Code   RO         1883    i.rtc1_counter_get  app_timer.o
    0x00022ae0   0x00000018   Code   RO         1884    i.rtc1_init         app_timer.o
    0x00022af8   0x0000003c   Code   RO         1885    i.rtc1_start        app_timer.o
    0x00022b34   0x00000058   Code   RO         1886    i.rtc1_stop         app_timer.o
    0x00022b8c   0x00000038   Code   RO         1183    i.rx_byte           nrf_drv_uart.o
    0x00022bc4   0x0000002c   Code   RO         1184    i.rx_done_event     nrf_drv_uart.o
    0x00022bf0   0x00000040   Code   RO           19    i.scheduler_init    main.o
    0x00022c30   0x00000036   Code   RO          436    i.sec_mgr_oob_flags_encode  ble_advdata.o
    0x00022c66   0x00000002   PAD
    0x00022c68   0x0000003c   Code   RO           20    i.sec_params_init   main.o
    0x00022ca4   0x00000096   Code   RO          437    i.service_data_encode  ble_advdata.o
    0x00022d3a   0x00000002   PAD
    0x00022d3c   0x00000048   Code   RO           21    i.services_init     main.o
    0x00022d84   0x00000070   Code   RO           22    i.sleep_mode_enter  main.o
    0x00022df4   0x00000012   Code   RO         2165    i.softdevice_assertion_handler  softdevice_handler.o
    0x00022e06   0x00000002   PAD
    0x00022e08   0x00000014   Code   RO         2166    i.softdevice_ble_evt_handler_set  softdevice_handler.o
    0x00022e1c   0x00000064   Code   RO         2167    i.softdevice_handler_init  softdevice_handler.o
    0x00022e80   0x00000014   Code   RO         2169    i.softdevice_sys_evt_handler_set  softdevice_handler.o
    0x00022e94   0x0000000e   Code   RO          438    i.srdata_check      ble_advdata.o
    0x00022ea2   0x0000000c   Code   RO           23    i.sys_evt_dispatch  main.o
    0x00022eae   0x0000000a   Code   RO         1887    i.ticks_diff_get    app_timer.o
    0x00022eb8   0x00000078   Code   RO         1888    i.timeout_handler_exec  app_timer.o
    0x00022f30   0x00000058   Code   RO         1889    i.timer_list_handler  app_timer.o
    0x00022f88   0x0000000a   Code   RO         1890    i.timer_list_handler_sched  app_timer.o
    0x00022f92   0x00000002   PAD
    0x00022f94   0x000000ec   Code   RO         1891    i.timer_list_insert  app_timer.o
    0x00023080   0x000000d8   Code   RO         1892    i.timer_list_remove  app_timer.o
    0x00023158   0x00000058   Code   RO         1893    i.timer_start_op_schedule  app_timer.o
    0x000231b0   0x0000003c   Code   RO         1895    i.timer_stop_op_schedule  app_timer.o
    0x000231ec   0x000000a4   Code   RO         1896    i.timer_timeouts_check  app_timer.o
    0x00023290   0x0000000a   Code   RO         1897    i.timer_timeouts_check_sched  app_timer.o
    0x0002329a   0x00000002   PAD
    0x0002329c   0x00000048   Code   RO           24    i.timers_init       main.o
    0x000232e4   0x00000002   Code   RO           25    i.timers_start      main.o
    0x000232e6   0x00000046   Code   RO          439    i.tk_value_encode   ble_advdata.o
    0x0002332c   0x00000038   Code   RO         1186    i.tx_byte           nrf_drv_uart.o
    0x00023364   0x0000002c   Code   RO         1187    i.tx_done_event     nrf_drv_uart.o
    0x00023390   0x00000036   Code   RO          440    i.tx_power_level_encode  ble_advdata.o
    0x000233c6   0x0000000c   Code   RO          441    i.uint16_encode     ble_advdata.o
    0x000233d2   0x00000002   PAD
    0x000233d4   0x00000090   Code   RO          667    i.update_timeout_handler  ble_conn_params.o
    0x00023464   0x00000058   Code   RO         1898    i.user_id_get       app_timer.o
    0x000234bc   0x0000002e   Code   RO         1899    i.user_op_alloc     app_timer.o
    0x000234ea   0x00000004   Code   RO         1900    i.user_op_enque     app_timer.o
    0x000234ee   0x00000046   Code   RO          442    i.uuid_list_encode  ble_advdata.o
    0x00023534   0x000000d4   Code   RO          443    i.uuid_list_sized_encode  ble_advdata.o
    0x00023608   0x00000012   Code   RO          573    i.whitelist_has_entries  ble_advertising.o
    0x0002361a   0x00000002   PAD
    0x0002361c   0x00000004   Data   RO           27    .constdata          main.o
    0x00023620   0x00000030   Data   RO          313    .constdata          bsp.o
    0x00023650   0x00000004   Data   RO         1720    .constdata          app_button.o
    0x00023654   0x00000010   Data   RO         2240    .constdata          ble_lbs.o
    0x00023664   0x00000041   Data   RO         1810    .conststring        app_scheduler.o
    0x000236a5   0x00000003   PAD
    0x000236a8   0x00000057   Data   RO         2170    .conststring        softdevice_handler.o
    0x000236ff   0x00000001   PAD
    0x00023700   0x00000020   Data   RO         2407    Region$$Table       anon$$obj.o


    Execution Region RW_IRAM1 (Base: 0x20002800, Size: 0x00002928, Max: 0x00005800, ABSOLUTE, COMPRESSED[0x0000001c])

    Base Addr    Size         Type   Attr      Idx    E Section Name        Object

    0x20002800   0x00000029   Data   RW           28    .data               main.o
    0x20002829   0x00000003   PAD
    0x2000282c   0x00000021   Data   RW          314    .data               bsp.o
    0x2000284d   0x00000003   PAD
    0x20002850   0x00000020   Data   RW          575    .data               ble_advertising.o
    0x20002870   0x00000019   Data   RW          669    .data               ble_conn_params.o
    0x20002889   0x00000003   PAD
    0x2000288c   0x00000028   Data   RW         1445    .data               pstorage.o
    0x200028b4   0x00000018   Data   RW         1721    .data               app_button.o
    0x200028cc   0x0000000c   Data   RW         1779    .data               app_error.o
    0x200028d8   0x0000000e   Data   RW         1811    .data               app_scheduler.o
    0x200028e6   0x00000002   PAD
    0x200028e8   0x0000002a   Data   RW         1901    .data               app_timer.o
    0x20002912   0x00000002   PAD
    0x20002914   0x00000018   Data   RW         2171    .data               softdevice_handler.o
    0x2000292c   0x00000004   Data   RW         2323    .data               system_nrf52.o
    0x20002930   0x000003e8   Zero   RW           26    .bss                main.o
    0x20002d18   0x0000000c   Zero   RW          312    .bss                bsp.o
    0x20002d24   0x00000103   Zero   RW          574    .bss                ble_advertising.o
    0x20002e27   0x00000001   PAD
    0x20002e28   0x0000001c   Zero   RW          668    .bss                ble_conn_params.o
    0x20002e44   0x00000058   Zero   RW          950    .bss                nrf_drv_gpiote.o
    0x20002e9c   0x00000018   Zero   RW         1188    .bss                nrf_drv_uart.o
    0x20002eb4   0x00000274   Zero   RW         1443    .bss                pstorage.o
    0x20003128   0x00002000   Zero   RW         2306    STACK               arm_startup_nrf52.o


==============================================================================

Image component sizes


      Code (inc. data)   RO Data    RW Data    ZI Data      Debug   Object Name

       472         80          4         24          0       9166   app_button.o
        60         12          0         12          0       1852   app_error.o
       610         86         65         14          0      35762   app_scheduler.o
      3024        380          0         42          0      55787   app_timer.o
       144         70          0          0          0       2925   app_timer_appsh.o
         0          0          0          0          0       1404   app_uart.o
        36         10       1024          0       8192        888   arm_startup_nrf52.o
      2032          0          0          0          0      53208   ble_advdata.o
      1398        140          0         32        259      13725   ble_advertising.o
       726        122          0         25         28      15876   ble_conn_params.o
       830          6         16          0          0      22035   ble_lbs.o
      2046        160         48         33         12      48221   bsp.o
      1974        396          4         41       1000      69215   main.o
        96         12          0          0          0      28563   nrf_drv_common.o
      1282        126          0          0         88      26140   nrf_drv_gpiote.o
       770         48          0          0         24      21130   nrf_drv_uart.o
        44          8          0         40        628       7733   pstorage.o
       390         64         87         24          0      11301   softdevice_handler.o
       708         70          0          4          0      31238   system_nrf52.o

    ----------------------------------------------------------------------
     16678       1790       1284        304      10232     456169   Object Totals
         0          0         32          0          0          0   (incl. Generated)
        36          0          4         13          1          0   (incl. Padding)

    ----------------------------------------------------------------------

      Code (inc. data)   RO Data    RW Data    ZI Data      Debug   Library Member Name

        58          0          0          0          0          0   __dczerorl.o
         0          0          0          0          0          0   entry.o
         0          0          0          0          0          0   entry10a.o
         0          0          0          0          0          0   entry11a.o
         8          4          0          0          0          0   entry2.o
         4          0          0          0          0          0   entry5.o
         0          0          0          0          0          0   entry7b.o
         0          0          0          0          0          0   entry8b.o
         8          4          0          0          0          0   entry9a.o
        30          0          0          0          0          0   handlers.o
        36          8          0          0          0         68   init.o
        26          0          0          0          0         80   memcmp.o
        36          0          0          0          0         68   memcpya.o
        36          0          0          0          0        108   memseta.o

    ----------------------------------------------------------------------
       246         16          0          0          0        324   Library Totals
         4          0          0          0          0          0   (incl. Padding)

    ----------------------------------------------------------------------

      Code (inc. data)   RO Data    RW Data    ZI Data      Debug   Library Name

       242         16          0          0          0        324   mc_w.l

    ----------------------------------------------------------------------
       246         16          0          0          0        324   Library Totals

    ----------------------------------------------------------------------

==============================================================================


      Code (inc. data)   RO Data    RW Data    ZI Data      Debug   

     16924       1806       1284        304      10232     440273   Grand Totals
     16924       1806       1284         28      10232     440273   ELF Image Totals (compressed)
     16924       1806       1284         28          0          0   ROM Totals

==============================================================================

    Total RO  Size (Code + RO Data)                18208 (  17.78kB)
    Total RW  Size (RW Data + ZI Data)             10536 (  10.29kB)
    Total ROM Size (Code + RO Data + RW Data)      18236 (  17.81kB)

==============================================================================

