Archive member included to satisfy reference by file (symbol)

/usr/bin/../lib/gcc/arm-none-eabi/5.3.1/../../../../arm-none-eabi/lib/armv7e-m/fpu/libc_nano.a(lib_a-exit.o)
                              /usr/bin/../lib/gcc/arm-none-eabi/5.3.1/../../../../arm-none-eabi/lib/armv7e-m/fpu/crt0.o (exit)
/usr/bin/../lib/gcc/arm-none-eabi/5.3.1/../../../../arm-none-eabi/lib/armv7e-m/fpu/libc_nano.a(lib_a-impure.o)
                              /usr/bin/../lib/gcc/arm-none-eabi/5.3.1/../../../../arm-none-eabi/lib/armv7e-m/fpu/libc_nano.a(lib_a-exit.o) (_global_impure_ptr)
/usr/bin/../lib/gcc/arm-none-eabi/5.3.1/../../../../arm-none-eabi/lib/armv7e-m/fpu/libc_nano.a(lib_a-init.o)
                              /usr/bin/../lib/gcc/arm-none-eabi/5.3.1/../../../../arm-none-eabi/lib/armv7e-m/fpu/crt0.o (__libc_init_array)
/usr/bin/../lib/gcc/arm-none-eabi/5.3.1/../../../../arm-none-eabi/lib/armv7e-m/fpu/libc_nano.a(lib_a-memset.o)
                              /usr/bin/../lib/gcc/arm-none-eabi/5.3.1/../../../../arm-none-eabi/lib/armv7e-m/fpu/crt0.o (memset)
/usr/bin/../lib/gcc/arm-none-eabi/5.3.1/../../../../arm-none-eabi/lib/armv7e-m/fpu/libnosys.a(_exit.o)
                              /usr/bin/../lib/gcc/arm-none-eabi/5.3.1/../../../../arm-none-eabi/lib/armv7e-m/fpu/libc_nano.a(lib_a-exit.o) (_exit)
contiki-nrf52dk.a(er-coap-engine.)
                              obj_nrf52dk/res-door.o (coap_rest_implementation)
contiki-nrf52dk.a(er-coap-transac)
                              contiki-nrf52dk.a(er-coap-engine.) (coap_register_as_transaction_handler)
contiki-nrf52dk.a(er-coap-observe)
                              contiki-nrf52dk.a(er-coap-transac) (coap_remove_observer_by_client)
contiki-nrf52dk.a(er-coap-res-wel)
                              contiki-nrf52dk.a(er-coap-engine.) (res_well_known_core)
contiki-nrf52dk.a(er-coap-observe)
                              contiki-nrf52dk.a(er-coap-engine.) (coap_handle_notification)
contiki-nrf52dk.a(rest-engine.o)
                              authority.co (rest_init_engine)
contiki-nrf52dk.a(contiki-main.o)
                              /usr/bin/../lib/gcc/arm-none-eabi/5.3.1/../../../../arm-none-eabi/lib/armv7e-m/fpu/crt0.o (main)
contiki-nrf52dk.a(dbg-printf.o)
                              obj_nrf52dk/res-door.o (printf)
contiki-nrf52dk.a(dbg-snprintf.o)
                              obj_nrf52dk/res-door.o (snprintf)
contiki-nrf52dk.a(dbg-sprintf.o)
                              obj_nrf52dk/res-door.o (sprintf)
contiki-nrf52dk.a(strformat.o)
                              contiki-nrf52dk.a(dbg-printf.o) (format_str_v)
contiki-nrf52dk.a(clock.o)    contiki-nrf52dk.a(contiki-main.o) (clock_init)
contiki-nrf52dk.a(rtimer-arch.o)
                              contiki-nrf52dk.a(contiki-main.o) (rtimer_arch_now)
contiki-nrf52dk.a(uart0.o)    contiki-nrf52dk.a(contiki-main.o) (uart0_set_input)
contiki-nrf52dk.a(watchdog.o)
                              contiki-nrf52dk.a(contiki-main.o) (watchdog_init)
contiki-nrf52dk.a(ble-core.o)
                              contiki-nrf52dk.a(contiki-main.o) (ble_stack_init)
contiki-nrf52dk.a(ble-mac.o)  contiki-nrf52dk.a(contiki-main.o) (ble_event_interface_added)
contiki-nrf52dk.a(autostart.o)
                              contiki-nrf52dk.a(contiki-main.o) (autostart_start)
contiki-nrf52dk.a(ctimer.o)   contiki-nrf52dk.a(contiki-main.o) (ctimer_init)
contiki-nrf52dk.a(energest.o)
                              contiki-nrf52dk.a(contiki-main.o) (energest_init)
contiki-nrf52dk.a(etimer.o)   contiki-nrf52dk.a(clock.o) (etimer_request_poll)
contiki-nrf52dk.a(process.o)  contiki-nrf52dk.a(ble-mac.o) (process_alloc_event)
contiki-nrf52dk.a(rtimer.o)   contiki-nrf52dk.a(contiki-main.o) (rtimer_init)
contiki-nrf52dk.a(timer.o)    contiki-nrf52dk.a(etimer.o) (timer_set)
contiki-nrf52dk.a(leds.o)     contiki-nrf52dk.a(contiki-main.o) (leds_init)
contiki-nrf52dk.a(serial-line.o)
                              contiki-nrf52dk.a(contiki-main.o) (serial_line_input_byte)
contiki-nrf52dk.a(list.o)     contiki-nrf52dk.a(rest-engine.o) (list_init)
contiki-nrf52dk.a(memb.o)     contiki-nrf52dk.a(er-coap-transac) (memb_alloc)
contiki-nrf52dk.a(random.o)   contiki-nrf52dk.a(er-coap-transac) (random_rand)
contiki-nrf52dk.a(ringbuf.o)  contiki-nrf52dk.a(uart0.o) (ringbuf_init)
contiki-nrf52dk.a(sensors.o)  contiki-nrf52dk.a(contiki-main.o) (sensors_process)
contiki-nrf52dk.a(uip6.o)     contiki-nrf52dk.a(er-coap-engine.) (uip_aligned_buf)
contiki-nrf52dk.a(uip-ds6.o)  contiki-nrf52dk.a(uip6.o) (uip_ds6_addr_lookup)
contiki-nrf52dk.a(uip-ds6-nbr.o)
                              contiki-nrf52dk.a(uip-ds6.o) (uip_ds6_neighbors_init)
contiki-nrf52dk.a(uip-ds6-route.o)
                              contiki-nrf52dk.a(uip-ds6.o) (uip_ds6_route_init)
contiki-nrf52dk.a(uip-icmp6.o)
                              contiki-nrf52dk.a(uip6.o) (uip_icmp6_input)
contiki-nrf52dk.a(uip-nd6.o)  contiki-nrf52dk.a(uip-ds6-nbr.o) (uip_nd6_ns_output)
[...]
Memory Configuration

Name             Origin             Length             Attributes
FLASH            0x000000000001f000 0x0000000000061000 xr
RAM              0x0000000020002800 0x000000000000d800 xrw
*default*        0x0000000000000000 0xffffffffffffffff

Linker script and memory map

LOAD /usr/bin/../lib/gcc/arm-none-eabi/5.3.1/armv7e-m/fpu/crti.o
LOAD /usr/bin/../lib/gcc/arm-none-eabi/5.3.1/armv7e-m/fpu/crtbegin.o
LOAD /usr/bin/../lib/gcc/arm-none-eabi/5.3.1/../../../../arm-none-eabi/lib/armv7e-m/fpu/crt0.o
LOAD /usr/bin/../lib/gcc/arm-none-eabi/5.3.1/../../../../arm-none-eabi/lib/armv7e-m/fpu/libc_nano.a
LOAD /usr/bin/../lib/gcc/arm-none-eabi/5.3.1/../../../../arm-none-eabi/lib/armv7e-m/fpu/libnosys.a
LOAD authority.co
LOAD obj_nrf52dk/res-door.o
LOAD obj_nrf52dk/res-leds.o
LOAD contiki-nrf52dk.a
LOAD nrf52832.a
LOAD /home/johan/Downloads/nrf5_iot_sdk_3288530/components/iot/ble_6lowpan/lib/ble_6lowpan.a
START GROUP
LOAD /usr/bin/../lib/gcc/arm-none-eabi/5.3.1/armv7e-m/fpu/libgcc.a
LOAD /usr/bin/../lib/gcc/arm-none-eabi/5.3.1/../../../../arm-none-eabi/lib/armv7e-m/fpu/libc_nano.a
END GROUP
START GROUP
LOAD /usr/bin/../lib/gcc/arm-none-eabi/5.3.1/armv7e-m/fpu/libgcc.a
LOAD /usr/bin/../lib/gcc/arm-none-eabi/5.3.1/../../../../arm-none-eabi/lib/armv7e-m/fpu/libc_nano.a
END GROUP
LOAD /usr/bin/../lib/gcc/arm-none-eabi/5.3.1/armv7e-m/fpu/crtend.o
LOAD /usr/bin/../lib/gcc/arm-none-eabi/5.3.1/armv7e-m/fpu/crtn.o
START GROUP
LOAD /usr/bin/../lib/gcc/arm-none-eabi/5.3.1/armv7e-m/fpu/libgcc.a
LOAD /usr/bin/../lib/gcc/arm-none-eabi/5.3.1/../../../../arm-none-eabi/lib/armv7e-m/fpu/libc.a
LOAD /usr/bin/../lib/gcc/arm-none-eabi/5.3.1/../../../../arm-none-eabi/lib/armv7e-m/fpu/libnosys.a
END GROUP

.text           0x000000000001f000     0xa59c
 *(.Vectors)
 .Vectors       0x000000000001f000      0x400 nrf52832.a(gcc_startup_nrf)
                0x000000000001f000                __Vectors
 *(.text*)
 .text          0x000000000001f400       0x5c /usr/bin/../lib/gcc/arm-none-eabi/5.3.1/armv7e-m/fpu/crtbegin.o
 .text          0x000000000001f45c       0x74 /usr/bin/../lib/gcc/arm-none-eabi/5.3.1/../../../../arm-none-eabi/lib/armv7e-m/fpu/crt0.o
                0x000000000001f45c                _mainCRTStartup
                0x000000000001f45c                _start
 .text.exit     0x000000000001f4d0       0x28 /usr/bin/../lib/gcc/arm-none-eabi/5.3.1/../../../../arm-none-eabi/lib/armv7e-m/fpu/libc_nano.a(lib_a-exit.o)
                0x000000000001f4d0                exit
 .text.__libc_init_array
                0x000000000001f4f8       0x4c /usr/bin/../lib/gcc/arm-none-eabi/5.3.1/../../../../arm-none-eabi/lib/armv7e-m/fpu/libc_nano.a(lib_a-init.o)
                0x000000000001f4f8                __libc_init_array
 .text.memset   0x000000000001f544       0x10 /usr/bin/../lib/gcc/arm-none-eabi/5.3.1/../../../../arm-none-eabi/lib/armv7e-m/fpu/libc_nano.a(lib_a-memset.o)
                0x000000000001f544                memset
 .text._exit    0x000000000001f554        0x4 /usr/bin/../lib/gcc/arm-none-eabi/5.3.1/../../../../arm-none-eabi/lib/armv7e-m/fpu/libnosys.a(_exit.o)
                0x000000000001f554                _exit
 .text.process_thread_authority_process
                0x000000000001f558       0x34 authority.co
 .text.res_event_handler
                0x000000000001f58c       0x10 obj_nrf52dk/res-door.o
 .text.res_get_handler
                0x000000000001f59c       0x4c obj_nrf52dk/res-door.o
 .text.strcompare
                0x000000000001f5e8       0x3c obj_nrf52dk/res-door.o
                0x000000000001f5e8                strcompare
 .text.res_post_put_handler
                0x000000000001f624       0x94 obj_nrf52dk/res-door.o
 .text.coap_set_service_callback
                0x000000000001f6b8        0xc contiki-nrf52dk.a(er-coap-engine.)
                0x000000000001f6b8                coap_set_service_callback
 .text.coap_get_rest_method
                0x000000000001f6c4        0xe contiki-nrf52dk.a(er-coap-engine.)
                0x000000000001f6c4                coap_get_rest_method
 *fill*         0x000000000001f6d2        0x2 
 .text.process_thread_coap_engine
                0x000000000001f6d4      0x544 contiki-nrf52dk.a(er-coap-engine.)
 .text.coap_init_engine
                0x000000000001fc18        0xc contiki-nrf52dk.a(er-coap-engine.)
                0x000000000001fc18                coap_init_engine
 .text.coap_register_as_transaction_handler
                0x000000000001fc24       0x14 contiki-nrf52dk.a(er-coap-transac)
                0x000000000001fc24                coap_register_as_transaction_handler
 .text.coap_new_transaction
                0x000000000001fc38       0x44 contiki-nrf52dk.a(er-coap-transac)
                0x000000000001fc38                coap_new_transaction
 .text.coap_clear_transaction
                0x000000000001fc7c       0x2c contiki-nrf52dk.a(er-coap-transac)
                0x000000000001fc7c                coap_clear_transaction
 .text.coap_send_transaction
                0x000000000001fca8       0x98 contiki-nrf52dk.a(er-coap-transac)
                0x000000000001fca8                coap_send_transaction
 .text.coap_get_transaction_by_mid
                0x000000000001fd40       0x1c contiki-nrf52dk.a(er-coap-transac)
                0x000000000001fd40                coap_get_transaction_by_mid
 .text.coap_check_transactions
                0x000000000001fd5c       0x2c contiki-nrf52dk.a(er-coap-transac)
                0x000000000001fd5c                coap_check_transactions
 .text.coap_remove_observer
                0x000000000001fd88       0x20 contiki-nrf52dk.a(er-coap-observe)
                0x000000000001fd88                coap_remove_observer
 .text.coap_remove_observer_by_client
                0x000000000001fda8       0x3c contiki-nrf52dk.a(er-coap-observe)
                0x000000000001fda8                coap_remove_observer_by_client
 .text.coap_remove_observer_by_token
                0x000000000001fde4       0x58 contiki-nrf52dk.a(er-coap-observe)
                0x000000000001fde4                coap_remove_observer_by_token
 .text.coap_remove_observer_by_uri
                0x000000000001fe3c       0x60 contiki-nrf52dk.a(er-coap-observe)
                0x000000000001fe3c                coap_remove_observer_by_uri
 .text.coap_remove_observer_by_mid
                0x000000000001fe9c       0x48 contiki-nrf52dk.a(er-coap-observe)
                0x000000000001fe9c                coap_remove_observer_by_mid
 .text.coap_notify_observers_sub
                0x000000000001fee4      0x120 contiki-nrf52dk.a(er-coap-observe)
                0x000000000001fee4                coap_notify_observers_sub
 .text.coap_notify_observers
                0x0000000000020004        0x6 contiki-nrf52dk.a(er-coap-observe)
                0x0000000000020004                coap_notify_observers
 *fill*         0x000000000002000a        0x2 
 .text.coap_observe_handler
                0x000000000002000c       0xfc contiki-nrf52dk.a(er-coap-observe)
                0x000000000002000c                coap_observe_handler
 .text.well_known_core_get_handler
                0x0000000000020108      0x15c contiki-nrf52dk.a(er-coap-res-wel)
                0x0000000000020108                well_known_core_get_handler
 .text.classify_notification
                0x0000000000020264       0x54 contiki-nrf52dk.a(er-coap-observe)
 .text.simple_reply.isra.1
                0x00000000000202b8       0x38 contiki-nrf52dk.a(er-coap-observe)
 .text.coap_get_obs_subject_by_token
                0x00000000000202f0       0x40 contiki-nrf52dk.a(er-coap-observe)
                0x00000000000202f0                coap_get_obs_subject_by_token
 .text.coap_handle_notification
                0x0000000000020330       0xa8 contiki-nrf52dk.a(er-coap-observe)
                0x0000000000020330                coap_handle_notification
 .text.process_thread_rest_engine_process
                0x00000000000203d8       0x88 contiki-nrf52dk.a(rest-engine.o)
 .text.rest_invoke_restful_service
                0x0000000000020460       0xec contiki-nrf52dk.a(rest-engine.o)
                0x0000000000020460                rest_invoke_restful_service
 .text.rest_init_engine
                0x000000000002054c       0x40 contiki-nrf52dk.a(rest-engine.o)
                0x000000000002054c                rest_init_engine
 .text.rest_activate_resource
                0x000000000002058c       0x34 contiki-nrf52dk.a(rest-engine.o)
                0x000000000002058c                rest_activate_resource
 .text.rest_get_resources
                0x00000000000205c0        0x8 contiki-nrf52dk.a(rest-engine.o)
                0x00000000000205c0                rest_get_resources
 .text.sd_app_evt_wait
                0x00000000000205c8        0x4 contiki-nrf52dk.a(contiki-main.o)
 .text.process_thread_ble_iface_observer
                0x00000000000205cc       0x80 contiki-nrf52dk.a(contiki-main.o)
 .text.startup.main
                0x000000000002064c       0xfc contiki-nrf52dk.a(contiki-main.o)
                0x000000000002064c                main
 .text.write_str
                0x0000000000020748       0x10 contiki-nrf52dk.a(dbg-printf.o)
 .text.printf   0x0000000000020758       0x20 contiki-nrf52dk.a(dbg-printf.o)
                0x0000000000020758                printf
 .text.buffer_str
                0x0000000000020778       0x28 contiki-nrf52dk.a(dbg-snprintf.o)
 .text.vsnprintf
                0x00000000000207a0       0x28 contiki-nrf52dk.a(dbg-snprintf.o)
                0x00000000000207a0                vsnprintf
 .text.snprintf
                0x00000000000207c8       0x1a contiki-nrf52dk.a(dbg-snprintf.o)
                0x00000000000207c8                snprintf
 .text.buffer_str
                0x00000000000207e2       0x16 contiki-nrf52dk.a(dbg-sprintf.o)
 .text.sprintf  0x00000000000207f8       0x30 contiki-nrf52dk.a(dbg-sprintf.o)
                0x00000000000207f8                sprintf
 .text.fill_space
                0x0000000000020828       0x34 contiki-nrf52dk.a(strformat.o)
 .text.format_str_v
                0x000000000002085c      0x6c8 contiki-nrf52dk.a(strformat.o)
                0x000000000002085c                format_str_v
 .text.clock_init
                0x0000000000020f24       0x3c contiki-nrf52dk.a(clock.o)
                0x0000000000020f24                clock_init
 .text.clock_time
                0x0000000000020f60        0xc contiki-nrf52dk.a(clock.o)
                0x0000000000020f60                clock_time
 .text.clock_update
                0x0000000000020f6c       0x20 contiki-nrf52dk.a(clock.o)
                0x0000000000020f6c                clock_update
 .text.rtc_handler
                0x0000000000020f8c        0xa contiki-nrf52dk.a(clock.o)
 *fill*         0x0000000000020f96        0x2 
 .text.clock_seconds
                0x0000000000020f98        0xc contiki-nrf52dk.a(clock.o)
                0x0000000000020f98                clock_seconds
 .text.timer_event_handler
                0x0000000000020fa4        0xc contiki-nrf52dk.a(rtimer-arch.o)
 .text.rtimer_arch_init
                0x0000000000020fb0       0x28 contiki-nrf52dk.a(rtimer-arch.o)
                0x0000000000020fb0                rtimer_arch_init
 .text.rtimer_arch_schedule
                0x0000000000020fd8       0x10 contiki-nrf52dk.a(rtimer-arch.o)
                0x0000000000020fd8                rtimer_arch_schedule
 .text.rtimer_arch_now
                0x0000000000020fe8        0xc contiki-nrf52dk.a(rtimer-arch.o)
                0x0000000000020fe8                rtimer_arch_now
 .text.uart_event_handler
                0x0000000000020ff4       0x84 contiki-nrf52dk.a(uart0.o)
 .text.uart0_set_input
                0x0000000000021078        0xc contiki-nrf52dk.a(uart0.o)
                0x0000000000021078                uart0_set_input
 .text.uart0_writeb
                0x0000000000021084       0x30 contiki-nrf52dk.a(uart0.o)
                0x0000000000021084                uart0_writeb
 .text.uart0_init
                0x00000000000210b4       0x54 contiki-nrf52dk.a(uart0.o)
                0x00000000000210b4                uart0_init
 .text.wdt_event_handler
                0x0000000000021108       0x14 contiki-nrf52dk.a(watchdog.o)
 .text.watchdog_init
                0x000000000002111c       0x38 contiki-nrf52dk.a(watchdog.o)
                0x000000000002111c                watchdog_init
 .text.watchdog_start
                0x0000000000021154       0x10 contiki-nrf52dk.a(watchdog.o)
                0x0000000000021154                watchdog_start
 .text.watchdog_periodic
                0x0000000000021164       0x18 contiki-nrf52dk.a(watchdog.o)
                0x0000000000021164                watchdog_periodic
 .text.sd_ble_gap_address_set
                0x000000000002117c        0x4 contiki-nrf52dk.a(ble-core.o)
 .text.sd_ble_gap_address_get
                0x0000000000021180        0x4 contiki-nrf52dk.a(ble-core.o)
 .text.sd_ble_gap_adv_start
                0x0000000000021184        0x4 contiki-nrf52dk.a(ble-core.o)
 .text.sd_ble_gap_device_name_set
                0x0000000000021188        0x4 contiki-nrf52dk.a(ble-core.o)
 .text.sd_ble_gap_rssi_start
                0x000000000002118c        0x4 contiki-nrf52dk.a(ble-core.o)
 .text.sd_ble_enable
                0x0000000000021190        0x4 contiki-nrf52dk.a(ble-core.o)
 .text.ble_stack_init
                0x0000000000021194       0x70 contiki-nrf52dk.a(ble-core.o)
                0x0000000000021194                ble_stack_init
 .text.ble_get_mac
                0x0000000000021204       0x56 contiki-nrf52dk.a(ble-core.o)
                0x0000000000021204                ble_get_mac
 *fill*         0x000000000002125a        0x2 
 .text.ble_advertising_init
                0x000000000002125c       0x94 contiki-nrf52dk.a(ble-core.o)
                0x000000000002125c                ble_advertising_init
 .text.ble_advertising_start
                0x00000000000212f0       0x1c contiki-nrf52dk.a(ble-core.o)
                0x00000000000212f0                ble_advertising_start
 .text.ble_evt_dispatch
                0x000000000002130c       0x2a contiki-nrf52dk.a(ble-core.o)
 .text.sd_ble_gap_rssi_get
                0x0000000000021336        0x4 contiki-nrf52dk.a(ble-mac.o)
 .text.sd_app_evt_wait
                0x000000000002133a        0x4 contiki-nrf52dk.a(ble-mac.o)
 .text.on       0x000000000002133e        0x4 contiki-nrf52dk.a(ble-mac.o)
 .text.off      0x0000000000021342        0x4 contiki-nrf52dk.a(ble-mac.o)
 .text.channel_check_interval
                0x0000000000021346        0x4 contiki-nrf52dk.a(ble-mac.o)
 *fill*         0x000000000002134a        0x2 
 .text.process_thread_ble_ipsp_process
                0x000000000002134c       0x68 contiki-nrf52dk.a(ble-mac.o)
 .text.send_to_peer
                0x00000000000213b4       0x20 contiki-nrf52dk.a(ble-mac.o)
 .text.send_packet
                0x00000000000213d4       0x80 contiki-nrf52dk.a(ble-mac.o)
 .text.init     0x0000000000021454       0x50 contiki-nrf52dk.a(ble-mac.o)
 .text.ble_mac_ipsp_evt_handler_irq
                0x00000000000214a4      0x128 contiki-nrf52dk.a(ble-mac.o)
 .text.autostart_start
                0x00000000000215cc       0x14 contiki-nrf52dk.a(autostart.o)
                0x00000000000215cc                autostart_start
 .text.process_thread_ctimer_process
                0x00000000000215e0       0x80 contiki-nrf52dk.a(ctimer.o)
 .text.ctimer_init
                0x0000000000021660       0x28 contiki-nrf52dk.a(ctimer.o)
                0x0000000000021660                ctimer_init
 .text.energest_init
                0x0000000000021688       0x2c contiki-nrf52dk.a(energest.o)
                0x0000000000021688                energest_init
 .text.update_time
                0x00000000000216b4       0x44 contiki-nrf52dk.a(etimer.o)
 .text.etimer_request_poll
                0x00000000000216f8        0xc contiki-nrf52dk.a(etimer.o)
                0x00000000000216f8                etimer_request_poll
 .text.process_thread_etimer_process
                0x0000000000021704       0xac contiki-nrf52dk.a(etimer.o)
 .text.add_timer
                0x00000000000217b0       0x40 contiki-nrf52dk.a(etimer.o)
 .text.etimer_set
                0x00000000000217f0       0x12 contiki-nrf52dk.a(etimer.o)
                0x00000000000217f0                etimer_set
 .text.etimer_reset
                0x0000000000021802       0x12 contiki-nrf52dk.a(etimer.o)
                0x0000000000021802                etimer_reset
 .text.etimer_restart
                0x0000000000021814       0x12 contiki-nrf52dk.a(etimer.o)
                0x0000000000021814                etimer_restart
 .text.etimer_expired
                0x0000000000021826        0xa contiki-nrf52dk.a(etimer.o)
                0x0000000000021826                etimer_expired
 .text.etimer_pending
                0x0000000000021830       0x10 contiki-nrf52dk.a(etimer.o)
                0x0000000000021830                etimer_pending
 .text.etimer_stop
                0x0000000000021840       0x34 contiki-nrf52dk.a(etimer.o)
                0x0000000000021840                etimer_stop
 .text.call_process.part.0
                0x0000000000021874       0x38 contiki-nrf52dk.a(process.o)
 .text.call_process
                0x00000000000218ac        0xc contiki-nrf52dk.a(process.o)
 .text.exit_process
                0x00000000000218b8       0x80 contiki-nrf52dk.a(process.o)
 .text.do_poll  0x0000000000021938       0x34 contiki-nrf52dk.a(process.o)
 .text.process_alloc_event
                0x000000000002196c       0x10 contiki-nrf52dk.a(process.o)
                0x000000000002196c                process_alloc_event
 .text.process_init
                0x000000000002197c       0x30 contiki-nrf52dk.a(process.o)
                0x000000000002197c                process_init
 .text.process_run
                0x00000000000219ac       0xa4 contiki-nrf52dk.a(process.o)
                0x00000000000219ac                process_run
 .text.process_post
                0x0000000000021a50       0x3c contiki-nrf52dk.a(process.o)
                0x0000000000021a50                process_post
 .text.process_post_synch
                0x0000000000021a8c       0x14 contiki-nrf52dk.a(process.o)
                0x0000000000021a8c                process_post_synch
 .text.process_start
                0x0000000000021aa0       0x30 contiki-nrf52dk.a(process.o)
                0x0000000000021aa0                process_start
 .text.process_poll
                0x0000000000021ad0       0x18 contiki-nrf52dk.a(process.o)
                0x0000000000021ad0                process_poll
 .text.rtimer_init
                0x0000000000021ae8        0x4 contiki-nrf52dk.a(rtimer.o)
                0x0000000000021ae8                rtimer_init
 .text.rtimer_run_next
                0x0000000000021aec       0x28 contiki-nrf52dk.a(rtimer.o)
                0x0000000000021aec                rtimer_run_next
 .text.timer_set
                0x0000000000021b14        0xe contiki-nrf52dk.a(timer.o)
                0x0000000000021b14                timer_set
 .text.timer_reset
                0x0000000000021b22        0xa contiki-nrf52dk.a(timer.o)
                0x0000000000021b22                timer_reset
 .text.timer_restart
                0x0000000000021b2c        0xc contiki-nrf52dk.a(timer.o)
                0x0000000000021b2c                timer_restart
 .text.timer_expired
                0x0000000000021b38       0x1c contiki-nrf52dk.a(timer.o)
                0x0000000000021b38                timer_expired
 .text.show_leds
                0x0000000000021b54       0xc8 contiki-nrf52dk.a(leds.o)
 .text.leds_init
                0x0000000000021c1c       0x14 contiki-nrf52dk.a(leds.o)
                0x0000000000021c1c                leds_init
 .text.leds_get
                0x0000000000021c30        0x4 contiki-nrf52dk.a(leds.o)
                0x0000000000021c30                leds_get
 .text.leds_set
                0x0000000000021c34        0x4 contiki-nrf52dk.a(leds.o)
                0x0000000000021c34                leds_set
 .text.leds_on  0x0000000000021c38       0x10 contiki-nrf52dk.a(leds.o)
                0x0000000000021c38                leds_on
 .text.leds_off
                0x0000000000021c48       0x10 contiki-nrf52dk.a(leds.o)
                0x0000000000021c48                leds_off
 .text.leds_toggle
                0x0000000000021c58       0x10 contiki-nrf52dk.a(leds.o)
                0x0000000000021c58                leds_toggle
 .text.process_thread_serial_line_process
                0x0000000000021c68       0x9c contiki-nrf52dk.a(serial-line.o)
 .text.serial_line_input_byte
                0x0000000000021d04       0x44 contiki-nrf52dk.a(serial-line.o)
                0x0000000000021d04                serial_line_input_byte
 .text.serial_line_init
                0x0000000000021d48       0x24 contiki-nrf52dk.a(serial-line.o)
                0x0000000000021d48                serial_line_init
 .text.list_init
                0x0000000000021d6c        0x6 contiki-nrf52dk.a(list.o)
                0x0000000000021d6c                list_init
 .text.list_head
                0x0000000000021d72        0x4 contiki-nrf52dk.a(list.o)
                0x0000000000021d72                list_head
 .text.list_tail
                0x0000000000021d76       0x10 contiki-nrf52dk.a(list.o)
                0x0000000000021d76                list_tail
 .text.list_remove
                0x0000000000021d86       0x26 contiki-nrf52dk.a(list.o)
                0x0000000000021d86                list_remove
 .text.list_add
                0x0000000000021dac       0x1a contiki-nrf52dk.a(list.o)
                0x0000000000021dac                list_add
 .text.list_push
                0x0000000000021dc6       0x10 contiki-nrf52dk.a(list.o)
                0x0000000000021dc6                list_push
 .text.list_length
                0x0000000000021dd6        0xe contiki-nrf52dk.a(list.o)
                0x0000000000021dd6                list_length
 .text.list_item_next
                0x0000000000021de4        0x6 contiki-nrf52dk.a(list.o)
                0x0000000000021de4                list_item_next
 .text.memb_init
                0x0000000000021dea       0x20 contiki-nrf52dk.a(memb.o)
                0x0000000000021dea                memb_init
 .text.memb_alloc
                0x0000000000021e0a       0x28 contiki-nrf52dk.a(memb.o)
                0x0000000000021e0a                memb_alloc
 .text.memb_free
                0x0000000000021e32       0x2c contiki-nrf52dk.a(memb.o)
                0x0000000000021e32                memb_free
 .text.memb_inmemb
                0x0000000000021e5e       0x1c contiki-nrf52dk.a(memb.o)
                0x0000000000021e5e                memb_inmemb
 .text.random_rand
                0x0000000000021e7a       0x36 contiki-nrf52dk.a(random.o)
                0x0000000000021e7a                random_rand
 .text.random_init
                0x0000000000021eb0       0x18 contiki-nrf52dk.a(random.o)
                0x0000000000021eb0                random_init
 .text.ringbuf_init
                0x0000000000021ec8        0xe contiki-nrf52dk.a(ringbuf.o)
                0x0000000000021ec8                ringbuf_init
 .text.ringbuf_put
                0x0000000000021ed6       0x26 contiki-nrf52dk.a(ringbuf.o)
                0x0000000000021ed6                ringbuf_put
 .text.ringbuf_get
                0x0000000000021efc       0x20 contiki-nrf52dk.a(ringbuf.o)
                0x0000000000021efc                ringbuf_get
 .text.ringbuf_elements
                0x0000000000021f1c        0xc contiki-nrf52dk.a(ringbuf.o)
                0x0000000000021f1c                ringbuf_elements
 .text.process_thread_sensors_process
                0x0000000000021f28       0xdc contiki-nrf52dk.a(sensors.o)
 .text.sensors_changed
                0x0000000000022004       0x40 contiki-nrf52dk.a(sensors.o)
                0x0000000000022004                sensors_changed
 .text.chksum   0x0000000000022044       0x38 contiki-nrf52dk.a(uip6.o)
 .text.upper_layer_chksum
                0x000000000002207c       0x54 contiki-nrf52dk.a(uip6.o)
 .text.ext_hdr_options_process
                0x00000000000220d0       0xa0 contiki-nrf52dk.a(uip6.o)
 .text.uip_icmp6chksum
                0x0000000000022170        0x6 contiki-nrf52dk.a(uip6.o)
                0x0000000000022170                uip_icmp6chksum
 .text.uip_udpchksum
                0x0000000000022176        0x6 contiki-nrf52dk.a(uip6.o)
                0x0000000000022176                uip_udpchksum
 .text.uip_init
                0x000000000002217c       0x3c contiki-nrf52dk.a(uip6.o)
                0x000000000002217c                uip_init
 .text.remove_ext_hdr
                0x00000000000221b8       0x50 contiki-nrf52dk.a(uip6.o)
                0x00000000000221b8                remove_ext_hdr
 .text.uip_udp_new
                0x0000000000022208       0xc4 contiki-nrf52dk.a(uip6.o)
                0x0000000000022208                uip_udp_new
 .text.uip_process
                0x00000000000222cc      0x358 contiki-nrf52dk.a(uip6.o)
                0x00000000000222cc                uip_process
 .text.uip_htons
                0x0000000000022624        0x6 contiki-nrf52dk.a(uip6.o)
                0x0000000000022624                uip_htons
 .text.uip_htonl
                0x000000000002262a       0x12 contiki-nrf52dk.a(uip6.o)
                0x000000000002262a                uip_htonl
 .text.uip_ds6_list_loop
                0x000000000002263c       0x48 contiki-nrf52dk.a(uip-ds6.o)
                0x000000000002263c                uip_ds6_list_loop
 .text.uip_ds6_prefix_add
                0x0000000000022684       0x68 contiki-nrf52dk.a(uip-ds6.o)
                0x0000000000022684                uip_ds6_prefix_add
 .text.uip_ds6_prefix_rm
                0x00000000000226ec        0x8 contiki-nrf52dk.a(uip-ds6.o)
                0x00000000000226ec                uip_ds6_prefix_rm
 .text.uip_ds6_prefix_lookup
                0x00000000000226f4       0x28 contiki-nrf52dk.a(uip-ds6.o)
                0x00000000000226f4                uip_ds6_prefix_lookup
 .text.uip_ds6_is_addr_onlink
                0x000000000002271c       0x40 contiki-nrf52dk.a(uip-ds6.o)
                0x000000000002271c                uip_ds6_is_addr_onlink
 .text.uip_ds6_addr_lookup
                0x000000000002275c       0x2c contiki-nrf52dk.a(uip-ds6.o)
                0x000000000002275c                uip_ds6_addr_lookup
 .text.uip_ds6_get_link_local
                0x0000000000022788       0x40 contiki-nrf52dk.a(uip-ds6.o)
                0x0000000000022788                uip_ds6_get_link_local
 .text.uip_ds6_maddr_add
                0x00000000000227c8       0x4c contiki-nrf52dk.a(uip-ds6.o)
                0x00000000000227c8                uip_ds6_maddr_add
 .text.uip_ds6_addr_add
                0x0000000000022814       0x94 contiki-nrf52dk.a(uip-ds6.o)
                0x0000000000022814                uip_ds6_addr_add
 .text.uip_ds6_maddr_rm
                0x00000000000228a8        0x8 contiki-nrf52dk.a(uip-ds6.o)
                0x00000000000228a8                uip_ds6_maddr_rm
 .text.uip_ds6_maddr_lookup
                0x00000000000228b0       0x2c contiki-nrf52dk.a(uip-ds6.o)
                0x00000000000228b0                uip_ds6_maddr_lookup
 .text.uip_ds6_addr_rm
                0x00000000000228dc       0x44 contiki-nrf52dk.a(uip-ds6.o)
                0x00000000000228dc                uip_ds6_addr_rm
 .text.uip_ds6_periodic
                0x0000000000022920       0x88 contiki-nrf52dk.a(uip-ds6.o)
                0x0000000000022920                uip_ds6_periodic
 .text.uip_ds6_set_addr_iid
                0x00000000000229a8       0x16 contiki-nrf52dk.a(uip-ds6.o)
                0x00000000000229a8                uip_ds6_set_addr_iid
 .text.get_match_length
                0x00000000000229be       0x3e contiki-nrf52dk.a(uip-ds6.o)
                0x00000000000229be                get_match_length
 .text.uip_ds6_select_src
                0x00000000000229fc       0x94 contiki-nrf52dk.a(uip-ds6.o)
                0x00000000000229fc                uip_ds6_select_src
 .text.uip_ds6_send_rs
                0x0000000000022a90       0x3c contiki-nrf52dk.a(uip-ds6.o)
                0x0000000000022a90                uip_ds6_send_rs
 .text.uip_ds6_compute_reachable_time
                0x0000000000022acc       0x2c contiki-nrf52dk.a(uip-ds6.o)
                0x0000000000022acc                uip_ds6_compute_reachable_time
 .text.uip_ds6_init
                0x0000000000022af8       0xd0 contiki-nrf52dk.a(uip-ds6.o)
                0x0000000000022af8                uip_ds6_init
 .text.uip_ds6_nbr_rm
                0x0000000000022bc8       0x14 contiki-nrf52dk.a(uip-ds6-nbr.o)
                0x0000000000022bc8                uip_ds6_nbr_rm
 .text.uip_ds6_neighbors_init
                0x0000000000022bdc       0x14 contiki-nrf52dk.a(uip-ds6-nbr.o)
                0x0000000000022bdc                uip_ds6_neighbors_init
 .text.uip_ds6_nbr_add
                0x0000000000022bf0       0x58 contiki-nrf52dk.a(uip-ds6-nbr.o)
                0x0000000000022bf0                uip_ds6_nbr_add
 .text.uip_ds6_nbr_get_ll
                0x0000000000022c48       0x10 contiki-nrf52dk.a(uip-ds6-nbr.o)
                0x0000000000022c48                uip_ds6_nbr_get_ll
 .text.uip_ds6_nbr_lookup
                0x0000000000022c58       0x38 contiki-nrf52dk.a(uip-ds6-nbr.o)
                0x0000000000022c58                uip_ds6_nbr_lookup
 .text.uip_ds6_nbr_ll_lookup
                0x0000000000022c90       0x10 contiki-nrf52dk.a(uip-ds6-nbr.o)
                0x0000000000022c90                uip_ds6_nbr_ll_lookup
 .text.uip_ds6_nbr_ipaddr_from_lladdr
                0x0000000000022ca0        0x4 contiki-nrf52dk.a(uip-ds6-nbr.o)
                0x0000000000022ca0                uip_ds6_nbr_ipaddr_from_lladdr
 .text.uip_ds6_link_neighbor_callback
                0x0000000000022ca4       0x18 contiki-nrf52dk.a(uip-ds6-nbr.o)
                0x0000000000022ca4                uip_ds6_link_neighbor_callback
 .text.uip_ds6_neighbor_periodic
                0x0000000000022cbc       0xf8 contiki-nrf52dk.a(uip-ds6-nbr.o)
                0x0000000000022cbc                uip_ds6_neighbor_periodic
 .text.call_route_callback
                0x0000000000022db4       0x50 contiki-nrf52dk.a(uip-ds6-route.o)
 .text.uip_ds6_route_init
                0x0000000000022e04       0x4c contiki-nrf52dk.a(uip-ds6-route.o)
                0x0000000000022e04                uip_ds6_route_init
 .text.uip_ds6_route_nexthop
                0x0000000000022e50       0x1c contiki-nrf52dk.a(uip-ds6-route.o)
                0x0000000000022e50                uip_ds6_route_nexthop
 .text.uip_ds6_route_head
                0x0000000000022e6c        0xc contiki-nrf52dk.a(uip-ds6-route.o)
                0x0000000000022e6c                uip_ds6_route_head
 .text.uip_ds6_route_next
                0x0000000000022e78        0x8 contiki-nrf52dk.a(uip-ds6-route.o)
                0x0000000000022e78                uip_ds6_route_next
 .text.uip_ds6_route_lookup
                0x0000000000022e80       0x60 contiki-nrf52dk.a(uip-ds6-route.o)
                0x0000000000022e80                uip_ds6_route_lookup
 .text.uip_ds6_route_rm
                0x0000000000022ee0       0x9c contiki-nrf52dk.a(uip-ds6-route.o)
                0x0000000000022ee0                uip_ds6_route_rm
 .text.rm_routelist
                0x0000000000022f7c       0x30 contiki-nrf52dk.a(uip-ds6-route.o)
 .text.rm_routelist_callback
                0x0000000000022fac        0x4 contiki-nrf52dk.a(uip-ds6-route.o)
 .text.uip_ds6_defrt_rm
                0x0000000000022fb0       0x44 contiki-nrf52dk.a(uip-ds6-route.o)
                0x0000000000022fb0                uip_ds6_defrt_rm
 .text.uip_ds6_defrt_lookup
                0x0000000000022ff4       0x2c contiki-nrf52dk.a(uip-ds6-route.o)
                0x0000000000022ff4                uip_ds6_defrt_lookup
 .text.uip_ds6_defrt_add
                0x0000000000023020       0x64 contiki-nrf52dk.a(uip-ds6-route.o)
                0x0000000000023020                uip_ds6_defrt_add
 .text.uip_ds6_defrt_choose
                0x0000000000023084       0x30 contiki-nrf52dk.a(uip-ds6-route.o)
                0x0000000000023084                uip_ds6_defrt_choose
 .text.uip_ds6_defrt_periodic
                0x00000000000230b4       0x30 contiki-nrf52dk.a(uip-ds6-route.o)
                0x00000000000230b4                uip_ds6_defrt_periodic
 .text.echo_reply_input
                0x00000000000230e4       0xa0 contiki-nrf52dk.a(uip-icmp6.o)
 .text.echo_request_input
                0x0000000000023184       0xcc contiki-nrf52dk.a(uip-icmp6.o)
 .text.uip_icmp6_input
                0x0000000000023250       0x38 contiki-nrf52dk.a(uip-icmp6.o)
                0x0000000000023250                uip_icmp6_input
 .text.uip_icmp6_register_input_handler
                0x0000000000023288        0xc contiki-nrf52dk.a(uip-icmp6.o)
                0x0000000000023288                uip_icmp6_register_input_handler
 .text.uip_icmp6_error_output
                0x0000000000023294      0x158 contiki-nrf52dk.a(uip-icmp6.o)
                0x0000000000023294                uip_icmp6_error_output
 .text.uip_icmp6_init
                0x00000000000233ec       0x1c contiki-nrf52dk.a(uip-icmp6.o)
                0x00000000000233ec                uip_icmp6_init
 .text.create_llao
                0x0000000000023408       0x28 contiki-nrf52dk.a(uip-nd6.o)
 .text.ra_input
                0x0000000000023430      0x358 contiki-nrf52dk.a(uip-nd6.o)
                0x0000000000023430                ra_input
 .text.na_input
                0x0000000000023788      0x1ec contiki-nrf52dk.a(uip-nd6.o)
 .text.ns_input
                0x0000000000023974      0x240 contiki-nrf52dk.a(uip-nd6.o)
 .text.uip_nd6_ns_output
                0x0000000000023bb4      0x148 contiki-nrf52dk.a(uip-nd6.o)
                0x0000000000023bb4                uip_nd6_ns_output
 .text.uip_nd6_rs_output
                0x0000000000023cfc       0xac contiki-nrf52dk.a(uip-nd6.o)
                0x0000000000023cfc                uip_nd6_rs_output
 .text.uip_nd6_init
                0x0000000000023da8       0x24 contiki-nrf52dk.a(uip-nd6.o)
                0x0000000000023da8                uip_nd6_init
 .text.tcpip_output
                0x0000000000023dcc       0x10 contiki-nrf52dk.a(tcpip.o)
                0x0000000000023dcc                tcpip_output
 .text.tcpip_set_outputfunc
                0x0000000000023ddc        0xc contiki-nrf52dk.a(tcpip.o)
                0x0000000000023ddc                tcpip_set_outputfunc
 .text.udp_new  0x0000000000023de8       0x18 contiki-nrf52dk.a(tcpip.o)
                0x0000000000023de8                udp_new
 .text.tcpip_icmp6_call
                0x0000000000023e00       0x28 contiki-nrf52dk.a(tcpip.o)
                0x0000000000023e00                tcpip_icmp6_call
 .text.tcpip_input
                0x0000000000023e28       0x24 contiki-nrf52dk.a(tcpip.o)
                0x0000000000023e28                tcpip_input
 .text.tcpip_ipv6_output
                0x0000000000023e4c      0x104 contiki-nrf52dk.a(tcpip.o)
                0x0000000000023e4c                tcpip_ipv6_output
 .text.process_thread_tcpip_process
                0x0000000000023f50       0xf0 contiki-nrf52dk.a(tcpip.o)
 .text.tcpip_uipcall
                0x0000000000024040       0x2c contiki-nrf52dk.a(tcpip.o)
                0x0000000000024040                tcpip_uipcall
 .text.uip_debug_ipaddr_print
                0x000000000002406c       0xa4 contiki-nrf52dk.a(uip-debug.o)
                0x000000000002406c                uip_debug_ipaddr_print
 .text.uip_debug_lladdr_print
                0x0000000000024110       0x38 contiki-nrf52dk.a(uip-debug.o)
                0x0000000000024110                uip_debug_lladdr_print
 .text.linkaddr_copy
                0x0000000000024148        0x6 contiki-nrf52dk.a(linkaddr.o)
                0x0000000000024148                linkaddr_copy
 .text.linkaddr_cmp
                0x000000000002414e       0x10 contiki-nrf52dk.a(linkaddr.o)
                0x000000000002414e                linkaddr_cmp
 *fill*         0x000000000002415e        0x2 
 .text.linkaddr_set_node_addr
                0x0000000000024160        0xc contiki-nrf52dk.a(linkaddr.o)
                0x0000000000024160                linkaddr_set_node_addr
 .text.item_from_index
                0x000000000002416c       0x14 contiki-nrf52dk.a(nbr-table.o)
 .text.index_from_key
                0x0000000000024180       0x20 contiki-nrf52dk.a(nbr-table.o)
 .text.index_from_item
                0x00000000000241a0       0x16 contiki-nrf52dk.a(nbr-table.o)
 .text.nbr_set_bit
                0x00000000000241b6       0x38 contiki-nrf52dk.a(nbr-table.o)
 *fill*         0x00000000000241ee        0x2 
 .text.index_from_lladdr
                0x00000000000241f0       0x40 contiki-nrf52dk.a(nbr-table.o)
 .text.nbr_get_bit.constprop.0
                0x0000000000024230       0x2c contiki-nrf52dk.a(nbr-table.o)
 .text.nbr_table_register
                0x000000000002425c       0x28 contiki-nrf52dk.a(nbr-table.o)
                0x000000000002425c                nbr_table_register
 .text.nbr_table_next
                0x0000000000024284       0x48 contiki-nrf52dk.a(nbr-table.o)
                0x0000000000024284                nbr_table_next
 .text.nbr_table_head
                0x00000000000242cc       0x38 contiki-nrf52dk.a(nbr-table.o)
                0x00000000000242cc                nbr_table_head
 .text.nbr_table_add_lladdr
                0x0000000000024304      0x11c contiki-nrf52dk.a(nbr-table.o)
                0x0000000000024304                nbr_table_add_lladdr
 .text.nbr_table_get_from_lladdr
                0x0000000000024420       0x26 contiki-nrf52dk.a(nbr-table.o)
                0x0000000000024420                nbr_table_get_from_lladdr
 *fill*         0x0000000000024446        0x2 
 .text.nbr_table_remove
                0x0000000000024448       0x2c contiki-nrf52dk.a(nbr-table.o)
                0x0000000000024448                nbr_table_remove
 .text.nbr_table_get_lladdr
                0x0000000000024474       0x24 contiki-nrf52dk.a(nbr-table.o)
                0x0000000000024474                nbr_table_get_lladdr
 .text.netstack_init
                0x0000000000024498       0x38 contiki-nrf52dk.a(netstack.o)
                0x0000000000024498                netstack_init
 .text.packetbuf_hdrreduce
                0x00000000000244d0       0x28 contiki-nrf52dk.a(packetbuf.o)
                0x00000000000244d0                packetbuf_hdrreduce
 .text.packetbuf_set_datalen
                0x00000000000244f8        0xc contiki-nrf52dk.a(packetbuf.o)
                0x00000000000244f8                packetbuf_set_datalen
 .text.packetbuf_dataptr
                0x0000000000024504       0x14 contiki-nrf52dk.a(packetbuf.o)
                0x0000000000024504                packetbuf_dataptr
 .text.packetbuf_hdrptr
                0x0000000000024518       0x14 contiki-nrf52dk.a(packetbuf.o)
                0x0000000000024518                packetbuf_hdrptr
 .text.packetbuf_datalen
                0x000000000002452c        0xc contiki-nrf52dk.a(packetbuf.o)
                0x000000000002452c                packetbuf_datalen
 .text.packetbuf_hdrlen
                0x0000000000024538       0x1c contiki-nrf52dk.a(packetbuf.o)
                0x0000000000024538                packetbuf_hdrlen
 .text.packetbuf_totlen
                0x0000000000024554       0x14 contiki-nrf52dk.a(packetbuf.o)
                0x0000000000024554                packetbuf_totlen
 .text.packetbuf_hdralloc
                0x0000000000024568       0x28 contiki-nrf52dk.a(packetbuf.o)
                0x0000000000024568                packetbuf_hdralloc
 .text.packetbuf_attr_clear
                0x0000000000024590       0x38 contiki-nrf52dk.a(packetbuf.o)
                0x0000000000024590                packetbuf_attr_clear
 .text.packetbuf_clear
                0x00000000000245c8       0x30 contiki-nrf52dk.a(packetbuf.o)
                0x00000000000245c8                packetbuf_clear
 .text.packetbuf_copyfrom
                0x00000000000245f8       0x30 contiki-nrf52dk.a(packetbuf.o)
                0x00000000000245f8                packetbuf_copyfrom
 .text.packetbuf_attr_copyfrom
                0x0000000000024628       0x24 contiki-nrf52dk.a(packetbuf.o)
                0x0000000000024628                packetbuf_attr_copyfrom
 .text.packetbuf_set_attr
                0x000000000002464c       0x10 contiki-nrf52dk.a(packetbuf.o)
                0x000000000002464c                packetbuf_set_attr
 .text.packetbuf_attr
                0x000000000002465c        0xc contiki-nrf52dk.a(packetbuf.o)
                0x000000000002465c                packetbuf_attr
 .text.packetbuf_set_addr
                0x0000000000024668       0x18 contiki-nrf52dk.a(packetbuf.o)
                0x0000000000024668                packetbuf_set_addr
 .text.packetbuf_addr
                0x0000000000024680       0x10 contiki-nrf52dk.a(packetbuf.o)
                0x0000000000024680                packetbuf_addr
 .text.packetbuf_holds_broadcast
                0x0000000000024690       0x10 contiki-nrf52dk.a(packetbuf.o)
                0x0000000000024690                packetbuf_holds_broadcast
 .text.mac_call_sent_callback
                0x00000000000246a0       0x18 contiki-nrf52dk.a(mac.o)
                0x00000000000246a0                mac_call_sent_callback
 .text.on       0x00000000000246b8        0xc contiki-nrf52dk.a(nullrdc.o)
 .text.channel_check_interval
                0x00000000000246c4        0x4 contiki-nrf52dk.a(nullrdc.o)
 .text.init     0x00000000000246c8        0x4 contiki-nrf52dk.a(nullrdc.o)
 .text.send_one_packet
                0x00000000000246cc       0x68 contiki-nrf52dk.a(nullrdc.o)
 .text.send_list
                0x0000000000024734       0x20 contiki-nrf52dk.a(nullrdc.o)
 .text.send_packet
                0x0000000000024754        0x4 contiki-nrf52dk.a(nullrdc.o)
 .text.off      0x0000000000024758       0x18 contiki-nrf52dk.a(nullrdc.o)
 .text.packet_input
                0x0000000000024770       0x44 contiki-nrf52dk.a(nullrdc.o)
 .text.init     0x00000000000247b4        0x2 contiki-nrf52dk.a(nullsec.o)
 *fill*         0x00000000000247b6        0x2 
 .text.input    0x00000000000247b8        0xc contiki-nrf52dk.a(nullsec.o)
 .text.send     0x00000000000247c4       0x20 contiki-nrf52dk.a(nullsec.o)
 .text.coap_parse_int_option
                0x00000000000247e4       0x16 contiki-nrf52dk.a(er-coap.o)
 .text.coap_merge_multi_option
                0x00000000000247fa       0x32 contiki-nrf52dk.a(er-coap.o)
 .text.coap_get_variable
                0x000000000002482c       0x6a contiki-nrf52dk.a(er-coap.o)
 *fill*         0x0000000000024896        0x2 
 .text.coap_set_option_header
                0x0000000000024898       0x84 contiki-nrf52dk.a(er-coap.o)
 .text.coap_serialize_int_option
                0x000000000002491c       0x78 contiki-nrf52dk.a(er-coap.o)
 .text.coap_serialize_array_option
                0x0000000000024994       0xe8 contiki-nrf52dk.a(er-coap.o)
 .text.coap_init_connection
                0x0000000000024a7c       0x38 contiki-nrf52dk.a(er-coap.o)
                0x0000000000024a7c                coap_init_connection
 .text.coap_get_mid
                0x0000000000024ab4       0x10 contiki-nrf52dk.a(er-coap.o)
                0x0000000000024ab4                coap_get_mid
 .text.coap_init_message
                0x0000000000024ac4       0x1a contiki-nrf52dk.a(er-coap.o)
                0x0000000000024ac4                coap_init_message
 *fill*         0x0000000000024ade        0x2 
 .text.coap_serialize_message
                0x0000000000024ae0      0x58c contiki-nrf52dk.a(er-coap.o)
                0x0000000000024ae0                coap_serialize_message
 .text.coap_send_message
                0x000000000002506c       0x58 contiki-nrf52dk.a(er-coap.o)
                0x000000000002506c                coap_send_message
 .text.coap_parse_message
                0x00000000000250c4      0x4a8 contiki-nrf52dk.a(er-coap.o)
                0x00000000000250c4                coap_parse_message
 .text.coap_get_query_variable
                0x000000000002556c       0x1c contiki-nrf52dk.a(er-coap.o)
                0x000000000002556c                coap_get_query_variable
 .text.coap_get_post_variable
                0x0000000000025588       0x22 contiki-nrf52dk.a(er-coap.o)
                0x0000000000025588                coap_get_post_variable
 .text.coap_set_status_code
                0x00000000000255aa        0xc contiki-nrf52dk.a(er-coap.o)
                0x00000000000255aa                coap_set_status_code
 .text.coap_set_token
                0x00000000000255b6       0x16 contiki-nrf52dk.a(er-coap.o)
                0x00000000000255b6                coap_set_token
 .text.coap_get_header_content_format
                0x00000000000255cc       0x18 contiki-nrf52dk.a(er-coap.o)
                0x00000000000255cc                coap_get_header_content_format
 .text.coap_set_header_content_format
                0x00000000000255e4        0xe contiki-nrf52dk.a(er-coap.o)
                0x00000000000255e4                coap_set_header_content_format
 .text.coap_get_header_accept
                0x00000000000255f2       0x1a contiki-nrf52dk.a(er-coap.o)
                0x00000000000255f2                coap_get_header_accept
 .text.coap_get_header_max_age
                0x000000000002560c       0x10 contiki-nrf52dk.a(er-coap.o)
                0x000000000002560c                coap_get_header_max_age
 .text.coap_set_header_max_age
                0x000000000002561c        0xe contiki-nrf52dk.a(er-coap.o)
                0x000000000002561c                coap_set_header_max_age
 .text.coap_set_header_etag
                0x000000000002562a       0x22 contiki-nrf52dk.a(er-coap.o)
                0x000000000002562a                coap_set_header_etag
 .text.coap_get_header_if_match
                0x000000000002564c       0x1c contiki-nrf52dk.a(er-coap.o)
                0x000000000002564c                coap_get_header_if_match
 .text.coap_get_header_if_none_match
                0x0000000000025668        0x8 contiki-nrf52dk.a(er-coap.o)
                0x0000000000025668                coap_get_header_if_none_match
 .text.coap_get_header_uri_host
                0x0000000000025670       0x18 contiki-nrf52dk.a(er-coap.o)
                0x0000000000025670                coap_get_header_uri_host
 .text.coap_get_header_uri_path
                0x0000000000025688       0x18 contiki-nrf52dk.a(er-coap.o)
                0x0000000000025688                coap_get_header_uri_path
 .text.coap_set_header_uri_path
                0x00000000000256a0       0x20 contiki-nrf52dk.a(er-coap.o)
                0x00000000000256a0                coap_set_header_uri_path
 .text.coap_get_header_uri_query
                0x00000000000256c0       0x16 contiki-nrf52dk.a(er-coap.o)
                0x00000000000256c0                coap_get_header_uri_query
 .text.coap_set_header_location_query
                0x00000000000256d6       0x20 contiki-nrf52dk.a(er-coap.o)
                0x00000000000256d6                coap_set_header_location_query
 .text.coap_set_header_location_path
                0x00000000000256f6       0x46 contiki-nrf52dk.a(er-coap.o)
                0x00000000000256f6                coap_set_header_location_path
 .text.coap_get_header_observe
                0x000000000002573c       0x18 contiki-nrf52dk.a(er-coap.o)
                0x000000000002573c                coap_get_header_observe
 .text.coap_set_header_observe
                0x0000000000025754        0xe contiki-nrf52dk.a(er-coap.o)
                0x0000000000025754                coap_set_header_observe
 .text.coap_get_header_block2
                0x0000000000025762       0x32 contiki-nrf52dk.a(er-coap.o)
                0x0000000000025762                coap_get_header_block2
 .text.coap_set_header_block2
                0x0000000000025794       0x32 contiki-nrf52dk.a(er-coap.o)
                0x0000000000025794                coap_set_header_block2
 .text.coap_get_header_size2
                0x00000000000257c6       0x1a contiki-nrf52dk.a(er-coap.o)
                0x00000000000257c6                coap_get_header_size2
 .text.coap_set_header_size2
                0x00000000000257e0       0x10 contiki-nrf52dk.a(er-coap.o)
                0x00000000000257e0                coap_set_header_size2
 .text.coap_get_payload
                0x00000000000257f0       0x12 contiki-nrf52dk.a(er-coap.o)
                0x00000000000257f0                coap_get_payload
 .text.coap_set_payload
                0x0000000000025802       0x12 contiki-nrf52dk.a(er-coap.o)
                0x0000000000025802                coap_set_payload
 .text.leds_arch_init
                0x0000000000025814       0x3c contiki-nrf52dk.a(leds-arch.o)
                0x0000000000025814                leds_arch_init
 .text.leds_arch_get
                0x0000000000025850       0x10 contiki-nrf52dk.a(leds-arch.o)
                0x0000000000025850                leds_arch_get
 .text.leds_arch_set
                0x0000000000025860       0x22 contiki-nrf52dk.a(leds-arch.o)
                0x0000000000025860                leds_arch_set
 *fill*         0x0000000000025882        0x2 
 .text.config   0x0000000000025884       0x80 contiki-nrf52dk.a(button-sensor.o)
 .text.config_button_4
                0x0000000000025904        0x6 contiki-nrf52dk.a(button-sensor.o)
 .text.config_button_3
                0x000000000002590a        0x6 contiki-nrf52dk.a(button-sensor.o)
 .text.config_button_2
                0x0000000000025910        0x6 contiki-nrf52dk.a(button-sensor.o)
 .text.config_button_1
                0x0000000000025916        0x6 contiki-nrf52dk.a(button-sensor.o)
 .text.gpiote_event_handler
                0x000000000002591c       0x54 contiki-nrf52dk.a(button-sensor.o)
 .text.status_button_3
                0x0000000000025970       0x18 contiki-nrf52dk.a(button-sensor.o)
 .text.value    0x0000000000025988       0x28 contiki-nrf52dk.a(button-sensor.o)
 .text.value_button_4
                0x00000000000259b0        0x6 contiki-nrf52dk.a(button-sensor.o)
 .text.value_button_3
                0x00000000000259b6        0x6 contiki-nrf52dk.a(button-sensor.o)
 .text.value_button_2
                0x00000000000259bc        0x6 contiki-nrf52dk.a(button-sensor.o)
 .text.value_button_1
                0x00000000000259c2        0x6 contiki-nrf52dk.a(button-sensor.o)
 .text.status_button_4
                0x00000000000259c8       0x18 contiki-nrf52dk.a(button-sensor.o)
 .text.status_button_1
                0x00000000000259e0       0x18 contiki-nrf52dk.a(button-sensor.o)
 .text.status_button_2
                0x00000000000259f8       0x18 contiki-nrf52dk.a(button-sensor.o)
 .text.sd_temp_get
                0x0000000000025a10        0x4 contiki-nrf52dk.a(temperature-sen)
 .text.value    0x0000000000025a14       0x12 contiki-nrf52dk.a(temperature-sen)
 .text.configure
                0x0000000000025a26        0x4 contiki-nrf52dk.a(temperature-sen)
 .text.status   0x0000000000025a2a        0x4 contiki-nrf52dk.a(temperature-sen)
 .text.dbg_send_bytes
                0x0000000000025a2e       0x20 contiki-nrf52dk.a(dbg.o)
                0x0000000000025a2e                dbg_send_bytes
 .text.stimer_set
                0x0000000000025a4e        0xe contiki-nrf52dk.a(stimer.o)
                0x0000000000025a4e                stimer_set
 .text.stimer_expired
                0x0000000000025a5c       0x20 contiki-nrf52dk.a(stimer.o)
                0x0000000000025a5c                stimer_expired
 .text.stimer_remaining
                0x0000000000025a7c       0x10 contiki-nrf52dk.a(stimer.o)
                0x0000000000025a7c                stimer_remaining
 .text.prepare  0x0000000000025a8c        0x4 contiki-nrf52dk.a(nullradio.o)
 .text.transmit
                0x0000000000025a90        0x4 contiki-nrf52dk.a(nullradio.o)
 .text.radio_read
                0x0000000000025a94        0x4 contiki-nrf52dk.a(nullradio.o)
 .text.channel_clear
                0x0000000000025a98        0x4 contiki-nrf52dk.a(nullradio.o)
 .text.off      0x0000000000025a9c        0x4 contiki-nrf52dk.a(nullradio.o)
 .text.get_value
                0x0000000000025aa0        0x4 contiki-nrf52dk.a(nullradio.o)
 .text.set_value
                0x0000000000025aa4        0x4 contiki-nrf52dk.a(nullradio.o)
 .text.set_object
                0x0000000000025aa8        0x4 contiki-nrf52dk.a(nullradio.o)
 .text.get_object
                0x0000000000025aac        0x4 contiki-nrf52dk.a(nullradio.o)
 .text.send     0x0000000000025ab0        0x4 contiki-nrf52dk.a(nullradio.o)
 .text.init     0x0000000000025ab4        0x4 contiki-nrf52dk.a(nullradio.o)
 .text.receiving_packet
                0x0000000000025ab8        0x4 contiki-nrf52dk.a(nullradio.o)
 .text.pending_packet
                0x0000000000025abc        0x4 contiki-nrf52dk.a(nullradio.o)
 .text.on       0x0000000000025ac0        0x4 contiki-nrf52dk.a(nullradio.o)
 .text.sicslowpan_init
                0x0000000000025ac4       0x24 contiki-nrf52dk.a(sicslowpan.o)
                0x0000000000025ac4                sicslowpan_init
 .text.set_packet_attrs
                0x0000000000025ae8       0x40 contiki-nrf52dk.a(sicslowpan.o)
 .text.compress_addr_64
                0x0000000000025b28       0x90 contiki-nrf52dk.a(sicslowpan.o)
 .text.addr_context_lookup_by_prefix
                0x0000000000025bb8       0x24 contiki-nrf52dk.a(sicslowpan.o)
 .text.output   0x0000000000025bdc      0x4ac contiki-nrf52dk.a(sicslowpan.o)
 .text.packet_sent
                0x0000000000026088       0x24 contiki-nrf52dk.a(sicslowpan.o)
 .text.uncompress_addr
                0x00000000000260ac       0x90 contiki-nrf52dk.a(sicslowpan.o)
 .text.input    0x000000000002613c      0x460 contiki-nrf52dk.a(sicslowpan.o)
 .text.uip_udp_packet_send
                0x000000000002659c       0x38 contiki-nrf52dk.a(uip-udp-packet.)
                0x000000000002659c                uip_udp_packet_send
 .text.queuebuf_to_packetbuf
                0x00000000000265d4       0x30 contiki-nrf52dk.a(queuebuf.o)
                0x00000000000265d4                queuebuf_to_packetbuf
 .text.hdr_length
                0x0000000000026604        0x4 contiki-nrf52dk.a(framer-nullmac.)
 .text.parse    0x0000000000026608       0x2c contiki-nrf52dk.a(framer-nullmac.)
 .text.create   0x0000000000026634       0x34 contiki-nrf52dk.a(framer-nullmac.)
 .text.nrf_gpio_cfg_sense_set
                0x0000000000026668       0x20 nrf52832.a(nrf_drv_gpiote.)
 .text.channel_free
                0x0000000000026688       0x1c nrf52832.a(nrf_drv_gpiote.)
 .text.nrf_drv_gpiote_init
                0x00000000000266a4       0x54 nrf52832.a(nrf_drv_gpiote.)
                0x00000000000266a4                nrf_drv_gpiote_init
 .text.nrf_drv_gpiote_is_init
                0x00000000000266f8       0x14 nrf52832.a(nrf_drv_gpiote.)
                0x00000000000266f8                nrf_drv_gpiote_is_init
 .text.nrf_drv_gpiote_in_init
                0x000000000002670c       0xd0 nrf52832.a(nrf_drv_gpiote.)
                0x000000000002670c                nrf_drv_gpiote_in_init
 .text.nrf_drv_gpiote_in_event_enable
                0x00000000000267dc       0x98 nrf52832.a(nrf_drv_gpiote.)
                0x00000000000267dc                nrf_drv_gpiote_in_event_enable
 .text.nrf_drv_gpiote_in_event_disable
                0x0000000000026874       0x44 nrf52832.a(nrf_drv_gpiote.)
                0x0000000000026874                nrf_drv_gpiote_in_event_disable
 .text.nrf_drv_gpiote_in_is_set
                0x00000000000268b8       0x12 nrf52832.a(nrf_drv_gpiote.)
                0x00000000000268b8                nrf_drv_gpiote_in_is_set
 *fill*         0x00000000000268ca        0x2 
 .text.GPIOTE_IRQHandler
                0x00000000000268cc      0x12c nrf52832.a(nrf_drv_gpiote.)
                0x00000000000268cc                GPIOTE_IRQHandler
 .text.nrf_rtc_event_clear
                0x00000000000269f8       0x10 nrf52832.a(nrf_drv_rtc.o)
 .text.nrf_drv_rtc_init
                0x0000000000026a08       0x64 nrf52832.a(nrf_drv_rtc.o)
                0x0000000000026a08                nrf_drv_rtc_init
 .text.nrf_drv_rtc_enable
                0x0000000000026a6c       0x18 nrf52832.a(nrf_drv_rtc.o)
                0x0000000000026a6c                nrf_drv_rtc_enable
 .text.nrf_drv_rtc_tick_enable
                0x0000000000026a84       0x22 nrf52832.a(nrf_drv_rtc.o)
                0x0000000000026a84                nrf_drv_rtc_tick_enable
 *fill*         0x0000000000026aa6        0x2 
 .text.RTC1_IRQHandler
                0x0000000000026aa8       0xa0 nrf52832.a(nrf_drv_rtc.o)
                0x0000000000026aa8                RTC1_IRQHandler
 .text.nrf_drv_timer_init
                0x0000000000026b48       0xa8 nrf52832.a(nrf_drv_timer.o)
                0x0000000000026b48                nrf_drv_timer_init
 .text.nrf_drv_timer_enable
                0x0000000000026bf0       0x14 nrf52832.a(nrf_drv_timer.o)
                0x0000000000026bf0                nrf_drv_timer_enable
 .text.nrf_drv_timer_capture
                0x0000000000026c04       0x1c nrf52832.a(nrf_drv_timer.o)
                0x0000000000026c04                nrf_drv_timer_capture
 .text.nrf_drv_timer_compare
                0x0000000000026c20       0x22 nrf52832.a(nrf_drv_timer.o)
                0x0000000000026c20                nrf_drv_timer_compare
 *fill*         0x0000000000026c42        0x2 
 .text.TIMER1_IRQHandler
                0x0000000000026c44       0x54 nrf52832.a(nrf_drv_timer.o)
                0x0000000000026c44                TIMER1_IRQHandler
 .text.sd_nvic_critical_region_enter
                0x0000000000026c98        0x4 nrf52832.a(nrf_drv_wdt.o)
 .text.sd_nvic_critical_region_exit
                0x0000000000026c9c        0x4 nrf52832.a(nrf_drv_wdt.o)
 .text.WDT_IRQHandler
                0x0000000000026ca0       0x24 nrf52832.a(nrf_drv_wdt.o)
                0x0000000000026ca0                WDT_IRQHandler
 .text.nrf_drv_wdt_init
                0x0000000000026cc4       0x50 nrf52832.a(nrf_drv_wdt.o)
                0x0000000000026cc4                nrf_drv_wdt_init
 .text.nrf_drv_wdt_enable
                0x0000000000026d14       0x1c nrf52832.a(nrf_drv_wdt.o)
                0x0000000000026d14                nrf_drv_wdt_enable
 .text.nrf_drv_wdt_channel_alloc
                0x0000000000026d30       0xb4 nrf52832.a(nrf_drv_wdt.o)
                0x0000000000026d30                nrf_drv_wdt_channel_alloc
 .text.nrf_drv_wdt_channel_feed
                0x0000000000026de4       0x18 nrf52832.a(nrf_drv_wdt.o)
                0x0000000000026de4                nrf_drv_wdt_channel_feed
 .text.sd_rand_application_bytes_available_get
                0x0000000000026dfc        0x4 nrf52832.a(nrf_drv_rng.o)
 .text.sd_rand_application_vector_get
                0x0000000000026e00        0x4 nrf52832.a(nrf_drv_rng.o)
 .text.sd_softdevice_is_enabled
                0x0000000000026e04        0x4 nrf52832.a(nrf_drv_rng.o)
 .text.nrf_drv_rng_init
                0x0000000000026e08       0x2c nrf52832.a(nrf_drv_rng.o)
                0x0000000000026e08                nrf_drv_rng_init
 .text.nrf_drv_rng_bytes_available
                0x0000000000026e34        0x4 nrf52832.a(nrf_drv_rng.o)
                0x0000000000026e34                nrf_drv_rng_bytes_available
 .text.nrf_drv_rng_rand
                0x0000000000026e38        0x4 nrf52832.a(nrf_drv_rng.o)
                0x0000000000026e38                nrf_drv_rng_rand
 .text.tx_byte  0x0000000000026e3c       0x2c nrf52832.a(nrf_drv_uart.o)
 .text.rx_byte  0x0000000000026e68       0x2c nrf52832.a(nrf_drv_uart.o)
 .text.rx_done_event
                0x0000000000026e94       0x28 nrf52832.a(nrf_drv_uart.o)
 .text.tx_done_event
                0x0000000000026ebc       0x28 nrf52832.a(nrf_drv_uart.o)
 .text.nrf_drv_uart_init
                0x0000000000026ee4       0xf4 nrf52832.a(nrf_drv_uart.o)
                0x0000000000026ee4                nrf_drv_uart_init
 .text.nrf_drv_uart_tx
                0x0000000000026fd8       0xe0 nrf52832.a(nrf_drv_uart.o)
                0x0000000000026fd8                nrf_drv_uart_tx
 .text.nrf_drv_uart_rx
                0x00000000000270b8       0xfc nrf52832.a(nrf_drv_uart.o)
                0x00000000000270b8                nrf_drv_uart_rx
 .text.nrf_drv_uart_rx_enable
                0x00000000000271b4       0x24 nrf52832.a(nrf_drv_uart.o)
                0x00000000000271b4                nrf_drv_uart_rx_enable
 .text.UARTE0_UART0_IRQHandler
                0x00000000000271d8      0x188 nrf52832.a(nrf_drv_uart.o)
                0x00000000000271d8                UARTE0_UART0_IRQHandler
 .text.app_error_handler
                0x0000000000027360       0x20 nrf52832.a(app_error.o)
                0x0000000000027360                app_error_handler
 .text.sd_nvic_EnableIRQ
                0x0000000000027380        0x4 nrf52832.a(softdevice_hand)
 .text.sd_evt_get
                0x0000000000027384        0x4 nrf52832.a(softdevice_hand)
 .text.sd_softdevice_enable
                0x0000000000027388        0x4 nrf52832.a(softdevice_hand)
 .text.sd_ble_evt_get
                0x000000000002738c        0x4 nrf52832.a(softdevice_hand)
 .text.softdevice_assertion_handler
                0x0000000000027390        0xc nrf52832.a(softdevice_hand)
                0x0000000000027390                softdevice_assertion_handler
 .text.intern_softdevice_events_execute
                0x000000000002739c       0xac nrf52832.a(softdevice_hand)
                0x000000000002739c                intern_softdevice_events_execute
 .text.softdevice_handler_init
                0x0000000000027448       0x6c nrf52832.a(softdevice_hand)
                0x0000000000027448                softdevice_handler_init
 .text.softdevice_ble_evt_handler_set
                0x00000000000274b4       0x14 nrf52832.a(softdevice_hand)
                0x00000000000274b4                softdevice_ble_evt_handler_set
 .text.SWI2_EGU2_IRQHandler
                0x00000000000274c8       0x28 nrf52832.a(softdevice_hand)
                0x00000000000274c8                SWI2_EGU2_IRQHandler
 .text.sd_ble_gap_address_get
                0x00000000000274f0        0x4 nrf52832.a(ble_advdata.o)
 .text.sd_ble_gap_adv_data_set
                0x00000000000274f4        0x4 nrf52832.a(ble_advdata.o)
 .text.sd_ble_gap_appearance_get
                0x00000000000274f8        0x4 nrf52832.a(ble_advdata.o)
 .text.sd_ble_gap_device_name_get
                0x00000000000274fc        0x4 nrf52832.a(ble_advdata.o)
 .text.sd_ble_uuid_encode
                0x0000000000027500        0x4 nrf52832.a(ble_advdata.o)
 .text.uuid_list_sized_encode
                0x0000000000027504       0xa6 nrf52832.a(ble_advdata.o)
 .text.uuid_list_encode
                0x00000000000275aa       0x34 nrf52832.a(ble_advdata.o)
 .text.adv_data_encode
                0x00000000000275de      0x446 nrf52832.a(ble_advdata.o)
                0x00000000000275de                adv_data_encode
 .text.ble_advdata_set
                0x0000000000027a24       0x66 nrf52832.a(ble_advdata.o)
                0x0000000000027a24                ble_advdata_set
 *fill*         0x0000000000027a8a        0x2 
 .text          0x0000000000027a8c       0x44 nrf52832.a(gcc_startup_nrf)
                0x0000000000027a8c                Reset_Handler
                0x0000000000027abc                NMI_Handler
                0x0000000000027abe                HardFault_Handler
                0x0000000000027ac0                MemoryManagement_Handler
                0x0000000000027ac2                BusFault_Handler
                0x0000000000027ac4                UsageFault_Handler
                0x0000000000027ac6                SVC_Handler
                0x0000000000027ac8                PendSV_Handler
                0x0000000000027aca                SysTick_Handler
                0x0000000000027acc                TIMER2_IRQHandler
                0x0000000000027acc                RTC0_IRQHandler
                0x0000000000027acc                SWI0_EGU0_IRQHandler
                0x0000000000027acc                PWM1_IRQHandler
                0x0000000000027acc                POWER_CLOCK_IRQHandler
                0x0000000000027acc                RADIO_IRQHandler
                0x0000000000027acc                PDM_IRQHandler
                0x0000000000027acc                TEMP_IRQHandler
                0x0000000000027acc                QDEC_IRQHandler
                0x0000000000027acc                TIMER3_IRQHandler
                0x0000000000027acc                SPIM0_SPIS0_TWIM0_TWIS0_SPI0_TWI0_IRQHandler
                0x0000000000027acc                TIMER4_IRQHandler
                0x0000000000027acc                I2S_IRQHandler
                0x0000000000027acc                SWI4_EGU4_IRQHandler
                0x0000000000027acc                TIMER0_IRQHandler
                0x0000000000027acc                PWM2_IRQHandler
                0x0000000000027acc                ECB_IRQHandler
                0x0000000000027acc                SPIM1_SPIS1_TWIM1_TWIS1_SPI1_TWI1_IRQHandler
                0x0000000000027acc                Default_Handler
                0x0000000000027acc                SAADC_IRQHandler
                0x0000000000027acc                CCM_AAR_IRQHandler
                0x0000000000027acc                SWI5_EGU5_IRQHandler
                0x0000000000027acc                RNG_IRQHandler
                0x0000000000027acc                RTC2_IRQHandler
                0x0000000000027acc                PWM0_IRQHandler
                0x0000000000027acc                SWI3_EGU3_IRQHandler
                0x0000000000027acc                SWI1_EGU1_IRQHandler
                0x0000000000027acc                SPIM2_SPIS2_SPI2_IRQHandler
                0x0000000000027acc                NFCT_IRQHandler
                0x0000000000027acc                MWU_IRQHandler
                0x0000000000027acc                COMP_LPCOMP_IRQHandler
 .text.nrf_drv_common_irq_enable
                0x0000000000027ad0       0x4c nrf52832.a(nrf_drv_common.)
                0x0000000000027ad0                nrf_drv_common_irq_enable
 .text.ftpan_36
                0x0000000000027b1c       0x40 nrf52832.a(system_nrf52.o)
 .text.SystemInit
                0x0000000000027b5c       0xe0 nrf52832.a(system_nrf52.o)
                0x0000000000027b5c                SystemInit
 .text.sd_ble_l2cap_ch_conn_reply
                0x0000000000027c3c        0x4 /home/johan/Downloads/nrf5_iot_sdk_3288530/components/iot/ble_6lowpan/lib/ble_6lowpan.a(ble_ipsp.o)
 .text.sd_ble_l2cap_ch_disconnect
                0x0000000000027c40        0x4 /home/johan/Downloads/nrf5_iot_sdk_3288530/components/iot/ble_6lowpan/lib/ble_6lowpan.a(ble_ipsp.o)
 .text.sd_ble_l2cap_ch_tx
                0x0000000000027c44        0x4 /home/johan/Downloads/nrf5_iot_sdk_3288530/components/iot/ble_6lowpan/lib/ble_6lowpan.a(ble_ipsp.o)
 .text.sd_ble_l2cap_ch_rx_complete
                0x0000000000027c48        0x4 /home/johan/Downloads/nrf5_iot_sdk_3288530/components/iot/ble_6lowpan/lib/ble_6lowpan.a(ble_ipsp.o)
 .text.sd_ble_l2cap_ch_rx_credits_issue
                0x0000000000027c4c        0x4 /home/johan/Downloads/nrf5_iot_sdk_3288530/components/iot/ble_6lowpan/lib/ble_6lowpan.a(ble_ipsp.o)
 .text.sd_ble_gatts_service_add
                0x0000000000027c50        0x4 /home/johan/Downloads/nrf5_iot_sdk_3288530/components/iot/ble_6lowpan/lib/ble_6lowpan.a(ble_ipsp.o)
 .text.ble_ipsp_evt_handler
                0x0000000000027c54      0x360 /home/johan/Downloads/nrf5_iot_sdk_3288530/components/iot/ble_6lowpan/lib/ble_6lowpan.a(ble_ipsp.o)
                0x0000000000027c54                ble_ipsp_evt_handler
 .text.ble_ipsp_init
                0x0000000000027fb4       0x58 /home/johan/Downloads/nrf5_iot_sdk_3288530/components/iot/ble_6lowpan/lib/ble_6lowpan.a(ble_ipsp.o)
                0x0000000000027fb4                ble_ipsp_init
 .text.ble_ipsp_send
                0x000000000002800c       0x60 /home/johan/Downloads/nrf5_iot_sdk_3288530/components/iot/ble_6lowpan/lib/ble_6lowpan.a(ble_ipsp.o)
                0x000000000002800c                ble_ipsp_send
 .text.ble_ipsp_disconnect
                0x000000000002806c       0x64 /home/johan/Downloads/nrf5_iot_sdk_3288530/components/iot/ble_6lowpan/lib/ble_6lowpan.a(ble_ipsp.o)
                0x000000000002806c                ble_ipsp_disconnect
 .text          0x00000000000280d0       0x30 /usr/bin/../lib/gcc/arm-none-eabi/5.3.1/armv7e-m/fpu/libgcc.a(_aeabi_uldivmod.o)
                0x00000000000280d0                __aeabi_uldivmod
 .text          0x0000000000028100      0x2e4 /usr/bin/../lib/gcc/arm-none-eabi/5.3.1/armv7e-m/fpu/libgcc.a(_udivmoddi4.o)
                0x0000000000028100                __udivmoddi4
 .text          0x00000000000283e4        0x4 /usr/bin/../lib/gcc/arm-none-eabi/5.3.1/armv7e-m/fpu/libgcc.a(_dvmd_tls.o)
                0x00000000000283e4                __aeabi_ldiv0
                0x00000000000283e4                __aeabi_idiv0
 *fill*         0x00000000000283e8        0x8 
 .text          0x00000000000283f0       0xa0 /usr/bin/../lib/gcc/arm-none-eabi/5.3.1/../../../../arm-none-eabi/lib/armv7e-m/fpu/libc_nano.a(lib_a-memchr.o)
                0x00000000000283f0                memchr
 .text.memcmp   0x0000000000028490       0x1e /usr/bin/../lib/gcc/arm-none-eabi/5.3.1/../../../../arm-none-eabi/lib/armv7e-m/fpu/libc_nano.a(lib_a-memcmp.o)
                0x0000000000028490                memcmp
 .text.memcpy   0x00000000000284ae       0x16 /usr/bin/../lib/gcc/arm-none-eabi/5.3.1/../../../../arm-none-eabi/lib/armv7e-m/fpu/libc_nano.a(lib_a-memcpy-stub.o)
                0x00000000000284ae                memcpy
 .text.memmove  0x00000000000284c4       0x36 /usr/bin/../lib/gcc/arm-none-eabi/5.3.1/../../../../arm-none-eabi/lib/armv7e-m/fpu/libc_nano.a(lib_a-memmove.o)
                0x00000000000284c4                memmove
 .text.strchr   0x00000000000284fa       0x1c /usr/bin/../lib/gcc/arm-none-eabi/5.3.1/../../../../arm-none-eabi/lib/armv7e-m/fpu/libc_nano.a(lib_a-strchr.o)
                0x00000000000284fa                strchr
 .text          0x0000000000028516       0x10 /usr/bin/../lib/gcc/arm-none-eabi/5.3.1/../../../../arm-none-eabi/lib/armv7e-m/fpu/libc_nano.a(lib_a-strlen.o)
                0x0000000000028516                strlen
 .text.strncmp  0x0000000000028526       0x2a /usr/bin/../lib/gcc/arm-none-eabi/5.3.1/../../../../arm-none-eabi/lib/armv7e-m/fpu/libc_nano.a(lib_a-strncmp.o)
                0x0000000000028526                strncmp
 .text.strncpy  0x0000000000028550       0x26 /usr/bin/../lib/gcc/arm-none-eabi/5.3.1/../../../../arm-none-eabi/lib/armv7e-m/fpu/libc_nano.a(lib_a-strncpy.o)
                0x0000000000028550                strncpy
 *(.init)
 *fill*         0x0000000000028576        0x2 
 .init          0x0000000000028578        0x4 /usr/bin/../lib/gcc/arm-none-eabi/5.3.1/armv7e-m/fpu/crti.o
                0x0000000000028578                _init
 .init          0x000000000002857c        0x8 /usr/bin/../lib/gcc/arm-none-eabi/5.3.1/armv7e-m/fpu/crtn.o
 *(.fini)
 .fini          0x0000000000028584        0x4 /usr/bin/../lib/gcc/arm-none-eabi/5.3.1/armv7e-m/fpu/crti.o
                0x0000000000028584                _fini
 .fini          0x0000000000028588        0x8 /usr/bin/../lib/gcc/arm-none-eabi/5.3.1/armv7e-m/fpu/crtn.o
 *crtbegin.o(.ctors)
 *crtbegin?.o(.ctors)
 *(EXCLUDE_FILE(*crtend.o *crtend?.o) .ctors)
 *(SORT(.ctors.*))
 *(.ctors)
 *crtbegin.o(.dtors)
 *crtbegin?.o(.dtors)
 *(EXCLUDE_FILE(*crtend.o *crtend?.o) .dtors)
 *(SORT(.dtors.*))
 *(.dtors)
 *(.rodata*)
 .rodata.str1.1
                0x0000000000028590        0x2 /usr/bin/../lib/gcc/arm-none-eabi/5.3.1/../../../../arm-none-eabi/lib/armv7e-m/fpu/libc_nano.a(lib_a-impure.o)
 *fill*         0x0000000000028592        0x2 
 .rodata._global_impure_ptr
                0x0000000000028594        0x4 /usr/bin/../lib/gcc/arm-none-eabi/5.3.1/../../../../arm-none-eabi/lib/armv7e-m/fpu/libc_nano.a(lib_a-impure.o)
                0x0000000000028594                _global_impure_ptr
 .rodata.autostart_processes
                0x0000000000028598        0x8 authority.co
                0x0000000000028598                autostart_processes
 .rodata.str1.1
                0x00000000000285a0       0x1d authority.co
 .rodata.str1.1
                0x00000000000285bd       0x64 obj_nrf52dk/res-door.o
                                         0x67 (size before relaxing)
 *fill*         0x0000000000028621        0x3 
 .rodata.coap_rest_implementation
                0x0000000000028624      0x10c contiki-nrf52dk.a(er-coap-engine.)
                0x0000000000028624                coap_rest_implementation
 .rodata.str1.1
                0x0000000000028730      0x3a6 contiki-nrf52dk.a(er-coap-engine.)
                                        0x3a7 (size before relaxing)
 .rodata.str1.1
                0x0000000000028ad6       0x11 contiki-nrf52dk.a(er-coap-observe)
 .rodata.str1.1
                0x0000000000028ae7        0x9 contiki-nrf52dk.a(er-coap-res-wel)
                                         0x19 (size before relaxing)
 .rodata.str1.1
                0x0000000000028af0      0x233 contiki-nrf52dk.a(er-coap-observe)
                                        0x259 (size before relaxing)
 .rodata.str1.1
                0x0000000000028d23        0xc contiki-nrf52dk.a(rest-engine.o)
 .rodata.str1.1
                0x0000000000028d2f       0x27 contiki-nrf52dk.a(contiki-main.o)
 .rodata.buffer.3769
                0x0000000000028d56       0x10 contiki-nrf52dk.a(strformat.o)
 .rodata.str1.1
                0x0000000000028d66       0x33 contiki-nrf52dk.a(strformat.o)
                                         0x37 (size before relaxing)
 .rodata.buffer.3760
                0x0000000000028d99       0x10 contiki-nrf52dk.a(strformat.o)
 *fill*         0x0000000000028da9        0x3 
 .rodata.rtc    0x0000000000028dac        0x8 contiki-nrf52dk.a(clock.o)
                0x0000000000028dac                rtc
 .rodata.timer  0x0000000000028db4        0x8 contiki-nrf52dk.a(rtimer-arch.o)
 .rodata        0x0000000000028dbc       0x20 contiki-nrf52dk.a(uart0.o)
 .rodata        0x0000000000028ddc        0x4 contiki-nrf52dk.a(ble-core.o)
 .rodata.ble_ipsp_mac_driver
                0x0000000000028de0       0x1c contiki-nrf52dk.a(ble-mac.o)
                0x0000000000028de0                ble_ipsp_mac_driver
 .rodata.str1.1
                0x0000000000028dfc       0x23 contiki-nrf52dk.a(ble-mac.o)
 .rodata.str1.1
                0x0000000000028e1f        0xf contiki-nrf52dk.a(ctimer.o)
 .rodata.str1.1
                0x0000000000028e2e        0xc contiki-nrf52dk.a(etimer.o)
 .rodata.str1.1
                0x0000000000028e3a        0xe contiki-nrf52dk.a(serial-line.o)
 .rodata.str1.1
                0x0000000000028e48        0x8 contiki-nrf52dk.a(sensors.o)
 .rodata.str1.1
                0x0000000000028e50        0xd contiki-nrf52dk.a(tcpip.o)
 .rodata.str1.1
                0x0000000000028e5d       0x3c contiki-nrf52dk.a(uip-debug.o)
                                         0x3e (size before relaxing)
 .rodata.linkaddr_null
                0x0000000000028e99        0x8 contiki-nrf52dk.a(linkaddr.o)
                0x0000000000028e99                linkaddr_null
 .rodata.str1.1
                0x0000000000028ea1        0x8 contiki-nrf52dk.a(nullrdc.o)
 *fill*         0x0000000000028ea9        0x3 
 .rodata.nullrdc_driver
                0x0000000000028eac       0x20 contiki-nrf52dk.a(nullrdc.o)
                0x0000000000028eac                nullrdc_driver
 .rodata.str1.1
                0x0000000000028ecc        0x8 contiki-nrf52dk.a(nullsec.o)
 .rodata.nullsec_driver
                0x0000000000028ed4       0x10 contiki-nrf52dk.a(nullsec.o)
                0x0000000000028ed4                nullsec_driver
 .rodata.str1.1
                0x0000000000028ee4      0x5a8 contiki-nrf52dk.a(er-coap.o)
                                        0x5bd (size before relaxing)
 .rodata.buttons
                0x000000000002948c       0x40 contiki-nrf52dk.a(button-sensor.o)
                0x000000000002948c                buttons
 .rodata.str1.1
                0x00000000000294cc        0x7 contiki-nrf52dk.a(button-sensor.o)
 .rodata.str1.1
                0x00000000000294d3        0xc contiki-nrf52dk.a(temperature-sen)
 *fill*         0x00000000000294df        0x1 
 .rodata.temperature_sensor
                0x00000000000294e0       0x10 contiki-nrf52dk.a(temperature-sen)
                0x00000000000294e0                temperature_sensor
 .rodata.nullradio_driver
                0x00000000000294f0       0x38 contiki-nrf52dk.a(nullradio.o)
                0x00000000000294f0                nullradio_driver
 .rodata        0x0000000000029528        0x2 contiki-nrf52dk.a(sicslowpan.o)
 .rodata.unc_llconf
                0x000000000002952a        0x4 contiki-nrf52dk.a(sicslowpan.o)
                0x000000000002952a                unc_llconf
 .rodata.llprefix
                0x000000000002952e        0x2 contiki-nrf52dk.a(sicslowpan.o)
                0x000000000002952e                llprefix
 .rodata.sicslowpan_driver
                0x0000000000029530        0xc contiki-nrf52dk.a(sicslowpan.o)
                0x0000000000029530                sicslowpan_driver
 .rodata.str1.1
                0x000000000002953c        0xb contiki-nrf52dk.a(sicslowpan.o)
 .rodata.unc_mxconf
                0x0000000000029547        0x4 contiki-nrf52dk.a(sicslowpan.o)
                0x0000000000029547                unc_mxconf
 .rodata.ttl_values
                0x000000000002954b        0x4 contiki-nrf52dk.a(sicslowpan.o)
 .rodata.unc_ctxconf
                0x000000000002954f        0x4 contiki-nrf52dk.a(sicslowpan.o)
                0x000000000002954f                unc_ctxconf
 *fill*         0x0000000000029553        0x1 
 .rodata.framer_nullmac
                0x0000000000029554        0xc contiki-nrf52dk.a(framer-nullmac.)
                0x0000000000029554                framer_nullmac
 .rodata.m_default_config
                0x0000000000029560        0x6 nrf52832.a(nrf_drv_rtc.o)
 *fill*         0x0000000000029566        0x2 
 .rodata.m_default_config
                0x0000000000029568        0x8 nrf52832.a(nrf_drv_timer.o)
 .rodata.m_default_config
                0x0000000000029570        0xc nrf52832.a(nrf_drv_wdt.o)
 .rodata.m_default_config
                0x000000000002957c       0x20 nrf52832.a(nrf_drv_uart.o)
 *(.eh_frame*)
 .eh_frame      0x000000000002959c        0x0 /usr/bin/../lib/gcc/arm-none-eabi/5.3.1/armv7e-m/fpu/crtbegin.o
                0x000000000002959c                . = ALIGN (0x4)

.glue_7         0x000000000002959c        0x0
 .glue_7        0x000000000002959c        0x0 linker stubs

.glue_7t        0x000000000002959c        0x0
 .glue_7t       0x000000000002959c        0x0 linker stubs

.vfp11_veneer   0x000000000002959c        0x0
 .vfp11_veneer  0x000000000002959c        0x0 linker stubs

.v4_bx          0x000000000002959c        0x0
 .v4_bx         0x000000000002959c        0x0 linker stubs

.iplt           0x000000000002959c        0x0
 .iplt          0x000000000002959c        0x0 /usr/bin/../lib/gcc/arm-none-eabi/5.3.1/armv7e-m/fpu/crtbegin.o

.ARM.extab      0x000000000002959c        0x0
 *(.ARM.extab* .gnu.linkonce.armextab.*)
                0x000000000002959c                . = ALIGN (0x4)
                0x000000000002959c                __exidx_start = .

.ARM.exidx      0x000000000002959c        0x8
 *(.ARM.exidx* .gnu.linkonce.armexidx.*)
 .ARM.exidx     0x000000000002959c        0x8 /usr/bin/../lib/gcc/arm-none-eabi/5.3.1/../../../../arm-none-eabi/lib/armv7e-m/fpu/crt0.o
 .ARM.exidx     0x00000000000295a4        0x0 nrf52832.a(gcc_startup_nrf)
                                          0x8 (size before relaxing)
 .ARM.exidx     0x00000000000295a4        0x0 /usr/bin/../lib/gcc/arm-none-eabi/5.3.1/armv7e-m/fpu/libgcc.a(_udivmoddi4.o)
                                          0x8 (size before relaxing)
                0x00000000000295a4                . = ALIGN (0x4)
                0x00000000000295a4                __exidx_end = .
                0x00000000000295a4                __etext = .

.rel.dyn        0x00000000000295a4        0x0
 .rel.iplt      0x00000000000295a4        0x0 /usr/bin/../lib/gcc/arm-none-eabi/5.3.1/armv7e-m/fpu/crtbegin.o

.data           0x0000000020002800      0x23c load address 0x00000000000295a4
                0x0000000020002800                __data_start__ = .
 *(vtable)
 *(.data*)
 .data.impure_data
                0x0000000020002800       0x60 /usr/bin/../lib/gcc/arm-none-eabi/5.3.1/../../../../arm-none-eabi/lib/armv7e-m/fpu/libc_nano.a(lib_a-impure.o)
 .data.authority_process
                0x0000000020002860       0x10 authority.co
                0x0000000020002860                authority_process
 .data.res_door
                0x0000000020002870       0x24 obj_nrf52dk/res-door.o
                0x0000000020002870                res_door
 .data.codesize
                0x0000000020002894        0x4 obj_nrf52dk/res-door.o
                0x0000000020002894                codesize
 .data.allowed  0x0000000020002898        0x8 obj_nrf52dk/res-door.o
                0x0000000020002898                allowed
 .data.coap_engine
                0x00000000200028a0       0x10 contiki-nrf52dk.a(er-coap-engine.)
                0x00000000200028a0                coap_engine
 .data.transactions_memb
                0x00000000200028b0        0xc contiki-nrf52dk.a(er-coap-transac)
 .data.observers_memb
                0x00000000200028bc        0xc contiki-nrf52dk.a(er-coap-observe)
 .data.res_well_known_core
                0x00000000200028c8       0x24 contiki-nrf52dk.a(er-coap-res-wel)
                0x00000000200028c8                res_well_known_core
 .data.rest_engine_process
                0x00000000200028ec       0x10 contiki-nrf52dk.a(rest-engine.o)
                0x00000000200028ec                rest_engine_process
 .data.ble_iface_observer
                0x00000000200028fc       0x10 contiki-nrf52dk.a(contiki-main.o)
                0x00000000200028fc                ble_iface_observer
 .data.ctxt     0x000000002000290c        0x8 contiki-nrf52dk.a(dbg-printf.o)
 .data.ble_ipsp_process
                0x0000000020002914       0x10 contiki-nrf52dk.a(ble-mac.o)
                0x0000000020002914                ble_ipsp_process
 .data.ctimer_process
                0x0000000020002924       0x10 contiki-nrf52dk.a(ctimer.o)
                0x0000000020002924                ctimer_process
 .data.etimer_process
                0x0000000020002934       0x10 contiki-nrf52dk.a(etimer.o)
                0x0000000020002934                etimer_process
 .data.serial_line_process
                0x0000000020002944       0x10 contiki-nrf52dk.a(serial-line.o)
                0x0000000020002944                serial_line_process
 .data.sensors_process
                0x0000000020002954       0x10 contiki-nrf52dk.a(sensors.o)
                0x0000000020002954                sensors_process
 .data.ds6_neighbors
                0x0000000020002964        0x4 contiki-nrf52dk.a(uip-ds6-nbr.o)
                0x0000000020002964                ds6_neighbors
 .data.ds6_neighbors_struct
                0x0000000020002968       0x10 contiki-nrf52dk.a(uip-ds6-nbr.o)
 .data.defaultroutermemb
                0x0000000020002978        0xc contiki-nrf52dk.a(uip-ds6-route.o)
 .data.nbr_routes_struct
                0x0000000020002984       0x10 contiki-nrf52dk.a(uip-ds6-route.o)
 .data.nbr_routes
                0x0000000020002994        0x4 contiki-nrf52dk.a(uip-ds6-route.o)
                0x0000000020002994                nbr_routes
 .data.routememb
                0x0000000020002998        0xc contiki-nrf52dk.a(uip-ds6-route.o)
 .data.neighborroutememb
                0x00000000200029a4        0xc contiki-nrf52dk.a(uip-ds6-route.o)
 .data.echo_request_handler
                0x00000000200029b0        0xc contiki-nrf52dk.a(uip-icmp6.o)
 .data.echo_reply_handler
                0x00000000200029bc        0xc contiki-nrf52dk.a(uip-icmp6.o)
 .data.ra_input_handler
                0x00000000200029c8        0xc contiki-nrf52dk.a(uip-nd6.o)
 .data.ns_input_handler
                0x00000000200029d4        0xc contiki-nrf52dk.a(uip-nd6.o)
 .data.na_input_handler
                0x00000000200029e0        0xc contiki-nrf52dk.a(uip-nd6.o)
 .data.tcpip_process
                0x00000000200029ec       0x10 contiki-nrf52dk.a(tcpip.o)
                0x00000000200029ec                tcpip_process
 .data.neighbor_addr_mem
                0x00000000200029fc        0xc contiki-nrf52dk.a(nbr-table.o)
 .data.coap_error_message
                0x0000000020002a08        0x4 contiki-nrf52dk.a(er-coap.o)
                0x0000000020002a08                coap_error_message
 .data.sensors  0x0000000020002a0c       0x18 contiki-nrf52dk.a(nrf52dk-sensors)
                0x0000000020002a0c                sensors
 .data.bufmem   0x0000000020002a24        0xc contiki-nrf52dk.a(queuebuf.o)
 .data.SystemCoreClock
                0x0000000020002a30        0x4 nrf52832.a(system_nrf52.o)
                0x0000000020002a30                SystemCoreClock
                0x0000000020002a34                . = ALIGN (0x4)
                0x0000000020002a34                PROVIDE (__preinit_array_start, .)
 *(.preinit_array)
                0x0000000020002a34                PROVIDE (__preinit_array_end, .)
                0x0000000020002a34                . = ALIGN (0x4)
                0x0000000020002a34                PROVIDE (__init_array_start, .)
 *(SORT(.init_array.*))
 *(.init_array)
 .init_array    0x0000000020002a34        0x4 /usr/bin/../lib/gcc/arm-none-eabi/5.3.1/armv7e-m/fpu/crtbegin.o
                0x0000000020002a38                PROVIDE (__init_array_end, .)
                0x0000000020002a38                . = ALIGN (0x4)
                [!provide]                        PROVIDE (__fini_array_start, .)
 *(SORT(.fini_array.*))
 *(.fini_array)
 .fini_array    0x0000000020002a38        0x4 /usr/bin/../lib/gcc/arm-none-eabi/5.3.1/armv7e-m/fpu/crtbegin.o
                [!provide]                        PROVIDE (__fini_array_end, .)
 *(.jcr)
 .jcr           0x0000000020002a3c        0x0 /usr/bin/../lib/gcc/arm-none-eabi/5.3.1/armv7e-m/fpu/crtbegin.o
                0x0000000020002a3c                . = ALIGN (0x4)
                0x0000000020002a3c                __data_end__ = .

.igot.plt       0x0000000020002a3c        0x0 load address 0x00000000000297e0
 .igot.plt      0x0000000020002a3c        0x0 /usr/bin/../lib/gcc/arm-none-eabi/5.3.1/armv7e-m/fpu/crtbegin.o

.bss            0x0000000020002a3c     0x3b84 load address 0x00000000000297e0
                0x0000000020002a3c                . = ALIGN (0x4)
                0x0000000020002a3c                __bss_start__ = .
 *(.bss*)
 .bss           0x0000000020002a3c       0x1c /usr/bin/../lib/gcc/arm-none-eabi/5.3.1/armv7e-m/fpu/crtbegin.o
 .bss.transaction.10393
                0x0000000020002a58        0x4 contiki-nrf52dk.a(er-coap-engine.)
 .bss.response.10392
                0x0000000020002a5c       0xa4 contiki-nrf52dk.a(er-coap-engine.)
 .bss.service_cbk
                0x0000000020002b00        0x4 contiki-nrf52dk.a(er-coap-engine.)
 .bss.message.10391
                0x0000000020002b04       0xa4 contiki-nrf52dk.a(er-coap-engine.)
 .bss.transactions_list_list
                0x0000000020002ba8        0x4 contiki-nrf52dk.a(er-coap-transac)
 .bss.transaction_handler_process
                0x0000000020002bac        0x4 contiki-nrf52dk.a(er-coap-transac)
 .bss.transactions_memb_memb_count
                0x0000000020002bb0        0x4 contiki-nrf52dk.a(er-coap-transac)
 .bss.transactions_memb_memb_mem
                0x0000000020002bb4      0x2a0 contiki-nrf52dk.a(er-coap-transac)
 .bss.observers_memb_memb_mem
                0x0000000020002e54       0xf0 contiki-nrf52dk.a(er-coap-observe)
 .bss.observers_memb_memb_count
                0x0000000020002f44        0x3 contiki-nrf52dk.a(er-coap-observe)
 *fill*         0x0000000020002f47        0x1 
 .bss.observers_list_list
                0x0000000020002f48        0x4 contiki-nrf52dk.a(er-coap-observe)
 .bss.obs_subjects_list_list
                0x0000000020002f4c        0x4 contiki-nrf52dk.a(er-coap-observe)
 .bss.response.9973
                0x0000000020002f50       0xa4 contiki-nrf52dk.a(er-coap-observe)
 .bss.restful_periodic_services_list
                0x0000000020002ff4        0x4 contiki-nrf52dk.a(rest-engine.o)
 .bss.restful_services_list
                0x0000000020002ff8        0x4 contiki-nrf52dk.a(rest-engine.o)
 .bss.initialized.7391
                0x0000000020002ffc        0x1 contiki-nrf52dk.a(rest-engine.o)
 *fill*         0x0000000020002ffd        0x3 
 .bss.BLE_EVT_BUFFER.11320
                0x0000000020003000       0x48 contiki-nrf52dk.a(contiki-main.o)
 .bss.led_timer.11312
                0x0000000020003048       0x10 contiki-nrf52dk.a(contiki-main.o)
 .bss.ticks     0x0000000020003058        0x4 contiki-nrf52dk.a(clock.o)
 .bss.uart0_input_handler
                0x000000002000305c        0x4 contiki-nrf52dk.a(uart0.o)
 .bss.rx_buffer
                0x0000000020003060        0x1 contiki-nrf52dk.a(uart0.o)
 .bss.txbuf_data
                0x0000000020003061       0x80 contiki-nrf52dk.a(uart0.o)
 *fill*         0x00000000200030e1        0x3 
 .bss.txbuf     0x00000000200030e4        0x8 contiki-nrf52dk.a(uart0.o)
 .bss.wdt_initialized
                0x00000000200030ec        0x1 contiki-nrf52dk.a(watchdog.o)
 .bss.wdt_channel_id
                0x00000000200030ed        0x1 contiki-nrf52dk.a(watchdog.o)
 *fill*         0x00000000200030ee        0x2 
 .bss.m_adv_params
                0x00000000200030f0       0x18 contiki-nrf52dk.a(ble-core.o)
 .bss.interfaces
                0x0000000020003108        0xc contiki-nrf52dk.a(ble-mac.o)
 .bss.busy_rx   0x0000000020003114        0x4 contiki-nrf52dk.a(ble-mac.o)
 .bss.busy_tx   0x0000000020003118        0x4 contiki-nrf52dk.a(ble-mac.o)
 .bss.ctimer_list_list
                0x000000002000311c        0x4 contiki-nrf52dk.a(ctimer.o)
 .bss.initialized
                0x0000000020003120        0x1 contiki-nrf52dk.a(ctimer.o)
 *fill*         0x0000000020003121        0x3 
 .bss.timerlist
                0x0000000020003124        0x4 contiki-nrf52dk.a(etimer.o)
 .bss.next_expiration
                0x0000000020003128        0x4 contiki-nrf52dk.a(etimer.o)
 .bss.fevent    0x000000002000312c        0x1 contiki-nrf52dk.a(process.o)
 .bss.nevents   0x000000002000312d        0x1 contiki-nrf52dk.a(process.o)
 *fill*         0x000000002000312e        0x2 
 .bss.p.7016    0x0000000020003130        0x4 contiki-nrf52dk.a(process.o)
 .bss.poll_requested
                0x0000000020003134        0x1 contiki-nrf52dk.a(process.o)
 *fill*         0x0000000020003135        0x3 
 .bss.process_current
                0x0000000020003138        0x4 contiki-nrf52dk.a(process.o)
                0x0000000020003138                process_current
 .bss.ev.7013   0x000000002000313c        0x1 contiki-nrf52dk.a(process.o)
 *fill*         0x000000002000313d        0x3 
 .bss.process_list
                0x0000000020003140        0x4 contiki-nrf52dk.a(process.o)
                0x0000000020003140                process_list
 .bss.events    0x0000000020003144      0x180 contiki-nrf52dk.a(process.o)
 .bss.data.7014
                0x00000000200032c4        0x4 contiki-nrf52dk.a(process.o)
 .bss.lastevent
                0x00000000200032c8        0x1 contiki-nrf52dk.a(process.o)
 *fill*         0x00000000200032c9        0x3 
 .bss.next_rtimer
                0x00000000200032cc        0x4 contiki-nrf52dk.a(rtimer.o)
 .bss.leds      0x00000000200032d0        0x1 contiki-nrf52dk.a(leds.o)
 .bss.rxbuf_data
                0x00000000200032d1       0x80 contiki-nrf52dk.a(serial-line.o)
 *fill*         0x0000000020003351        0x3 
 .bss.rxbuf     0x0000000020003354        0x8 contiki-nrf52dk.a(serial-line.o)
 .bss.overflow.6497
                0x000000002000335c        0x1 contiki-nrf52dk.a(serial-line.o)
 .bss.buf.6503  0x000000002000335d       0x80 contiki-nrf52dk.a(serial-line.o)
 *fill*         0x00000000200033dd        0x3 
 .bss.ptr.6504  0x00000000200033e0        0x4 contiki-nrf52dk.a(serial-line.o)
 .bss.num_sensors
                0x00000000200033e4        0x1 contiki-nrf52dk.a(sensors.o)
 *fill*         0x00000000200033e5        0x3 
 .bss.i.6519    0x00000000200033e8        0x4 contiki-nrf52dk.a(sensors.o)
 .bss.events.6520
                0x00000000200033ec        0x4 contiki-nrf52dk.a(sensors.o)
 .bss.uip_ext_len
                0x00000000200033f0        0x1 contiki-nrf52dk.a(uip6.o)
                0x00000000200033f0                uip_ext_len
 .bss.uip_ext_bitmap
                0x00000000200033f1        0x1 contiki-nrf52dk.a(uip6.o)
                0x00000000200033f1                uip_ext_bitmap
 .bss.uip_ext_opt_offset
                0x00000000200033f2        0x1 contiki-nrf52dk.a(uip6.o)
                0x00000000200033f2                uip_ext_opt_offset
 *fill*         0x00000000200033f3        0x1 
 .bss.lastport  0x00000000200033f4        0x2 contiki-nrf52dk.a(uip6.o)
 .bss.c         0x00000000200033f6        0x1 contiki-nrf52dk.a(uip6.o)
 *fill*         0x00000000200033f7        0x1 
 .bss.locmaddr  0x00000000200033f8        0x4 contiki-nrf52dk.a(uip-ds6.o)
 .bss.locprefix
                0x00000000200033fc        0x4 contiki-nrf52dk.a(uip-ds6.o)
 .bss.locaddr   0x0000000020003400        0x4 contiki-nrf52dk.a(uip-ds6.o)
 .bss.loc_fipaddr
                0x0000000020003404       0x10 contiki-nrf52dk.a(uip-ds6.o)
 .bss.rscount   0x0000000020003414        0x1 contiki-nrf52dk.a(uip-ds6.o)
 *fill*         0x0000000020003415        0x3 
 .bss._ds6_neighbors_mem
                0x0000000020003418      0x320 contiki-nrf52dk.a(uip-ds6-nbr.o)
 .bss.defaultroutermemb_memb_mem
                0x0000000020003738       0x40 contiki-nrf52dk.a(uip-ds6-route.o)
 .bss.num_routes