Archive member included to satisfy reference by file (symbol)

/home/johan/Downloads/gcc-arm-none-eabi-5_2-2015q4/bin/../lib/gcc/arm-none-eabi/5.2.1/../../../../arm-none-eabi/lib/armv7e-m/fpu/libc_nano.a(lib_a-exit.o)
                              /home/johan/Downloads/gcc-arm-none-eabi-5_2-2015q4/bin/../lib/gcc/arm-none-eabi/5.2.1/../../../../arm-none-eabi/lib/armv7e-m/fpu/crt0.o (exit)
/home/johan/Downloads/gcc-arm-none-eabi-5_2-2015q4/bin/../lib/gcc/arm-none-eabi/5.2.1/../../../../arm-none-eabi/lib/armv7e-m/fpu/libc_nano.a(lib_a-impure.o)
                              /home/johan/Downloads/gcc-arm-none-eabi-5_2-2015q4/bin/../lib/gcc/arm-none-eabi/5.2.1/../../../../arm-none-eabi/lib/armv7e-m/fpu/libc_nano.a(lib_a-exit.o) (_global_impure_ptr)
/home/johan/Downloads/gcc-arm-none-eabi-5_2-2015q4/bin/../lib/gcc/arm-none-eabi/5.2.1/../../../../arm-none-eabi/lib/armv7e-m/fpu/libc_nano.a(lib_a-init.o)
                              /home/johan/Downloads/gcc-arm-none-eabi-5_2-2015q4/bin/../lib/gcc/arm-none-eabi/5.2.1/../../../../arm-none-eabi/lib/armv7e-m/fpu/crt0.o (__libc_init_array)
/home/johan/Downloads/gcc-arm-none-eabi-5_2-2015q4/bin/../lib/gcc/arm-none-eabi/5.2.1/../../../../arm-none-eabi/lib/armv7e-m/fpu/libc_nano.a(lib_a-memset.o)
                              /home/johan/Downloads/gcc-arm-none-eabi-5_2-2015q4/bin/../lib/gcc/arm-none-eabi/5.2.1/../../../../arm-none-eabi/lib/armv7e-m/fpu/crt0.o (memset)
/home/johan/Downloads/gcc-arm-none-eabi-5_2-2015q4/bin/../lib/gcc/arm-none-eabi/5.2.1/../../../../arm-none-eabi/lib/armv7e-m/fpu/libnosys.a(_exit.o)
                              /home/johan/Downloads/gcc-arm-none-eabi-5_2-2015q4/bin/../lib/gcc/arm-none-eabi/5.2.1/../../../../arm-none-eabi/lib/armv7e-m/fpu/libc_nano.a(lib_a-exit.o) (_exit)
contiki-nrf52dk.a(er-coap.o)  keypad.co (coap_init_message)
contiki-nrf52dk.a(er-coap-engine.)
                              keypad.co (coap_init_engine)
contiki-nrf52dk.a(er-coap-transac)
                              contiki-nrf52dk.a(er-coap-engine.) (coap_register_as_transaction_handler)
contiki-nrf52dk.a(er-coap-observe)
                              contiki-nrf52dk.a(er-coap-transac) (coap_remove_observer_by_client)
contiki-nrf52dk.a(er-coap-res-wel)
                              contiki-nrf52dk.a(er-coap-engine.) (res_well_known_core)
contiki-nrf52dk.a(er-coap-observe)
                              contiki-nrf52dk.a(er-coap-engine.) (coap_handle_notification)
contiki-nrf52dk.a(rest-engine.o)
                              contiki-nrf52dk.a(er-coap-engine.) (rest_activate_resource)
contiki-nrf52dk.a(contiki-main.o)
                              /home/johan/Downloads/gcc-arm-none-eabi-5_2-2015q4/bin/../lib/gcc/arm-none-eabi/5.2.1/../../../../arm-none-eabi/lib/armv7e-m/fpu/crt0.o (main)
contiki-nrf52dk.a(button-sensor.o)
                              keypad.co (buttons)
contiki-nrf52dk.a(dbg-printf.o)
                              keypad.co (printf)
contiki-nrf52dk.a(dbg-snprintf.o)
                              contiki-nrf52dk.a(er-coap-res-wel) (snprintf)
contiki-nrf52dk.a(strformat.o)
                              contiki-nrf52dk.a(dbg-printf.o) (format_str_v)
contiki-nrf52dk.a(clock.o)    contiki-nrf52dk.a(contiki-main.o) (clock_init)
contiki-nrf52dk.a(rtimer-arch.o)
                              contiki-nrf52dk.a(contiki-main.o) (rtimer_arch_now)
contiki-nrf52dk.a(uart0.o)    contiki-nrf52dk.a(contiki-main.o) (uart0_set_input)
contiki-nrf52dk.a(watchdog.o)
                              contiki-nrf52dk.a(contiki-main.o) (watchdog_init)
contiki-nrf52dk.a(ble-core.o)
                              contiki-nrf52dk.a(contiki-main.o) (ble_stack_init)
contiki-nrf52dk.a(ble-mac.o)  contiki-nrf52dk.a(contiki-main.o) (ble_event_interface_added)
contiki-nrf52dk.a(autostart.o)
                              contiki-nrf52dk.a(contiki-main.o) (autostart_start)
contiki-nrf52dk.a(ctimer.o)   contiki-nrf52dk.a(contiki-main.o) (ctimer_init)
contiki-nrf52dk.a(energest.o)
                              contiki-nrf52dk.a(contiki-main.o) (energest_init)
contiki-nrf52dk.a(etimer.o)   contiki-nrf52dk.a(clock.o) (etimer_request_poll)
contiki-nrf52dk.a(process.o)  contiki-nrf52dk.a(ble-mac.o) (process_alloc_event)
contiki-nrf52dk.a(rtimer.o)   contiki-nrf52dk.a(contiki-main.o) (rtimer_init)
contiki-nrf52dk.a(timer.o)    contiki-nrf52dk.a(button-sensor.o) (timer_set)
contiki-nrf52dk.a(leds.o)     contiki-nrf52dk.a(contiki-main.o) (leds_init)
contiki-nrf52dk.a(serial-line.o)
                              contiki-nrf52dk.a(contiki-main.o) (serial_line_input_byte)
contiki-nrf52dk.a(list.o)     contiki-nrf52dk.a(rest-engine.o) (list_init)
contiki-nrf52dk.a(memb.o)     contiki-nrf52dk.a(er-coap-transac) (memb_alloc)
contiki-nrf52dk.a(random.o)   contiki-nrf52dk.a(er-coap.o) (random_rand)
contiki-nrf52dk.a(ringbuf.o)  contiki-nrf52dk.a(uart0.o) (ringbuf_init)
contiki-nrf52dk.a(sensors.o)  contiki-nrf52dk.a(button-sensor.o) (sensors_changed)
[...]
Memory Configuration

Name             Origin             Length             Attributes
FLASH            0x0001f000         0x00061000         xr
RAM              0x20002800         0x0000d800         xrw
*default*        0x00000000         0xffffffff

Linker script and memory map

LOAD /home/johan/Downloads/gcc-arm-none-eabi-5_2-2015q4/bin/../lib/gcc/arm-none-eabi/5.2.1/armv7e-m/fpu/crti.o
LOAD /home/johan/Downloads/gcc-arm-none-eabi-5_2-2015q4/bin/../lib/gcc/arm-none-eabi/5.2.1/armv7e-m/fpu/crtbegin.o
LOAD /home/johan/Downloads/gcc-arm-none-eabi-5_2-2015q4/bin/../lib/gcc/arm-none-eabi/5.2.1/../../../../arm-none-eabi/lib/armv7e-m/fpu/crt0.o
LOAD /home/johan/Downloads/gcc-arm-none-eabi-5_2-2015q4/bin/../lib/gcc/arm-none-eabi/5.2.1/../../../../arm-none-eabi/lib/armv7e-m/fpu/libc_nano.a
LOAD /home/johan/Downloads/gcc-arm-none-eabi-5_2-2015q4/bin/../lib/gcc/arm-none-eabi/5.2.1/../../../../arm-none-eabi/lib/armv7e-m/fpu/libnosys.a
LOAD keypad.co
LOAD contiki-nrf52dk.a
LOAD nrf52832.a
LOAD /home/johan/Downloads/nrf5_iot_sdk_3288530/components/iot/ble_6lowpan/lib/ble_6lowpan.a
START GROUP
LOAD /home/johan/Downloads/gcc-arm-none-eabi-5_2-2015q4/bin/../lib/gcc/arm-none-eabi/5.2.1/armv7e-m/fpu/libgcc.a
LOAD /home/johan/Downloads/gcc-arm-none-eabi-5_2-2015q4/bin/../lib/gcc/arm-none-eabi/5.2.1/../../../../arm-none-eabi/lib/armv7e-m/fpu/libc_nano.a
END GROUP
START GROUP
LOAD /home/johan/Downloads/gcc-arm-none-eabi-5_2-2015q4/bin/../lib/gcc/arm-none-eabi/5.2.1/armv7e-m/fpu/libgcc.a
LOAD /home/johan/Downloads/gcc-arm-none-eabi-5_2-2015q4/bin/../lib/gcc/arm-none-eabi/5.2.1/../../../../arm-none-eabi/lib/armv7e-m/fpu/libc_nano.a
END GROUP
LOAD /home/johan/Downloads/gcc-arm-none-eabi-5_2-2015q4/bin/../lib/gcc/arm-none-eabi/5.2.1/armv7e-m/fpu/crtend.o
LOAD /home/johan/Downloads/gcc-arm-none-eabi-5_2-2015q4/bin/../lib/gcc/arm-none-eabi/5.2.1/armv7e-m/fpu/crtn.o
START GROUP
LOAD /home/johan/Downloads/gcc-arm-none-eabi-5_2-2015q4/bin/../lib/gcc/arm-none-eabi/5.2.1/armv7e-m/fpu/libgcc.a
LOAD /home/johan/Downloads/gcc-arm-none-eabi-5_2-2015q4/bin/../lib/gcc/arm-none-eabi/5.2.1/../../../../arm-none-eabi/lib/armv7e-m/fpu/libc.a
LOAD /home/johan/Downloads/gcc-arm-none-eabi-5_2-2015q4/bin/../lib/gcc/arm-none-eabi/5.2.1/../../../../arm-none-eabi/lib/armv7e-m/fpu/libnosys.a
END GROUP

.text           0x0001f000     0x955c
 *(.Vectors)
 .Vectors       0x0001f000      0x400 nrf52832.a(gcc_startup_nrf)
                0x0001f000                __Vectors
 *(.text*)
 .text          0x0001f400       0xa4 /home/johan/Downloads/gcc-arm-none-eabi-5_2-2015q4/bin/../lib/gcc/arm-none-eabi/5.2.1/armv7e-m/fpu/crtbegin.o
 .text          0x0001f4a4       0x74 /home/johan/Downloads/gcc-arm-none-eabi-5_2-2015q4/bin/../lib/gcc/arm-none-eabi/5.2.1/../../../../arm-none-eabi/lib/armv7e-m/fpu/crt0.o
                0x0001f4a4                _mainCRTStartup
                0x0001f4a4                _start
 .text.exit     0x0001f518       0x28 /home/johan/Downloads/gcc-arm-none-eabi-5_2-2015q4/bin/../lib/gcc/arm-none-eabi/5.2.1/../../../../arm-none-eabi/lib/armv7e-m/fpu/libc_nano.a(lib_a-exit.o)
                0x0001f518                exit
 .text.__libc_init_array
                0x0001f540       0x4c /home/johan/Downloads/gcc-arm-none-eabi-5_2-2015q4/bin/../lib/gcc/arm-none-eabi/5.2.1/../../../../arm-none-eabi/lib/armv7e-m/fpu/libc_nano.a(lib_a-init.o)
                0x0001f540                __libc_init_array
 .text.memset   0x0001f58c       0x10 /home/johan/Downloads/gcc-arm-none-eabi-5_2-2015q4/bin/../lib/gcc/arm-none-eabi/5.2.1/../../../../arm-none-eabi/lib/armv7e-m/fpu/libc_nano.a(lib_a-memset.o)
                0x0001f58c                memset
 .text._exit    0x0001f59c        0x4 /home/johan/Downloads/gcc-arm-none-eabi-5_2-2015q4/bin/../lib/gcc/arm-none-eabi/5.2.1/../../../../arm-none-eabi/lib/armv7e-m/fpu/libnosys.a(_exit.o)
                0x0001f59c                _exit
 .text.process_thread_door_process
                0x0001f5a0       0x88 keypad.co
 .text.starttimer
                0x0001f628       0x20 keypad.co
                0x0001f628                starttimer
 .text.process_thread_keypad_process
                0x0001f648      0x134 keypad.co
 .text.stoptimer
                0x0001f77c       0x28 keypad.co
                0x0001f77c                stoptimer
 .text.response
                0x0001f7a4       0x3c keypad.co
 .text.callback
                0x0001f7e0       0x44 keypad.co
 .text.coap_parse_int_option
                0x0001f824       0x16 contiki-nrf52dk.a(er-coap.o)
 .text.coap_merge_multi_option
                0x0001f83a       0x32 contiki-nrf52dk.a(er-coap.o)
 .text.coap_set_option_header
                0x0001f86c       0x76 contiki-nrf52dk.a(er-coap.o)
 .text.coap_serialize_int_option
                0x0001f8e2       0x62 contiki-nrf52dk.a(er-coap.o)
 .text.coap_serialize_array_option.part.0
                0x0001f944       0x20 contiki-nrf52dk.a(er-coap.o)
 .text.coap_serialize_array_option
                0x0001f964       0x7c contiki-nrf52dk.a(er-coap.o)
 .text.coap_init_connection
                0x0001f9e0       0x28 contiki-nrf52dk.a(er-coap.o)
                0x0001f9e0                coap_init_connection
 .text.coap_get_mid
                0x0001fa08       0x10 contiki-nrf52dk.a(er-coap.o)
                0x0001fa08                coap_get_mid
 .text.coap_init_message
                0x0001fa18       0x1a contiki-nrf52dk.a(er-coap.o)
                0x0001fa18                coap_init_message
 *fill*         0x0001fa32        0x2 
 .text.coap_serialize_message
                0x0001fa34      0x2e4 contiki-nrf52dk.a(er-coap.o)
                0x0001fa34                coap_serialize_message
 .text.coap_send_message
                0x0001fd18       0x4c contiki-nrf52dk.a(er-coap.o)
                0x0001fd18                coap_send_message
 .text.coap_parse_message
                0x0001fd64      0x304 contiki-nrf52dk.a(er-coap.o)
                0x0001fd64                coap_parse_message
 .text.coap_set_status_code
                0x00020068        0xc contiki-nrf52dk.a(er-coap.o)
                0x00020068                coap_set_status_code
 .text.coap_set_token
                0x00020074       0x16 contiki-nrf52dk.a(er-coap.o)
                0x00020074                coap_set_token
 .text.coap_set_header_content_format
                0x0002008a        0xe contiki-nrf52dk.a(er-coap.o)
                0x0002008a                coap_set_header_content_format
 .text.coap_set_header_uri_path
                0x00020098       0x20 contiki-nrf52dk.a(er-coap.o)
                0x00020098                coap_set_header_uri_path
 .text.coap_get_header_observe
                0x000200b8       0x18 contiki-nrf52dk.a(er-coap.o)
                0x000200b8                coap_get_header_observe
 .text.coap_set_header_observe
                0x000200d0        0xe contiki-nrf52dk.a(er-coap.o)
                0x000200d0                coap_set_header_observe
 .text.coap_get_header_block2
                0x000200de       0x32 contiki-nrf52dk.a(er-coap.o)
                0x000200de                coap_get_header_block2
 .text.coap_set_header_block2
                0x00020110       0x32 contiki-nrf52dk.a(er-coap.o)
                0x00020110                coap_set_header_block2
 .text.coap_get_payload
                0x00020142       0x12 contiki-nrf52dk.a(er-coap.o)
                0x00020142                coap_get_payload
 .text.coap_set_payload
                0x00020154       0x12 contiki-nrf52dk.a(er-coap.o)
                0x00020154                coap_set_payload
 *fill*         0x00020166        0x2 
 .text.process_thread_coap_engine
                0x00020168      0x388 contiki-nrf52dk.a(er-coap-engine.)
 .text.coap_init_engine
                0x000204f0        0xc contiki-nrf52dk.a(er-coap-engine.)
                0x000204f0                coap_init_engine
 .text.coap_blocking_request_callback
                0x000204fc        0x8 contiki-nrf52dk.a(er-coap-engine.)
                0x000204fc                coap_blocking_request_callback
 .text.coap_blocking_request
                0x00020504       0xec contiki-nrf52dk.a(er-coap-engine.)
                0x00020504                coap_blocking_request
 .text.coap_register_as_transaction_handler
                0x000205f0       0x14 contiki-nrf52dk.a(er-coap-transac)
                0x000205f0                coap_register_as_transaction_handler
 .text.coap_new_transaction
                0x00020604       0x44 contiki-nrf52dk.a(er-coap-transac)
                0x00020604                coap_new_transaction
 .text.coap_clear_transaction
                0x00020648       0x2c contiki-nrf52dk.a(er-coap-transac)
                0x00020648                coap_clear_transaction
 .text.coap_send_transaction
                0x00020674       0x98 contiki-nrf52dk.a(er-coap-transac)
                0x00020674                coap_send_transaction
 .text.coap_get_transaction_by_mid
                0x0002070c       0x1c contiki-nrf52dk.a(er-coap-transac)
                0x0002070c                coap_get_transaction_by_mid
 .text.coap_check_transactions
                0x00020728       0x2c contiki-nrf52dk.a(er-coap-transac)
                0x00020728                coap_check_transactions
 .text.coap_remove_observer
                0x00020754       0x20 contiki-nrf52dk.a(er-coap-observe)
                0x00020754                coap_remove_observer
 .text.coap_remove_observer_by_client
                0x00020774       0x3c contiki-nrf52dk.a(er-coap-observe)
                0x00020774                coap_remove_observer_by_client
 .text.coap_remove_observer_by_mid
                0x000207b0       0x48 contiki-nrf52dk.a(er-coap-observe)
                0x000207b0                coap_remove_observer_by_mid
 .text.well_known_core_get_handler
                0x000207f8      0x15c contiki-nrf52dk.a(er-coap-res-wel)
                0x000207f8                well_known_core_get_handler
 .text.classify_notification
                0x00020954       0x54 contiki-nrf52dk.a(er-coap-observe)
 .text.simple_reply.isra.1
                0x000209a8       0x38 contiki-nrf52dk.a(er-coap-observe)
 .text.coap_obs_remove_observee
                0x000209e0       0x30 contiki-nrf52dk.a(er-coap-observe)
                0x000209e0                coap_obs_remove_observee
 .text.handle_obs_registration_response
                0x00020a10       0x34 contiki-nrf52dk.a(er-coap-observe)
 .text.coap_get_obs_subject_by_token
                0x00020a44       0x40 contiki-nrf52dk.a(er-coap-observe)
                0x00020a44                coap_get_obs_subject_by_token
 .text.coap_obs_remove_observee_by_url
                0x00020a84       0x68 contiki-nrf52dk.a(er-coap-observe)
                0x00020a84                coap_obs_remove_observee_by_url
 .text.coap_obs_add_observee
                0x00020aec       0x78 contiki-nrf52dk.a(er-coap-observe)
                0x00020aec                coap_obs_add_observee
 .text.coap_handle_notification
                0x00020b64       0xa8 contiki-nrf52dk.a(er-coap-observe)
                0x00020b64                coap_handle_notification
 .text.coap_generate_token
                0x00020c0c       0x14 contiki-nrf52dk.a(er-coap-observe)
                0x00020c0c                coap_generate_token
 .text.coap_obs_request_registration
                0x00020c20       0xb8 contiki-nrf52dk.a(er-coap-observe)
                0x00020c20                coap_obs_request_registration
 .text.rest_activate_resource
                0x00020cd8       0x50 contiki-nrf52dk.a(rest-engine.o)
                0x00020cd8                rest_activate_resource
 .text.rest_get_resources
                0x00020d28        0x8 contiki-nrf52dk.a(rest-engine.o)
                0x00020d28                rest_get_resources
 .text.sd_app_evt_wait
                0x00020d30        0x4 contiki-nrf52dk.a(contiki-main.o)
 .text.process_thread_ble_iface_observer
                0x00020d34       0x80 contiki-nrf52dk.a(contiki-main.o)
 .text.startup.main
                0x00020db4      0x11c contiki-nrf52dk.a(contiki-main.o)
                0x00020db4                main
 .text.config   0x00020ed0       0x80 contiki-nrf52dk.a(button-sensor.o)
 .text.config_button_4
                0x00020f50        0x6 contiki-nrf52dk.a(button-sensor.o)
 .text.config_button_3
                0x00020f56        0x6 contiki-nrf52dk.a(button-sensor.o)
 .text.config_button_2
                0x00020f5c        0x6 contiki-nrf52dk.a(button-sensor.o)
 .text.config_button_1
                0x00020f62        0x6 contiki-nrf52dk.a(button-sensor.o)
 .text.gpiote_event_handler
                0x00020f68       0x54 contiki-nrf52dk.a(button-sensor.o)
 .text.status_button_3
                0x00020fbc       0x18 contiki-nrf52dk.a(button-sensor.o)
 .text.value    0x00020fd4       0x28 contiki-nrf52dk.a(button-sensor.o)
 .text.value_button_4
                0x00020ffc        0x6 contiki-nrf52dk.a(button-sensor.o)
 .text.value_button_3
                0x00021002        0x6 contiki-nrf52dk.a(button-sensor.o)
 .text.value_button_2
                0x00021008        0x6 contiki-nrf52dk.a(button-sensor.o)
 .text.value_button_1
                0x0002100e        0x6 contiki-nrf52dk.a(button-sensor.o)
 .text.status_button_4
                0x00021014       0x18 contiki-nrf52dk.a(button-sensor.o)
 .text.status_button_1
                0x0002102c       0x18 contiki-nrf52dk.a(button-sensor.o)
 .text.status_button_2
                0x00021044       0x18 contiki-nrf52dk.a(button-sensor.o)
 .text.write_str
                0x0002105c       0x10 contiki-nrf52dk.a(dbg-printf.o)
 .text.printf   0x0002106c       0x20 contiki-nrf52dk.a(dbg-printf.o)
                0x0002106c                printf
 .text.buffer_str
                0x0002108c       0x28 contiki-nrf52dk.a(dbg-snprintf.o)
 .text.vsnprintf
                0x000210b4       0x28 contiki-nrf52dk.a(dbg-snprintf.o)
                0x000210b4                vsnprintf
 .text.snprintf
                0x000210dc       0x1a contiki-nrf52dk.a(dbg-snprintf.o)
                0x000210dc                snprintf
 *fill*         0x000210f6        0x2 
 .text.fill_space
                0x000210f8       0x34 contiki-nrf52dk.a(strformat.o)
 .text.format_str_v
                0x0002112c      0x6c8 contiki-nrf52dk.a(strformat.o)
                0x0002112c                format_str_v
 .text.clock_init
                0x000217f4       0x3c contiki-nrf52dk.a(clock.o)
                0x000217f4                clock_init
 .text.clock_time
                0x00021830        0xc contiki-nrf52dk.a(clock.o)
                0x00021830                clock_time
 .text.clock_update
                0x0002183c       0x20 contiki-nrf52dk.a(clock.o)
                0x0002183c                clock_update
 .text.rtc_handler
                0x0002185c        0xa contiki-nrf52dk.a(clock.o)
 *fill*         0x00021866        0x2 
 .text.clock_seconds
                0x00021868        0xc contiki-nrf52dk.a(clock.o)
                0x00021868                clock_seconds
 .text.timer_event_handler
                0x00021874        0xc contiki-nrf52dk.a(rtimer-arch.o)
 .text.rtimer_arch_init
                0x00021880       0x28 contiki-nrf52dk.a(rtimer-arch.o)
                0x00021880                rtimer_arch_init
 .text.rtimer_arch_schedule
                0x000218a8       0x10 contiki-nrf52dk.a(rtimer-arch.o)
                0x000218a8                rtimer_arch_schedule
 .text.rtimer_arch_now
                0x000218b8        0xc contiki-nrf52dk.a(rtimer-arch.o)
                0x000218b8                rtimer_arch_now
 .text.uart_event_handler
                0x000218c4       0x84 contiki-nrf52dk.a(uart0.o)
 .text.uart0_set_input
                0x00021948        0xc contiki-nrf52dk.a(uart0.o)
                0x00021948                uart0_set_input
 .text.uart0_writeb
                0x00021954       0x30 contiki-nrf52dk.a(uart0.o)
                0x00021954                uart0_writeb
 .text.uart0_init
                0x00021984       0x54 contiki-nrf52dk.a(uart0.o)
                0x00021984                uart0_init
 .text.wdt_event_handler
                0x000219d8       0x14 contiki-nrf52dk.a(watchdog.o)
 .text.watchdog_init
                0x000219ec       0x38 contiki-nrf52dk.a(watchdog.o)
                0x000219ec                watchdog_init
 .text.watchdog_start
                0x00021a24       0x10 contiki-nrf52dk.a(watchdog.o)
                0x00021a24                watchdog_start
 .text.watchdog_periodic
                0x00021a34       0x18 contiki-nrf52dk.a(watchdog.o)
                0x00021a34                watchdog_periodic
 .text.sd_ble_gap_address_set
                0x00021a4c        0x4 contiki-nrf52dk.a(ble-core.o)
 .text.sd_ble_gap_address_get
                0x00021a50        0x4 contiki-nrf52dk.a(ble-core.o)
 .text.sd_ble_gap_adv_start
                0x00021a54        0x4 contiki-nrf52dk.a(ble-core.o)
 .text.sd_ble_gap_device_name_set
                0x00021a58        0x4 contiki-nrf52dk.a(ble-core.o)
 .text.sd_ble_gap_rssi_start
                0x00021a5c        0x4 contiki-nrf52dk.a(ble-core.o)
 .text.sd_ble_enable
                0x00021a60        0x4 contiki-nrf52dk.a(ble-core.o)
 .text.ble_stack_init
                0x00021a64       0x70 contiki-nrf52dk.a(ble-core.o)
                0x00021a64                ble_stack_init
 .text.ble_get_mac
                0x00021ad4       0x56 contiki-nrf52dk.a(ble-core.o)
                0x00021ad4                ble_get_mac
 *fill*         0x00021b2a        0x2 
 .text.ble_advertising_init
                0x00021b2c       0x94 contiki-nrf52dk.a(ble-core.o)
                0x00021b2c                ble_advertising_init
 .text.ble_advertising_start
                0x00021bc0       0x24 contiki-nrf52dk.a(ble-core.o)
                0x00021bc0                ble_advertising_start
 .text.ble_gap_addr_print
                0x00021be4       0x38 contiki-nrf52dk.a(ble-core.o)
                0x00021be4                ble_gap_addr_print
 .text.ble_evt_dispatch
                0x00021c1c       0x54 contiki-nrf52dk.a(ble-core.o)
 .text.sd_ble_gap_rssi_get
                0x00021c70        0x4 contiki-nrf52dk.a(ble-mac.o)
 .text.sd_app_evt_wait
                0x00021c74        0x4 contiki-nrf52dk.a(ble-mac.o)
 .text.on       0x00021c78        0x4 contiki-nrf52dk.a(ble-mac.o)
 .text.off      0x00021c7c        0x4 contiki-nrf52dk.a(ble-mac.o)
 .text.channel_check_interval
                0x00021c80        0x4 contiki-nrf52dk.a(ble-mac.o)
 .text.process_thread_ble_ipsp_process
                0x00021c84       0x68 contiki-nrf52dk.a(ble-mac.o)
 .text.send_to_peer
                0x00021cec       0x20 contiki-nrf52dk.a(ble-mac.o)
 .text.send_packet
                0x00021d0c       0x80 contiki-nrf52dk.a(ble-mac.o)
 .text.init     0x00021d8c       0x50 contiki-nrf52dk.a(ble-mac.o)
 .text.ble_mac_ipsp_evt_handler_irq
                0x00021ddc      0x128 contiki-nrf52dk.a(ble-mac.o)
 .text.autostart_start
                0x00021f04       0x14 contiki-nrf52dk.a(autostart.o)
                0x00021f04                autostart_start
 .text.process_thread_ctimer_process
                0x00021f18       0x80 contiki-nrf52dk.a(ctimer.o)
 .text.ctimer_init
                0x00021f98       0x28 contiki-nrf52dk.a(ctimer.o)
                0x00021f98                ctimer_init
 .text.energest_init
                0x00021fc0       0x2c contiki-nrf52dk.a(energest.o)
                0x00021fc0                energest_init
 .text.update_time
                0x00021fec       0x44 contiki-nrf52dk.a(etimer.o)
 .text.etimer_request_poll
                0x00022030        0xc contiki-nrf52dk.a(etimer.o)
                0x00022030                etimer_request_poll
 .text.process_thread_etimer_process
                0x0002203c       0xac contiki-nrf52dk.a(etimer.o)
 .text.add_timer
                0x000220e8       0x40 contiki-nrf52dk.a(etimer.o)
 .text.etimer_set
                0x00022128       0x12 contiki-nrf52dk.a(etimer.o)
                0x00022128                etimer_set
 .text.etimer_reset
                0x0002213a       0x12 contiki-nrf52dk.a(etimer.o)
                0x0002213a                etimer_reset
 .text.etimer_restart
                0x0002214c       0x12 contiki-nrf52dk.a(etimer.o)
                0x0002214c                etimer_restart
 .text.etimer_expired
                0x0002215e        0xa contiki-nrf52dk.a(etimer.o)
                0x0002215e                etimer_expired
 .text.etimer_pending
                0x00022168       0x10 contiki-nrf52dk.a(etimer.o)
                0x00022168                etimer_pending
 .text.etimer_stop
                0x00022178       0x34 contiki-nrf52dk.a(etimer.o)
                0x00022178                etimer_stop
 .text.call_process.part.0
                0x000221ac       0x38 contiki-nrf52dk.a(process.o)
 .text.call_process
                0x000221e4        0xc contiki-nrf52dk.a(process.o)
 .text.exit_process
                0x000221f0       0x80 contiki-nrf52dk.a(process.o)
 .text.do_poll  0x00022270       0x34 contiki-nrf52dk.a(process.o)
 .text.process_alloc_event
                0x000222a4       0x10 contiki-nrf52dk.a(process.o)
                0x000222a4                process_alloc_event
 .text.process_init
                0x000222b4       0x30 contiki-nrf52dk.a(process.o)
                0x000222b4                process_init
 .text.process_run
                0x000222e4       0xa4 contiki-nrf52dk.a(process.o)
                0x000222e4                process_run
 .text.process_post
                0x00022388       0x3c contiki-nrf52dk.a(process.o)
                0x00022388                process_post
 .text.process_post_synch
                0x000223c4       0x14 contiki-nrf52dk.a(process.o)
                0x000223c4                process_post_synch
 .text.process_start
                0x000223d8       0x30 contiki-nrf52dk.a(process.o)
                0x000223d8                process_start
 .text.process_poll
                0x00022408       0x18 contiki-nrf52dk.a(process.o)
                0x00022408                process_poll
 .text.rtimer_init
                0x00022420        0x4 contiki-nrf52dk.a(rtimer.o)
                0x00022420                rtimer_init
 .text.rtimer_run_next
                0x00022424       0x28 contiki-nrf52dk.a(rtimer.o)
                0x00022424                rtimer_run_next
 .text.timer_set
                0x0002244c        0xe contiki-nrf52dk.a(timer.o)
                0x0002244c                timer_set
 .text.timer_reset
                0x0002245a        0xa contiki-nrf52dk.a(timer.o)
                0x0002245a                timer_reset
 .text.timer_restart
                0x00022464        0xc contiki-nrf52dk.a(timer.o)
                0x00022464                timer_restart
 .text.timer_expired
                0x00022470       0x1c contiki-nrf52dk.a(timer.o)
                0x00022470                timer_expired
 .text.show_leds
                0x0002248c       0xc8 contiki-nrf52dk.a(leds.o)
 .text.leds_init
                0x00022554       0x14 contiki-nrf52dk.a(leds.o)
                0x00022554                leds_init
 .text.leds_set
                0x00022568        0x4 contiki-nrf52dk.a(leds.o)
                0x00022568                leds_set
 .text.leds_on  0x0002256c       0x10 contiki-nrf52dk.a(leds.o)
                0x0002256c                leds_on
 .text.leds_off
                0x0002257c       0x10 contiki-nrf52dk.a(leds.o)
                0x0002257c                leds_off
 .text.leds_toggle
                0x0002258c       0x10 contiki-nrf52dk.a(leds.o)
                0x0002258c                leds_toggle
 .text.process_thread_serial_line_process
                0x0002259c       0x9c contiki-nrf52dk.a(serial-line.o)
 .text.serial_line_input_byte
                0x00022638       0x44 contiki-nrf52dk.a(serial-line.o)
                0x00022638                serial_line_input_byte
 .text.serial_line_init
                0x0002267c       0x24 contiki-nrf52dk.a(serial-line.o)
                0x0002267c                serial_line_init
 .text.list_init
                0x000226a0        0x6 contiki-nrf52dk.a(list.o)
                0x000226a0                list_init
 .text.list_head
                0x000226a6        0x4 contiki-nrf52dk.a(list.o)
                0x000226a6                list_head
 .text.list_tail
                0x000226aa       0x10 contiki-nrf52dk.a(list.o)
                0x000226aa                list_tail
 .text.list_remove
                0x000226ba       0x26 contiki-nrf52dk.a(list.o)
                0x000226ba                list_remove
 .text.list_add
                0x000226e0       0x1a contiki-nrf52dk.a(list.o)
                0x000226e0                list_add
 .text.list_push
                0x000226fa       0x10 contiki-nrf52dk.a(list.o)
                0x000226fa                list_push
 .text.list_length
                0x0002270a        0xe contiki-nrf52dk.a(list.o)
                0x0002270a                list_length
 .text.list_item_next
                0x00022718        0x6 contiki-nrf52dk.a(list.o)
                0x00022718                list_item_next
 .text.memb_init
                0x0002271e       0x20 contiki-nrf52dk.a(memb.o)
                0x0002271e                memb_init
 .text.memb_alloc
                0x0002273e       0x28 contiki-nrf52dk.a(memb.o)
                0x0002273e                memb_alloc
 .text.memb_free
                0x00022766       0x2c contiki-nrf52dk.a(memb.o)
                0x00022766                memb_free
 .text.memb_inmemb
                0x00022792       0x1c contiki-nrf52dk.a(memb.o)
                0x00022792                memb_inmemb
 .text.random_rand
                0x000227ae       0x36 contiki-nrf52dk.a(random.o)
                0x000227ae                random_rand
 .text.random_init
                0x000227e4       0x18 contiki-nrf52dk.a(random.o)
                0x000227e4                random_init
 .text.ringbuf_init
                0x000227fc        0xe contiki-nrf52dk.a(ringbuf.o)
                0x000227fc                ringbuf_init
 .text.ringbuf_put
                0x0002280a       0x26 contiki-nrf52dk.a(ringbuf.o)
                0x0002280a                ringbuf_put
 .text.ringbuf_get
                0x00022830       0x20 contiki-nrf52dk.a(ringbuf.o)
                0x00022830                ringbuf_get
 .text.ringbuf_elements
                0x00022850        0xc contiki-nrf52dk.a(ringbuf.o)
                0x00022850                ringbuf_elements
 .text.process_thread_sensors_process
                0x0002285c       0xdc contiki-nrf52dk.a(sensors.o)
 .text.sensors_changed
                0x00022938       0x40 contiki-nrf52dk.a(sensors.o)
                0x00022938                sensors_changed
 .text.chksum   0x00022978       0x38 contiki-nrf52dk.a(uip6.o)
 .text.upper_layer_chksum
                0x000229b0       0x54 contiki-nrf52dk.a(uip6.o)
 .text.ext_hdr_options_process
                0x00022a04       0xa0 contiki-nrf52dk.a(uip6.o)
 .text.uip_icmp6chksum
                0x00022aa4        0x6 contiki-nrf52dk.a(uip6.o)
                0x00022aa4                uip_icmp6chksum
 .text.uip_udpchksum
                0x00022aaa        0x6 contiki-nrf52dk.a(uip6.o)
                0x00022aaa                uip_udpchksum
 .text.uip_init
                0x00022ab0       0x3c contiki-nrf52dk.a(uip6.o)
                0x00022ab0                uip_init
 .text.remove_ext_hdr
                0x00022aec       0x50 contiki-nrf52dk.a(uip6.o)
                0x00022aec                remove_ext_hdr
 .text.uip_udp_new
                0x00022b3c       0xc4 contiki-nrf52dk.a(uip6.o)
                0x00022b3c                uip_udp_new
 .text.uip_process
                0x00022c00      0x358 contiki-nrf52dk.a(uip6.o)
                0x00022c00                uip_process
 .text.uip_htons
                0x00022f58        0x6 contiki-nrf52dk.a(uip6.o)
                0x00022f58                uip_htons
 .text.uip_htonl
                0x00022f5e       0x12 contiki-nrf52dk.a(uip6.o)
                0x00022f5e                uip_htonl
 .text.uip_ds6_list_loop
                0x00022f70       0x48 contiki-nrf52dk.a(uip-ds6.o)
                0x00022f70                uip_ds6_list_loop
 .text.uip_ds6_prefix_add
                0x00022fb8       0x68 contiki-nrf52dk.a(uip-ds6.o)
                0x00022fb8                uip_ds6_prefix_add
 .text.uip_ds6_prefix_rm
                0x00023020        0x8 contiki-nrf52dk.a(uip-ds6.o)
                0x00023020                uip_ds6_prefix_rm
 .text.uip_ds6_prefix_lookup
                0x00023028       0x28 contiki-nrf52dk.a(uip-ds6.o)
                0x00023028                uip_ds6_prefix_lookup
 .text.uip_ds6_is_addr_onlink
                0x00023050       0x40 contiki-nrf52dk.a(uip-ds6.o)
                0x00023050                uip_ds6_is_addr_onlink
 .text.uip_ds6_addr_lookup
                0x00023090       0x2c contiki-nrf52dk.a(uip-ds6.o)
                0x00023090                uip_ds6_addr_lookup
 .text.uip_ds6_get_link_local
                0x000230bc       0x40 contiki-nrf52dk.a(uip-ds6.o)
                0x000230bc                uip_ds6_get_link_local
 .text.uip_ds6_maddr_add
                0x000230fc       0x4c contiki-nrf52dk.a(uip-ds6.o)
                0x000230fc                uip_ds6_maddr_add
 .text.uip_ds6_addr_add
                0x00023148       0x94 contiki-nrf52dk.a(uip-ds6.o)
                0x00023148                uip_ds6_addr_add
 .text.uip_ds6_maddr_rm
                0x000231dc        0x8 contiki-nrf52dk.a(uip-ds6.o)
                0x000231dc                uip_ds6_maddr_rm
 .text.uip_ds6_maddr_lookup
                0x000231e4       0x2c contiki-nrf52dk.a(uip-ds6.o)
                0x000231e4                uip_ds6_maddr_lookup
 .text.uip_ds6_addr_rm
                0x00023210       0x44 contiki-nrf52dk.a(uip-ds6.o)
                0x00023210                uip_ds6_addr_rm
 .text.uip_ds6_periodic
                0x00023254       0x88 contiki-nrf52dk.a(uip-ds6.o)
                0x00023254                uip_ds6_periodic
 .text.uip_ds6_set_addr_iid
                0x000232dc       0x16 contiki-nrf52dk.a(uip-ds6.o)
                0x000232dc                uip_ds6_set_addr_iid
 .text.get_match_length
                0x000232f2       0x3e contiki-nrf52dk.a(uip-ds6.o)
                0x000232f2                get_match_length
 .text.uip_ds6_select_src
                0x00023330       0x94 contiki-nrf52dk.a(uip-ds6.o)
                0x00023330                uip_ds6_select_src
 .text.uip_ds6_send_rs
                0x000233c4       0x3c contiki-nrf52dk.a(uip-ds6.o)
                0x000233c4                uip_ds6_send_rs
 .text.uip_ds6_compute_reachable_time
                0x00023400       0x2c contiki-nrf52dk.a(uip-ds6.o)
                0x00023400                uip_ds6_compute_reachable_time
 .text.uip_ds6_init
                0x0002342c       0xd0 contiki-nrf52dk.a(uip-ds6.o)
                0x0002342c                uip_ds6_init
 .text.uip_ds6_nbr_rm
                0x000234fc       0x14 contiki-nrf52dk.a(uip-ds6-nbr.o)
                0x000234fc                uip_ds6_nbr_rm
 .text.uip_ds6_neighbors_init
                0x00023510       0x14 contiki-nrf52dk.a(uip-ds6-nbr.o)
                0x00023510                uip_ds6_neighbors_init
 .text.uip_ds6_nbr_add
                0x00023524       0x58 contiki-nrf52dk.a(uip-ds6-nbr.o)
                0x00023524                uip_ds6_nbr_add
 .text.uip_ds6_nbr_get_ll
                0x0002357c       0x10 contiki-nrf52dk.a(uip-ds6-nbr.o)
                0x0002357c                uip_ds6_nbr_get_ll
 .text.uip_ds6_nbr_lookup
                0x0002358c       0x38 contiki-nrf52dk.a(uip-ds6-nbr.o)
                0x0002358c                uip_ds6_nbr_lookup
 .text.uip_ds6_nbr_ll_lookup
                0x000235c4       0x10 contiki-nrf52dk.a(uip-ds6-nbr.o)
                0x000235c4                uip_ds6_nbr_ll_lookup
 .text.uip_ds6_nbr_ipaddr_from_lladdr
                0x000235d4        0x4 contiki-nrf52dk.a(uip-ds6-nbr.o)
                0x000235d4                uip_ds6_nbr_ipaddr_from_lladdr
 .text.uip_ds6_link_neighbor_callback
                0x000235d8       0x18 contiki-nrf52dk.a(uip-ds6-nbr.o)
                0x000235d8                uip_ds6_link_neighbor_callback
 .text.uip_ds6_neighbor_periodic
                0x000235f0       0xf8 contiki-nrf52dk.a(uip-ds6-nbr.o)
                0x000235f0                uip_ds6_neighbor_periodic
 .text.call_route_callback
                0x000236e8       0x50 contiki-nrf52dk.a(uip-ds6-route.o)
 .text.uip_ds6_route_init
                0x00023738       0x4c contiki-nrf52dk.a(uip-ds6-route.o)
                0x00023738                uip_ds6_route_init
 .text.uip_ds6_route_nexthop
                0x00023784       0x1c contiki-nrf52dk.a(uip-ds6-route.o)
                0x00023784                uip_ds6_route_nexthop
 .text.uip_ds6_route_head
                0x000237a0        0xc contiki-nrf52dk.a(uip-ds6-route.o)
                0x000237a0                uip_ds6_route_head
 .text.uip_ds6_route_next
                0x000237ac        0x8 contiki-nrf52dk.a(uip-ds6-route.o)
                0x000237ac                uip_ds6_route_next
 .text.uip_ds6_route_lookup
                0x000237b4       0x60 contiki-nrf52dk.a(uip-ds6-route.o)
                0x000237b4                uip_ds6_route_lookup
 .text.uip_ds6_route_rm
                0x00023814       0x9c contiki-nrf52dk.a(uip-ds6-route.o)
                0x00023814                uip_ds6_route_rm
 .text.rm_routelist
                0x000238b0       0x30 contiki-nrf52dk.a(uip-ds6-route.o)
 .text.rm_routelist_callback
                0x000238e0        0x4 contiki-nrf52dk.a(uip-ds6-route.o)
 .text.uip_ds6_defrt_rm
                0x000238e4       0x44 contiki-nrf52dk.a(uip-ds6-route.o)
                0x000238e4                uip_ds6_defrt_rm
 .text.uip_ds6_defrt_lookup
                0x00023928       0x2c contiki-nrf52dk.a(uip-ds6-route.o)
                0x00023928                uip_ds6_defrt_lookup
 .text.uip_ds6_defrt_add
                0x00023954       0x64 contiki-nrf52dk.a(uip-ds6-route.o)
                0x00023954                uip_ds6_defrt_add
 .text.uip_ds6_defrt_choose
                0x000239b8       0x30 contiki-nrf52dk.a(uip-ds6-route.o)
                0x000239b8                uip_ds6_defrt_choose
 .text.uip_ds6_defrt_periodic
                0x000239e8       0x30 contiki-nrf52dk.a(uip-ds6-route.o)
                0x000239e8                uip_ds6_defrt_periodic
 .text.echo_reply_input
                0x00023a18       0xa0 contiki-nrf52dk.a(uip-icmp6.o)
 .text.echo_request_input
                0x00023ab8       0xcc contiki-nrf52dk.a(uip-icmp6.o)
 .text.uip_icmp6_input
                0x00023b84       0x38 contiki-nrf52dk.a(uip-icmp6.o)
                0x00023b84                uip_icmp6_input
 .text.uip_icmp6_register_input_handler
                0x00023bbc        0xc contiki-nrf52dk.a(uip-icmp6.o)
                0x00023bbc                uip_icmp6_register_input_handler
 .text.uip_icmp6_error_output
                0x00023bc8      0x158 contiki-nrf52dk.a(uip-icmp6.o)
                0x00023bc8                uip_icmp6_error_output
 .text.uip_icmp6_init
                0x00023d20       0x1c contiki-nrf52dk.a(uip-icmp6.o)
                0x00023d20                uip_icmp6_init
 .text.create_llao
                0x00023d3c       0x28 contiki-nrf52dk.a(uip-nd6.o)
 .text.ra_input
                0x00023d64      0x358 contiki-nrf52dk.a(uip-nd6.o)
                0x00023d64                ra_input
 .text.na_input
                0x000240bc      0x1ec contiki-nrf52dk.a(uip-nd6.o)
 .text.ns_input
                0x000242a8      0x240 contiki-nrf52dk.a(uip-nd6.o)
 .text.uip_nd6_ns_output
                0x000244e8      0x148 contiki-nrf52dk.a(uip-nd6.o)
                0x000244e8                uip_nd6_ns_output
 .text.uip_nd6_rs_output
                0x00024630       0xac contiki-nrf52dk.a(uip-nd6.o)
                0x00024630                uip_nd6_rs_output
 .text.uip_nd6_init
                0x000246dc       0x24 contiki-nrf52dk.a(uip-nd6.o)
                0x000246dc                uip_nd6_init
 .text.tcpip_output
                0x00024700       0x10 contiki-nrf52dk.a(tcpip.o)
                0x00024700                tcpip_output
 .text.tcpip_set_outputfunc
                0x00024710        0xc contiki-nrf52dk.a(tcpip.o)
                0x00024710                tcpip_set_outputfunc
 .text.udp_new  0x0002471c       0x18 contiki-nrf52dk.a(tcpip.o)
                0x0002471c                udp_new
 .text.tcpip_icmp6_call
                0x00024734       0x28 contiki-nrf52dk.a(tcpip.o)
                0x00024734                tcpip_icmp6_call
 .text.tcpip_input
                0x0002475c       0x24 contiki-nrf52dk.a(tcpip.o)
                0x0002475c                tcpip_input
 .text.tcpip_ipv6_output
                0x00024780      0x104 contiki-nrf52dk.a(tcpip.o)
                0x00024780                tcpip_ipv6_output
 .text.process_thread_tcpip_process
                0x00024884       0xf0 contiki-nrf52dk.a(tcpip.o)
 .text.tcpip_uipcall
                0x00024974       0x2c contiki-nrf52dk.a(tcpip.o)
                0x00024974                tcpip_uipcall
 .text.uip_debug_ipaddr_print
                0x000249a0       0xa4 contiki-nrf52dk.a(uip-debug.o)
                0x000249a0                uip_debug_ipaddr_print
 .text.uip_debug_lladdr_print
                0x00024a44       0x38 contiki-nrf52dk.a(uip-debug.o)
                0x00024a44                uip_debug_lladdr_print
 .text.uiplib_ip6addrconv
                0x00024a7c       0xb6 contiki-nrf52dk.a(uiplib.o)
                0x00024a7c                uiplib_ip6addrconv
 *fill*         0x00024b32        0x2 
 .text.uip_udp_packet_send
                0x00024b34       0x38 contiki-nrf52dk.a(uip-udp-packet.)
                0x00024b34                uip_udp_packet_send
 .text.linkaddr_copy
                0x00024b6c        0x6 contiki-nrf52dk.a(linkaddr.o)
                0x00024b6c                linkaddr_copy
 .text.linkaddr_cmp
                0x00024b72       0x10 contiki-nrf52dk.a(linkaddr.o)
                0x00024b72                linkaddr_cmp
 *fill*         0x00024b82        0x2 
 .text.linkaddr_set_node_addr
                0x00024b84        0xc contiki-nrf52dk.a(linkaddr.o)
                0x00024b84                linkaddr_set_node_addr
 .text.item_from_index
                0x00024b90       0x14 contiki-nrf52dk.a(nbr-table.o)
 .text.index_from_key
                0x00024ba4       0x20 contiki-nrf52dk.a(nbr-table.o)
 .text.index_from_item
                0x00024bc4       0x16 contiki-nrf52dk.a(nbr-table.o)
 .text.nbr_set_bit
                0x00024bda       0x38 contiki-nrf52dk.a(nbr-table.o)
 *fill*         0x00024c12        0x2 
 .text.index_from_lladdr
                0x00024c14       0x40 contiki-nrf52dk.a(nbr-table.o)
 .text.nbr_get_bit.constprop.0
                0x00024c54       0x2c contiki-nrf52dk.a(nbr-table.o)
 .text.nbr_table_register
                0x00024c80       0x28 contiki-nrf52dk.a(nbr-table.o)
                0x00024c80                nbr_table_register
 .text.nbr_table_next
                0x00024ca8       0x48 contiki-nrf52dk.a(nbr-table.o)
                0x00024ca8                nbr_table_next
 .text.nbr_table_head
                0x00024cf0       0x38 contiki-nrf52dk.a(nbr-table.o)
                0x00024cf0                nbr_table_head
 .text.nbr_table_add_lladdr
                0x00024d28      0x11c contiki-nrf52dk.a(nbr-table.o)
                0x00024d28                nbr_table_add_lladdr
 .text.nbr_table_get_from_lladdr
                0x00024e44       0x26 contiki-nrf52dk.a(nbr-table.o)
                0x00024e44                nbr_table_get_from_lladdr
 *fill*         0x00024e6a        0x2 
 .text.nbr_table_remove
                0x00024e6c       0x2c contiki-nrf52dk.a(nbr-table.o)
                0x00024e6c                nbr_table_remove
 .text.nbr_table_get_lladdr
                0x00024e98       0x24 contiki-nrf52dk.a(nbr-table.o)
                0x00024e98                nbr_table_get_lladdr
 .text.netstack_init
                0x00024ebc       0x38 contiki-nrf52dk.a(netstack.o)
                0x00024ebc                netstack_init
 .text.packetbuf_hdrreduce
                0x00024ef4       0x28 contiki-nrf52dk.a(packetbuf.o)
                0x00024ef4                packetbuf_hdrreduce
 .text.packetbuf_set_datalen
                0x00024f1c        0xc contiki-nrf52dk.a(packetbuf.o)
                0x00024f1c                packetbuf_set_datalen
 .text.packetbuf_dataptr
                0x00024f28       0x14 contiki-nrf52dk.a(packetbuf.o)
                0x00024f28                packetbuf_dataptr
 .text.packetbuf_hdrptr
                0x00024f3c       0x14 contiki-nrf52dk.a(packetbuf.o)
                0x00024f3c                packetbuf_hdrptr
 .text.packetbuf_datalen
                0x00024f50        0xc contiki-nrf52dk.a(packetbuf.o)
                0x00024f50                packetbuf_datalen
 .text.packetbuf_hdrlen
                0x00024f5c       0x1c contiki-nrf52dk.a(packetbuf.o)
                0x00024f5c                packetbuf_hdrlen
 .text.packetbuf_totlen
                0x00024f78       0x14 contiki-nrf52dk.a(packetbuf.o)
                0x00024f78                packetbuf_totlen
 .text.packetbuf_hdralloc
                0x00024f8c       0x28 contiki-nrf52dk.a(packetbuf.o)
                0x00024f8c                packetbuf_hdralloc
 .text.packetbuf_attr_clear
                0x00024fb4       0x38 contiki-nrf52dk.a(packetbuf.o)
                0x00024fb4                packetbuf_attr_clear
 .text.packetbuf_clear
                0x00024fec       0x30 contiki-nrf52dk.a(packetbuf.o)
                0x00024fec                packetbuf_clear
 .text.packetbuf_copyfrom
                0x0002501c       0x30 contiki-nrf52dk.a(packetbuf.o)
                0x0002501c                packetbuf_copyfrom
 .text.packetbuf_attr_copyfrom
                0x0002504c       0x24 contiki-nrf52dk.a(packetbuf.o)
                0x0002504c                packetbuf_attr_copyfrom
 .text.packetbuf_set_attr
                0x00025070       0x10 contiki-nrf52dk.a(packetbuf.o)
                0x00025070                packetbuf_set_attr
 .text.packetbuf_attr
                0x00025080        0xc contiki-nrf52dk.a(packetbuf.o)
                0x00025080                packetbuf_attr
 .text.packetbuf_set_addr
                0x0002508c       0x18 contiki-nrf52dk.a(packetbuf.o)
                0x0002508c                packetbuf_set_addr
 .text.packetbuf_addr
                0x000250a4       0x10 contiki-nrf52dk.a(packetbuf.o)
                0x000250a4                packetbuf_addr
 .text.packetbuf_holds_broadcast
                0x000250b4       0x10 contiki-nrf52dk.a(packetbuf.o)
                0x000250b4                packetbuf_holds_broadcast
 .text.mac_call_sent_callback
                0x000250c4       0x18 contiki-nrf52dk.a(mac.o)
                0x000250c4                mac_call_sent_callback
 .text.on       0x000250dc        0xc contiki-nrf52dk.a(nullrdc.o)
 .text.channel_check_interval
                0x000250e8        0x4 contiki-nrf52dk.a(nullrdc.o)
 .text.init     0x000250ec        0x4 contiki-nrf52dk.a(nullrdc.o)
 .text.send_one_packet
                0x000250f0       0x68 contiki-nrf52dk.a(nullrdc.o)
 .text.send_list
                0x00025158       0x20 contiki-nrf52dk.a(nullrdc.o)
 .text.send_packet
                0x00025178        0x4 contiki-nrf52dk.a(nullrdc.o)
 .text.off      0x0002517c       0x18 contiki-nrf52dk.a(nullrdc.o)
 .text.packet_input
                0x00025194       0x44 contiki-nrf52dk.a(nullrdc.o)
 .text.init     0x000251d8        0x2 contiki-nrf52dk.a(nullsec.o)
 *fill*         0x000251da        0x2 
 .text.input    0x000251dc        0xc contiki-nrf52dk.a(nullsec.o)
 .text.send     0x000251e8       0x20 contiki-nrf52dk.a(nullsec.o)
 .text.leds_arch_init
                0x00025208       0x3c contiki-nrf52dk.a(leds-arch.o)
                0x00025208                leds_arch_init
 .text.leds_arch_set
                0x00025244       0x22 contiki-nrf52dk.a(leds-arch.o)
                0x00025244                leds_arch_set
 .text.sd_temp_get
                0x00025266        0x4 contiki-nrf52dk.a(temperature-sen)
 .text.value    0x0002526a       0x12 contiki-nrf52dk.a(temperature-sen)
 .text.configure
                0x0002527c        0x4 contiki-nrf52dk.a(temperature-sen)
 .text.status   0x00025280        0x4 contiki-nrf52dk.a(temperature-sen)
 .text.dbg_send_bytes
                0x00025284       0x20 contiki-nrf52dk.a(dbg.o)
                0x00025284                dbg_send_bytes
 .text.stimer_set
                0x000252a4        0xe contiki-nrf52dk.a(stimer.o)
                0x000252a4                stimer_set
 *fill*         0x000252b2        0x2 
 .text.stimer_expired
                0x000252b4       0x20 contiki-nrf52dk.a(stimer.o)
                0x000252b4                stimer_expired
 .text.stimer_remaining
                0x000252d4       0x10 contiki-nrf52dk.a(stimer.o)
                0x000252d4                stimer_remaining
 .text.prepare  0x000252e4        0x4 contiki-nrf52dk.a(nullradio.o)
 .text.transmit
                0x000252e8        0x4 contiki-nrf52dk.a(nullradio.o)
 .text.radio_read
                0x000252ec        0x4 contiki-nrf52dk.a(nullradio.o)
 .text.channel_clear
                0x000252f0        0x4 contiki-nrf52dk.a(nullradio.o)
 .text.off      0x000252f4        0x4 contiki-nrf52dk.a(nullradio.o)
 .text.get_value
                0x000252f8        0x4 contiki-nrf52dk.a(nullradio.o)
 .text.set_value
                0x000252fc        0x4 contiki-nrf52dk.a(nullradio.o)
 .text.set_object
                0x00025300        0x4 contiki-nrf52dk.a(nullradio.o)
 .text.get_object
                0x00025304        0x4 contiki-nrf52dk.a(nullradio.o)
 .text.send     0x00025308        0x4 contiki-nrf52dk.a(nullradio.o)
 .text.init     0x0002530c        0x4 contiki-nrf52dk.a(nullradio.o)
 .text.receiving_packet
                0x00025310        0x4 contiki-nrf52dk.a(nullradio.o)
 .text.pending_packet
                0x00025314        0x4 contiki-nrf52dk.a(nullradio.o)
 .text.on       0x00025318        0x4 contiki-nrf52dk.a(nullradio.o)
 .text.sicslowpan_init
                0x0002531c       0x24 contiki-nrf52dk.a(sicslowpan.o)
                0x0002531c                sicslowpan_init
 .text.set_packet_attrs
                0x00025340       0x40 contiki-nrf52dk.a(sicslowpan.o)
 .text.compress_addr_64
                0x00025380       0x90 contiki-nrf52dk.a(sicslowpan.o)
 .text.addr_context_lookup_by_prefix
                0x00025410       0x24 contiki-nrf52dk.a(sicslowpan.o)
 .text.output   0x00025434      0x4ac contiki-nrf52dk.a(sicslowpan.o)
 .text.packet_sent
                0x000258e0       0x24 contiki-nrf52dk.a(sicslowpan.o)
 .text.uncompress_addr
                0x00025904       0x90 contiki-nrf52dk.a(sicslowpan.o)
 .text.input    0x00025994      0x460 contiki-nrf52dk.a(sicslowpan.o)
 .text.queuebuf_to_packetbuf
                0x00025df4       0x30 contiki-nrf52dk.a(queuebuf.o)
                0x00025df4                queuebuf_to_packetbuf
 .text.hdr_length
                0x00025e24        0x4 contiki-nrf52dk.a(framer-nullmac.)
 .text.parse    0x00025e28       0x2c contiki-nrf52dk.a(framer-nullmac.)
 .text.create   0x00025e54       0x34 contiki-nrf52dk.a(framer-nullmac.)
 .text.nrf_gpio_cfg_sense_set
                0x00025e88       0x20 nrf52832.a(nrf_drv_gpiote.)
 .text.channel_free
                0x00025ea8       0x1c nrf52832.a(nrf_drv_gpiote.)
 .text.nrf_drv_gpiote_init
                0x00025ec4       0x54 nrf52832.a(nrf_drv_gpiote.)
                0x00025ec4                nrf_drv_gpiote_init
 .text.nrf_drv_gpiote_is_init
                0x00025f18       0x14 nrf52832.a(nrf_drv_gpiote.)
                0x00025f18                nrf_drv_gpiote_is_init
 .text.nrf_drv_gpiote_in_init
                0x00025f2c       0xd0 nrf52832.a(nrf_drv_gpiote.)
                0x00025f2c                nrf_drv_gpiote_in_init
 .text.nrf_drv_gpiote_in_event_enable
                0x00025ffc       0x98 nrf52832.a(nrf_drv_gpiote.)
                0x00025ffc                nrf_drv_gpiote_in_event_enable
 .text.nrf_drv_gpiote_in_event_disable
                0x00026094       0x44 nrf52832.a(nrf_drv_gpiote.)
                0x00026094                nrf_drv_gpiote_in_event_disable
 .text.nrf_drv_gpiote_in_is_set
                0x000260d8       0x12 nrf52832.a(nrf_drv_gpiote.)
                0x000260d8                nrf_drv_gpiote_in_is_set
 *fill*         0x000260ea        0x2 
 .text.GPIOTE_IRQHandler
                0x000260ec      0x12c nrf52832.a(nrf_drv_gpiote.)
                0x000260ec                GPIOTE_IRQHandler
 .text.nrf_rtc_event_clear
                0x00026218       0x10 nrf52832.a(nrf_drv_rtc.o)
 .text.nrf_drv_rtc_init
                0x00026228       0x64 nrf52832.a(nrf_drv_rtc.o)
                0x00026228                nrf_drv_rtc_init
 .text.nrf_drv_rtc_enable
                0x0002628c       0x18 nrf52832.a(nrf_drv_rtc.o)
                0x0002628c                nrf_drv_rtc_enable
 .text.nrf_drv_rtc_tick_enable
                0x000262a4       0x22 nrf52832.a(nrf_drv_rtc.o)
                0x000262a4                nrf_drv_rtc_tick_enable
 *fill*         0x000262c6        0x2 
 .text.RTC1_IRQHandler
                0x000262c8       0xa0 nrf52832.a(nrf_drv_rtc.o)
                0x000262c8                RTC1_IRQHandler
 .text.nrf_drv_timer_init
                0x00026368       0xa8 nrf52832.a(nrf_drv_timer.o)
                0x00026368                nrf_drv_timer_init
 .text.nrf_drv_timer_enable
                0x00026410       0x14 nrf52832.a(nrf_drv_timer.o)
                0x00026410                nrf_drv_timer_enable
 .text.nrf_drv_timer_capture
                0x00026424       0x1c nrf52832.a(nrf_drv_timer.o)
                0x00026424                nrf_drv_timer_capture
 .text.nrf_drv_timer_compare
                0x00026440       0x22 nrf52832.a(nrf_drv_timer.o)
                0x00026440                nrf_drv_timer_compare
 *fill*         0x00026462        0x2 
 .text.TIMER1_IRQHandler
                0x00026464       0x54 nrf52832.a(nrf_drv_timer.o)
                0x00026464                TIMER1_IRQHandler
 .text.sd_nvic_critical_region_enter
                0x000264b8        0x4 nrf52832.a(nrf_drv_wdt.o)
 .text.sd_nvic_critical_region_exit
                0x000264bc        0x4 nrf52832.a(nrf_drv_wdt.o)
 .text.WDT_IRQHandler
                0x000264c0       0x24 nrf52832.a(nrf_drv_wdt.o)
                0x000264c0                WDT_IRQHandler
 .text.nrf_drv_wdt_init
                0x000264e4       0x50 nrf52832.a(nrf_drv_wdt.o)
                0x000264e4                nrf_drv_wdt_init
 .text.nrf_drv_wdt_enable
                0x00026534       0x1c nrf52832.a(nrf_drv_wdt.o)
                0x00026534                nrf_drv_wdt_enable
 .text.nrf_drv_wdt_channel_alloc
                0x00026550       0xb4 nrf52832.a(nrf_drv_wdt.o)
                0x00026550                nrf_drv_wdt_channel_alloc
 .text.nrf_drv_wdt_channel_feed
                0x00026604       0x18 nrf52832.a(nrf_drv_wdt.o)
                0x00026604                nrf_drv_wdt_channel_feed
 .text.sd_rand_application_bytes_available_get
                0x0002661c        0x4 nrf52832.a(nrf_drv_rng.o)
 .text.sd_rand_application_vector_get
                0x00026620        0x4 nrf52832.a(nrf_drv_rng.o)
 .text.sd_softdevice_is_enabled
                0x00026624        0x4 nrf52832.a(nrf_drv_rng.o)
 .text.nrf_drv_rng_init
                0x00026628       0x2c nrf52832.a(nrf_drv_rng.o)
                0x00026628                nrf_drv_rng_init
 .text.nrf_drv_rng_bytes_available
                0x00026654        0x4 nrf52832.a(nrf_drv_rng.o)
                0x00026654                nrf_drv_rng_bytes_available
 .text.nrf_drv_rng_rand
                0x00026658        0x4 nrf52832.a(nrf_drv_rng.o)
                0x00026658                nrf_drv_rng_rand
 .text.tx_byte  0x0002665c       0x2c nrf52832.a(nrf_drv_uart.o)
 .text.rx_byte  0x00026688       0x2c nrf52832.a(nrf_drv_uart.o)
 .text.rx_done_event
                0x000266b4       0x28 nrf52832.a(nrf_drv_uart.o)
 .text.tx_done_event
                0x000266dc       0x28 nrf52832.a(nrf_drv_uart.o)
 .text.nrf_drv_uart_init
                0x00026704       0xf4 nrf52832.a(nrf_drv_uart.o)
                0x00026704                nrf_drv_uart_init
 .text.nrf_drv_uart_tx
                0x000267f8       0xe0 nrf52832.a(nrf_drv_uart.o)
                0x000267f8                nrf_drv_uart_tx
 .text.nrf_drv_uart_rx
                0x000268d8       0xfc nrf52832.a(nrf_drv_uart.o)
                0x000268d8                nrf_drv_uart_rx
 .text.nrf_drv_uart_rx_enable
                0x000269d4       0x24 nrf52832.a(nrf_drv_uart.o)
                0x000269d4                nrf_drv_uart_rx_enable
 .text.UARTE0_UART0_IRQHandler
                0x000269f8      0x188 nrf52832.a(nrf_drv_uart.o)
                0x000269f8                UARTE0_UART0_IRQHandler
 .text.app_error_handler
                0x00026b80       0x20 nrf52832.a(app_error.o)
                0x00026b80                app_error_handler
 .text.sd_nvic_EnableIRQ
                0x00026ba0        0x4 nrf52832.a(softdevice_hand)
 .text.sd_evt_get
                0x00026ba4        0x4 nrf52832.a(softdevice_hand)
 .text.sd_softdevice_enable
                0x00026ba8        0x4 nrf52832.a(softdevice_hand)
 .text.sd_ble_evt_get
                0x00026bac        0x4 nrf52832.a(softdevice_hand)
 .text.softdevice_assertion_handler
                0x00026bb0        0xc nrf52832.a(softdevice_hand)
                0x00026bb0                softdevice_assertion_handler
 .text.intern_softdevice_events_execute
                0x00026bbc       0xac nrf52832.a(softdevice_hand)
                0x00026bbc                intern_softdevice_events_execute
 .text.softdevice_handler_init
                0x00026c68       0x6c nrf52832.a(softdevice_hand)
                0x00026c68                softdevice_handler_init
 .text.softdevice_ble_evt_handler_set
                0x00026cd4       0x14 nrf52832.a(softdevice_hand)
                0x00026cd4                softdevice_ble_evt_handler_set
 .text.SWI2_EGU2_IRQHandler
                0x00026ce8       0x28 nrf52832.a(softdevice_hand)
                0x00026ce8                SWI2_EGU2_IRQHandler
 .text.sd_ble_gap_address_get
                0x00026d10        0x4 nrf52832.a(ble_advdata.o)
 .text.sd_ble_gap_adv_data_set
                0x00026d14        0x4 nrf52832.a(ble_advdata.o)
 .text.sd_ble_gap_appearance_get
                0x00026d18        0x4 nrf52832.a(ble_advdata.o)
 .text.sd_ble_gap_device_name_get
                0x00026d1c        0x4 nrf52832.a(ble_advdata.o)
 .text.sd_ble_uuid_encode
                0x00026d20        0x4 nrf52832.a(ble_advdata.o)
 .text.uuid_list_sized_encode
                0x00026d24       0xa6 nrf52832.a(ble_advdata.o)
 .text.uuid_list_encode
                0x00026dca       0x34 nrf52832.a(ble_advdata.o)
 .text.adv_data_encode
                0x00026dfe      0x446 nrf52832.a(ble_advdata.o)
                0x00026dfe                adv_data_encode
 .text.ble_advdata_set
                0x00027244       0x66 nrf52832.a(ble_advdata.o)
                0x00027244                ble_advdata_set
 *fill*         0x000272aa        0x2 
 .text          0x000272ac       0x44 nrf52832.a(gcc_startup_nrf)
                0x000272ac                Reset_Handler
                0x000272dc                NMI_Handler
                0x000272de                HardFault_Handler
                0x000272e0                MemoryManagement_Handler
                0x000272e2                BusFault_Handler
                0x000272e4                UsageFault_Handler
                0x000272e6                SVC_Handler
                0x000272e8                PendSV_Handler
                0x000272ea                SysTick_Handler
                0x000272ec                TIMER2_IRQHandler
                0x000272ec                RTC0_IRQHandler
                0x000272ec                SWI0_EGU0_IRQHandler
                0x000272ec                PWM1_IRQHandler
                0x000272ec                POWER_CLOCK_IRQHandler
                0x000272ec                RADIO_IRQHandler
                0x000272ec                PDM_IRQHandler
                0x000272ec                TEMP_IRQHandler
                0x000272ec                QDEC_IRQHandler
                0x000272ec                TIMER3_IRQHandler
                0x000272ec                SPIM0_SPIS0_TWIM0_TWIS0_SPI0_TWI0_IRQHandler
                0x000272ec                TIMER4_IRQHandler
                0x000272ec                I2S_IRQHandler
                0x000272ec                SWI4_EGU4_IRQHandler
                0x000272ec                TIMER0_IRQHandler
                0x000272ec                PWM2_IRQHandler
                0x000272ec                ECB_IRQHandler
                0x000272ec                SPIM1_SPIS1_TWIM1_TWIS1_SPI1_TWI1_IRQHandler
                0x000272ec                Default_Handler
                0x000272ec                SAADC_IRQHandler
                0x000272ec                CCM_AAR_IRQHandler
                0x000272ec                SWI5_EGU5_IRQHandler
                0x000272ec                RNG_IRQHandler
                0x000272ec                RTC2_IRQHandler
                0x000272ec                PWM0_IRQHandler
                0x000272ec                SWI3_EGU3_IRQHandler
                0x000272ec                SWI1_EGU1_IRQHandler
                0x000272ec                SPIM2_SPIS2_SPI2_IRQHandler
                0x000272ec                NFCT_IRQHandler
                0x000272ec                MWU_IRQHandler
                0x000272ec                COMP_LPCOMP_IRQHandler
 .text.nrf_drv_common_irq_enable
                0x000272f0       0x4c nrf52832.a(nrf_drv_common.)
                0x000272f0                nrf_drv_common_irq_enable
 .text.ftpan_36
                0x0002733c       0x40 nrf52832.a(system_nrf52.o)
 .text.SystemInit
                0x0002737c       0xe0 nrf52832.a(system_nrf52.o)
                0x0002737c                SystemInit
 .text.sd_ble_l2cap_ch_conn_reply
                0x0002745c        0x4 /home/johan/Downloads/nrf5_iot_sdk_3288530/components/iot/ble_6lowpan/lib/ble_6lowpan.a(ble_ipsp.o)
 .text.sd_ble_l2cap_ch_disconnect
                0x00027460        0x4 /home/johan/Downloads/nrf5_iot_sdk_3288530/components/iot/ble_6lowpan/lib/ble_6lowpan.a(ble_ipsp.o)
 .text.sd_ble_l2cap_ch_tx
                0x00027464        0x4 /home/johan/Downloads/nrf5_iot_sdk_3288530/components/iot/ble_6lowpan/lib/ble_6lowpan.a(ble_ipsp.o)
 .text.sd_ble_l2cap_ch_rx_complete
                0x00027468        0x4 /home/johan/Downloads/nrf5_iot_sdk_3288530/components/iot/ble_6lowpan/lib/ble_6lowpan.a(ble_ipsp.o)
 .text.sd_ble_l2cap_ch_rx_credits_issue
                0x0002746c        0x4 /home/johan/Downloads/nrf5_iot_sdk_3288530/components/iot/ble_6lowpan/lib/ble_6lowpan.a(ble_ipsp.o)
 .text.sd_ble_gatts_service_add
                0x00027470        0x4 /home/johan/Downloads/nrf5_iot_sdk_3288530/components/iot/ble_6lowpan/lib/ble_6lowpan.a(ble_ipsp.o)
 .text.ble_ipsp_evt_handler
                0x00027474      0x360 /home/johan/Downloads/nrf5_iot_sdk_3288530/components/iot/ble_6lowpan/lib/ble_6lowpan.a(ble_ipsp.o)
                0x00027474                ble_ipsp_evt_handler
 .text.ble_ipsp_init
                0x000277d4       0x58 /home/johan/Downloads/nrf5_iot_sdk_3288530/components/iot/ble_6lowpan/lib/ble_6lowpan.a(ble_ipsp.o)
                0x000277d4                ble_ipsp_init
 .text.ble_ipsp_send
                0x0002782c       0x60 /home/johan/Downloads/nrf5_iot_sdk_3288530/components/iot/ble_6lowpan/lib/ble_6lowpan.a(ble_ipsp.o)
                0x0002782c                ble_ipsp_send
 .text.ble_ipsp_disconnect
                0x0002788c       0x64 /home/johan/Downloads/nrf5_iot_sdk_3288530/components/iot/ble_6lowpan/lib/ble_6lowpan.a(ble_ipsp.o)
                0x0002788c                ble_ipsp_disconnect
 .text          0x000278f0       0x30 /home/johan/Downloads/gcc-arm-none-eabi-5_2-2015q4/bin/../lib/gcc/arm-none-eabi/5.2.1/armv7e-m/fpu/libgcc.a(_aeabi_uldivmod.o)
                0x000278f0                __aeabi_uldivmod
 .text          0x00027920      0x2e4 /home/johan/Downloads/gcc-arm-none-eabi-5_2-2015q4/bin/../lib/gcc/arm-none-eabi/5.2.1/armv7e-m/fpu/libgcc.a(_udivmoddi4.o)
                0x00027920                __udivmoddi4
 .text          0x00027c04        0x4 /home/johan/Downloads/gcc-arm-none-eabi-5_2-2015q4/bin/../lib/gcc/arm-none-eabi/5.2.1/armv7e-m/fpu/libgcc.a(_dvmd_tls.o)
                0x00027c04                __aeabi_ldiv0
                0x00027c04                __aeabi_idiv0
 .text.memcmp   0x00027c08       0x1e /home/johan/Downloads/gcc-arm-none-eabi-5_2-2015q4/bin/../lib/gcc/arm-none-eabi/5.2.1/../../../../arm-none-eabi/lib/armv7e-m/fpu/libc_nano.a(lib_a-memcmp.o)
                0x00027c08                memcmp
 .text.memcpy   0x00027c26       0x16 /home/johan/Downloads/gcc-arm-none-eabi-5_2-2015q4/bin/../lib/gcc/arm-none-eabi/5.2.1/../../../../arm-none-eabi/lib/armv7e-m/fpu/libc_nano.a(lib_a-memcpy-stub.o)
                0x00027c26                memcpy
 .text.memmove  0x00027c3c       0x36 /home/johan/Downloads/gcc-arm-none-eabi-5_2-2015q4/bin/../lib/gcc/arm-none-eabi/5.2.1/../../../../arm-none-eabi/lib/armv7e-m/fpu/libc_nano.a(lib_a-memmove.o)
                0x00027c3c                memmove
 .text          0x00027c72       0x10 /home/johan/Downloads/gcc-arm-none-eabi-5_2-2015q4/bin/../lib/gcc/arm-none-eabi/5.2.1/../../../../arm-none-eabi/lib/armv7e-m/fpu/libc_nano.a(lib_a-strlen.o)
                0x00027c72                strlen
 *(.init)
 *fill*         0x00027c82        0x2 
 .init          0x00027c84        0x4 /home/johan/Downloads/gcc-arm-none-eabi-5_2-2015q4/bin/../lib/gcc/arm-none-eabi/5.2.1/armv7e-m/fpu/crti.o
                0x00027c84                _init
 .init          0x00027c88        0x8 /home/johan/Downloads/gcc-arm-none-eabi-5_2-2015q4/bin/../lib/gcc/arm-none-eabi/5.2.1/armv7e-m/fpu/crtn.o
 *(.fini)
 .fini          0x00027c90        0x4 /home/johan/Downloads/gcc-arm-none-eabi-5_2-2015q4/bin/../lib/gcc/arm-none-eabi/5.2.1/armv7e-m/fpu/crti.o
                0x00027c90                _fini
 .fini          0x00027c94        0x8 /home/johan/Downloads/gcc-arm-none-eabi-5_2-2015q4/bin/../lib/gcc/arm-none-eabi/5.2.1/armv7e-m/fpu/crtn.o
 *crtbegin.o(.ctors)
 *crtbegin?.o(.ctors)
 *(EXCLUDE_FILE(*crtend.o *crtend?.o) .ctors)
 *(SORT(.ctors.*))
 *(.ctors)
 *crtbegin.o(.dtors)
 *crtbegin?.o(.dtors)
 *(EXCLUDE_FILE(*crtend.o *crtend?.o) .dtors)
 *(SORT(.dtors.*))
 *(.dtors)
 *(.rodata*)
 .rodata.str1.1
                0x00027c9c        0x2 /home/johan/Downloads/gcc-arm-none-eabi-5_2-2015q4/bin/../lib/gcc/arm-none-eabi/5.2.1/../../../../arm-none-eabi/lib/armv7e-m/fpu/libc_nano.a(lib_a-impure.o)
 *fill*         0x00027c9e        0x2 
 .rodata._global_impure_ptr
                0x00027ca0        0x4 /home/johan/Downloads/gcc-arm-none-eabi-5_2-2015q4/bin/../lib/gcc/arm-none-eabi/5.2.1/../../../../arm-none-eabi/lib/armv7e-m/fpu/libc_nano.a(lib_a-impure.o)
                0x00027ca0                _global_impure_ptr
 .rodata.autostart_processes
                0x00027ca4        0xc keypad.co
                0x00027ca4                autostart_processes
 .rodata.str1.1
                0x00027cb0       0xe3 keypad.co
                                 0xee (size before relaxing)
 .rodata.str1.1
                0x00027d93       0xae contiki-nrf52dk.a(er-coap.o)
                                 0xaf (size before relaxing)
 .rodata.str1.1
                0x00027e41       0x66 contiki-nrf52dk.a(er-coap-engine.)
 .rodata.str1.1
                0x00027ea7        0x9 contiki-nrf52dk.a(er-coap-res-wel)
                                 0x19 (size before relaxing)
 .rodata.str1.1
                0x00027eb0      0x259 contiki-nrf52dk.a(er-coap-observe)
 .rodata.str1.1
                0x00028109       0xee contiki-nrf52dk.a(rest-engine.o)
 .rodata.str1.1
                0x000281f7       0x58 contiki-nrf52dk.a(contiki-main.o)
                                 0x5a (size before relaxing)
 *fill*         0x0002824f        0x1 
 .rodata.buttons
                0x00028250       0x40 contiki-nrf52dk.a(button-sensor.o)
                0x00028250                buttons
 .rodata.str1.1
                0x00028290        0x7 contiki-nrf52dk.a(button-sensor.o)
 .rodata.buffer.3769
                0x00028297       0x10 contiki-nrf52dk.a(strformat.o)
 .rodata.str1.1
                0x000282a7       0x35 contiki-nrf52dk.a(strformat.o)
                                 0x37 (size before relaxing)
 .rodata.buffer.3760
                0x000282dc       0x10 contiki-nrf52dk.a(strformat.o)
 .rodata.rtc    0x000282ec        0x8 contiki-nrf52dk.a(clock.o)
                0x000282ec                rtc
 .rodata.timer  0x000282f4        0x8 contiki-nrf52dk.a(rtimer-arch.o)
 .rodata        0x000282fc       0x20 contiki-nrf52dk.a(uart0.o)
 .rodata        0x0002831c        0x4 contiki-nrf52dk.a(ble-core.o)
 .rodata.str1.1
                0x00028320       0x75 contiki-nrf52dk.a(ble-core.o)
                                 0x7a (size before relaxing)
 *fill*         0x00028395        0x3 
 .rodata.ble_ipsp_mac_driver
                0x00028398       0x1c contiki-nrf52dk.a(ble-mac.o)
                0x00028398                ble_ipsp_mac_driver
 .rodata.str1.1
                0x000283b4       0x23 contiki-nrf52dk.a(ble-mac.o)
 .rodata.str1.1
                0x000283d7        0xf contiki-nrf52dk.a(ctimer.o)
 .rodata.str1.1
                0x000283e6        0xc contiki-nrf52dk.a(etimer.o)
 .rodata.str1.1
                0x000283f2        0xe contiki-nrf52dk.a(serial-line.o)
 .rodata.str1.1
                0x00028400        0x8 contiki-nrf52dk.a(sensors.o)
 .rodata.str1.1
                0x00028408        0xd contiki-nrf52dk.a(tcpip.o)
 .rodata.str1.1
                0x00028415       0x37 contiki-nrf52dk.a(uip-debug.o)
                                 0x3e (size before relaxing)
 .rodata.linkaddr_null
                0x0002844c        0x8 contiki-nrf52dk.a(linkaddr.o)
                0x0002844c                linkaddr_null
 .rodata.str1.1
                0x00028454        0x8 contiki-nrf52dk.a(nullrdc.o)
 .rodata.nullrdc_driver
                0x0002845c       0x20 contiki-nrf52dk.a(nullrdc.o)
                0x0002845c                nullrdc_driver
 .rodata.str1.1
                0x0002847c        0x8 contiki-nrf52dk.a(nullsec.o)
 .rodata.nullsec_driver
                0x00028484       0x10 contiki-nrf52dk.a(nullsec.o)
                0x00028484                nullsec_driver
 .rodata.str1.1
                0x00028494        0xc contiki-nrf52dk.a(temperature-sen)
 .rodata.temperature_sensor
                0x000284a0       0x10 contiki-nrf52dk.a(temperature-sen)
                0x000284a0                temperature_sensor
 .rodata.nullradio_driver
                0x000284b0       0x38 contiki-nrf52dk.a(nullradio.o)
                0x000284b0                nullradio_driver
 .rodata        0x000284e8        0x2 contiki-nrf52dk.a(sicslowpan.o)
 .rodata.unc_llconf
                0x000284ea        0x4 contiki-nrf52dk.a(sicslowpan.o)
                0x000284ea                unc_llconf
 .rodata.llprefix
                0x000284ee        0x2 contiki-nrf52dk.a(sicslowpan.o)
                0x000284ee                llprefix
 .rodata.sicslowpan_driver
                0x000284f0        0xc contiki-nrf52dk.a(sicslowpan.o)
                0x000284f0                sicslowpan_driver
 .rodata.str1.1
                0x000284fc        0xb contiki-nrf52dk.a(sicslowpan.o)
 .rodata.unc_mxconf
                0x00028507        0x4 contiki-nrf52dk.a(sicslowpan.o)
                0x00028507                unc_mxconf
 .rodata.ttl_values
                0x0002850b        0x4 contiki-nrf52dk.a(sicslowpan.o)
 .rodata.unc_ctxconf
                0x0002850f        0x4 contiki-nrf52dk.a(sicslowpan.o)
                0x0002850f                unc_ctxconf
 *fill*         0x00028513        0x1 
 .rodata.framer_nullmac
                0x00028514        0xc contiki-nrf52dk.a(framer-nullmac.)
                0x00028514                framer_nullmac
 .rodata.m_default_config
                0x00028520        0x6 nrf52832.a(nrf_drv_rtc.o)
 *fill*         0x00028526        0x2 
 .rodata.m_default_config
                0x00028528        0x8 nrf52832.a(nrf_drv_timer.o)
 .rodata.m_default_config
                0x00028530        0xc nrf52832.a(nrf_drv_wdt.o)
 .rodata.m_default_config
                0x0002853c       0x20 nrf52832.a(nrf_drv_uart.o)
 *(.eh_frame*)
 .eh_frame      0x0002855c        0x0 /home/johan/Downloads/gcc-arm-none-eabi-5_2-2015q4/bin/../lib/gcc/arm-none-eabi/5.2.1/armv7e-m/fpu/crtbegin.o
                0x0002855c                . = ALIGN (0x4)

.glue_7         0x0002855c        0x0
 .glue_7        0x0002855c        0x0 linker stubs

.glue_7t        0x0002855c        0x0
 .glue_7t       0x0002855c        0x0 linker stubs

.vfp11_veneer   0x0002855c        0x0
 .vfp11_veneer  0x0002855c        0x0 linker stubs

.v4_bx          0x0002855c        0x0
 .v4_bx         0x0002855c        0x0 linker stubs

.iplt           0x0002855c        0x0
 .iplt          0x0002855c        0x0 /home/johan/Downloads/gcc-arm-none-eabi-5_2-2015q4/bin/../lib/gcc/arm-none-eabi/5.2.1/armv7e-m/fpu/crtbegin.o

.ARM.extab      0x0002855c        0x0
 *(.ARM.extab* .gnu.linkonce.armextab.*)
                0x0002855c                . = ALIGN (0x4)
                0x0002855c                __exidx_start = .

.ARM.exidx      0x0002855c        0x8
 *(.ARM.exidx* .gnu.linkonce.armexidx.*)
 .ARM.exidx     0x0002855c        0x8 /home/johan/Downloads/gcc-arm-none-eabi-5_2-2015q4/bin/../lib/gcc/arm-none-eabi/5.2.1/../../../../arm-none-eabi/lib/armv7e-m/fpu/crt0.o
 .ARM.exidx     0x00028564        0x0 nrf52832.a(gcc_startup_nrf)
                                  0x8 (size before relaxing)
 .ARM.exidx     0x00028564        0x0 /home/johan/Downloads/gcc-arm-none-eabi-5_2-2015q4/bin/../lib/gcc/arm-none-eabi/5.2.1/armv7e-m/fpu/libgcc.a(_udivmoddi4.o)
                                  0x8 (size before relaxing)
                0x00028564                . = ALIGN (0x4)
                0x00028564                __exidx_end = .
                0x00028564                __etext = .

.rel.dyn        0x00028564        0x0
 .rel.iplt      0x00028564        0x0 /home/johan/Downloads/gcc-arm-none-eabi-5_2-2015q4/bin/../lib/gcc/arm-none-eabi/5.2.1/armv7e-m/fpu/crtbegin.o

.data           0x20002800      0x218 load address 0x00028564
                0x20002800                __data_start__ = .
 *(vtable)
 *(.data*)
 .data.impure_data
                0x20002800       0x60 /home/johan/Downloads/gcc-arm-none-eabi-5_2-2015q4/bin/../lib/gcc/arm-none-eabi/5.2.1/../../../../arm-none-eabi/lib/armv7e-m/fpu/libc_nano.a(lib_a-impure.o)
 .data.keypad_process
                0x20002860       0x10 keypad.co
                0x20002860                keypad_process
 .data.door_process
                0x20002870       0x10 keypad.co
                0x20002870                door_process
 .data.coap_error_message
                0x20002880        0x4 contiki-nrf52dk.a(er-coap.o)
                0x20002880                coap_error_message
 .data.coap_engine
                0x20002884       0x10 contiki-nrf52dk.a(er-coap-engine.)
                0x20002884                coap_engine
 .data.transactions_memb
                0x20002894        0xc contiki-nrf52dk.a(er-coap-transac)
 .data.observers_memb
                0x200028a0        0xc contiki-nrf52dk.a(er-coap-observe)
 .data.res_well_known_core
                0x200028ac       0x24 contiki-nrf52dk.a(er-coap-res-wel)
                0x200028ac                res_well_known_core
 .data.obs_subjects_memb
                0x200028d0        0xc contiki-nrf52dk.a(er-coap-observe)
 .data.ble_iface_observer
                0x200028dc       0x10 contiki-nrf52dk.a(contiki-main.o)
                0x200028dc                ble_iface_observer
 .data.ctxt     0x200028ec        0x8 contiki-nrf52dk.a(dbg-printf.o)
 .data.ble_ipsp_process
                0x200028f4       0x10 contiki-nrf52dk.a(ble-mac.o)
                0x200028f4                ble_ipsp_process
 .data.ctimer_process
                0x20002904       0x10 contiki-nrf52dk.a(ctimer.o)
                0x20002904                ctimer_process
 .data.etimer_process
                0x20002914       0x10 contiki-nrf52dk.a(etimer.o)
                0x20002914                etimer_process
 .data.serial_line_process
                0x20002924       0x10 contiki-nrf52dk.a(serial-line.o)
                0x20002924                serial_line_process
 .data.sensors_process
                0x20002934       0x10 contiki-nrf52dk.a(sensors.o)
                0x20002934                sensors_process
 .data.ds6_neighbors
                0x20002944        0x4 contiki-nrf52dk.a(uip-ds6-nbr.o)
                0x20002944                ds6_neighbors
 .data.ds6_neighbors_struct
                0x20002948       0x10 contiki-nrf52dk.a(uip-ds6-nbr.o)
 .data.defaultroutermemb
                0x20002958        0xc contiki-nrf52dk.a(uip-ds6-route.o)
 .data.nbr_routes_struct
                0x20002964       0x10 contiki-nrf52dk.a(uip-ds6-route.o)
 .data.nbr_routes
                0x20002974        0x4 contiki-nrf52dk.a(uip-ds6-route.o)
                0x20002974                nbr_routes
 .data.routememb
                0x20002978        0xc contiki-nrf52dk.a(uip-ds6-route.o)
 .data.neighborroutememb
                0x20002984        0xc contiki-nrf52dk.a(uip-ds6-route.o)
 .data.echo_request_handler
                0x20002990        0xc contiki-nrf52dk.a(uip-icmp6.o)
 .data.echo_reply_handler
                0x2000299c        0xc contiki-nrf52dk.a(uip-icmp6.o)
 .data.ra_input_handler
                0x200029a8        0xc contiki-nrf52dk.a(uip-nd6.o)
 .data.ns_input_handler
                0x200029b4        0xc contiki-nrf52dk.a(uip-nd6.o)
 .data.na_input_handler
                0x200029c0        0xc contiki-nrf52dk.a(uip-nd6.o)
 .data.tcpip_process
                0x200029cc       0x10 contiki-nrf52dk.a(tcpip.o)
                0x200029cc                tcpip_process
 .data.neighbor_addr_mem
                0x200029dc        0xc contiki-nrf52dk.a(nbr-table.o)
 .data.sensors  0x200029e8       0x18 contiki-nrf52dk.a(nrf52dk-sensors)
                0x200029e8                sensors
 .data.bufmem   0x20002a00        0xc contiki-nrf52dk.a(queuebuf.o)
 .data.SystemCoreClock
                0x20002a0c        0x4 nrf52832.a(system_nrf52.o)
                0x20002a0c                SystemCoreClock
                0x20002a10                . = ALIGN (0x4)
                0x20002a10                PROVIDE (__preinit_array_start, .)
 *(.preinit_array)
                0x20002a10                PROVIDE (__preinit_array_end, .)
                0x20002a10                . = ALIGN (0x4)
                0x20002a10                PROVIDE (__init_array_start, .)
 *(SORT(.init_array.*))
 *(.init_array)
 .init_array    0x20002a10        0x4 /home/johan/Downloads/gcc-arm-none-eabi-5_2-2015q4/bin/../lib/gcc/arm-none-eabi/5.2.1/armv7e-m/fpu/crtbegin.o
                0x20002a14                PROVIDE (__init_array_end, .)
                0x20002a14                . = ALIGN (0x4)
                [!provide]                PROVIDE (__fini_array_start, .)
 *(SORT(.fini_array.*))
 *(.fini_array)
 .fini_array    0x20002a14        0x4 /home/johan/Downloads/gcc-arm-none-eabi-5_2-2015q4/bin/../lib/gcc/arm-none-eabi/5.2.1/armv7e-m/fpu/crtbegin.o
                [!provide]                PROVIDE (__fini_array_end, .)
 *(.jcr)
 .jcr           0x20002a18        0x0 /home/johan/Downloads/gcc-arm-none-eabi-5_2-2015q4/bin/../lib/gcc/arm-none-eabi/5.2.1/armv7e-m/fpu/crtbegin.o
                0x20002a18                . = ALIGN (0x4)
                0x20002a18                __data_end__ = .

.tm_clone_table
                0x20002a18        0x0 load address 0x0002877c
 .tm_clone_table
                0x20002a18        0x0 /home/johan/Downloads/gcc-arm-none-eabi-5_2-2015q4/bin/../lib/gcc/arm-none-eabi/5.2.1/armv7e-m/fpu/crtbegin.o
 .tm_clone_table
                0x20002a18        0x0 /home/johan/Downloads/gcc-arm-none-eabi-5_2-2015q4/bin/../lib/gcc/arm-none-eabi/5.2.1/armv7e-m/fpu/crtend.o

.igot.plt       0x20002a18        0x0 load address 0x0002877c
 .igot.plt      0x20002a18        0x0 /home/johan/Downloads/gcc-arm-none-eabi-5_2-2015q4/bin/../lib/gcc/arm-none-eabi/5.2.1/armv7e-m/fpu/crtbegin.o

.bss            0x20002a18     0x3dec load address 0x0002877c
                0x20002a18                . = ALIGN (0x4)
                0x20002a18                __bss_start__ = .
 *(.bss*)
 .bss           0x20002a18       0x1c /home/johan/Downloads/gcc-arm-none-eabi-5_2-2015q4/bin/../lib/gcc/arm-none-eabi/5.2.1/armv7e-m/fpu/crtbegin.o
 .bss.request.10111
                0x20002a34       0xa4 keypad.co
 .bss.request.10114
                0x20002ad8       0xa4 keypad.co
 .bss.request_state.10112
                0x20002b7c       0x14 keypad.co
 .bss.request_state.10115
                0x20002b90       0x14 keypad.co
 .bss.time      0x20002ba4        0x4 keypad.co
                0x20002ba4                time
 .bss.authority_addr
                0x20002ba8       0x10 keypad.co
 .bss.starttime
                0x20002bb8        0x4 keypad.co
                0x20002bb8                starttime
 .bss.udp_conn  0x20002bbc        0x4 contiki-nrf52dk.a(er-coap.o)
 .bss.erbium_status_code
                0x20002bc0        0x1 contiki-nrf52dk.a(er-coap.o)
                0x20002bc0                erbium_status_code
 *fill*         0x20002bc1        0x1 
 .bss.current_mid
                0x20002bc2        0x2 contiki-nrf52dk.a(er-coap.o)
 .bss.res_block.10488
                0x20002bc4        0x4 contiki-nrf52dk.a(er-coap-engine.)
 .bss.message.10443
                0x20002bc8       0xa4 contiki-nrf52dk.a(er-coap-engine.)
 .bss.transaction.10445
                0x20002c6c        0x4 contiki-nrf52dk.a(er-coap-engine.)
 .bss.response.10444
                0x20002c70       0xa4 contiki-nrf52dk.a(er-coap-engine.)
 .bss.more.10487
                0x20002d14        0x1 contiki-nrf52dk.a(er-coap-engine.)
 *fill*         0x20002d15        0x3 
 .bss.service_cbk
                0x20002d18        0x4 contiki-nrf52dk.a(er-coap-engine.)
 .bss.block_error.10489
                0x20002d1c        0x1 contiki-nrf52dk.a(er-coap-engine.)
 *fill*         0x20002d1d        0x3 
 .bss.transactions_list_list
                0x20002d20        0x4 contiki-nrf52dk.a(er-coap-transac)
 .bss.transaction_handler_process
                0x20002d24        0x4 contiki-nrf52dk.a(er-coap-transac)
 .bss.transactions_memb_memb_count
                0x20002d28        0x4 contiki-nrf52dk.a(er-coap-transac)
 .bss.transactions_memb_memb_mem
                0x20002d2c      0x2a0 contiki-nrf52dk.a(er-coap-transac)
 .bss.observers_memb_memb_mem
                0x20002fcc       0xf0 contiki-nrf52dk.a(er-coap-observe)
 .bss.observers_memb_memb_count
                0x200030bc        0x3 contiki-nrf52dk.a(er-coap-observe)
 *fill*         0x200030bf        0x1 
 .bss.observers_list_list
                0x200030c0        0x4 contiki-nrf52dk.a(er-coap-observe)
 .bss.obs_subjects_list_list
                0x200030c4        0x4 contiki-nrf52dk.a(er-coap-observe)
 .bss.response.9973
                0x200030c8       0xa4 contiki-nrf52dk.a(er-coap-observe)
 .bss.obs_subjects_memb_memb_mem
                0x2000316c       0xd0 contiki-nrf52dk.a(er-coap-observe)
 .bss.obs_subjects_memb_memb_count
                0x2000323c        0x4 contiki-nrf52dk.a(er-coap-observe)
 .bss.token.10001
                0x20003240        0x1 contiki-nrf52dk.a(er-coap-observe)
 *fill*         0x20003241        0x3 
 .bss.restful_periodic_services_list
                0x20003244        0x4 contiki-nrf52dk.a(rest-engine.o)
 .bss.restful_services_list
                0x20003248        0x4 contiki-nrf52dk.a(rest-engine.o)
 .bss.BLE_EVT_BUFFER.11483
                0x2000324c       0x48 contiki-nrf52dk.a(contiki-main.o)
 .bss.led_timer.11475
                0x20003294       0x10 contiki-nrf52dk.a(contiki-main.o)
 .bss.btn_state
                0x200032a4        0x4 contiki-nrf52dk.a(button-sensor.o)
 .bss.btn_timer
                0x200032a8       0x40 contiki-nrf52dk.a(button-sensor.o)
 .bss.ticks     0x200032e8        0x4 contiki-nrf52dk.a(clock.o)
 .bss.uart0_input_handler
                0x200032ec        0x4 contiki-nrf52dk.a(uart0.o)
 .bss.rx_buffer
                0x200032f0        0x1 contiki-nrf52dk.a(uart0.o)
 .bss.txbuf_data
                0x200032f1       0x80 contiki-nrf52dk.a(uart0.o)
 *fill*         0x20003371        0x3 
 .bss.txbuf     0x20003374        0x8 contiki-nrf52dk.a(uart0.o)
 .bss.wdt_initialized
                0x2000337c        0x1 contiki-nrf52dk.a(watchdog.o)
 .bss.wdt_channel_id
                0x2000337d        0x1 contiki-nrf52dk.a(watchdog.o)
 *fill*         0x2000337e        0x2 
 .bss.m_adv_params
                0x20003380       0x18 contiki-nrf52dk.a(ble-core.o)
 .bss.interfaces
                0x20003398        0xc contiki-nrf52dk.a(ble-mac.o)
 .bss.busy_rx   0x200033a4        0x4 contiki-nrf52dk.a(ble-mac.o)
 .bss.busy_tx   0x200033a8        0x4 contiki-nrf52dk.a(ble-mac.o)
 .bss.ctimer_list_list
                0x200033ac        0x4 contiki-nrf52dk.a(ctimer.o)
 .bss.initialized
                0x200033b0        0x1 contiki-nrf52dk.a(ctimer.o)
 *fill*         0x200033b1        0x3 
 .bss.timerlist
                0x200033b4        0x4 contiki-nrf52dk.a(etimer.o)
 .bss.next_expiration
                0x200033b8        0x4 contiki-nrf52dk.a(etimer.o)
 .bss.fevent    0x200033bc        0x1 contiki-nrf52dk.a(process.o)
 .bss.nevents   0x200033bd        0x1 contiki-nrf52dk.a(process.o)
 *fill*         0x200033be        0x2 
 .bss.p.7016    0x200033c0        0x4 contiki-nrf52dk.a(process.o)
 .bss.poll_requested
                0x200033c4        0x1 contiki-nrf52dk.a(process.o)
 *fill*         0x200033c5        0x3 
 .bss.process_current
                0x200033c8        0x4 contiki-nrf52dk.a(process.o)
                0x200033c8                process_current
 .bss.ev.7013   0x200033cc        0x1 contiki-nrf52dk.a(process.o)
 *fill*         0x200033cd        0x3 
 .bss.process_list
                0x200033d0        0x4 contiki-nrf52dk.a(process.o)
                0x200033d0                process_list
 .bss.events    0x200033d4      0x180 contiki-nrf52dk.a(process.o)
 .bss.data.7014
                0x20003554        0x4 contiki-nrf52dk.a(process.o)
 .bss.lastevent
                0x20003558        0x1 contiki-nrf52dk.a(process.o)
 *fill*         0x20003559        0x3 
 .bss.next_rtimer
                0x2000355c        0x4 contiki-nrf52dk.a(rtimer.o)
 .bss.leds      0x20003560        0x1 contiki-nrf52dk.a(leds.o)
 .bss.rxbuf_data
                0x20003561       0x80 contiki-nrf52dk.a(serial-line.o)
 *fill*         0x200035e1        0x3 
 .bss.rxbuf     0x200035e4        0x8 contiki-nrf52dk.a(serial-line.o)
 .bss.overflow.6497
                0x200035ec        0x1 contiki-nrf52dk.a(serial-line.o)
 .bss.buf.6503  0x200035ed       0x80 contiki-nrf52dk.a(serial-line.o)
 *fill*         0x2000366d        0x3 
 .bss.ptr.6504  0x20003670        0x4 contiki-nrf52dk.a(serial-line.o)
 .bss.num_sensors
                0x20003674        0x1 contiki-nrf52dk.a(sensors.o)
 *fill*         0x20003675        0x3 
 .bss.i.6519    0x20003678        0x4 contiki-nrf52dk.a(sensors.o)
 .bss.events.6520
                0x2000367c        0x4 contiki-nrf52dk.a(sensors.o)
 .bss.uip_ext_len
                0x20003680        0x1 contiki-nrf52dk.a(uip6.o)
                0x20003680                uip_ext_len
 .bss.uip_ext_bitmap
                0x20003681        0x1 contiki-nrf52dk.a(uip6.o)
                0x20003681                uip_ext_bitmap
 .bss.uip_ext_opt_offset
                0x20003682        0x1 contiki-nrf52dk.a(uip6.o)
                0x20003682                uip_ext_opt_offset
 *fill*         0x20003683        0x1 
 .bss.lastport  0x20003684        0x2 contiki-nrf52dk.a(uip6.o)
 .bss.c         0x20003686        0x1 contiki-nrf52dk.a(uip6.o)
 *fill*         0x20003687        0x1 
 .bss.locmaddr  0x20003688        0x4 contiki-nrf52dk.a(uip-ds6.o)
 .bss.locprefix
                0x2000368c        0x4 contiki-nrf52dk.a(uip-ds6.o)
 .bss.locaddr   0x20003690        0x4 contiki-nrf52dk.a(uip-ds6.o)
 .bss.loc_fipaddr
                0x20003694       0x10 contiki-nrf52dk.a(uip-ds6.o)
 .bss.rscount   0x200036a4        0x1 contiki-nrf52dk.a(uip-ds6.o)
 *fill*         0x200036a5        0x3 
 .bss._ds6_neighbors_mem
                0x200036a8      0x320 contiki-nrf52dk.a(uip-ds6-nbr.o)
 .bss.defaultroutermemb_memb_mem
                0x200039c8       0x40 contiki-nrf52dk.a(uip-ds6-route.o)
 .bss.num_routes
                0x20003a08        0x4 contiki-nrf52dk.a(uip-ds6-route.o)
 .bss.defaultroutermemb_memb_count
                0x20003a0c        0x2 contiki-nrf52dk.a(uip-ds6-route.o)
 *fill*         0x20003a0e        0x2 
 .bss.defaultrouterlist_list
                0x20003a10        0x4 contiki-nrf52dk.a(uip-ds6-route.o)
 .bss._nbr_routes_mem
                0x20003a14       0xa0 contiki-nrf52dk.a(uip-ds6-route.o)
 .bss.routelist_list
                0x20003ab4        0x4 contiki-nrf52dk.a(uip-ds6-route.o)
 .bss.routememb_memb_mem
                0x20003ab8      0x320 contiki-nrf52dk.a(uip-ds6-route.o)
 .bss.neighborroutememb_memb_mem
                0x20003dd8       0xa0 contiki-nrf52dk.a(uip-ds6-route.o)
 .bss.notificationlist_list
                0x20003e78        0x4 contiki-nrf52dk.a(uip-ds6-route.o)
 .bss.neighborroutememb_memb_count
                0x20003e7c       0x14 contiki-nrf52dk.a(uip-ds6-route.o)
 .bss.routememb_memb_count
                0x20003e90       0x14 contiki-nrf52dk.a(uip-ds6-route.o)
 .bss.tmp_ipaddr
                0x20003ea4       0x10 contiki-nrf52dk.a(uip-icmp6.o)
 .bss.echo_reply_callback_list_list
                0x20003eb4        0x4 contiki-nrf52dk.a(uip-icmp6.o)
 .bss.input_handler_list_list
                0x20003eb8        0x4 contiki-nrf52dk.a(uip-icmp6.o)
 .bss.nd6_opt_prefix_info
                0x20003ebc        0x4 contiki-nrf52dk.a(uip-nd6.o)
 .bss.prefix    0x20003ec0        0x4 contiki-nrf52dk.a(uip-nd6.o)
 .bss.nbr       0x20003ec4        0x4 contiki-nrf52dk.a(uip-nd6.o)
 .bss.nd6_opt_llao
                0x20003ec8        0x4 contiki-nrf52dk.a(uip-nd6.o)
 .bss.nd6_opt_offset
                0x20003ecc        0x1 contiki-nrf52dk.a(uip-nd6.o)
 *fill*         0x20003ecd        0x3 
 .bss.addr      0x20003ed0        0x4 contiki-nrf52dk.a(uip-nd6.o)
 .bss.ipaddr    0x20003ed4       0x10 contiki-nrf52dk.a(uip-nd6.o)
 .bss.periodic  0x20003ee4       0x10 contiki-nrf52dk.a(tcpip.o)
 .bss.outputfunc
                0x20003ef4        0x4 contiki-nrf52dk.a(tcpip.o)
 .bss.neighbor_addr_mem_memb_count
                0x20003ef8       0x14 contiki-nrf52dk.a(nbr-table.o)
 .bss.locked_map
                0x20003f0c       0x14 contiki-nrf52dk.a(nbr-table.o)
 .bss.nbr_table_keys_list
                0x20003f20        0x4 contiki-nrf52dk.a(nbr-table.o)
 .bss.neighbor_addr_mem_memb_mem
                0x20003f24       0xf0 contiki-nrf52dk.a(nbr-table.o)
 .bss.used_map  0x20004014       0x14 contiki-nrf52dk.a(nbr-table.o)
 .bss.all_tables
                0x20004028       0x20 contiki-nrf52dk.a(nbr-table.o)
 .bss.num_tables
                0x20004048        0x4 contiki-nrf52dk.a(nbr-table.o)
 .bss.packetbufptr
                0x2000404c        0x4 contiki-nrf52dk.a(packetbuf.o)
 .bss.hdrptr    0x20004050        0x1 contiki-nrf52dk.a(packetbuf.o)
 *fill*         0x20004051        0x1 
 .bss.buflen    0x20004052        0x2 contiki-nrf52dk.a(packetbuf.o)
 .bss.packetbuf_aligned
                0x20004054      0x530 contiki-nrf52dk.a(packetbuf.o)
 .bss.bufptr    0x20004584        0x2 contiki-nrf52dk.a(packetbuf.o)
 *fill*         0x20004586        0x2 
 .bss.callback  0x20004588        0x4 contiki-nrf52dk.a(sicslowpan.o)
 .bss.context   0x2000458c        0x4 contiki-nrf52dk.a(sicslowpan.o)
 .bss.last_rssi
                0x20004590        0x4 contiki-nrf52dk.a(sicslowpan.o)
 .bss.hc06_ptr  0x20004594        0x4 contiki-nrf52dk.a(sicslowpan.o)
 .bss.uncomp_hdr_len
                0x20004598        0x1 contiki-nrf52dk.a(sicslowpan.o)
 .bss.addr_contexts
                0x20004599        0xa contiki-nrf52dk.a(sicslowpan.o)
 *fill*         0x200045a3        0x1 
 .bss.packetbuf_ptr
                0x200045a4        0x4 contiki-nrf52dk.a(sicslowpan.o)
 .bss.packetbuf_payload_len
                0x200045a8        0x4 contiki-nrf52dk.a(sicslowpan.o)
 .bss.packetbuf_hdr_len
                0x200045ac        0x1 contiki-nrf52dk.a(sicslowpan.o)
 *fill*         0x200045ad        0x3 
 .bss.bufmem_memb_mem
                0x200045b0       0x20 contiki-nrf52dk.a(queuebuf.o)
 .bss.bufmem_memb_count
                0x200045d0        0x8 contiki-nrf52dk.a(queuebuf.o)
 .bss.m_cb      0x200045d8       0x58 nrf52832.a(nrf_drv_gpiote.)
 .bss.m_handlers
                0x20004630        0x4 nrf52832.a(nrf_drv_rtc.o)
 .bss.m_cb      0x20004634        0x3 nrf52832.a(nrf_drv_rtc.o)
 *fill*         0x20004637        0x1 
 .bss.m_timer_event_handlers
                0x20004638        0x4 nrf52832.a(nrf_drv_timer.o)
 .bss.mp_contexts
                0x2000463c        0x4 nrf52832.a(nrf_drv_timer.o)
 .bss.m_cb      0x20004640        0x1 nrf52832.a(nrf_drv_timer.o)
 *fill*         0x20004641        0x3 
 .bss.m_alloc_index
                0x20004644        0x4 nrf52832.a(nrf_drv_wdt.o)
 .bss.m_wdt_event_handler
                0x20004648        0x4 nrf52832.a(nrf_drv_wdt.o)
 .bss.m_state   0x2000464c        0x1 nrf52832.a(nrf_drv_wdt.o)
 .bss.m_rng_cb  0x2000464d        0x1 nrf52832.a(nrf_drv_rng.o)
 *fill*         0x2000464e        0x2 
 .bss.m_cb      0x20004650       0x18 nrf52832.a(nrf_drv_uart.o)
 .bss.m_softdevice_enabled
                0x20004668        0x1 nrf52832.a(softdevice_hand)
 *fill*         0x20004669        0x1 
 .bss.m_ble_evt_buffer_size
                0x2000466a        0x2 nrf52832.a(softdevice_hand)
 .bss.mp_ble_evt_buffer
                0x2000466c        0x4 nrf52832.a(softdevice_hand)
 .bss.m_sys_evt_handler
                0x20004670        0x4 nrf52832.a(softdevice_hand)
 .bss.m_ble_evt_handler
                0x20004674        0x4 nrf52832.a(softdevice_hand)
 .bss.m_evt_schedule_func
                0x20004678        0x4 nrf52832.a(softdevice_hand)
 .bss.m_channel
                0x2000467c        0xc /home/johan/Downloads/nrf5_iot_sdk_3288530/components/iot/ble_6lowpan/lib/ble_6lowpan.a(ble_ipsp.o)
 .bss.m_evt_handler
                0x20004688        0x4 /home/johan/Downloads/nrf5_iot_sdk_3288530/components/iot/ble_6lowpan/lib/ble_6lowpan.a(ble_ipsp.o)
 .bss.m_rx_buffer
                0x2000468c     0x1400 /home/johan/Downloads/nrf5_iot_sdk_3288530/components/iot/ble_6lowpan/lib/ble_6lowpan.a(ble_ipsp.o)
 *(COMMON)
 COMMON         0x20005a8c      0x50e contiki-nrf52dk.a(ble-mac.o)
                0x20005a8c                ble_event_interface_deleted
                0x20005a8d                ble_event_interface_added
                0x20005a8e                input_packet
 *fill*         0x20005f9a        0x2 
 COMMON         0x20005f9c       0x70 contiki-nrf52dk.a(energest.o)
                0x20005f9c                energest_total_time
                0x20005fcc                energest_total_count
                0x20005fd0                energest_current_mode
                0x20005fdc                energest_current_time
 COMMON         0x2000600c        0x1 contiki-nrf52dk.a(serial-line.o)
                0x2000600c                serial_line_event_message
 COMMON         0x2000600d        0x1 contiki-nrf52dk.a(sensors.o)
                0x2000600d                sensors_event
 *fill*         0x2000600e        0x2 
 COMMON         0x20006010      0x670 contiki-nrf52dk.a(uip6.o)
                0x20006010                uip_len
                0x20006014                uip_sappdata
                0x20006018                uip_lladdr
                0x20006020                uip_aligned_buf
                0x20006520                uip_flags
                0x20006524                uip_next_hdr
                0x20006528                uip_udp_conn
                0x2000652c                uip_appdata
                0x20006530                uip_conn
                0x20006534                uip_icmp6_conns
                0x2000653c                uip_slen
                0x20006540                uip_udp_conns
 COMMON         0x20006680      0x144 contiki-nrf52dk.a(uip-ds6.o)
                0x20006680                uip_ds6_if
                0x20006740                uip_ds6_netif_addr_list_offset
                0x20006741                uip_ds6_addr_size
                0x20006744                uip_ds6_prefix_list
                0x200067a4                uip_ds6_timer_periodic
                0x200067b4                uip_ds6_timer_rs
 COMMON         0x200067c4        0x2 contiki-nrf52dk.a(tcpip.o)
                0x200067c4                tcpip_event
                0x200067c5                tcpip_icmp6_event
 COMMON         0x200067c6        0x8 contiki-nrf52dk.a(linkaddr.o)
                0x200067c6                linkaddr_node_addr
 COMMON         0x200067ce       0x2e contiki-nrf52dk.a(packetbuf.o)
                0x200067ce                packetbuf_addrs
                0x200067de                packetbuf_attrs
 COMMON         0x200067fc        0x6 contiki-nrf52dk.a(nrf52dk-sensors)
                0x200067fc                sensors_flags
                0x20006804                . = ALIGN (0x4)
 *fill*         0x20006802        0x2 
                0x20006804                __bss_end__ = .

.heap           0x20006808     0x2000
                0x20006808                __end__ = .
                0x20006808                end = __end__
 *(.heap*)
 .heap          0x20006808     0x2000 nrf52832.a(gcc_startup_nrf)