Archive member included to satisfy reference by file (symbol)

/usr/bin/../lib/gcc/arm-none-eabi/5.3.1/../../../../arm-none-eabi/lib/armv7e-m/fpu/libc_nano.a(lib_a-exit.o)
                              /usr/bin/../lib/gcc/arm-none-eabi/5.3.1/../../../../arm-none-eabi/lib/armv7e-m/fpu/crt0.o (exit)
/usr/bin/../lib/gcc/arm-none-eabi/5.3.1/../../../../arm-none-eabi/lib/armv7e-m/fpu/libc_nano.a(lib_a-impure.o)
                              /usr/bin/../lib/gcc/arm-none-eabi/5.3.1/../../../../arm-none-eabi/lib/armv7e-m/fpu/libc_nano.a(lib_a-exit.o) (_global_impure_ptr)
/usr/bin/../lib/gcc/arm-none-eabi/5.3.1/../../../../arm-none-eabi/lib/armv7e-m/fpu/libc_nano.a(lib_a-init.o)
                              /usr/bin/../lib/gcc/arm-none-eabi/5.3.1/../../../../arm-none-eabi/lib/armv7e-m/fpu/crt0.o (__libc_init_array)
/usr/bin/../lib/gcc/arm-none-eabi/5.3.1/../../../../arm-none-eabi/lib/armv7e-m/fpu/libc_nano.a(lib_a-memset.o)
                              /usr/bin/../lib/gcc/arm-none-eabi/5.3.1/../../../../arm-none-eabi/lib/armv7e-m/fpu/crt0.o (memset)
/usr/bin/../lib/gcc/arm-none-eabi/5.3.1/../../../../arm-none-eabi/lib/armv7e-m/fpu/libnosys.a(_exit.o)
                              /usr/bin/../lib/gcc/arm-none-eabi/5.3.1/../../../../arm-none-eabi/lib/armv7e-m/fpu/libc_nano.a(lib_a-exit.o) (_exit)
contiki-nrf52dk.a(er-coap.o)  keypad.co (coap_init_message)
contiki-nrf52dk.a(er-coap-engine.)
                              keypad.co (coap_init_engine)
contiki-nrf52dk.a(er-coap-transac)
                              contiki-nrf52dk.a(er-coap-engine.) (coap_register_as_transaction_handler)
contiki-nrf52dk.a(er-coap-observe)
                              contiki-nrf52dk.a(er-coap-transac) (coap_remove_observer_by_client)
contiki-nrf52dk.a(er-coap-res-wel)
                              contiki-nrf52dk.a(er-coap-engine.) (res_well_known_core)
contiki-nrf52dk.a(er-coap-observe)
                              contiki-nrf52dk.a(er-coap-engine.) (coap_handle_notification)
contiki-nrf52dk.a(rest-engine.o)
                              contiki-nrf52dk.a(er-coap-engine.) (rest_activate_resource)
contiki-nrf52dk.a(contiki-main.o)
                              /usr/bin/../lib/gcc/arm-none-eabi/5.3.1/../../../../arm-none-eabi/lib/armv7e-m/fpu/crt0.o (main)
contiki-nrf52dk.a(button-sensor.o)
                              keypad.co (buttons)
contiki-nrf52dk.a(dbg-printf.o)
                              keypad.co (printf)
contiki-nrf52dk.a(dbg-snprintf.o)
                              contiki-nrf52dk.a(er-coap-res-wel) (snprintf)
contiki-nrf52dk.a(strformat.o)
                              contiki-nrf52dk.a(dbg-printf.o) (format_str_v)
contiki-nrf52dk.a(clock.o)    contiki-nrf52dk.a(contiki-main.o) (clock_init)
contiki-nrf52dk.a(rtimer-arch.o)
                              contiki-nrf52dk.a(contiki-main.o) (rtimer_arch_now)
contiki-nrf52dk.a(uart0.o)    contiki-nrf52dk.a(contiki-main.o) (uart0_set_input)
contiki-nrf52dk.a(watchdog.o)
                              contiki-nrf52dk.a(contiki-main.o) (watchdog_init)
contiki-nrf52dk.a(ble-core.o)
                              contiki-nrf52dk.a(contiki-main.o) (ble_stack_init)
contiki-nrf52dk.a(ble-mac.o)  contiki-nrf52dk.a(contiki-main.o) (ble_event_interface_added)
contiki-nrf52dk.a(autostart.o)
                              contiki-nrf52dk.a(contiki-main.o) (autostart_start)
contiki-nrf52dk.a(ctimer.o)   contiki-nrf52dk.a(contiki-main.o) (ctimer_init)
contiki-nrf52dk.a(energest.o)
                              contiki-nrf52dk.a(contiki-main.o) (energest_init)
contiki-nrf52dk.a(etimer.o)   contiki-nrf52dk.a(clock.o) (etimer_request_poll)
contiki-nrf52dk.a(process.o)  contiki-nrf52dk.a(ble-mac.o) (process_alloc_event)
contiki-nrf52dk.a(rtimer.o)   contiki-nrf52dk.a(contiki-main.o) (rtimer_init)
contiki-nrf52dk.a(timer.o)    contiki-nrf52dk.a(button-sensor.o) (timer_set)
contiki-nrf52dk.a(leds.o)     contiki-nrf52dk.a(contiki-main.o) (leds_init)
contiki-nrf52dk.a(serial-line.o)
                              contiki-nrf52dk.a(contiki-main.o) (serial_line_input_byte)
contiki-nrf52dk.a(list.o)     contiki-nrf52dk.a(rest-engine.o) (list_init)
contiki-nrf52dk.a(memb.o)     contiki-nrf52dk.a(er-coap-transac) (memb_alloc)
contiki-nrf52dk.a(random.o)   contiki-nrf52dk.a(er-coap.o) (random_rand)
contiki-nrf52dk.a(ringbuf.o)  contiki-nrf52dk.a(uart0.o) (ringbuf_init)
contiki-nrf52dk.a(sensors.o)  contiki-nrf52dk.a(button-sensor.o) (sensors_changed)
contiki-nrf52dk.a(uip6.o)     contiki-nrf52dk.a(er-coap-engine.) (uip_aligned_buf)
contiki-nrf52dk.a(uip-ds6.o)  contiki-nrf52dk.a(uip6.o) (uip_ds6_addr_lookup)
contiki-nrf52dk.a(uip-ds6-nbr.o)
                              contiki-nrf52dk.a(uip-ds6.o) (uip_ds6_neighbors_init)
contiki-nrf52dk.a(uip-ds6-route.o)
                              contiki-nrf52dk.a(uip-ds6.o) (uip_ds6_route_init)
contiki-nrf52dk.a(uip-icmp6.o)
                              contiki-nrf52dk.a(uip6.o) (uip_icmp6_input)
[...]
Memory Configuration

Name             Origin             Length             Attributes
FLASH            0x000000000001f000 0x0000000000061000 xr
RAM              0x0000000020002800 0x000000000000d800 xrw
*default*        0x0000000000000000 0xffffffffffffffff

Linker script and memory map

LOAD /usr/bin/../lib/gcc/arm-none-eabi/5.3.1/armv7e-m/fpu/crti.o
LOAD /usr/bin/../lib/gcc/arm-none-eabi/5.3.1/armv7e-m/fpu/crtbegin.o
LOAD /usr/bin/../lib/gcc/arm-none-eabi/5.3.1/../../../../arm-none-eabi/lib/armv7e-m/fpu/crt0.o
LOAD /usr/bin/../lib/gcc/arm-none-eabi/5.3.1/../../../../arm-none-eabi/lib/armv7e-m/fpu/libc_nano.a
LOAD /usr/bin/../lib/gcc/arm-none-eabi/5.3.1/../../../../arm-none-eabi/lib/armv7e-m/fpu/libnosys.a
LOAD keypad.co
LOAD contiki-nrf52dk.a
LOAD nrf52832.a
LOAD /home/johan/Downloads/nrf5_iot_sdk_3288530/components/iot/ble_6lowpan/lib/ble_6lowpan.a
START GROUP
LOAD /usr/bin/../lib/gcc/arm-none-eabi/5.3.1/armv7e-m/fpu/libgcc.a
LOAD /usr/bin/../lib/gcc/arm-none-eabi/5.3.1/../../../../arm-none-eabi/lib/armv7e-m/fpu/libc_nano.a
END GROUP
START GROUP
LOAD /usr/bin/../lib/gcc/arm-none-eabi/5.3.1/armv7e-m/fpu/libgcc.a
LOAD /usr/bin/../lib/gcc/arm-none-eabi/5.3.1/../../../../arm-none-eabi/lib/armv7e-m/fpu/libc_nano.a
END GROUP
LOAD /usr/bin/../lib/gcc/arm-none-eabi/5.3.1/armv7e-m/fpu/crtend.o
LOAD /usr/bin/../lib/gcc/arm-none-eabi/5.3.1/armv7e-m/fpu/crtn.o
START GROUP
LOAD /usr/bin/../lib/gcc/arm-none-eabi/5.3.1/armv7e-m/fpu/libgcc.a
LOAD /usr/bin/../lib/gcc/arm-none-eabi/5.3.1/../../../../arm-none-eabi/lib/armv7e-m/fpu/libc.a
LOAD /usr/bin/../lib/gcc/arm-none-eabi/5.3.1/../../../../arm-none-eabi/lib/armv7e-m/fpu/libnosys.a
END GROUP

.text           0x000000000001f000     0x9328
 *(.Vectors)
 .Vectors       0x000000000001f000      0x400 nrf52832.a(gcc_startup_nrf)
                0x000000000001f000                __Vectors
 *(.text*)
 .text          0x000000000001f400       0x5c /usr/bin/../lib/gcc/arm-none-eabi/5.3.1/armv7e-m/fpu/crtbegin.o
 .text          0x000000000001f45c       0x74 /usr/bin/../lib/gcc/arm-none-eabi/5.3.1/../../../../arm-none-eabi/lib/armv7e-m/fpu/crt0.o
                0x000000000001f45c                _mainCRTStartup
                0x000000000001f45c                _start
 .text.exit     0x000000000001f4d0       0x28 /usr/bin/../lib/gcc/arm-none-eabi/5.3.1/../../../../arm-none-eabi/lib/armv7e-m/fpu/libc_nano.a(lib_a-exit.o)
                0x000000000001f4d0                exit
 .text.__libc_init_array
                0x000000000001f4f8       0x4c /usr/bin/../lib/gcc/arm-none-eabi/5.3.1/../../../../arm-none-eabi/lib/armv7e-m/fpu/libc_nano.a(lib_a-init.o)
                0x000000000001f4f8                __libc_init_array
 .text.memset   0x000000000001f544       0x10 /usr/bin/../lib/gcc/arm-none-eabi/5.3.1/../../../../arm-none-eabi/lib/armv7e-m/fpu/libc_nano.a(lib_a-memset.o)
                0x000000000001f544                memset
 .text._exit    0x000000000001f554        0x4 /usr/bin/../lib/gcc/arm-none-eabi/5.3.1/../../../../arm-none-eabi/lib/armv7e-m/fpu/libnosys.a(_exit.o)
                0x000000000001f554                _exit
 .text.process_thread_door_process
                0x000000000001f558       0x88 keypad.co
 .text.callback
                0x000000000001f5e0       0x34 keypad.co
 .text.starttimer
                0x000000000001f614       0x20 keypad.co
                0x000000000001f614                starttimer
 .text.process_thread_keypad_process
                0x000000000001f634      0x134 keypad.co
 .text.stoptimer
                0x000000000001f768       0x28 keypad.co
                0x000000000001f768                stoptimer
 .text.response
                0x000000000001f790       0x3c keypad.co
 .text.coap_parse_int_option
                0x000000000001f7cc       0x16 contiki-nrf52dk.a(er-coap.o)
 .text.coap_merge_multi_option
                0x000000000001f7e2       0x32 contiki-nrf52dk.a(er-coap.o)
 .text.coap_set_option_header
                0x000000000001f814       0x76 contiki-nrf52dk.a(er-coap.o)
 .text.coap_serialize_int_option
                0x000000000001f88a       0x62 contiki-nrf52dk.a(er-coap.o)
 .text.coap_serialize_array_option.part.0
                0x000000000001f8ec       0x20 contiki-nrf52dk.a(er-coap.o)
 .text.coap_serialize_array_option
                0x000000000001f90c       0x7c contiki-nrf52dk.a(er-coap.o)
 .text.coap_init_connection
                0x000000000001f988       0x28 contiki-nrf52dk.a(er-coap.o)
                0x000000000001f988                coap_init_connection
 .text.coap_get_mid
                0x000000000001f9b0       0x10 contiki-nrf52dk.a(er-coap.o)
                0x000000000001f9b0                coap_get_mid
 .text.coap_init_message
                0x000000000001f9c0       0x1a contiki-nrf52dk.a(er-coap.o)
                0x000000000001f9c0                coap_init_message
 *fill*         0x000000000001f9da        0x2 
 .text.coap_serialize_message
                0x000000000001f9dc      0x2e4 contiki-nrf52dk.a(er-coap.o)
                0x000000000001f9dc                coap_serialize_message
 .text.coap_send_message
                0x000000000001fcc0       0x4c contiki-nrf52dk.a(er-coap.o)
                0x000000000001fcc0                coap_send_message
 .text.coap_parse_message
                0x000000000001fd0c      0x304 contiki-nrf52dk.a(er-coap.o)
                0x000000000001fd0c                coap_parse_message
 .text.coap_set_status_code
                0x0000000000020010        0xc contiki-nrf52dk.a(er-coap.o)
                0x0000000000020010                coap_set_status_code
 .text.coap_set_token
                0x000000000002001c       0x16 contiki-nrf52dk.a(er-coap.o)
                0x000000000002001c                coap_set_token
 .text.coap_set_header_content_format
                0x0000000000020032        0xe contiki-nrf52dk.a(er-coap.o)
                0x0000000000020032                coap_set_header_content_format
 .text.coap_set_header_uri_path
                0x0000000000020040       0x20 contiki-nrf52dk.a(er-coap.o)
                0x0000000000020040                coap_set_header_uri_path
 .text.coap_get_header_observe
                0x0000000000020060       0x18 contiki-nrf52dk.a(er-coap.o)
                0x0000000000020060                coap_get_header_observe
 .text.coap_set_header_observe
                0x0000000000020078        0xe contiki-nrf52dk.a(er-coap.o)
                0x0000000000020078                coap_set_header_observe
 .text.coap_get_header_block2
                0x0000000000020086       0x32 contiki-nrf52dk.a(er-coap.o)
                0x0000000000020086                coap_get_header_block2
 .text.coap_set_header_block2
                0x00000000000200b8       0x32 contiki-nrf52dk.a(er-coap.o)
                0x00000000000200b8                coap_set_header_block2
 .text.coap_get_payload
                0x00000000000200ea       0x12 contiki-nrf52dk.a(er-coap.o)
                0x00000000000200ea                coap_get_payload
 .text.coap_set_payload
                0x00000000000200fc       0x12 contiki-nrf52dk.a(er-coap.o)
                0x00000000000200fc                coap_set_payload
 *fill*         0x000000000002010e        0x2 
 .text.process_thread_coap_engine
                0x0000000000020110      0x388 contiki-nrf52dk.a(er-coap-engine.)
 .text.coap_init_engine
                0x0000000000020498        0xc contiki-nrf52dk.a(er-coap-engine.)
                0x0000000000020498                coap_init_engine
 .text.coap_blocking_request_callback
                0x00000000000204a4        0x8 contiki-nrf52dk.a(er-coap-engine.)
                0x00000000000204a4                coap_blocking_request_callback
 .text.coap_blocking_request
                0x00000000000204ac       0xec contiki-nrf52dk.a(er-coap-engine.)
                0x00000000000204ac                coap_blocking_request
 .text.coap_register_as_transaction_handler
                0x0000000000020598       0x14 contiki-nrf52dk.a(er-coap-transac)
                0x0000000000020598                coap_register_as_transaction_handler
 .text.coap_new_transaction
                0x00000000000205ac       0x44 contiki-nrf52dk.a(er-coap-transac)
                0x00000000000205ac                coap_new_transaction
 .text.coap_clear_transaction
                0x00000000000205f0       0x2c contiki-nrf52dk.a(er-coap-transac)
                0x00000000000205f0                coap_clear_transaction
 .text.coap_send_transaction
                0x000000000002061c       0x98 contiki-nrf52dk.a(er-coap-transac)
                0x000000000002061c                coap_send_transaction
 .text.coap_get_transaction_by_mid
                0x00000000000206b4       0x1c contiki-nrf52dk.a(er-coap-transac)
                0x00000000000206b4                coap_get_transaction_by_mid
 .text.coap_check_transactions
                0x00000000000206d0       0x2c contiki-nrf52dk.a(er-coap-transac)
                0x00000000000206d0                coap_check_transactions
 .text.coap_remove_observer
                0x00000000000206fc       0x20 contiki-nrf52dk.a(er-coap-observe)
                0x00000000000206fc                coap_remove_observer
 .text.coap_remove_observer_by_client
                0x000000000002071c       0x3c contiki-nrf52dk.a(er-coap-observe)
                0x000000000002071c                coap_remove_observer_by_client
 .text.coap_remove_observer_by_mid
                0x0000000000020758       0x48 contiki-nrf52dk.a(er-coap-observe)
                0x0000000000020758                coap_remove_observer_by_mid
 .text.well_known_core_get_handler
                0x00000000000207a0      0x15c contiki-nrf52dk.a(er-coap-res-wel)
                0x00000000000207a0                well_known_core_get_handler
 .text.classify_notification
                0x00000000000208fc       0x54 contiki-nrf52dk.a(er-coap-observe)
 .text.simple_reply.isra.1
                0x0000000000020950       0x38 contiki-nrf52dk.a(er-coap-observe)
 .text.coap_obs_remove_observee
                0x0000000000020988       0x30 contiki-nrf52dk.a(er-coap-observe)
                0x0000000000020988                coap_obs_remove_observee
 .text.handle_obs_registration_response
                0x00000000000209b8       0x34 contiki-nrf52dk.a(er-coap-observe)
 .text.coap_get_obs_subject_by_token
                0x00000000000209ec       0x40 contiki-nrf52dk.a(er-coap-observe)
                0x00000000000209ec                coap_get_obs_subject_by_token
 .text.coap_obs_remove_observee_by_url
                0x0000000000020a2c       0x68 contiki-nrf52dk.a(er-coap-observe)
                0x0000000000020a2c                coap_obs_remove_observee_by_url
 .text.coap_obs_add_observee
                0x0000000000020a94       0x78 contiki-nrf52dk.a(er-coap-observe)
                0x0000000000020a94                coap_obs_add_observee
 .text.coap_handle_notification
                0x0000000000020b0c       0xa8 contiki-nrf52dk.a(er-coap-observe)
                0x0000000000020b0c                coap_handle_notification
 .text.coap_generate_token
                0x0000000000020bb4       0x14 contiki-nrf52dk.a(er-coap-observe)
                0x0000000000020bb4                coap_generate_token
 .text.coap_obs_request_registration
                0x0000000000020bc8       0xb8 contiki-nrf52dk.a(er-coap-observe)
                0x0000000000020bc8                coap_obs_request_registration
 .text.rest_activate_resource
                0x0000000000020c80       0x34 contiki-nrf52dk.a(rest-engine.o)
                0x0000000000020c80                rest_activate_resource
 .text.rest_get_resources
                0x0000000000020cb4        0x8 contiki-nrf52dk.a(rest-engine.o)
                0x0000000000020cb4                rest_get_resources
 .text.sd_app_evt_wait
                0x0000000000020cbc        0x4 contiki-nrf52dk.a(contiki-main.o)
 .text.process_thread_ble_iface_observer
                0x0000000000020cc0       0x80 contiki-nrf52dk.a(contiki-main.o)
 .text.startup.main
                0x0000000000020d40       0xfc contiki-nrf52dk.a(contiki-main.o)
                0x0000000000020d40                main
 .text.config   0x0000000000020e3c       0x80 contiki-nrf52dk.a(button-sensor.o)
 .text.config_button_4
                0x0000000000020ebc        0x6 contiki-nrf52dk.a(button-sensor.o)
 .text.config_button_3
                0x0000000000020ec2        0x6 contiki-nrf52dk.a(button-sensor.o)
 .text.config_button_2
                0x0000000000020ec8        0x6 contiki-nrf52dk.a(button-sensor.o)
 .text.config_button_1
                0x0000000000020ece        0x6 contiki-nrf52dk.a(button-sensor.o)
 .text.gpiote_event_handler
                0x0000000000020ed4       0x54 contiki-nrf52dk.a(button-sensor.o)
 .text.status_button_3
                0x0000000000020f28       0x18 contiki-nrf52dk.a(button-sensor.o)
 .text.value    0x0000000000020f40       0x28 contiki-nrf52dk.a(button-sensor.o)
 .text.value_button_4
                0x0000000000020f68        0x6 contiki-nrf52dk.a(button-sensor.o)
 .text.value_button_3
                0x0000000000020f6e        0x6 contiki-nrf52dk.a(button-sensor.o)
 .text.value_button_2
                0x0000000000020f74        0x6 contiki-nrf52dk.a(button-sensor.o)
 .text.value_button_1
                0x0000000000020f7a        0x6 contiki-nrf52dk.a(button-sensor.o)
 .text.status_button_4
                0x0000000000020f80       0x18 contiki-nrf52dk.a(button-sensor.o)
 .text.status_button_1
                0x0000000000020f98       0x18 contiki-nrf52dk.a(button-sensor.o)
 .text.status_button_2
                0x0000000000020fb0       0x18 contiki-nrf52dk.a(button-sensor.o)
 .text.write_str
                0x0000000000020fc8       0x10 contiki-nrf52dk.a(dbg-printf.o)
 .text.printf   0x0000000000020fd8       0x20 contiki-nrf52dk.a(dbg-printf.o)
                0x0000000000020fd8                printf
 .text.buffer_str
                0x0000000000020ff8       0x28 contiki-nrf52dk.a(dbg-snprintf.o)
 .text.vsnprintf
                0x0000000000021020       0x28 contiki-nrf52dk.a(dbg-snprintf.o)
                0x0000000000021020                vsnprintf
 .text.snprintf
                0x0000000000021048       0x1a contiki-nrf52dk.a(dbg-snprintf.o)
                0x0000000000021048                snprintf
 *fill*         0x0000000000021062        0x2 
 .text.fill_space
                0x0000000000021064       0x34 contiki-nrf52dk.a(strformat.o)
 .text.format_str_v
                0x0000000000021098      0x6c8 contiki-nrf52dk.a(strformat.o)
                0x0000000000021098                format_str_v
 .text.clock_init
                0x0000000000021760       0x3c contiki-nrf52dk.a(clock.o)
                0x0000000000021760                clock_init
 .text.clock_time
                0x000000000002179c        0xc contiki-nrf52dk.a(clock.o)
                0x000000000002179c                clock_time
 .text.clock_update
                0x00000000000217a8       0x20 contiki-nrf52dk.a(clock.o)
                0x00000000000217a8                clock_update
 .text.rtc_handler
                0x00000000000217c8        0xa contiki-nrf52dk.a(clock.o)
 *fill*         0x00000000000217d2        0x2 
 .text.clock_seconds
                0x00000000000217d4        0xc contiki-nrf52dk.a(clock.o)
                0x00000000000217d4                clock_seconds
 .text.timer_event_handler
                0x00000000000217e0        0xc contiki-nrf52dk.a(rtimer-arch.o)
 .text.rtimer_arch_init
                0x00000000000217ec       0x28 contiki-nrf52dk.a(rtimer-arch.o)
                0x00000000000217ec                rtimer_arch_init
 .text.rtimer_arch_schedule
                0x0000000000021814       0x10 contiki-nrf52dk.a(rtimer-arch.o)
                0x0000000000021814                rtimer_arch_schedule
 .text.rtimer_arch_now
                0x0000000000021824        0xc contiki-nrf52dk.a(rtimer-arch.o)
                0x0000000000021824                rtimer_arch_now
 .text.uart_event_handler
                0x0000000000021830       0x84 contiki-nrf52dk.a(uart0.o)
 .text.uart0_set_input
                0x00000000000218b4        0xc contiki-nrf52dk.a(uart0.o)
                0x00000000000218b4                uart0_set_input
 .text.uart0_writeb
                0x00000000000218c0       0x30 contiki-nrf52dk.a(uart0.o)
                0x00000000000218c0                uart0_writeb
 .text.uart0_init
                0x00000000000218f0       0x54 contiki-nrf52dk.a(uart0.o)
                0x00000000000218f0                uart0_init
 .text.wdt_event_handler
                0x0000000000021944       0x14 contiki-nrf52dk.a(watchdog.o)
 .text.watchdog_init
                0x0000000000021958       0x38 contiki-nrf52dk.a(watchdog.o)
                0x0000000000021958                watchdog_init
 .text.watchdog_start
                0x0000000000021990       0x10 contiki-nrf52dk.a(watchdog.o)
                0x0000000000021990                watchdog_start
 .text.watchdog_periodic
                0x00000000000219a0       0x18 contiki-nrf52dk.a(watchdog.o)
                0x00000000000219a0                watchdog_periodic
 .text.sd_ble_gap_address_set
                0x00000000000219b8        0x4 contiki-nrf52dk.a(ble-core.o)
 .text.sd_ble_gap_address_get
                0x00000000000219bc        0x4 contiki-nrf52dk.a(ble-core.o)
 .text.sd_ble_gap_adv_start
                0x00000000000219c0        0x4 contiki-nrf52dk.a(ble-core.o)
 .text.sd_ble_gap_device_name_set
                0x00000000000219c4        0x4 contiki-nrf52dk.a(ble-core.o)
 .text.sd_ble_gap_rssi_start
                0x00000000000219c8        0x4 contiki-nrf52dk.a(ble-core.o)
 .text.sd_ble_enable
                0x00000000000219cc        0x4 contiki-nrf52dk.a(ble-core.o)
 .text.ble_stack_init
                0x00000000000219d0       0x70 contiki-nrf52dk.a(ble-core.o)
                0x00000000000219d0                ble_stack_init
 .text.ble_get_mac
                0x0000000000021a40       0x56 contiki-nrf52dk.a(ble-core.o)
                0x0000000000021a40                ble_get_mac
 *fill*         0x0000000000021a96        0x2 
 .text.ble_advertising_init
                0x0000000000021a98       0x94 contiki-nrf52dk.a(ble-core.o)
                0x0000000000021a98                ble_advertising_init
 .text.ble_advertising_start
                0x0000000000021b2c       0x1c contiki-nrf52dk.a(ble-core.o)
                0x0000000000021b2c                ble_advertising_start
 .text.ble_evt_dispatch
                0x0000000000021b48       0x2a contiki-nrf52dk.a(ble-core.o)
 .text.sd_ble_gap_rssi_get
                0x0000000000021b72        0x4 contiki-nrf52dk.a(ble-mac.o)
 .text.sd_app_evt_wait
                0x0000000000021b76        0x4 contiki-nrf52dk.a(ble-mac.o)
 .text.on       0x0000000000021b7a        0x4 contiki-nrf52dk.a(ble-mac.o)
 .text.off      0x0000000000021b7e        0x4 contiki-nrf52dk.a(ble-mac.o)
 .text.channel_check_interval
                0x0000000000021b82        0x4 contiki-nrf52dk.a(ble-mac.o)
 *fill*         0x0000000000021b86        0x2 
 .text.process_thread_ble_ipsp_process
                0x0000000000021b88       0x68 contiki-nrf52dk.a(ble-mac.o)
 .text.send_to_peer
                0x0000000000021bf0       0x20 contiki-nrf52dk.a(ble-mac.o)
 .text.send_packet
                0x0000000000021c10       0x80 contiki-nrf52dk.a(ble-mac.o)
 .text.init     0x0000000000021c90       0x50 contiki-nrf52dk.a(ble-mac.o)
 .text.ble_mac_ipsp_evt_handler_irq
                0x0000000000021ce0      0x128 contiki-nrf52dk.a(ble-mac.o)
 .text.autostart_start
                0x0000000000021e08       0x14 contiki-nrf52dk.a(autostart.o)
                0x0000000000021e08                autostart_start
 .text.process_thread_ctimer_process
                0x0000000000021e1c       0x80 contiki-nrf52dk.a(ctimer.o)
 .text.ctimer_init
                0x0000000000021e9c       0x28 contiki-nrf52dk.a(ctimer.o)
                0x0000000000021e9c                ctimer_init
 .text.energest_init
                0x0000000000021ec4       0x2c contiki-nrf52dk.a(energest.o)
                0x0000000000021ec4                energest_init
 .text.update_time
                0x0000000000021ef0       0x44 contiki-nrf52dk.a(etimer.o)
 .text.etimer_request_poll
                0x0000000000021f34        0xc contiki-nrf52dk.a(etimer.o)
                0x0000000000021f34                etimer_request_poll
 .text.process_thread_etimer_process
                0x0000000000021f40       0xac contiki-nrf52dk.a(etimer.o)
 .text.add_timer
                0x0000000000021fec       0x40 contiki-nrf52dk.a(etimer.o)
 .text.etimer_set
                0x000000000002202c       0x12 contiki-nrf52dk.a(etimer.o)
                0x000000000002202c                etimer_set
 .text.etimer_reset
                0x000000000002203e       0x12 contiki-nrf52dk.a(etimer.o)
                0x000000000002203e                etimer_reset
 .text.etimer_restart
                0x0000000000022050       0x12 contiki-nrf52dk.a(etimer.o)
                0x0000000000022050                etimer_restart
 .text.etimer_expired
                0x0000000000022062        0xa contiki-nrf52dk.a(etimer.o)
                0x0000000000022062                etimer_expired
 .text.etimer_pending
                0x000000000002206c       0x10 contiki-nrf52dk.a(etimer.o)
                0x000000000002206c                etimer_pending
 .text.etimer_stop
                0x000000000002207c       0x34 contiki-nrf52dk.a(etimer.o)
                0x000000000002207c                etimer_stop
 .text.call_process.part.0
                0x00000000000220b0       0x38 contiki-nrf52dk.a(process.o)
 .text.call_process
                0x00000000000220e8        0xc contiki-nrf52dk.a(process.o)
 .text.exit_process
                0x00000000000220f4       0x80 contiki-nrf52dk.a(process.o)
 .text.do_poll  0x0000000000022174       0x34 contiki-nrf52dk.a(process.o)
 .text.process_alloc_event
                0x00000000000221a8       0x10 contiki-nrf52dk.a(process.o)
                0x00000000000221a8                process_alloc_event
 .text.process_init
                0x00000000000221b8       0x30 contiki-nrf52dk.a(process.o)
                0x00000000000221b8                process_init
 .text.process_run
                0x00000000000221e8       0xa4 contiki-nrf52dk.a(process.o)
                0x00000000000221e8                process_run
 .text.process_post
                0x000000000002228c       0x3c contiki-nrf52dk.a(process.o)
                0x000000000002228c                process_post
 .text.process_post_synch
                0x00000000000222c8       0x14 contiki-nrf52dk.a(process.o)
                0x00000000000222c8                process_post_synch
 .text.process_start
                0x00000000000222dc       0x30 contiki-nrf52dk.a(process.o)
                0x00000000000222dc                process_start
 .text.process_poll
                0x000000000002230c       0x18 contiki-nrf52dk.a(process.o)
                0x000000000002230c                process_poll
 .text.rtimer_init
                0x0000000000022324        0x4 contiki-nrf52dk.a(rtimer.o)
                0x0000000000022324                rtimer_init
 .text.rtimer_run_next
                0x0000000000022328       0x28 contiki-nrf52dk.a(rtimer.o)
                0x0000000000022328                rtimer_run_next
 .text.timer_set
                0x0000000000022350        0xe contiki-nrf52dk.a(timer.o)
                0x0000000000022350                timer_set
 .text.timer_reset
                0x000000000002235e        0xa contiki-nrf52dk.a(timer.o)
                0x000000000002235e                timer_reset
 .text.timer_restart
                0x0000000000022368        0xc contiki-nrf52dk.a(timer.o)
                0x0000000000022368                timer_restart
 .text.timer_expired
                0x0000000000022374       0x1c contiki-nrf52dk.a(timer.o)
                0x0000000000022374                timer_expired
 .text.show_leds
                0x0000000000022390       0xc8 contiki-nrf52dk.a(leds.o)
 .text.leds_init
                0x0000000000022458       0x14 contiki-nrf52dk.a(leds.o)
                0x0000000000022458                leds_init
 .text.leds_set
                0x000000000002246c        0x4 contiki-nrf52dk.a(leds.o)
                0x000000000002246c                leds_set
 .text.leds_on  0x0000000000022470       0x10 contiki-nrf52dk.a(leds.o)
                0x0000000000022470                leds_on
 .text.leds_off
                0x0000000000022480       0x10 contiki-nrf52dk.a(leds.o)
                0x0000000000022480                leds_off
 .text.leds_toggle
                0x0000000000022490       0x10 contiki-nrf52dk.a(leds.o)
                0x0000000000022490                leds_toggle
 .text.process_thread_serial_line_process
                0x00000000000224a0       0x9c contiki-nrf52dk.a(serial-line.o)
 .text.serial_line_input_byte
                0x000000000002253c       0x44 contiki-nrf52dk.a(serial-line.o)
                0x000000000002253c                serial_line_input_byte
 .text.serial_line_init
                0x0000000000022580       0x24 contiki-nrf52dk.a(serial-line.o)
                0x0000000000022580                serial_line_init
 .text.list_init
                0x00000000000225a4        0x6 contiki-nrf52dk.a(list.o)
                0x00000000000225a4                list_init
 .text.list_head
                0x00000000000225aa        0x4 contiki-nrf52dk.a(list.o)
                0x00000000000225aa                list_head
 .text.list_tail
                0x00000000000225ae       0x10 contiki-nrf52dk.a(list.o)
                0x00000000000225ae                list_tail
 .text.list_remove
                0x00000000000225be       0x26 contiki-nrf52dk.a(list.o)
                0x00000000000225be                list_remove
 .text.list_add
                0x00000000000225e4       0x1a contiki-nrf52dk.a(list.o)
                0x00000000000225e4                list_add
 .text.list_push
                0x00000000000225fe       0x10 contiki-nrf52dk.a(list.o)
                0x00000000000225fe                list_push
 .text.list_length
                0x000000000002260e        0xe contiki-nrf52dk.a(list.o)
                0x000000000002260e                list_length
 .text.list_item_next
                0x000000000002261c        0x6 contiki-nrf52dk.a(list.o)
                0x000000000002261c                list_item_next
 .text.memb_init
                0x0000000000022622       0x20 contiki-nrf52dk.a(memb.o)
                0x0000000000022622                memb_init
 .text.memb_alloc
                0x0000000000022642       0x28 contiki-nrf52dk.a(memb.o)
                0x0000000000022642                memb_alloc
 .text.memb_free
                0x000000000002266a       0x2c contiki-nrf52dk.a(memb.o)
                0x000000000002266a                memb_free
 .text.memb_inmemb
                0x0000000000022696       0x1c contiki-nrf52dk.a(memb.o)
                0x0000000000022696                memb_inmemb
 .text.random_rand
                0x00000000000226b2       0x36 contiki-nrf52dk.a(random.o)
                0x00000000000226b2                random_rand
 .text.random_init
                0x00000000000226e8       0x18 contiki-nrf52dk.a(random.o)
                0x00000000000226e8                random_init
 .text.ringbuf_init
                0x0000000000022700        0xe contiki-nrf52dk.a(ringbuf.o)
                0x0000000000022700                ringbuf_init
 .text.ringbuf_put
                0x000000000002270e       0x26 contiki-nrf52dk.a(ringbuf.o)
                0x000000000002270e                ringbuf_put
 .text.ringbuf_get
                0x0000000000022734       0x20 contiki-nrf52dk.a(ringbuf.o)
                0x0000000000022734                ringbuf_get
 .text.ringbuf_elements
                0x0000000000022754        0xc contiki-nrf52dk.a(ringbuf.o)
                0x0000000000022754                ringbuf_elements
 .text.process_thread_sensors_process
                0x0000000000022760       0xdc contiki-nrf52dk.a(sensors.o)
 .text.sensors_changed
                0x000000000002283c       0x40 contiki-nrf52dk.a(sensors.o)
                0x000000000002283c                sensors_changed
 .text.chksum   0x000000000002287c       0x38 contiki-nrf52dk.a(uip6.o)
 .text.upper_layer_chksum
                0x00000000000228b4       0x54 contiki-nrf52dk.a(uip6.o)
 .text.ext_hdr_options_process
                0x0000000000022908       0xa0 contiki-nrf52dk.a(uip6.o)
 .text.uip_icmp6chksum
                0x00000000000229a8        0x6 contiki-nrf52dk.a(uip6.o)
                0x00000000000229a8                uip_icmp6chksum
 .text.uip_udpchksum
                0x00000000000229ae        0x6 contiki-nrf52dk.a(uip6.o)
                0x00000000000229ae                uip_udpchksum
 .text.uip_init
                0x00000000000229b4       0x3c contiki-nrf52dk.a(uip6.o)
                0x00000000000229b4                uip_init
 .text.remove_ext_hdr
                0x00000000000229f0       0x50 contiki-nrf52dk.a(uip6.o)
                0x00000000000229f0                remove_ext_hdr
 .text.uip_udp_new
                0x0000000000022a40       0xc4 contiki-nrf52dk.a(uip6.o)
                0x0000000000022a40                uip_udp_new
 .text.uip_process
                0x0000000000022b04      0x358 contiki-nrf52dk.a(uip6.o)
                0x0000000000022b04                uip_process
 .text.uip_htons
                0x0000000000022e5c        0x6 contiki-nrf52dk.a(uip6.o)
                0x0000000000022e5c                uip_htons
 .text.uip_htonl
                0x0000000000022e62       0x12 contiki-nrf52dk.a(uip6.o)
                0x0000000000022e62                uip_htonl
 .text.uip_ds6_list_loop
                0x0000000000022e74       0x48 contiki-nrf52dk.a(uip-ds6.o)
                0x0000000000022e74                uip_ds6_list_loop
 .text.uip_ds6_prefix_add
                0x0000000000022ebc       0x68 contiki-nrf52dk.a(uip-ds6.o)
                0x0000000000022ebc                uip_ds6_prefix_add
 .text.uip_ds6_prefix_rm
                0x0000000000022f24        0x8 contiki-nrf52dk.a(uip-ds6.o)
                0x0000000000022f24                uip_ds6_prefix_rm
 .text.uip_ds6_prefix_lookup
                0x0000000000022f2c       0x28 contiki-nrf52dk.a(uip-ds6.o)
                0x0000000000022f2c                uip_ds6_prefix_lookup
 .text.uip_ds6_is_addr_onlink
                0x0000000000022f54       0x40 contiki-nrf52dk.a(uip-ds6.o)
                0x0000000000022f54                uip_ds6_is_addr_onlink
 .text.uip_ds6_addr_lookup
                0x0000000000022f94       0x2c contiki-nrf52dk.a(uip-ds6.o)
                0x0000000000022f94                uip_ds6_addr_lookup
 .text.uip_ds6_get_link_local
                0x0000000000022fc0       0x40 contiki-nrf52dk.a(uip-ds6.o)
                0x0000000000022fc0                uip_ds6_get_link_local
 .text.uip_ds6_maddr_add
                0x0000000000023000       0x4c contiki-nrf52dk.a(uip-ds6.o)
                0x0000000000023000                uip_ds6_maddr_add
 .text.uip_ds6_addr_add
                0x000000000002304c       0x94 contiki-nrf52dk.a(uip-ds6.o)
                0x000000000002304c                uip_ds6_addr_add
 .text.uip_ds6_maddr_rm
                0x00000000000230e0        0x8 contiki-nrf52dk.a(uip-ds6.o)
                0x00000000000230e0                uip_ds6_maddr_rm
 .text.uip_ds6_maddr_lookup
                0x00000000000230e8       0x2c contiki-nrf52dk.a(uip-ds6.o)
                0x00000000000230e8                uip_ds6_maddr_lookup
 .text.uip_ds6_addr_rm
                0x0000000000023114       0x44 contiki-nrf52dk.a(uip-ds6.o)
                0x0000000000023114                uip_ds6_addr_rm
 .text.uip_ds6_periodic
                0x0000000000023158       0x88 contiki-nrf52dk.a(uip-ds6.o)
                0x0000000000023158                uip_ds6_periodic
 .text.uip_ds6_set_addr_iid
                0x00000000000231e0       0x16 contiki-nrf52dk.a(uip-ds6.o)
                0x00000000000231e0                uip_ds6_set_addr_iid
 .text.get_match_length
                0x00000000000231f6       0x3e contiki-nrf52dk.a(uip-ds6.o)
                0x00000000000231f6                get_match_length
 .text.uip_ds6_select_src
                0x0000000000023234       0x94 contiki-nrf52dk.a(uip-ds6.o)
                0x0000000000023234                uip_ds6_select_src
 .text.uip_ds6_send_rs
                0x00000000000232c8       0x3c contiki-nrf52dk.a(uip-ds6.o)
                0x00000000000232c8                uip_ds6_send_rs
 .text.uip_ds6_compute_reachable_time
                0x0000000000023304       0x2c contiki-nrf52dk.a(uip-ds6.o)
                0x0000000000023304                uip_ds6_compute_reachable_time
 .text.uip_ds6_init
                0x0000000000023330       0xd0 contiki-nrf52dk.a(uip-ds6.o)
                0x0000000000023330                uip_ds6_init
 .text.uip_ds6_nbr_rm
                0x0000000000023400       0x14 contiki-nrf52dk.a(uip-ds6-nbr.o)
                0x0000000000023400                uip_ds6_nbr_rm
 .text.uip_ds6_neighbors_init
                0x0000000000023414       0x14 contiki-nrf52dk.a(uip-ds6-nbr.o)
                0x0000000000023414                uip_ds6_neighbors_init
 .text.uip_ds6_nbr_add
                0x0000000000023428       0x58 contiki-nrf52dk.a(uip-ds6-nbr.o)
                0x0000000000023428                uip_ds6_nbr_add
 .text.uip_ds6_nbr_get_ll
                0x0000000000023480       0x10 contiki-nrf52dk.a(uip-ds6-nbr.o)
                0x0000000000023480                uip_ds6_nbr_get_ll
 .text.uip_ds6_nbr_lookup
                0x0000000000023490       0x38 contiki-nrf52dk.a(uip-ds6-nbr.o)
                0x0000000000023490                uip_ds6_nbr_lookup
 .text.uip_ds6_nbr_ll_lookup
                0x00000000000234c8       0x10 contiki-nrf52dk.a(uip-ds6-nbr.o)
                0x00000000000234c8                uip_ds6_nbr_ll_lookup
 .text.uip_ds6_nbr_ipaddr_from_lladdr
                0x00000000000234d8        0x4 contiki-nrf52dk.a(uip-ds6-nbr.o)
                0x00000000000234d8                uip_ds6_nbr_ipaddr_from_lladdr
 .text.uip_ds6_link_neighbor_callback
                0x00000000000234dc       0x18 contiki-nrf52dk.a(uip-ds6-nbr.o)
                0x00000000000234dc                uip_ds6_link_neighbor_callback
 .text.uip_ds6_neighbor_periodic
                0x00000000000234f4       0xf8 contiki-nrf52dk.a(uip-ds6-nbr.o)
                0x00000000000234f4                uip_ds6_neighbor_periodic
 .text.call_route_callback
                0x00000000000235ec       0x50 contiki-nrf52dk.a(uip-ds6-route.o)
 .text.uip_ds6_route_init
                0x000000000002363c       0x4c contiki-nrf52dk.a(uip-ds6-route.o)
                0x000000000002363c                uip_ds6_route_init
 .text.uip_ds6_route_nexthop
                0x0000000000023688       0x1c contiki-nrf52dk.a(uip-ds6-route.o)
                0x0000000000023688                uip_ds6_route_nexthop
 .text.uip_ds6_route_head
                0x00000000000236a4        0xc contiki-nrf52dk.a(uip-ds6-route.o)
                0x00000000000236a4                uip_ds6_route_head
 .text.uip_ds6_route_next
                0x00000000000236b0        0x8 contiki-nrf52dk.a(uip-ds6-route.o)
                0x00000000000236b0                uip_ds6_route_next
 .text.uip_ds6_route_lookup
                0x00000000000236b8       0x60 contiki-nrf52dk.a(uip-ds6-route.o)
                0x00000000000236b8                uip_ds6_route_lookup
 .text.uip_ds6_route_rm
                0x0000000000023718       0x9c contiki-nrf52dk.a(uip-ds6-route.o)
                0x0000000000023718                uip_ds6_route_rm
 .text.rm_routelist
                0x00000000000237b4       0x30 contiki-nrf52dk.a(uip-ds6-route.o)
 .text.rm_routelist_callback
                0x00000000000237e4        0x4 contiki-nrf52dk.a(uip-ds6-route.o)
 .text.uip_ds6_defrt_rm
                0x00000000000237e8       0x44 contiki-nrf52dk.a(uip-ds6-route.o)
                0x00000000000237e8                uip_ds6_defrt_rm
 .text.uip_ds6_defrt_lookup
                0x000000000002382c       0x2c contiki-nrf52dk.a(uip-ds6-route.o)
                0x000000000002382c                uip_ds6_defrt_lookup
 .text.uip_ds6_defrt_add
                0x0000000000023858       0x64 contiki-nrf52dk.a(uip-ds6-route.o)
                0x0000000000023858                uip_ds6_defrt_add
 .text.uip_ds6_defrt_choose
                0x00000000000238bc       0x30 contiki-nrf52dk.a(uip-ds6-route.o)
                0x00000000000238bc                uip_ds6_defrt_choose
 .text.uip_ds6_defrt_periodic
                0x00000000000238ec       0x30 contiki-nrf52dk.a(uip-ds6-route.o)
                0x00000000000238ec                uip_ds6_defrt_periodic
 .text.echo_reply_input
                0x000000000002391c       0xa0 contiki-nrf52dk.a(uip-icmp6.o)
 .text.echo_request_input
                0x00000000000239bc       0xcc contiki-nrf52dk.a(uip-icmp6.o)
 .text.uip_icmp6_input
                0x0000000000023a88       0x38 contiki-nrf52dk.a(uip-icmp6.o)
                0x0000000000023a88                uip_icmp6_input
 .text.uip_icmp6_register_input_handler
                0x0000000000023ac0        0xc contiki-nrf52dk.a(uip-icmp6.o)
                0x0000000000023ac0                uip_icmp6_register_input_handler
 .text.uip_icmp6_error_output
                0x0000000000023acc      0x158 contiki-nrf52dk.a(uip-icmp6.o)
                0x0000000000023acc                uip_icmp6_error_output
 .text.uip_icmp6_init
                0x0000000000023c24       0x1c contiki-nrf52dk.a(uip-icmp6.o)
                0x0000000000023c24                uip_icmp6_init
 .text.create_llao
                0x0000000000023c40       0x28 contiki-nrf52dk.a(uip-nd6.o)
 .text.ra_input
                0x0000000000023c68      0x358 contiki-nrf52dk.a(uip-nd6.o)
                0x0000000000023c68                ra_input
 .text.na_input
                0x0000000000023fc0      0x1ec contiki-nrf52dk.a(uip-nd6.o)
 .text.ns_input
                0x00000000000241ac      0x240 contiki-nrf52dk.a(uip-nd6.o)
 .text.uip_nd6_ns_output
                0x00000000000243ec      0x148 contiki-nrf52dk.a(uip-nd6.o)
                0x00000000000243ec                uip_nd6_ns_output
 .text.uip_nd6_rs_output
                0x0000000000024534       0xac contiki-nrf52dk.a(uip-nd6.o)
                0x0000000000024534                uip_nd6_rs_output
 .text.uip_nd6_init
                0x00000000000245e0       0x24 contiki-nrf52dk.a(uip-nd6.o)
                0x00000000000245e0                uip_nd6_init
 .text.tcpip_output
                0x0000000000024604       0x10 contiki-nrf52dk.a(tcpip.o)
                0x0000000000024604                tcpip_output
 .text.tcpip_set_outputfunc
                0x0000000000024614        0xc contiki-nrf52dk.a(tcpip.o)
                0x0000000000024614                tcpip_set_outputfunc
 .text.udp_new  0x0000000000024620       0x18 contiki-nrf52dk.a(tcpip.o)
                0x0000000000024620                udp_new
 .text.tcpip_icmp6_call
                0x0000000000024638       0x28 contiki-nrf52dk.a(tcpip.o)
                0x0000000000024638                tcpip_icmp6_call
 .text.tcpip_input
                0x0000000000024660       0x24 contiki-nrf52dk.a(tcpip.o)
                0x0000000000024660                tcpip_input
 .text.tcpip_ipv6_output
                0x0000000000024684      0x104 contiki-nrf52dk.a(tcpip.o)
                0x0000000000024684                tcpip_ipv6_output
 .text.process_thread_tcpip_process
                0x0000000000024788       0xf0 contiki-nrf52dk.a(tcpip.o)
 .text.tcpip_uipcall
                0x0000000000024878       0x2c contiki-nrf52dk.a(tcpip.o)
                0x0000000000024878                tcpip_uipcall
 .text.uip_debug_ipaddr_print
                0x00000000000248a4       0xa4 contiki-nrf52dk.a(uip-debug.o)
                0x00000000000248a4                uip_debug_ipaddr_print
 .text.uip_debug_lladdr_print
                0x0000000000024948       0x38 contiki-nrf52dk.a(uip-debug.o)
                0x0000000000024948                uip_debug_lladdr_print
 .text.uiplib_ip6addrconv
                0x0000000000024980       0xb6 contiki-nrf52dk.a(uiplib.o)
                0x0000000000024980                uiplib_ip6addrconv
 *fill*         0x0000000000024a36        0x2 
 .text.uip_udp_packet_send
                0x0000000000024a38       0x38 contiki-nrf52dk.a(uip-udp-packet.)
                0x0000000000024a38                uip_udp_packet_send
 .text.linkaddr_copy
                0x0000000000024a70        0x6 contiki-nrf52dk.a(linkaddr.o)
                0x0000000000024a70                linkaddr_copy
 .text.linkaddr_cmp
                0x0000000000024a76       0x10 contiki-nrf52dk.a(linkaddr.o)
                0x0000000000024a76                linkaddr_cmp
 *fill*         0x0000000000024a86        0x2 
 .text.linkaddr_set_node_addr
                0x0000000000024a88        0xc contiki-nrf52dk.a(linkaddr.o)
                0x0000000000024a88                linkaddr_set_node_addr
 .text.item_from_index
                0x0000000000024a94       0x14 contiki-nrf52dk.a(nbr-table.o)
 .text.index_from_key
                0x0000000000024aa8       0x20 contiki-nrf52dk.a(nbr-table.o)
 .text.index_from_item
                0x0000000000024ac8       0x16 contiki-nrf52dk.a(nbr-table.o)
 .text.nbr_set_bit
                0x0000000000024ade       0x38 contiki-nrf52dk.a(nbr-table.o)
 *fill*         0x0000000000024b16        0x2 
 .text.index_from_lladdr
                0x0000000000024b18       0x40 contiki-nrf52dk.a(nbr-table.o)
 .text.nbr_get_bit.constprop.0
                0x0000000000024b58       0x2c contiki-nrf52dk.a(nbr-table.o)
 .text.nbr_table_register
                0x0000000000024b84       0x28 contiki-nrf52dk.a(nbr-table.o)
                0x0000000000024b84                nbr_table_register
 .text.nbr_table_next
                0x0000000000024bac       0x48 contiki-nrf52dk.a(nbr-table.o)
                0x0000000000024bac                nbr_table_next
 .text.nbr_table_head
                0x0000000000024bf4       0x38 contiki-nrf52dk.a(nbr-table.o)
                0x0000000000024bf4                nbr_table_head
 .text.nbr_table_add_lladdr
                0x0000000000024c2c      0x11c contiki-nrf52dk.a(nbr-table.o)
                0x0000000000024c2c                nbr_table_add_lladdr
 .text.nbr_table_get_from_lladdr
                0x0000000000024d48       0x26 contiki-nrf52dk.a(nbr-table.o)
                0x0000000000024d48                nbr_table_get_from_lladdr
 *fill*         0x0000000000024d6e        0x2 
 .text.nbr_table_remove
                0x0000000000024d70       0x2c contiki-nrf52dk.a(nbr-table.o)
                0x0000000000024d70                nbr_table_remove
 .text.nbr_table_get_lladdr
                0x0000000000024d9c       0x24 contiki-nrf52dk.a(nbr-table.o)
                0x0000000000024d9c                nbr_table_get_lladdr
 .text.netstack_init
                0x0000000000024dc0       0x38 contiki-nrf52dk.a(netstack.o)
                0x0000000000024dc0                netstack_init
 .text.packetbuf_hdrreduce
                0x0000000000024df8       0x28 contiki-nrf52dk.a(packetbuf.o)
                0x0000000000024df8                packetbuf_hdrreduce
 .text.packetbuf_set_datalen
                0x0000000000024e20        0xc contiki-nrf52dk.a(packetbuf.o)
                0x0000000000024e20                packetbuf_set_datalen
 .text.packetbuf_dataptr
                0x0000000000024e2c       0x14 contiki-nrf52dk.a(packetbuf.o)
                0x0000000000024e2c                packetbuf_dataptr
 .text.packetbuf_hdrptr
                0x0000000000024e40       0x14 contiki-nrf52dk.a(packetbuf.o)
                0x0000000000024e40                packetbuf_hdrptr
 .text.packetbuf_datalen
                0x0000000000024e54        0xc contiki-nrf52dk.a(packetbuf.o)
                0x0000000000024e54                packetbuf_datalen
 .text.packetbuf_hdrlen
                0x0000000000024e60       0x1c contiki-nrf52dk.a(packetbuf.o)
                0x0000000000024e60                packetbuf_hdrlen
 .text.packetbuf_totlen
                0x0000000000024e7c       0x14 contiki-nrf52dk.a(packetbuf.o)
                0x0000000000024e7c                packetbuf_totlen
 .text.packetbuf_hdralloc
                0x0000000000024e90       0x28 contiki-nrf52dk.a(packetbuf.o)
                0x0000000000024e90                packetbuf_hdralloc
 .text.packetbuf_attr_clear
                0x0000000000024eb8       0x38 contiki-nrf52dk.a(packetbuf.o)
                0x0000000000024eb8                packetbuf_attr_clear
 .text.packetbuf_clear
                0x0000000000024ef0       0x30 contiki-nrf52dk.a(packetbuf.o)
                0x0000000000024ef0                packetbuf_clear
 .text.packetbuf_copyfrom
                0x0000000000024f20       0x30 contiki-nrf52dk.a(packetbuf.o)
                0x0000000000024f20                packetbuf_copyfrom
 .text.packetbuf_attr_copyfrom
                0x0000000000024f50       0x24 contiki-nrf52dk.a(packetbuf.o)
                0x0000000000024f50                packetbuf_attr_copyfrom
 .text.packetbuf_set_attr
                0x0000000000024f74       0x10 contiki-nrf52dk.a(packetbuf.o)
                0x0000000000024f74                packetbuf_set_attr
 .text.packetbuf_attr
                0x0000000000024f84        0xc contiki-nrf52dk.a(packetbuf.o)
                0x0000000000024f84                packetbuf_attr
 .text.packetbuf_set_addr
                0x0000000000024f90       0x18 contiki-nrf52dk.a(packetbuf.o)
                0x0000000000024f90                packetbuf_set_addr
 .text.packetbuf_addr
                0x0000000000024fa8       0x10 contiki-nrf52dk.a(packetbuf.o)
                0x0000000000024fa8                packetbuf_addr
 .text.packetbuf_holds_broadcast
                0x0000000000024fb8       0x10 contiki-nrf52dk.a(packetbuf.o)
                0x0000000000024fb8                packetbuf_holds_broadcast
 .text.mac_call_sent_callback
                0x0000000000024fc8       0x18 contiki-nrf52dk.a(mac.o)
                0x0000000000024fc8                mac_call_sent_callback
 .text.on       0x0000000000024fe0        0xc contiki-nrf52dk.a(nullrdc.o)
 .text.channel_check_interval
                0x0000000000024fec        0x4 contiki-nrf52dk.a(nullrdc.o)
 .text.init     0x0000000000024ff0        0x4 contiki-nrf52dk.a(nullrdc.o)
 .text.send_one_packet
                0x0000000000024ff4       0x68 contiki-nrf52dk.a(nullrdc.o)
 .text.send_list
                0x000000000002505c       0x20 contiki-nrf52dk.a(nullrdc.o)
 .text.send_packet
                0x000000000002507c        0x4 contiki-nrf52dk.a(nullrdc.o)
 .text.off      0x0000000000025080       0x18 contiki-nrf52dk.a(nullrdc.o)
 .text.packet_input
                0x0000000000025098       0x44 contiki-nrf52dk.a(nullrdc.o)
 .text.init     0x00000000000250dc        0x2 contiki-nrf52dk.a(nullsec.o)
 *fill*         0x00000000000250de        0x2 
 .text.input    0x00000000000250e0        0xc contiki-nrf52dk.a(nullsec.o)
 .text.send     0x00000000000250ec       0x20 contiki-nrf52dk.a(nullsec.o)
 .text.leds_arch_init
                0x000000000002510c       0x3c contiki-nrf52dk.a(leds-arch.o)
                0x000000000002510c                leds_arch_init
 .text.leds_arch_set
                0x0000000000025148       0x22 contiki-nrf52dk.a(leds-arch.o)
                0x0000000000025148                leds_arch_set
 .text.sd_temp_get
                0x000000000002516a        0x4 contiki-nrf52dk.a(temperature-sen)
 .text.value    0x000000000002516e       0x12 contiki-nrf52dk.a(temperature-sen)
 .text.configure
                0x0000000000025180        0x4 contiki-nrf52dk.a(temperature-sen)
 .text.status   0x0000000000025184        0x4 contiki-nrf52dk.a(temperature-sen)
 .text.dbg_send_bytes
                0x0000000000025188       0x20 contiki-nrf52dk.a(dbg.o)
                0x0000000000025188                dbg_send_bytes
 .text.stimer_set
                0x00000000000251a8        0xe contiki-nrf52dk.a(stimer.o)
                0x00000000000251a8                stimer_set
 *fill*         0x00000000000251b6        0x2 
 .text.stimer_expired
                0x00000000000251b8       0x20 contiki-nrf52dk.a(stimer.o)
                0x00000000000251b8                stimer_expired
 .text.stimer_remaining
                0x00000000000251d8       0x10 contiki-nrf52dk.a(stimer.o)
                0x00000000000251d8                stimer_remaining
 .text.prepare  0x00000000000251e8        0x4 contiki-nrf52dk.a(nullradio.o)
 .text.transmit
                0x00000000000251ec        0x4 contiki-nrf52dk.a(nullradio.o)
 .text.radio_read
                0x00000000000251f0        0x4 contiki-nrf52dk.a(nullradio.o)
 .text.channel_clear
                0x00000000000251f4        0x4 contiki-nrf52dk.a(nullradio.o)
 .text.off      0x00000000000251f8        0x4 contiki-nrf52dk.a(nullradio.o)
 .text.get_value
                0x00000000000251fc        0x4 contiki-nrf52dk.a(nullradio.o)
 .text.set_value
                0x0000000000025200        0x4 contiki-nrf52dk.a(nullradio.o)
 .text.set_object
                0x0000000000025204        0x4 contiki-nrf52dk.a(nullradio.o)
 .text.get_object
                0x0000000000025208        0x4 contiki-nrf52dk.a(nullradio.o)
 .text.send     0x000000000002520c        0x4 contiki-nrf52dk.a(nullradio.o)
 .text.init     0x0000000000025210        0x4 contiki-nrf52dk.a(nullradio.o)
 .text.receiving_packet
                0x0000000000025214        0x4 contiki-nrf52dk.a(nullradio.o)
 .text.pending_packet
                0x0000000000025218        0x4 contiki-nrf52dk.a(nullradio.o)
 .text.on       0x000000000002521c        0x4 contiki-nrf52dk.a(nullradio.o)
 .text.sicslowpan_init
                0x0000000000025220       0x24 contiki-nrf52dk.a(sicslowpan.o)
                0x0000000000025220                sicslowpan_init
 .text.set_packet_attrs
                0x0000000000025244       0x40 contiki-nrf52dk.a(sicslowpan.o)
 .text.compress_addr_64
                0x0000000000025284       0x90 contiki-nrf52dk.a(sicslowpan.o)
 .text.addr_context_lookup_by_prefix
                0x0000000000025314       0x24 contiki-nrf52dk.a(sicslowpan.o)
 .text.output   0x0000000000025338      0x4ac contiki-nrf52dk.a(sicslowpan.o)
 .text.packet_sent
                0x00000000000257e4       0x24 contiki-nrf52dk.a(sicslowpan.o)
 .text.uncompress_addr
                0x0000000000025808       0x90 contiki-nrf52dk.a(sicslowpan.o)
 .text.input    0x0000000000025898      0x460 contiki-nrf52dk.a(sicslowpan.o)
 .text.queuebuf_to_packetbuf
                0x0000000000025cf8       0x30 contiki-nrf52dk.a(queuebuf.o)
                0x0000000000025cf8                queuebuf_to_packetbuf
 .text.hdr_length
                0x0000000000025d28        0x4 contiki-nrf52dk.a(framer-nullmac.)
 .text.parse    0x0000000000025d2c       0x2c contiki-nrf52dk.a(framer-nullmac.)
 .text.create   0x0000000000025d58       0x34 contiki-nrf52dk.a(framer-nullmac.)
 .text.nrf_gpio_cfg_sense_set
                0x0000000000025d8c       0x20 nrf52832.a(nrf_drv_gpiote.)
 .text.channel_free
                0x0000000000025dac       0x1c nrf52832.a(nrf_drv_gpiote.)
 .text.nrf_drv_gpiote_init
                0x0000000000025dc8       0x54 nrf52832.a(nrf_drv_gpiote.)
                0x0000000000025dc8                nrf_drv_gpiote_init
 .text.nrf_drv_gpiote_is_init
                0x0000000000025e1c       0x14 nrf52832.a(nrf_drv_gpiote.)
                0x0000000000025e1c                nrf_drv_gpiote_is_init
 .text.nrf_drv_gpiote_in_init
                0x0000000000025e30       0xd0 nrf52832.a(nrf_drv_gpiote.)
                0x0000000000025e30                nrf_drv_gpiote_in_init
 .text.nrf_drv_gpiote_in_event_enable
                0x0000000000025f00       0x98 nrf52832.a(nrf_drv_gpiote.)
                0x0000000000025f00                nrf_drv_gpiote_in_event_enable
 .text.nrf_drv_gpiote_in_event_disable
                0x0000000000025f98       0x44 nrf52832.a(nrf_drv_gpiote.)
                0x0000000000025f98                nrf_drv_gpiote_in_event_disable
 .text.nrf_drv_gpiote_in_is_set
                0x0000000000025fdc       0x12 nrf52832.a(nrf_drv_gpiote.)
                0x0000000000025fdc                nrf_drv_gpiote_in_is_set
 *fill*         0x0000000000025fee        0x2 
 .text.GPIOTE_IRQHandler
                0x0000000000025ff0      0x12c nrf52832.a(nrf_drv_gpiote.)
                0x0000000000025ff0                GPIOTE_IRQHandler
 .text.nrf_rtc_event_clear
                0x000000000002611c       0x10 nrf52832.a(nrf_drv_rtc.o)
 .text.nrf_drv_rtc_init
                0x000000000002612c       0x64 nrf52832.a(nrf_drv_rtc.o)
                0x000000000002612c                nrf_drv_rtc_init
 .text.nrf_drv_rtc_enable
                0x0000000000026190       0x18 nrf52832.a(nrf_drv_rtc.o)
                0x0000000000026190                nrf_drv_rtc_enable
 .text.nrf_drv_rtc_tick_enable
                0x00000000000261a8       0x22 nrf52832.a(nrf_drv_rtc.o)
                0x00000000000261a8                nrf_drv_rtc_tick_enable
 *fill*         0x00000000000261ca        0x2 
 .text.RTC1_IRQHandler
                0x00000000000261cc       0xa0 nrf52832.a(nrf_drv_rtc.o)
                0x00000000000261cc                RTC1_IRQHandler
 .text.nrf_drv_timer_init
                0x000000000002626c       0xa8 nrf52832.a(nrf_drv_timer.o)
                0x000000000002626c                nrf_drv_timer_init
 .text.nrf_drv_timer_enable
                0x0000000000026314       0x14 nrf52832.a(nrf_drv_timer.o)
                0x0000000000026314                nrf_drv_timer_enable
 .text.nrf_drv_timer_capture
                0x0000000000026328       0x1c nrf52832.a(nrf_drv_timer.o)
                0x0000000000026328                nrf_drv_timer_capture
 .text.nrf_drv_timer_compare
                0x0000000000026344       0x22 nrf52832.a(nrf_drv_timer.o)
                0x0000000000026344                nrf_drv_timer_compare
 *fill*         0x0000000000026366        0x2 
 .text.TIMER1_IRQHandler
                0x0000000000026368       0x54 nrf52832.a(nrf_drv_timer.o)
                0x0000000000026368                TIMER1_IRQHandler
 .text.sd_nvic_critical_region_enter
                0x00000000000263bc        0x4 nrf52832.a(nrf_drv_wdt.o)
 .text.sd_nvic_critical_region_exit
                0x00000000000263c0        0x4 nrf52832.a(nrf_drv_wdt.o)
 .text.WDT_IRQHandler
                0x00000000000263c4       0x24 nrf52832.a(nrf_drv_wdt.o)
                0x00000000000263c4                WDT_IRQHandler
 .text.nrf_drv_wdt_init
                0x00000000000263e8       0x50 nrf52832.a(nrf_drv_wdt.o)
                0x00000000000263e8                nrf_drv_wdt_init
 .text.nrf_drv_wdt_enable
                0x0000000000026438       0x1c nrf52832.a(nrf_drv_wdt.o)
                0x0000000000026438                nrf_drv_wdt_enable
 .text.nrf_drv_wdt_channel_alloc
                0x0000000000026454       0xb4 nrf52832.a(nrf_drv_wdt.o)
                0x0000000000026454                nrf_drv_wdt_channel_alloc
 .text.nrf_drv_wdt_channel_feed
                0x0000000000026508       0x18 nrf52832.a(nrf_drv_wdt.o)
                0x0000000000026508                nrf_drv_wdt_channel_feed
 .text.sd_rand_application_bytes_available_get
                0x0000000000026520        0x4 nrf52832.a(nrf_drv_rng.o)
 .text.sd_rand_application_vector_get
                0x0000000000026524        0x4 nrf52832.a(nrf_drv_rng.o)
 .text.sd_softdevice_is_enabled
                0x0000000000026528        0x4 nrf52832.a(nrf_drv_rng.o)
 .text.nrf_drv_rng_init
                0x000000000002652c       0x2c nrf52832.a(nrf_drv_rng.o)
                0x000000000002652c                nrf_drv_rng_init
 .text.nrf_drv_rng_bytes_available
                0x0000000000026558        0x4 nrf52832.a(nrf_drv_rng.o)
                0x0000000000026558                nrf_drv_rng_bytes_available
 .text.nrf_drv_rng_rand
                0x000000000002655c        0x4 nrf52832.a(nrf_drv_rng.o)
                0x000000000002655c                nrf_drv_rng_rand
 .text.tx_byte  0x0000000000026560       0x2c nrf52832.a(nrf_drv_uart.o)
 .text.rx_byte  0x000000000002658c       0x2c nrf52832.a(nrf_drv_uart.o)
 .text.rx_done_event
                0x00000000000265b8       0x28 nrf52832.a(nrf_drv_uart.o)
 .text.tx_done_event
                0x00000000000265e0       0x28 nrf52832.a(nrf_drv_uart.o)
 .text.nrf_drv_uart_init
                0x0000000000026608       0xf4 nrf52832.a(nrf_drv_uart.o)
                0x0000000000026608                nrf_drv_uart_init
 .text.nrf_drv_uart_tx
                0x00000000000266fc       0xe0 nrf52832.a(nrf_drv_uart.o)
                0x00000000000266fc                nrf_drv_uart_tx
 .text.nrf_drv_uart_rx
                0x00000000000267dc       0xfc nrf52832.a(nrf_drv_uart.o)
                0x00000000000267dc                nrf_drv_uart_rx
 .text.nrf_drv_uart_rx_enable
                0x00000000000268d8       0x24 nrf52832.a(nrf_drv_uart.o)
                0x00000000000268d8                nrf_drv_uart_rx_enable
 .text.UARTE0_UART0_IRQHandler
                0x00000000000268fc      0x188 nrf52832.a(nrf_drv_uart.o)
                0x00000000000268fc                UARTE0_UART0_IRQHandler
 .text.app_error_handler
                0x0000000000026a84       0x20 nrf52832.a(app_error.o)
                0x0000000000026a84                app_error_handler
 .text.sd_nvic_EnableIRQ
                0x0000000000026aa4        0x4 nrf52832.a(softdevice_hand)
 .text.sd_evt_get
                0x0000000000026aa8        0x4 nrf52832.a(softdevice_hand)
 .text.sd_softdevice_enable
                0x0000000000026aac        0x4 nrf52832.a(softdevice_hand)
 .text.sd_ble_evt_get
                0x0000000000026ab0        0x4 nrf52832.a(softdevice_hand)
 .text.softdevice_assertion_handler
                0x0000000000026ab4        0xc nrf52832.a(softdevice_hand)
                0x0000000000026ab4                softdevice_assertion_handler
 .text.intern_softdevice_events_execute
                0x0000000000026ac0       0xac nrf52832.a(softdevice_hand)
                0x0000000000026ac0                intern_softdevice_events_execute
 .text.softdevice_handler_init
                0x0000000000026b6c       0x6c nrf52832.a(softdevice_hand)
                0x0000000000026b6c                softdevice_handler_init
 .text.softdevice_ble_evt_handler_set
                0x0000000000026bd8       0x14 nrf52832.a(softdevice_hand)
                0x0000000000026bd8                softdevice_ble_evt_handler_set
 .text.SWI2_EGU2_IRQHandler
                0x0000000000026bec       0x28 nrf52832.a(softdevice_hand)
                0x0000000000026bec                SWI2_EGU2_IRQHandler
 .text.sd_ble_gap_address_get
                0x0000000000026c14        0x4 nrf52832.a(ble_advdata.o)
 .text.sd_ble_gap_adv_data_set
                0x0000000000026c18        0x4 nrf52832.a(ble_advdata.o)
 .text.sd_ble_gap_appearance_get
                0x0000000000026c1c        0x4 nrf52832.a(ble_advdata.o)
 .text.sd_ble_gap_device_name_get
                0x0000000000026c20        0x4 nrf52832.a(ble_advdata.o)
 .text.sd_ble_uuid_encode
                0x0000000000026c24        0x4 nrf52832.a(ble_advdata.o)
 .text.uuid_list_sized_encode
                0x0000000000026c28       0xa6 nrf52832.a(ble_advdata.o)
 .text.uuid_list_encode
                0x0000000000026cce       0x34 nrf52832.a(ble_advdata.o)
 .text.adv_data_encode
                0x0000000000026d02      0x446 nrf52832.a(ble_advdata.o)
                0x0000000000026d02                adv_data_encode
 .text.ble_advdata_set
                0x0000000000027148       0x66 nrf52832.a(ble_advdata.o)
                0x0000000000027148                ble_advdata_set
 *fill*         0x00000000000271ae        0x2 
 .text          0x00000000000271b0       0x44 nrf52832.a(gcc_startup_nrf)
                0x00000000000271b0                Reset_Handler
                0x00000000000271e0                NMI_Handler
                0x00000000000271e2                HardFault_Handler
                0x00000000000271e4                MemoryManagement_Handler
                0x00000000000271e6                BusFault_Handler
                0x00000000000271e8                UsageFault_Handler
                0x00000000000271ea                SVC_Handler
                0x00000000000271ec                PendSV_Handler
                0x00000000000271ee                SysTick_Handler
                0x00000000000271f0                TIMER2_IRQHandler
                0x00000000000271f0                RTC0_IRQHandler
                0x00000000000271f0                SWI0_EGU0_IRQHandler
                0x00000000000271f0                PWM1_IRQHandler
                0x00000000000271f0                POWER_CLOCK_IRQHandler
                0x00000000000271f0                RADIO_IRQHandler
                0x00000000000271f0                PDM_IRQHandler
                0x00000000000271f0                TEMP_IRQHandler
                0x00000000000271f0                QDEC_IRQHandler
                0x00000000000271f0                TIMER3_IRQHandler
                0x00000000000271f0                SPIM0_SPIS0_TWIM0_TWIS0_SPI0_TWI0_IRQHandler
                0x00000000000271f0                TIMER4_IRQHandler
                0x00000000000271f0                I2S_IRQHandler
                0x00000000000271f0                SWI4_EGU4_IRQHandler
                0x00000000000271f0                TIMER0_IRQHandler
                0x00000000000271f0                PWM2_IRQHandler
                0x00000000000271f0                ECB_IRQHandler
                0x00000000000271f0                SPIM1_SPIS1_TWIM1_TWIS1_SPI1_TWI1_IRQHandler
                0x00000000000271f0                Default_Handler
                0x00000000000271f0                SAADC_IRQHandler
                0x00000000000271f0                CCM_AAR_IRQHandler
                0x00000000000271f0                SWI5_EGU5_IRQHandler
                0x00000000000271f0                RNG_IRQHandler
                0x00000000000271f0                RTC2_IRQHandler
                0x00000000000271f0                PWM0_IRQHandler
                0x00000000000271f0                SWI3_EGU3_IRQHandler
                0x00000000000271f0                SWI1_EGU1_IRQHandler
                0x00000000000271f0                SPIM2_SPIS2_SPI2_IRQHandler
                0x00000000000271f0                NFCT_IRQHandler
                0x00000000000271f0                MWU_IRQHandler
                0x00000000000271f0                COMP_LPCOMP_IRQHandler
 .text.nrf_drv_common_irq_enable
                0x00000000000271f4       0x4c nrf52832.a(nrf_drv_common.)
                0x00000000000271f4                nrf_drv_common_irq_enable
 .text.ftpan_36
                0x0000000000027240       0x40 nrf52832.a(system_nrf52.o)
 .text.SystemInit
                0x0000000000027280       0xe0 nrf52832.a(system_nrf52.o)
                0x0000000000027280                SystemInit
 .text.sd_ble_l2cap_ch_conn_reply
                0x0000000000027360        0x4 /home/johan/Downloads/nrf5_iot_sdk_3288530/components/iot/ble_6lowpan/lib/ble_6lowpan.a(ble_ipsp.o)
 .text.sd_ble_l2cap_ch_disconnect
                0x0000000000027364        0x4 /home/johan/Downloads/nrf5_iot_sdk_3288530/components/iot/ble_6lowpan/lib/ble_6lowpan.a(ble_ipsp.o)
 .text.sd_ble_l2cap_ch_tx
                0x0000000000027368        0x4 /home/johan/Downloads/nrf5_iot_sdk_3288530/components/iot/ble_6lowpan/lib/ble_6lowpan.a(ble_ipsp.o)
 .text.sd_ble_l2cap_ch_rx_complete
                0x000000000002736c        0x4 /home/johan/Downloads/nrf5_iot_sdk_3288530/components/iot/ble_6lowpan/lib/ble_6lowpan.a(ble_ipsp.o)
 .text.sd_ble_l2cap_ch_rx_credits_issue
                0x0000000000027370        0x4 /home/johan/Downloads/nrf5_iot_sdk_3288530/components/iot/ble_6lowpan/lib/ble_6lowpan.a(ble_ipsp.o)
 .text.sd_ble_gatts_service_add
                0x0000000000027374        0x4 /home/johan/Downloads/nrf5_iot_sdk_3288530/components/iot/ble_6lowpan/lib/ble_6lowpan.a(ble_ipsp.o)
 .text.ble_ipsp_evt_handler
                0x0000000000027378      0x360 /home/johan/Downloads/nrf5_iot_sdk_3288530/components/iot/ble_6lowpan/lib/ble_6lowpan.a(ble_ipsp.o)
                0x0000000000027378                ble_ipsp_evt_handler
 .text.ble_ipsp_init
                0x00000000000276d8       0x58 /home/johan/Downloads/nrf5_iot_sdk_3288530/components/iot/ble_6lowpan/lib/ble_6lowpan.a(ble_ipsp.o)
                0x00000000000276d8                ble_ipsp_init
 .text.ble_ipsp_send
                0x0000000000027730       0x60 /home/johan/Downloads/nrf5_iot_sdk_3288530/components/iot/ble_6lowpan/lib/ble_6lowpan.a(ble_ipsp.o)
                0x0000000000027730                ble_ipsp_send
 .text.ble_ipsp_disconnect
                0x0000000000027790       0x64 /home/johan/Downloads/nrf5_iot_sdk_3288530/components/iot/ble_6lowpan/lib/ble_6lowpan.a(ble_ipsp.o)
                0x0000000000027790                ble_ipsp_disconnect
 .text          0x00000000000277f4       0x30 /usr/bin/../lib/gcc/arm-none-eabi/5.3.1/armv7e-m/fpu/libgcc.a(_aeabi_uldivmod.o)
                0x00000000000277f4                __aeabi_uldivmod
 .text          0x0000000000027824      0x2e4 /usr/bin/../lib/gcc/arm-none-eabi/5.3.1/armv7e-m/fpu/libgcc.a(_udivmoddi4.o)
                0x0000000000027824                __udivmoddi4
 .text          0x0000000000027b08        0x4 /usr/bin/../lib/gcc/arm-none-eabi/5.3.1/armv7e-m/fpu/libgcc.a(_dvmd_tls.o)
                0x0000000000027b08                __aeabi_ldiv0
                0x0000000000027b08                __aeabi_idiv0
 .text.memcmp   0x0000000000027b0c       0x1e /usr/bin/../lib/gcc/arm-none-eabi/5.3.1/../../../../arm-none-eabi/lib/armv7e-m/fpu/libc_nano.a(lib_a-memcmp.o)
                0x0000000000027b0c                memcmp
 .text.memcpy   0x0000000000027b2a       0x16 /usr/bin/../lib/gcc/arm-none-eabi/5.3.1/../../../../arm-none-eabi/lib/armv7e-m/fpu/libc_nano.a(lib_a-memcpy-stub.o)
                0x0000000000027b2a                memcpy
 .text.memmove  0x0000000000027b40       0x36 /usr/bin/../lib/gcc/arm-none-eabi/5.3.1/../../../../arm-none-eabi/lib/armv7e-m/fpu/libc_nano.a(lib_a-memmove.o)
                0x0000000000027b40                memmove
 .text          0x0000000000027b76       0x10 /usr/bin/../lib/gcc/arm-none-eabi/5.3.1/../../../../arm-none-eabi/lib/armv7e-m/fpu/libc_nano.a(lib_a-strlen.o)
                0x0000000000027b76                strlen
 *(.init)
 *fill*         0x0000000000027b86        0x2 
 .init          0x0000000000027b88        0x4 /usr/bin/../lib/gcc/arm-none-eabi/5.3.1/armv7e-m/fpu/crti.o
                0x0000000000027b88                _init
 .init          0x0000000000027b8c        0x8 /usr/bin/../lib/gcc/arm-none-eabi/5.3.1/armv7e-m/fpu/crtn.o
 *(.fini)
 .fini          0x0000000000027b94        0x4 /usr/bin/../lib/gcc/arm-none-eabi/5.3.1/armv7e-m/fpu/crti.o
                0x0000000000027b94                _fini
 .fini          0x0000000000027b98        0x8 /usr/bin/../lib/gcc/arm-none-eabi/5.3.1/armv7e-m/fpu/crtn.o
 *crtbegin.o(.ctors)
 *crtbegin?.o(.ctors)
 *(EXCLUDE_FILE(*crtend.o *crtend?.o) .ctors)
 *(SORT(.ctors.*))
 *(.ctors)
 *crtbegin.o(.dtors)
 *crtbegin?.o(.dtors)
 *(EXCLUDE_FILE(*crtend.o *crtend?.o) .dtors)
 *(SORT(.dtors.*))
 *(.dtors)
 *(.rodata*)
 .rodata.str1.1
                0x0000000000027ba0        0x2 /usr/bin/../lib/gcc/arm-none-eabi/5.3.1/../../../../arm-none-eabi/lib/armv7e-m/fpu/libc_nano.a(lib_a-impure.o)
 *fill*         0x0000000000027ba2        0x2 
 .rodata._global_impure_ptr
                0x0000000000027ba4        0x4 /usr/bin/../lib/gcc/arm-none-eabi/5.3.1/../../../../arm-none-eabi/lib/armv7e-m/fpu/libc_nano.a(lib_a-impure.o)
                0x0000000000027ba4                _global_impure_ptr
 .rodata.autostart_processes
                0x0000000000027ba8        0xc keypad.co
                0x0000000000027ba8                autostart_processes
 .rodata.str1.1
                0x0000000000027bb4      0x138 keypad.co
                                        0x143 (size before relaxing)
 .rodata.str1.1
                0x0000000000027cec       0xae contiki-nrf52dk.a(er-coap.o)
                                         0xaf (size before relaxing)
 .rodata.str1.1
                0x0000000000027d9a       0x66 contiki-nrf52dk.a(er-coap-engine.)
 .rodata.str1.1
                0x0000000000027e00        0x9 contiki-nrf52dk.a(er-coap-res-wel)
                                         0x19 (size before relaxing)
 .rodata.str1.1
                0x0000000000027e09      0x259 contiki-nrf52dk.a(er-coap-observe)
 .rodata.str1.1
                0x0000000000028062       0x27 contiki-nrf52dk.a(contiki-main.o)
 *fill*         0x0000000000028089        0x3 
 .rodata.buttons
                0x000000000002808c       0x40 contiki-nrf52dk.a(button-sensor.o)
                0x000000000002808c                buttons
 .rodata.str1.1
                0x00000000000280cc        0x7 contiki-nrf52dk.a(button-sensor.o)
 .rodata.buffer.3769
                0x00000000000280d3       0x10 contiki-nrf52dk.a(strformat.o)
 .rodata.str1.1
                0x00000000000280e3       0x35 contiki-nrf52dk.a(strformat.o)
                                         0x37 (size before relaxing)
 .rodata.buffer.3760
                0x0000000000028118       0x10 contiki-nrf52dk.a(strformat.o)
 .rodata.rtc    0x0000000000028128        0x8 contiki-nrf52dk.a(clock.o)
                0x0000000000028128                rtc
 .rodata.timer  0x0000000000028130        0x8 contiki-nrf52dk.a(rtimer-arch.o)
 .rodata        0x0000000000028138       0x20 contiki-nrf52dk.a(uart0.o)
 .rodata        0x0000000000028158        0x4 contiki-nrf52dk.a(ble-core.o)
 .rodata.ble_ipsp_mac_driver
                0x000000000002815c       0x1c contiki-nrf52dk.a(ble-mac.o)
                0x000000000002815c                ble_ipsp_mac_driver
 .rodata.str1.1
                0x0000000000028178       0x23 contiki-nrf52dk.a(ble-mac.o)
 .rodata.str1.1
                0x000000000002819b        0xf contiki-nrf52dk.a(ctimer.o)
 .rodata.str1.1
                0x00000000000281aa        0xc contiki-nrf52dk.a(etimer.o)
 .rodata.str1.1
                0x00000000000281b6        0xe contiki-nrf52dk.a(serial-line.o)
 .rodata.str1.1
                0x00000000000281c4        0x8 contiki-nrf52dk.a(sensors.o)
 .rodata.str1.1
                0x00000000000281cc        0xd contiki-nrf52dk.a(tcpip.o)
 .rodata.str1.1
                0x00000000000281d9       0x3c contiki-nrf52dk.a(uip-debug.o)
                                         0x3e (size before relaxing)
 .rodata.linkaddr_null
                0x0000000000028215        0x8 contiki-nrf52dk.a(linkaddr.o)
                0x0000000000028215                linkaddr_null
 .rodata.str1.1
                0x000000000002821d        0x8 contiki-nrf52dk.a(nullrdc.o)
 *fill*         0x0000000000028225        0x3 
 .rodata.nullrdc_driver
                0x0000000000028228       0x20 contiki-nrf52dk.a(nullrdc.o)
                0x0000000000028228                nullrdc_driver
 .rodata.str1.1
                0x0000000000028248        0x8 contiki-nrf52dk.a(nullsec.o)
 .rodata.nullsec_driver
                0x0000000000028250       0x10 contiki-nrf52dk.a(nullsec.o)
                0x0000000000028250                nullsec_driver
 .rodata.str1.1
                0x0000000000028260        0xc contiki-nrf52dk.a(temperature-sen)
 .rodata.temperature_sensor
                0x000000000002826c       0x10 contiki-nrf52dk.a(temperature-sen)
                0x000000000002826c                temperature_sensor
 .rodata.nullradio_driver
                0x000000000002827c       0x38 contiki-nrf52dk.a(nullradio.o)
                0x000000000002827c                nullradio_driver
 .rodata        0x00000000000282b4        0x2 contiki-nrf52dk.a(sicslowpan.o)
 .rodata.unc_llconf
                0x00000000000282b6        0x4 contiki-nrf52dk.a(sicslowpan.o)
                0x00000000000282b6                unc_llconf
 .rodata.llprefix
                0x00000000000282ba        0x2 contiki-nrf52dk.a(sicslowpan.o)
                0x00000000000282ba                llprefix
 .rodata.sicslowpan_driver
                0x00000000000282bc        0xc contiki-nrf52dk.a(sicslowpan.o)
                0x00000000000282bc                sicslowpan_driver
 .rodata.str1.1
                0x00000000000282c8        0xb contiki-nrf52dk.a(sicslowpan.o)
 .rodata.unc_mxconf
                0x00000000000282d3        0x4 contiki-nrf52dk.a(sicslowpan.o)
                0x00000000000282d3                unc_mxconf
 .rodata.ttl_values
                0x00000000000282d7        0x4 contiki-nrf52dk.a(sicslowpan.o)
 .rodata.unc_ctxconf
                0x00000000000282db        0x4 contiki-nrf52dk.a(sicslowpan.o)
                0x00000000000282db                unc_ctxconf
 *fill*         0x00000000000282df        0x1 
 .rodata.framer_nullmac
                0x00000000000282e0        0xc contiki-nrf52dk.a(framer-nullmac.)
                0x00000000000282e0                framer_nullmac
 .rodata.m_default_config
                0x00000000000282ec        0x6 nrf52832.a(nrf_drv_rtc.o)
 *fill*         0x00000000000282f2        0x2 
 .rodata.m_default_config
                0x00000000000282f4        0x8 nrf52832.a(nrf_drv_timer.o)
 .rodata.m_default_config
                0x00000000000282fc        0xc nrf52832.a(nrf_drv_wdt.o)
 .rodata.m_default_config
                0x0000000000028308       0x20 nrf52832.a(nrf_drv_uart.o)
 *(.eh_frame*)
 .eh_frame      0x0000000000028328        0x0 /usr/bin/../lib/gcc/arm-none-eabi/5.3.1/armv7e-m/fpu/crtbegin.o
                0x0000000000028328                . = ALIGN (0x4)

.glue_7         0x0000000000028328        0x0
 .glue_7        0x0000000000028328        0x0 linker stubs

.glue_7t        0x0000000000028328        0x0
 .glue_7t       0x0000000000028328        0x0 linker stubs

.vfp11_veneer   0x0000000000028328        0x0
 .vfp11_veneer  0x0000000000028328        0x0 linker stubs

.v4_bx          0x0000000000028328        0x0
 .v4_bx         0x0000000000028328        0x0 linker stubs

.iplt           0x0000000000028328        0x0
 .iplt          0x0000000000028328        0x0 /usr/bin/../lib/gcc/arm-none-eabi/5.3.1/armv7e-m/fpu/crtbegin.o

.ARM.extab      0x0000000000028328        0x0
 *(.ARM.extab* .gnu.linkonce.armextab.*)
                0x0000000000028328                . = ALIGN (0x4)
                0x0000000000028328                __exidx_start = .

.ARM.exidx      0x0000000000028328        0x8
 *(.ARM.exidx* .gnu.linkonce.armexidx.*)
 .ARM.exidx     0x0000000000028328        0x8 /usr/bin/../lib/gcc/arm-none-eabi/5.3.1/../../../../arm-none-eabi/lib/armv7e-m/fpu/crt0.o
 .ARM.exidx     0x0000000000028330        0x0 nrf52832.a(gcc_startup_nrf)
                                          0x8 (size before relaxing)
 .ARM.exidx     0x0000000000028330        0x0 /usr/bin/../lib/gcc/arm-none-eabi/5.3.1/armv7e-m/fpu/libgcc.a(_udivmoddi4.o)
                                          0x8 (size before relaxing)
                0x0000000000028330                . = ALIGN (0x4)
                0x0000000000028330                __exidx_end = .
                0x0000000000028330                __etext = .

.rel.dyn        0x0000000000028330        0x0
 .rel.iplt      0x0000000000028330        0x0 /usr/bin/../lib/gcc/arm-none-eabi/5.3.1/armv7e-m/fpu/crtbegin.o

.data           0x0000000020002800      0x218 load address 0x0000000000028330
                0x0000000020002800                __data_start__ = .
 *(vtable)
 *(.data*)
 .data.impure_data
                0x0000000020002800       0x60 /usr/bin/../lib/gcc/arm-none-eabi/5.3.1/../../../../arm-none-eabi/lib/armv7e-m/fpu/libc_nano.a(lib_a-impure.o)
 .data.keypad_process
                0x0000000020002860       0x10 keypad.co
                0x0000000020002860                keypad_process
 .data.door_process
                0x0000000020002870       0x10 keypad.co
                0x0000000020002870                door_process
 .data.coap_error_message
                0x0000000020002880        0x4 contiki-nrf52dk.a(er-coap.o)
                0x0000000020002880                coap_error_message
 .data.coap_engine
                0x0000000020002884       0x10 contiki-nrf52dk.a(er-coap-engine.)
                0x0000000020002884                coap_engine
 .data.transactions_memb
                0x0000000020002894        0xc contiki-nrf52dk.a(er-coap-transac)
 .data.observers_memb
                0x00000000200028a0        0xc contiki-nrf52dk.a(er-coap-observe)
 .data.res_well_known_core
                0x00000000200028ac       0x24 contiki-nrf52dk.a(er-coap-res-wel)
                0x00000000200028ac                res_well_known_core
 .data.obs_subjects_memb
                0x00000000200028d0        0xc contiki-nrf52dk.a(er-coap-observe)
 .data.ble_iface_observer
                0x00000000200028dc       0x10 contiki-nrf52dk.a(contiki-main.o)
                0x00000000200028dc                ble_iface_observer
 .data.ctxt     0x00000000200028ec        0x8 contiki-nrf52dk.a(dbg-printf.o)
 .data.ble_ipsp_process
                0x00000000200028f4       0x10 contiki-nrf52dk.a(ble-mac.o)
                0x00000000200028f4                ble_ipsp_process
 .data.ctimer_process
                0x0000000020002904       0x10 contiki-nrf52dk.a(ctimer.o)
                0x0000000020002904                ctimer_process
 .data.etimer_process
                0x0000000020002914       0x10 contiki-nrf52dk.a(etimer.o)
                0x0000000020002914                etimer_process
 .data.serial_line_process
                0x0000000020002924       0x10 contiki-nrf52dk.a(serial-line.o)
                0x0000000020002924                serial_line_process
 .data.sensors_process
                0x0000000020002934       0x10 contiki-nrf52dk.a(sensors.o)
                0x0000000020002934                sensors_process
 .data.ds6_neighbors
                0x0000000020002944        0x4 contiki-nrf52dk.a(uip-ds6-nbr.o)
                0x0000000020002944                ds6_neighbors
 .data.ds6_neighbors_struct
                0x0000000020002948       0x10 contiki-nrf52dk.a(uip-ds6-nbr.o)
 .data.defaultroutermemb
                0x0000000020002958        0xc contiki-nrf52dk.a(uip-ds6-route.o)
 .data.nbr_routes_struct
                0x0000000020002964       0x10 contiki-nrf52dk.a(uip-ds6-route.o)
 .data.nbr_routes
                0x0000000020002974        0x4 contiki-nrf52dk.a(uip-ds6-route.o)
                0x0000000020002974                nbr_routes
 .data.routememb
                0x0000000020002978        0xc contiki-nrf52dk.a(uip-ds6-route.o)
 .data.neighborroutememb
                0x0000000020002984        0xc contiki-nrf52dk.a(uip-ds6-route.o)
 .data.echo_request_handler
                0x0000000020002990        0xc contiki-nrf52dk.a(uip-icmp6.o)
 .data.echo_reply_handler
                0x000000002000299c        0xc contiki-nrf52dk.a(uip-icmp6.o)
 .data.ra_input_handler
                0x00000000200029a8        0xc contiki-nrf52dk.a(uip-nd6.o)
 .data.ns_input_handler
                0x00000000200029b4        0xc contiki-nrf52dk.a(uip-nd6.o)
 .data.na_input_handler
                0x00000000200029c0        0xc contiki-nrf52dk.a(uip-nd6.o)
 .data.tcpip_process
                0x00000000200029cc       0x10 contiki-nrf52dk.a(tcpip.o)
                0x00000000200029cc                tcpip_process
 .data.neighbor_addr_mem
                0x00000000200029dc        0xc contiki-nrf52dk.a(nbr-table.o)
 .data.sensors  0x00000000200029e8       0x18 contiki-nrf52dk.a(nrf52dk-sensors)
                0x00000000200029e8                sensors
 .data.bufmem   0x0000000020002a00        0xc contiki-nrf52dk.a(queuebuf.o)
 .data.SystemCoreClock
                0x0000000020002a0c        0x4 nrf52832.a(system_nrf52.o)
                0x0000000020002a0c                SystemCoreClock
                0x0000000020002a10                . = ALIGN (0x4)
                0x0000000020002a10                PROVIDE (__preinit_array_start, .)
 *(.preinit_array)
                0x0000000020002a10                PROVIDE (__preinit_array_end, .)
                0x0000000020002a10                . = ALIGN (0x4)
                0x0000000020002a10                PROVIDE (__init_array_start, .)
 *(SORT(.init_array.*))
 *(.init_array)
 .init_array    0x0000000020002a10        0x4 /usr/bin/../lib/gcc/arm-none-eabi/5.3.1/armv7e-m/fpu/crtbegin.o
                0x0000000020002a14                PROVIDE (__init_array_end, .)
                0x0000000020002a14                . = ALIGN (0x4)
                [!provide]                        PROVIDE (__fini_array_start, .)
 *(SORT(.fini_array.*))
 *(.fini_array)
 .fini_array    0x0000000020002a14        0x4 /usr/bin/../lib/gcc/arm-none-eabi/5.3.1/armv7e-m/fpu/crtbegin.o
                [!provide]                        PROVIDE (__fini_array_end, .)
 *(.jcr)
 .jcr           0x0000000020002a18        0x0 /usr/bin/../lib/gcc/arm-none-eabi/5.3.1/armv7e-m/fpu/crtbegin.o
                0x0000000020002a18                . = ALIGN (0x4)
                0x0000000020002a18                __data_end__ = .

.igot.plt       0x0000000020002a18        0x0 load address 0x0000000000028548
 .igot.plt      0x0000000020002a18        0x0 /usr/bin/../lib/gcc/arm-none-eabi/5.3.1/armv7e-m/fpu/crtbegin.o

.bss            0x0000000020002a18     0x3dec load address 0x0000000000028548
                0x0000000020002a18                . = ALIGN (0x4)
                0x0000000020002a18                __bss_start__ = .
 *(.bss*)
 .bss           0x0000000020002a18       0x1c /usr/bin/../lib/gcc/arm-none-eabi/5.3.1/armv7e-m/fpu/crtbegin.o
 .bss.request_state.10095
                0x0000000020002a34       0x14 keypad.co
 .bss.time      0x0000000020002a48        0x4 keypad.co
                0x0000000020002a48                time
 .bss.request.10091
                0x0000000020002a4c       0xa4 keypad.co
 .bss.authority_addr
                0x0000000020002af0       0x10 keypad.co
 .bss.request.10094
                0x0000000020002b00       0xa4 keypad.co
 .bss.request_state.10092
                0x0000000020002ba4       0x14 keypad.co
 .bss.starttime
                0x0000000020002bb8        0x4 keypad.co
                0x0000000020002bb8                starttime
 .bss.udp_conn  0x0000000020002bbc        0x4 contiki-nrf52dk.a(er-coap.o)
 .bss.erbium_status_code
                0x0000000020002bc0        0x1 contiki-nrf52dk.a(er-coap.o)
                0x0000000020002bc0                erbium_status_code
 *fill*         0x0000000020002bc1        0x1 
 .bss.current_mid
                0x0000000020002bc2        0x2 contiki-nrf52dk.a(er-coap.o)
 .bss.block_error.10437
                0x0000000020002bc4        0x1 contiki-nrf52dk.a(er-coap-engine.)
 *fill*         0x0000000020002bc5        0x3 
 .bss.transaction.10393
                0x0000000020002bc8        0x4 contiki-nrf52dk.a(er-coap-engine.)
 .bss.response.10392
                0x0000000020002bcc       0xa4 contiki-nrf52dk.a(er-coap-engine.)
 .bss.more.10435
                0x0000000020002c70        0x1 contiki-nrf52dk.a(er-coap-engine.)
 *fill*         0x0000000020002c71        0x3 
 .bss.res_block.10436
                0x0000000020002c74        0x4 contiki-nrf52dk.a(er-coap-engine.)
 .bss.service_cbk
                0x0000000020002c78        0x4 contiki-nrf52dk.a(er-coap-engine.)
 .bss.message.10391
                0x0000000020002c7c       0xa4 contiki-nrf52dk.a(er-coap-engine.)
 .bss.transactions_list_list
                0x0000000020002d20        0x4 contiki-nrf52dk.a(er-coap-transac)
 .bss.transaction_handler_process
                0x0000000020002d24        0x4 contiki-nrf52dk.a(er-coap-transac)
 .bss.transactions_memb_memb_count
                0x0000000020002d28        0x4 contiki-nrf52dk.a(er-coap-transac)
 .bss.transactions_memb_memb_mem
                0x0000000020002d2c      0x2a0 contiki-nrf52dk.a(er-coap-transac)
 .bss.observers_memb_memb_mem
                0x0000000020002fcc       0xf0 contiki-nrf52dk.a(er-coap-observe)
 .bss.observers_memb_memb_count
                0x00000000200030bc        0x3 contiki-nrf52dk.a(er-coap-observe)
 *fill*         0x00000000200030bf        0x1 
 .bss.observers_list_list
                0x00000000200030c0        0x4 contiki-nrf52dk.a(er-coap-observe)
 .bss.obs_subjects_list_list
                0x00000000200030c4        0x4 contiki-nrf52dk.a(er-coap-observe)
 .bss.response.9973
                0x00000000200030c8       0xa4 contiki-nrf52dk.a(er-coap-observe)
 .bss.obs_subjects_memb_memb_mem
                0x000000002000316c       0xd0 contiki-nrf52dk.a(er-coap-observe)
 .bss.obs_subjects_memb_memb_count
                0x000000002000323c        0x4 contiki-nrf52dk.a(er-coap-observe)
 .bss.token.10001
                0x0000000020003240        0x1 contiki-nrf52dk.a(er-coap-observe)
 *fill*         0x0000000020003241        0x3 
 .bss.restful_periodic_services_list
                0x0000000020003244        0x4 contiki-nrf52dk.a(rest-engine.o)
 .bss.restful_services_list
                0x0000000020003248        0x4 contiki-nrf52dk.a(rest-engine.o)
 .bss.BLE_EVT_BUFFER.11431
                0x000000002000324c       0x48 contiki-nrf52dk.a(contiki-main.o)
 .bss.led_timer.11423
                0x0000000020003294       0x10 contiki-nrf52dk.a(contiki-main.o)
 .bss.btn_state
                0x00000000200032a4        0x4 contiki-nrf52dk.a(button-sensor.o)
 .bss.btn_timer
                0x00000000200032a8       0x40 contiki-nrf52dk.a(button-sensor.o)
 .bss.ticks     0x00000000200032e8        0x4 contiki-nrf52dk.a(clock.o)
 .bss.uart0_input_handler
                0x00000000200032ec        0x4 contiki-nrf52dk.a(uart0.o)
 .bss.rx_buffer
                0x00000000200032f0        0x1 contiki-nrf52dk.a(uart0.o)
 .bss.txbuf_data
                0x00000000200032f1       0x80 contiki-nrf52dk.a(uart0.o)
 *fill*         0x0000000020003371        0x3 
 .bss.txbuf     0x0000000020003374        0x8 contiki-nrf52dk.a(uart0.o)
 .bss.wdt_initialized
                0x000000002000337c        0x1 contiki-nrf52dk.a(watchdog.o)
 .bss.wdt_channel_id
                0x000000002000337d        0x1 contiki-nrf52dk.a(watchdog.o)
 *fill*         0x000000002000337e        0x2 
 .bss.m_adv_params
                0x0000000020003380       0x18 contiki-nrf52dk.a(ble-core.o)
 .bss.interfaces
                0x0000000020003398        0xc contiki-nrf52dk.a(ble-mac.o)
 .bss.busy_rx   0x00000000200033a4        0x4 contiki-nrf52dk.a(ble-mac.o)
 .bss.busy_tx   0x00000000200033a8        0x4 contiki-nrf52dk.a(ble-mac.o)
 .bss.ctimer_list_list
                0x00000000200033ac        0x4 contiki-nrf52dk.a(ctimer.o)
 .bss.initialized
                0x00000000200033b0        0x1 contiki-nrf52dk.a(ctimer.o)
 *fill*         0x00000000200033b1        0x3 
 .bss.timerlist
                0x00000000200033b4        0x4 contiki-nrf52dk.a(etimer.o)
 .bss.next_expiration
                0x00000000200033b8        0x4 contiki-nrf52dk.a(etimer.o)
 .bss.fevent    0x00000000200033bc        0x1 contiki-nrf52dk.a(process.o)
 .bss.nevents   0x00000000200033bd        0x1 contiki-nrf52dk.a(process.o)
 *fill*         0x00000000200033be        0x2 
 .bss.p.7016    0x00000000200033c0        0x4 contiki-nrf52dk.a(process.o)
 .bss.poll_requested
                0x00000000200033c4        0x1 contiki-nrf52dk.a(process.o)
 *fill*         0x00000000200033c5        0x3 
 .bss.process_current
                0x00000000200033c8        0x4 contiki-nrf52dk.a(process.o)
                0x00000000200033c8                process_current
 .bss.ev.7013   0x00000000200033cc        0x1 contiki-nrf52dk.a(process.o)
 *fill*         0x00000000200033cd        0x3 
 .bss.process_list
                0x00000000200033d0        0x4 contiki-nrf52dk.a(process.o)
                0x00000000200033d0                process_list
 .bss.events    0x00000000200033d4      0x180 contiki-nrf52dk.a(process.o)
 .bss.data.7014
                0x0000000020003554        0x4 contiki-nrf52dk.a(process.o)
 .bss.lastevent
                0x0000000020003558        0x1 contiki-nrf52dk.a(process.o)
 *fill*         0x0000000020003559        0x3 
 .bss.next_rtimer
                0x000000002000355c        0x4 contiki-nrf52dk.a(rtimer.o)
 .bss.leds      0x0000000020003560        0x1 contiki-nrf52dk.a(leds.o)
 .bss.rxbuf_data
                0x0000000020003561       0x80 contiki-nrf52dk.a(serial-line.o)
 *fill*         0x00000000200035e1        0x3 
 .bss.rxbuf     0x00000000200035e4        0x8 contiki-nrf52dk.a(serial-line.o)
 .bss.overflow.6497
                0x00000000200035ec        0x1 contiki-nrf52dk.a(serial-line.o)
 .bss.buf.6503  0x00000000200035ed       0x80 contiki-nrf52dk.a(serial-line.o)
 *fill*         0x000000002000366d        0x3 
 .bss.ptr.6504  0x0000000020003670        0x4 contiki-nrf52dk.a(serial-line.o)
 .bss.num_sensors
                0x0000000020003674        0x1 contiki-nrf52dk.a(sensors.o)
 *fill*         0x0000000020003675        0x3 
 .bss.i.6519    0x0000000020003678        0x4 contiki-nrf52dk.a(sensors.o)
 .bss.events.6520
                0x000000002000367c        0x4 contiki-nrf52dk.a(sensors.o)
 .bss.uip_ext_len
                0x0000000020003680        0x1 contiki-nrf52dk.a(uip6.o)
                0x0000000020003680                uip_ext_len
 .bss.uip_ext_bitmap
                0x0000000020003681        0x1 contiki-nrf52dk.a(uip6.o)
                0x0000000020003681                uip_ext_bitmap
 .bss.uip_ext_opt_offset
                0x0000000020003682        0x1 contiki-nrf52dk.a(uip6.o)
                0x0000000020003682                uip_ext_opt_offset
 *fill*         0x0000000020003683        0x1 
 .bss.lastport  0x0000000020003684        0x2 contiki-nrf52dk.a(uip6.o)
 .bss.c         0x0000000020003686        0x1 contiki-nrf52dk.a(uip6.o)
 *fill*         0x0000000020003687        0x1 
 .bss.locmaddr  0x0000000020003688        0x4 contiki-nrf52dk.a(uip-ds6.o)
 .bss.locprefix
                0x000000002000368c        0x4 contiki-nrf52dk.a(uip-ds6.o)
 .bss.locaddr   0x0000000020003690        0x4 contiki-nrf52dk.a(uip-ds6.o)
 .bss.loc_fipaddr
                0x0000000020003694       0x10 contiki-nrf52dk.a(uip-ds6.o)
 .bss.rscount   0x00000000200036a4        0x1 contiki-nrf52dk.a(uip-ds6.o)
 *fill*         0x00000000200036a5        0x3 
 .bss._ds6_neighbors_mem
                0x00000000200036a8      0x320 contiki-nrf52dk.a(uip-ds6-nbr.o)
 .bss.defaultroutermemb_memb_mem
                0x00000000200039c8       0x40 contiki-nrf52dk.a(uip-ds6-route.o)
 .bss.num_routes
                0x0000000020003a08        0x4 contiki-nrf52dk.a(uip-ds6-route.o)
 .bss.defaultroutermemb_memb_count
                0x0000000020003a0c        0x2 contiki-nrf52dk.a(uip-ds6-route.o)
 *fill*         0x0000000020003a0e        0x2 
 .bss.defaultrouterlist_list
                0x0000000020003a10        0x4 contiki-nrf52dk.a(uip-ds6-route.o)
 .bss._nbr_routes_mem
                0x0000000020003a14       0xa0 contiki-nrf52dk.a(uip-ds6-route.o)
 .bss.routelist_list
                0x0000000020003ab4        0x4 contiki-nrf52dk.a(uip-ds6-route.o)
 .bss.routememb_memb_mem
                0x0000000020003ab8      0x320 contiki-nrf52dk.a(uip-ds6-route.o)
 .bss.neighborroutememb_memb_mem
                0x0000000020003dd8       0xa0 contiki-nrf52dk.a(uip-ds6-route.o)
 .bss.notificationlist_list
                0x0000000020003e78        0x4 contiki-nrf52dk.a(uip-ds6-route.o)
 .bss.neighborroutememb_memb_count
                0x0000000020003e7c       0x14 contiki-nrf52dk.a(uip-ds6-route.o)
 .bss.routememb_memb_count
                0x0000000020003e90       0x14 contiki-nrf52dk.a(uip-ds6-route.o)
 .bss.tmp_ipaddr
                0x0000000020003ea4       0x10 contiki-nrf52dk.a(uip-icmp6.o)
 .bss.echo_reply_callback_list_list
                0x0000000020003eb4        0x4 contiki-nrf52dk.a(uip-icmp6.o)
 .bss.input_handler_list_list
                0x0000000020003eb8        0x4 contiki-nrf52dk.a(uip-icmp6.o)
 .bss.nd6_opt_prefix_info
                0x0000000020003ebc        0x4 contiki-nrf52dk.a(uip-nd6.o)
 .bss.prefix    0x0000000020003ec0        0x4 contiki-nrf52dk.a(uip-nd6.o)
 .bss.nbr       0x0000000020003ec4        0x4 contiki-nrf52dk.a(uip-nd6.o)
 .bss.nd6_opt_llao
                0x0000000020003ec8        0x4 contiki-nrf52dk.a(uip-nd6.o)
 .bss.nd6_opt_offset
                0x0000000020003ecc        0x1 contiki-nrf52dk.a(uip-nd6.o)
 *fill*         0x0000000020003ecd        0x3 
 .bss.addr      0x0000000020003ed0        0x4 contiki-nrf52dk.a(uip-nd6.o)
 .bss.ipaddr    0x0000000020003ed4       0x10 contiki-nrf52dk.a(uip-nd6.o)
 .bss.periodic  0x0000000020003ee4       0x10 contiki-nrf52dk.a(tcpip.o)
 .bss.outputfunc
                0x0000000020003ef4        0x4 contiki-nrf52dk.a(tcpip.o)
 .bss.neighbor_addr_mem_memb_count
                0x0000000020003ef8       0x14 contiki-nrf52dk.a(nbr-table.o)
 .bss.locked_map
                0x0000000020003f0c       0x14 contiki-nrf52dk.a(nbr-table.o)
 .bss.nbr_table_keys_list
                0x0000000020003f20        0x4 contiki-nrf52dk.a(nbr-table.o)
 .bss.neighbor_addr_mem_memb_mem
                0x0000000020003f24       0xf0 contiki-nrf52dk.a(nbr-table.o)
 .bss.used_map  0x0000000020004014       0x14 contiki-nrf52dk.a(nbr-table.o)
 .bss.all_tables
                0x0000000020004028       0x20 contiki-nrf52dk.a(nbr-table.o)
 .bss.num_tables
                0x0000000020004048        0x4 contiki-nrf52dk.a(nbr-table.o)
 .bss.packetbufptr
                0x000000002000404c        0x4 contiki-nrf52dk.a(packetbuf.o)
 .bss.hdrptr    0x0000000020004050        0x1 contiki-nrf52dk.a(packetbuf.o)
 *fill*         0x0000000020004051        0x1 
 .bss.buflen    0x0000000020004052        0x2 contiki-nrf52dk.a(packetbuf.o)
 .bss.packetbuf_aligned
                0x0000000020004054      0x530 contiki-nrf52dk.a(packetbuf.o)
 .bss.bufptr    0x0000000020004584        0x2 contiki-nrf52dk.a(packetbuf.o)
 *fill*         0x0000000020004586        0x2 
 .bss.callback  0x0000000020004588        0x4 contiki-nrf52dk.a(sicslowpan.o)
 .bss.context   0x000000002000458c        0x4 contiki-nrf52dk.a(sicslowpan.o)
 .bss.last_rssi
                0x0000000020004590        0x4 contiki-nrf52dk.a(sicslowpan.o)